[Tue Mar 30 15:04:51.792998 2021] [proxy_fcgi:error] [pid 3727595:tid 139823213942528] [client 51.79.176.221:55486] AH01071: Got error 'Primary script unknown\n'
[Tue Mar 30 15:10:06.240931 2021] [autoindex:error] [pid 3727595:tid 139823079659264] [client 52.43.145.122:48320] AH01276: Cannot serve directory /var/www/html/icharbeitezuhaus.com/public_html/: No matching DirectoryIndex (index.html,index.php) found, and server-generated directory index forbidden by Options directive
[Tue Mar 30 15:10:06.241788 2021] [autoindex:error] [pid 3727595:tid 139823079659264] [client 52.43.145.122:48308] AH01276: Cannot serve directory /var/www/html/icharbeitezuhaus.com/public_html/: No matching DirectoryIndex (index.html,index.php) found, and server-generated directory index forbidden by Options directive
[Tue Mar 30 15:58:12.776117 2021] [proxy_fcgi:error] [pid 3732537:tid 140580294215424] [client 61.18.126.52:63651] AH01071: Got error 'Primary script unknown\n'
[Tue Mar 30 16:13:41.151093 2021] [proxy_fcgi:error] [pid 3732537:tid 140580243859200] [client 61.18.126.52:63777] AH01071: Got error 'Primary script unknown\n'
[Tue Mar 30 16:13:43.950989 2021] [proxy_fcgi:error] [pid 3732537:tid 140580159932160] [client 61.18.126.52:63780] AH01071: Got error 'Primary script unknown\n'
[Tue Mar 30 20:58:07.461815 2021] [proxy_fcgi:error] [pid 3732537:tid 140580416988928] [client 86.4.184.14:55946] AH01071: Got error 'Primary script unknown\n'
[Tue Mar 30 22:57:57.863483 2021] [proxy_fcgi:error] [pid 3731271:tid 140579958605568] [client 45.146.165.165:42278] AH01071: Got error 'Primary script unknown\n'
[Wed Mar 31 00:10:29.330036 2021] [proxy_fcgi:error] [pid 3731270:tid 140580159932160] [client 104.208.141.160:55498] AH01071: Got error 'Primary script unknown\n'
[Wed Mar 31 03:07:13.689450 2021] [proxy_fcgi:error] [pid 3732537:tid 140580201895680] [client 194.33.45.37:51136] AH01071: Got error 'Primary script unknown\n'
[Wed Mar 31 03:07:14.355442 2021] [proxy_fcgi:error] [pid 3731272:tid 140580277430016] [client 194.33.45.37:51210] AH01071: Got error 'Primary script unknown\n'
[Wed Mar 31 11:57:23.765610 2021] [proxy_fcgi:error] [pid 3731272:tid 140580285822720] [client 117.186.231.194:36694] AH01071: Got error 'Primary script unknown\n'
[Wed Mar 31 14:10:28.848482 2021] [proxy_fcgi:error] [pid 3731272:tid 140580235466496] [client 51.68.36.205:34560] AH01071: Got error 'Primary script unknown\n'
[Wed Mar 31 16:12:55.739923 2021] [proxy_fcgi:error] [pid 3731271:tid 140580025747200] [client 94.154.129.167:39206] AH01071: Got error 'Primary script unknown\n'
[Wed Mar 31 17:34:07.808402 2021] [proxy_fcgi:error] [pid 3732537:tid 140580285822720] [client 109.234.164.91:47898] AH01071: Got error 'Primary script unknown\n'
[Wed Mar 31 22:30:45.447986 2021] [proxy_fcgi:error] [pid 3732537:tid 140580168324864] [client 86.4.184.14:50391] AH01071: Got error 'Primary script unknown\n'
[Thu Apr 01 00:56:58.117479 2021] [proxy_fcgi:error] [pid 3731272:tid 140580400203520] [client 67.205.129.128:33056] AH01071: Got error 'Primary script unknown\n'
[Thu Apr 01 01:24:09.433749 2021] [proxy_fcgi:error] [pid 3732537:tid 140580168324864] [client 128.199.148.230:53642] AH01071: Got error 'Primary script unknown\n'
[Thu Apr 01 02:20:35.513197 2021] [cgid:error] [pid 3731272:tid 140580159932160] [client 185.41.154.213:65236] AH01264: script not found or unable to stat: /var/www/cgi-bin/.env
[Thu Apr 01 02:58:16.238051 2021] [proxy_fcgi:error] [pid 3731272:tid 140580277430016] [client 161.35.94.16:45068] AH01071: Got error 'Primary script unknown\n'
[Thu Apr 01 05:15:34.540487 2021] [proxy_fcgi:error] [pid 3731270:tid 140580168324864] [client 167.172.245.242:39468] AH01071: Got error 'Primary script unknown\n'
[Thu Apr 01 06:16:10.559698 2021] [proxy_fcgi:error] [pid 3732537:tid 140580425381632] [client 18.166.44.206:56636] AH01071: Got error 'Primary script unknown\n'
[Thu Apr 01 11:32:19.950293 2021] [proxy_fcgi:error] [pid 3731271:tid 140580076103424] [client 52.64.20.252:63661] AH01071: Got error 'Primary script unknown\n'
[Thu Apr 01 12:03:46.816873 2021] [proxy_fcgi:error] [pid 3732537:tid 140580243859200] [client 113.113.99.221:50826] AH01071: Got error 'Primary script unknown\n'
[Thu Apr 01 12:16:11.483800 2021] [proxy_fcgi:error] [pid 3731272:tid 140580218681088] [client 185.235.40.24:60082] AH01071: Got error 'Primary script unknown\n'
[Thu Apr 01 15:30:18.279641 2021] [proxy_fcgi:error] [pid 3732537:tid 140580311000832] [client 103.28.36.155:34262] AH01071: Got error 'Primary script unknown\n'
[Thu Apr 01 15:30:18.351706 2021] [proxy_fcgi:error] [pid 3731270:tid 140580285822720] [client 103.28.36.155:34264] AH01071: Got error 'Primary script unknown\n'
[Thu Apr 01 15:30:18.546513 2021] [proxy_fcgi:error] [pid 3732537:tid 140580294215424] [client 103.28.36.155:34304] AH01071: Got error 'Primary script unknown\n'
[Thu Apr 01 15:30:18.552511 2021] [proxy_fcgi:error] [pid 3731271:tid 140580034139904] [client 103.28.36.155:34302] AH01071: Got error 'Primary script unknown\n'
[Thu Apr 01 15:30:18.580003 2021] [proxy_fcgi:error] [pid 3731272:tid 140580176717568] [client 103.28.36.155:34316] AH01071: Got error 'Primary script unknown\n'
[Thu Apr 01 17:16:54.140360 2021] [proxy_fcgi:error] [pid 3732537:tid 140580235466496] [client 13.233.73.212:53378] AH01071: Got error 'Primary script unknown\n'
[Thu Apr 01 18:58:24.469391 2021] [proxy_fcgi:error] [pid 3732537:tid 140580260644608] [client 181.143.111.170:41432] AH01071: Got error 'Primary script unknown\n'
[Thu Apr 01 19:20:53.794193 2021] [proxy_fcgi:error] [pid 3731271:tid 140579966998272] [client 202.55.17.39:57694] AH01071: Got error 'Primary script unknown\n'
[Thu Apr 01 23:25:52.771469 2021] [proxy_fcgi:error] [pid 3732537:tid 140580176717568] [client 49.234.14.73:50192] AH01071: Got error 'Primary script unknown\n'
[Fri Apr 02 07:47:05.965235 2021] [proxy_fcgi:error] [pid 3732537:tid 140580285822720] [client 37.49.229.183:35462] AH01071: Got error 'Primary script unknown\n'
[Fri Apr 02 11:06:32.911394 2021] [proxy_fcgi:error] [pid 3731272:tid 140580302608128] [client 165.232.188.74:41496] AH01071: Got error 'Primary script unknown\n'
[Fri Apr 02 11:47:02.538588 2021] [proxy_fcgi:error] [pid 3732537:tid 140580252251904] [client 61.18.126.52:56938] AH01071: Got error 'Primary script unknown\n', referer: http://icharbeitezuhaus.com/chat.php
[Fri Apr 02 11:47:05.316178 2021] [proxy_fcgi:error] [pid 3732537:tid 140580168324864] [client 61.18.126.52:56940] AH01071: Got error 'Primary script unknown\n', referer: http://icharbeitezuhaus.com/chat.php
[Fri Apr 02 12:47:26.682447 2021] [proxy_fcgi:error] [pid 3732537:tid 140580243859200] [client 151.106.35.44:57306] AH01071: Got error 'Primary script unknown\n'
[Fri Apr 02 18:10:45.818463 2021] [proxy_fcgi:error] [pid 3732537:tid 140580277430016] [client 106.13.80.219:53800] AH01071: Got error 'Primary script unknown\n'
[Fri Apr 02 19:09:32.072329 2021] [proxy_fcgi:error] [pid 3732537:tid 140580176717568] [client 37.49.229.183:35850] AH01071: Got error 'Primary script unknown\n'
[Sat Apr 03 17:11:32.523697 2021] [proxy_fcgi:error] [pid 3732537:tid 140580243859200] [client 124.158.183.182:41694] AH01071: Got error 'Primary script unknown\n'
[Sat Apr 03 21:15:53.090079 2021] [proxy_fcgi:error] [pid 3731272:tid 140580252251904] [client 157.230.90.152:47394] AH01071: Got error 'Primary script unknown\n'
[Sun Apr 04 04:11:44.298307 2021] [proxy_fcgi:error] [pid 297011:tid 140579958605568] [client 114.96.66.24:44719] AH01071: Got error 'Primary script unknown\n'
[Sun Apr 04 14:33:21.830401 2021] [proxy_fcgi:error] [pid 337411:tid 140580319393536] [client 178.19.147.44:64101] AH01071: Got error 'Primary script unknown\n'
[Sun Apr 04 15:00:42.061230 2021] [proxy_fcgi:error] [pid 337411:tid 140580159932160] [client 86.4.184.14:61971] AH01071: Got error 'Primary script unknown\n'
[Mon Apr 05 05:31:56.806882 2021] [proxy_fcgi:error] [pid 337411:tid 140580235466496] [client 129.146.145.8:46080] AH01071: Got error 'Primary script unknown\n'
[Mon Apr 05 10:32:34.888325 2021] [cgid:error] [pid 337411:tid 140580285822720] [client 104.192.2.74:35408] AH01264: script not found or unable to stat: /var/www/cgi-bin/webproc
[Mon Apr 05 13:03:46.549181 2021] [proxy_fcgi:error] [pid 297012:tid 140580210288384] [client 52.60.189.115:10735] AH01071: Got error 'Primary script unknown\n'
[Mon Apr 05 16:48:53.873868 2021] [proxy_fcgi:error] [pid 337411:tid 140580193502976] [client 86.4.184.14:63883] AH01071: Got error 'Primary script unknown\n'
[Mon Apr 05 19:59:12.982497 2021] [proxy_fcgi:error] [pid 337411:tid 140580185110272] [client 46.101.171.103:55636] AH01071: Got error 'Primary script unknown\n'
[Mon Apr 05 20:36:23.359878 2021] [proxy_fcgi:error] [pid 337411:tid 140580193502976] [client 5.188.210.227:42046] AH01071: Got error 'Primary script unknown\n', referer: https://www.google.com/
[Tue Apr 06 00:20:29.799831 2021] [proxy_fcgi:error] [pid 297011:tid 140579992176384] [client 142.93.193.37:57266] AH01071: Got error 'Primary script unknown\n'
[Tue Apr 06 10:52:05.728728 2021] [proxy_fcgi:error] [pid 297013:tid 140580285822720] [client 52.52.190.187:62466] AH01071: Got error 'Primary script unknown\n'
[Tue Apr 06 17:04:16.110895 2021] [proxy_fcgi:error] [pid 337411:tid 140580416988928] [client 47.99.195.143:40426] AH01071: Got error 'Primary script unknown\n'
[Tue Apr 06 18:22:20.177173 2021] [cgid:error] [pid 337411:tid 140580294215424] [client 104.192.2.74:50808] AH01264: script not found or unable to stat: /var/www/cgi-bin/test
[Wed Apr 07 03:34:10.133056 2021] [proxy_fcgi:error] [pid 297011:tid 140580101281536] [client 34.241.77.13:5314] AH01071: Got error 'Primary script unknown\n'
[Wed Apr 07 03:34:27.394901 2021] [proxy_fcgi:error] [pid 337411:tid 140580227073792] [client 86.4.184.14:62475] AH01071: Got error 'Primary script unknown\n'
[Wed Apr 07 04:48:15.291079 2021] [proxy_fcgi:error] [pid 337411:tid 140580319393536] [client 103.153.73.236:54144] AH01071: Got error 'Primary script unknown\n'
[Wed Apr 07 12:54:24.798016 2021] [proxy_fcgi:error] [pid 337411:tid 140580269037312] [client 3.0.115.255:17898] AH01071: Got error 'Primary script unknown\n'
[Wed Apr 07 14:31:41.746774 2021] [proxy_fcgi:error] [pid 337411:tid 140580168324864] [client 203.34.37.38:36966] AH01071: Got error 'Primary script unknown\n'
[Thu Apr 08 05:20:44.188576 2021] [proxy_fcgi:error] [pid 297012:tid 140580185110272] [client 18.231.94.162:46251] AH01071: Got error 'Primary script unknown\n'
[Thu Apr 08 07:45:52.264914 2021] [proxy_fcgi:error] [pid 297011:tid 140580218517248] [client 158.69.16.70:37176] AH01071: Got error 'Primary script unknown\n'
[Thu Apr 08 08:50:01.196924 2021] [proxy_fcgi:error] [pid 297012:tid 140580425381632] [client 34.236.202.207:51243] AH01071: Got error 'Primary script unknown\n'
[Thu Apr 08 08:56:25.908706 2021] [proxy_fcgi:error] [pid 337411:tid 140580235466496] [client 91.228.213.229:37382] AH01071: Got error 'Primary script unknown\n'
[Thu Apr 08 10:30:36.565399 2021] [proxy_fcgi:error] [pid 297011:tid 140580000569088] [client 20.46.225.105:63362] AH01071: Got error 'Primary script unknown\n'
[Thu Apr 08 10:30:36.611520 2021] [proxy_fcgi:error] [pid 297012:tid 140580285822720] [client 20.46.225.105:63427] AH01071: Got error 'Primary script unknown\n'
[Thu Apr 08 12:39:13.031608 2021] [proxy_fcgi:error] [pid 337411:tid 140580416988928] [client 104.248.195.110:47092] AH01071: Got error 'Primary script unknown\n'
[Thu Apr 08 12:39:13.239723 2021] [proxy_fcgi:error] [pid 337411:tid 140580269037312] [client 104.248.195.110:47142] AH01071: Got error 'Primary script unknown\n'
[Thu Apr 08 22:39:27.259435 2021] [proxy_fcgi:error] [pid 337411:tid 140580185110272] [client 93.189.30.194:55112] AH01071: Got error 'Primary script unknown\n'
[Sat Apr 10 20:49:14.005513 2021] [proxy_fcgi:error] [pid 1278137:tid 139671438837504] [client 104.131.18.212:41516] AH01071: Got error 'Primary script unknown\n'
[Sun Apr 11 08:50:12.441884 2021] [proxy_fcgi:error] [pid 1345722:tid 139671522764544] [client 20.84.106.164:54501] AH01071: Got error 'Primary script unknown\n'
[Sun Apr 11 11:33:39.205067 2021] [cgid:error] [pid 1345722:tid 139671388481280] [client 74.102.39.43:53325] AH01264: script not found or unable to stat: /var/www/cgi-bin/mainfunction.cgi
[Sun Apr 11 13:26:51.418288 2021] [proxy_fcgi:error] [pid 1345722:tid 139671505979136] [client 146.148.76.122:60684] AH01071: Got error 'Primary script unknown\n'
[Sun Apr 11 13:26:51.427359 2021] [proxy_fcgi:error] [pid 1345724:tid 139671329830656] [client 146.148.76.122:60686] AH01071: Got error 'Primary script unknown\n'
[Sun Apr 11 13:26:51.499708 2021] [proxy_fcgi:error] [pid 1345723:tid 139671447230208] [client 146.148.76.122:60698] AH01071: Got error 'Primary script unknown\n'
[Sun Apr 11 13:26:51.597457 2021] [proxy_fcgi:error] [pid 1345724:tid 139671421888256] [client 146.148.76.122:60750] AH01071: Got error 'Primary script unknown\n'
[Sun Apr 11 13:26:51.624219 2021] [proxy_fcgi:error] [pid 1345724:tid 139671153583872] [client 146.148.76.122:60756] AH01071: Got error 'Primary script unknown\n'
[Mon Apr 12 09:21:08.384187 2021] [proxy_fcgi:error] [pid 1405630:tid 139671531157248] [client 198.12.250.116:48030] AH01071: Got error 'Primary script unknown\n'
[Mon Apr 12 14:11:18.516268 2021] [proxy_fcgi:error] [pid 1405630:tid 139671480801024] [client 86.4.184.14:63437] AH01071: Got error 'Primary script unknown\n'
[Mon Apr 12 15:42:01.862033 2021] [proxy_fcgi:error] [pid 1405630:tid 139671522764544] [client 103.71.191.12:54746] AH01071: Got error 'Primary script unknown\n'
[Mon Apr 12 16:10:32.768850 2021] [proxy_fcgi:error] [pid 1405630:tid 139671430444800] [client 104.192.2.74:49368] AH01071: Got error 'Primary script unknown\n'
[Tue Apr 13 02:04:52.058725 2021] [proxy_fcgi:error] [pid 1345723:tid 139671388481280] [client 144.126.209.47:56992] AH01071: Got error 'Primary script unknown\n'
[Tue Apr 13 17:18:51.449150 2021] [proxy_fcgi:error] [pid 1405630:tid 139671455622912] [client 164.132.224.68:44260] AH01071: Got error 'Primary script unknown\n'
[Wed Apr 14 02:39:00.752785 2021] [proxy_fcgi:error] [pid 1405630:tid 139671480801024] [client 134.209.120.166:43768] AH01071: Got error 'Primary script unknown\n'
[Wed Apr 14 11:00:25.819715 2021] [proxy_fcgi:error] [pid 1405630:tid 139671363303168] [client 80.253.246.19:59628] AH01071: Got error 'Primary script unknown\n'
[Wed Apr 14 11:00:25.820002 2021] [proxy_fcgi:error] [pid 1405630:tid 139671413659392] [client 80.253.246.19:59624] AH01071: Got error 'Primary script unknown\n'
[Wed Apr 14 11:00:25.820047 2021] [proxy_fcgi:error] [pid 1405630:tid 139671464015616] [client 80.253.246.19:59626] AH01071: Got error 'Primary script unknown\n'
[Wed Apr 14 11:00:26.062210 2021] [proxy_fcgi:error] [pid 1345722:tid 139671363303168] [client 80.253.246.19:59670] AH01071: Got error 'Primary script unknown\n'
[Wed Apr 14 11:00:26.062675 2021] [proxy_fcgi:error] [pid 1345724:tid 139671229118208] [client 80.253.246.19:59672] AH01071: Got error 'Primary script unknown\n'
[Wed Apr 14 15:00:24.016038 2021] [proxy_fcgi:error] [pid 1405630:tid 139671531157248] [client 198.27.82.45:54244] AH01071: Got error 'Primary script unknown\n'
[Thu Apr 15 14:22:57.517381 2021] [proxy_fcgi:error] [pid 1405630:tid 139671626000128] [client 104.236.209.109:50188] AH01071: Got error 'Primary script unknown\n'
[Thu Apr 15 14:22:57.546958 2021] [proxy_fcgi:error] [pid 1345724:tid 139671296259840] [client 104.236.209.109:50200] AH01071: Got error 'Primary script unknown\n'
[Thu Apr 15 16:41:34.522877 2021] [proxy_fcgi:error] [pid 1405630:tid 139671609214720] [client 182.23.51.2:34638] AH01071: Got error 'Primary script unknown\n'
[Fri Apr 16 03:34:00.399681 2021] [proxy_fcgi:error] [pid 1345722:tid 139671447230208] [client 35.180.147.121:52998] AH01071: Got error 'Primary script unknown\n'
[Fri Apr 16 05:02:21.893942 2021] [proxy_fcgi:error] [pid 1345724:tid 139671287867136] [client 13.53.208.18:1893] AH01071: Got error 'Primary script unknown\n'
[Fri Apr 16 06:09:44.256643 2021] [proxy_fcgi:error] [pid 1405630:tid 139671388481280] [client 167.71.63.47:41220] AH01071: Got error 'Primary script unknown\n'
[Fri Apr 16 13:16:13.746418 2021] [proxy_fcgi:error] [pid 1405630:tid 139671405266688] [client 110.10.129.175:36407] AH01071: Got error 'Primary script unknown\n'
[Fri Apr 16 13:18:34.954935 2021] [proxy_fcgi:error] [pid 1405630:tid 139671380088576] [client 18.197.125.181:30852] AH01071: Got error 'Primary script unknown\n'
[Fri Apr 16 14:04:47.631372 2021] [proxy_fcgi:error] [pid 1345722:tid 139671472408320] [client 3.8.12.221:49190] AH01071: Got error 'Primary script unknown\n'
[Fri Apr 16 17:41:17.091612 2021] [proxy_fcgi:error] [pid 1405630:tid 139671617607424] [client 129.213.203.59:4938] AH01071: Got error 'Primary script unknown\n'
[Sat Apr 17 04:58:53.234025 2021] [proxy_fcgi:error] [pid 1345722:tid 139671388481280] [client 35.180.147.121:34109] AH01071: Got error 'Primary script unknown\n'
[Sat Apr 17 05:59:19.432826 2021] [proxy_fcgi:error] [pid 1405630:tid 139671371695872] [client 13.228.104.57:18983] AH01071: Got error 'Primary script unknown\n'
[Sat Apr 17 07:32:22.377121 2021] [proxy_fcgi:error] [pid 1405630:tid 139671405266688] [client 178.238.230.88:36812] AH01071: Got error 'Primary script unknown\n'
[Sat Apr 17 08:49:10.512692 2021] [proxy_fcgi:error] [pid 1405630:tid 139671472408320] [client 122.169.105.66:51867] AH01071: Got error 'Primary script unknown\n'
[Sat Apr 17 14:32:01.416647 2021] [proxy_fcgi:error] [pid 1345722:tid 139671480801024] [client 18.221.206.247:56001] AH01071: Got error 'Primary script unknown\n'
[Sat Apr 17 15:13:38.158501 2021] [proxy_fcgi:error] [pid 1405630:tid 139671514371840] [client 18.136.72.135:42689] AH01071: Got error 'Primary script unknown\n'
[Sat Apr 17 20:22:19.453811 2021] [proxy_fcgi:error] [pid 1405630:tid 139671455622912] [client 128.199.122.176:49442] AH01071: Got error 'Primary script unknown\n'
[Sun Apr 18 11:01:56.569795 2021] [proxy_fcgi:error] [pid 2157791:tid 139671413495552] [client 54.250.87.247:48992] AH01071: Got error 'Primary script unknown\n'
[Sun Apr 18 11:46:20.288821 2021] [proxy_fcgi:error] [pid 2157791:tid 139671447066368] [client 35.183.60.188:26562] AH01071: Got error 'Primary script unknown\n'
[Sun Apr 18 15:30:01.089845 2021] [proxy_fcgi:error] [pid 2157790:tid 139671514371840] [client 203.197.142.41:41433] AH01071: Got error 'Primary script unknown\n'
[Sun Apr 18 16:37:30.514157 2021] [proxy_fcgi:error] [pid 2157789:tid 139671606982400] [client 62.171.131.201:36450] AH01071: Got error 'Primary script unknown\n'
[Sun Apr 18 17:11:45.518807 2021] [proxy_fcgi:error] [pid 2157789:tid 139671438837504] [client 51.38.40.95:41372] AH01071: Got error 'Primary script unknown\n'
[Sun Apr 18 21:27:36.611274 2021] [proxy_fcgi:error] [pid 2237220:tid 139671430444800] [client 178.62.55.152:43768] AH01071: Got error 'Primary script unknown\n'
[Mon Apr 19 04:03:20.790433 2021] [proxy_fcgi:error] [pid 2237220:tid 139671623767808] [client 5.188.210.227:45079] AH01071: Got error 'Primary script unknown\n', referer: https://www.google.com/
[Mon Apr 19 08:36:21.478113 2021] [proxy_fcgi:error] [pid 2237220:tid 139671464015616] [client 107.161.176.122:40460] AH01071: Got error 'Primary script unknown\n'
[Mon Apr 19 16:15:35.377955 2021] [proxy_fcgi:error] [pid 2237220:tid 139671413659392] [client 51.159.59.87:45928] AH01071: Got error 'Primary script unknown\n'
[Tue Apr 20 10:40:58.486748 2021] [proxy_fcgi:error] [pid 2157791:tid 139671438673664] [client 52.52.190.187:44267] AH01071: Got error 'Primary script unknown\n'
[Tue Apr 20 11:25:03.861107 2021] [proxy_fcgi:error] [pid 2157789:tid 139671480801024] [client 54.176.188.51:49971] AH01071: Got error 'Primary script unknown\n'
[Tue Apr 20 15:02:41.151902 2021] [proxy_fcgi:error] [pid 2237220:tid 139671480801024] [client 85.25.194.86:42568] AH01071: Got error 'Primary script unknown\n'
[Wed Apr 21 00:58:37.717138 2021] [proxy_fcgi:error] [pid 2237220:tid 139671505979136] [client 52.65.15.196:50978] AH01071: Got error 'Primary script unknown\n'
[Wed Apr 21 04:16:07.836981 2021] [proxy_fcgi:error] [pid 2237220:tid 139671464015616] [client 82.64.46.49:41402] AH01071: Got error 'Primary script unknown\n'
[Wed Apr 21 06:26:10.320651 2021] [proxy_fcgi:error] [pid 2157789:tid 139671396873984] [client 18.231.94.162:23983] AH01071: Got error 'Primary script unknown\n'
[Wed Apr 21 11:50:37.526714 2021] [proxy_fcgi:error] [pid 2237220:tid 139671497586432] [client 37.49.229.183:50550] AH01071: Got error 'Primary script unknown\n'
[Wed Apr 21 21:39:53.163971 2021] [proxy_fcgi:error] [pid 2237220:tid 139671380088576] [client 104.236.6.244:64529] AH01071: Got error 'Primary script unknown\n'
[Thu Apr 22 00:44:35.903219 2021] [proxy_fcgi:error] [pid 2237220:tid 139671606982400] [client 34.208.86.17:55714] AH01071: Got error 'Primary script unknown\n'
[Thu Apr 22 00:45:31.008443 2021] [proxy_fcgi:error] [pid 2237220:tid 139671430444800] [client 34.208.86.17:50520] AH01071: Got error 'Primary script unknown\n'
[Thu Apr 22 01:54:42.497404 2021] [proxy_fcgi:error] [pid 2237220:tid 139671438837504] [client 163.172.123.81:41122] AH01071: Got error 'Primary script unknown\n'
[Thu Apr 22 07:01:54.403872 2021] [proxy_fcgi:error] [pid 2157789:tid 139671405266688] [client 167.71.69.120:49422] AH01071: Got error 'Primary script unknown\n'
[Thu Apr 22 07:01:54.594524 2021] [proxy_fcgi:error] [pid 2157791:tid 139671421888256] [client 167.71.69.120:49446] AH01071: Got error 'Primary script unknown\n'
[Thu Apr 22 14:10:16.139887 2021] [proxy_fcgi:error] [pid 2237220:tid 139671489193728] [client 158.69.117.181:48200] AH01071: Got error 'Primary script unknown\n'
[Thu Apr 22 19:18:17.787530 2021] [proxy_fcgi:error] [pid 2157789:tid 139671413659392] [client 185.191.32.207:9542] AH01071: Got error 'Primary script unknown\n'
[Fri Apr 23 00:02:49.741497 2021] [proxy_fcgi:error] [pid 2237220:tid 139671623767808] [client 5.255.174.141:45825] AH01071: Got error 'Primary script unknown\n'
[Fri Apr 23 00:02:51.260683 2021] [proxy_fcgi:error] [pid 2237220:tid 139671505979136] [client 5.255.174.141:46925] AH01071: Got error 'Primary script unknown\n'
[Fri Apr 23 03:52:49.866269 2021] [proxy_fcgi:error] [pid 2237220:tid 139671489193728] [client 149.56.142.1:63554] AH01071: Got error 'Primary script unknown\n'
[Fri Apr 23 07:16:07.234606 2021] [proxy_fcgi:error] [pid 2237220:tid 139671615375104] [client 13.232.96.15:48526] AH01071: Got error 'Primary script unknown\n'
[Fri Apr 23 08:07:52.734173 2021] [proxy_fcgi:error] [pid 2237220:tid 139671623767808] [client 13.232.96.15:40120] AH01071: Got error 'Primary script unknown\n'
[Fri Apr 23 16:18:56.823176 2021] [proxy_fcgi:error] [pid 2237220:tid 139671531157248] [client 165.232.107.220:48334] AH01071: Got error 'Primary script unknown\n'
[Fri Apr 23 16:54:19.686317 2021] [proxy_fcgi:error] [pid 2237220:tid 139671413659392] [client 35.178.16.1:17959] AH01071: Got error 'Primary script unknown\n'
[Fri Apr 23 18:53:03.359527 2021] [proxy_fcgi:error] [pid 2237220:tid 139671514371840] [client 142.93.37.52:42342] AH01071: Got error 'Primary script unknown\n'
[Sat Apr 24 15:05:38.655014 2021] [proxy_fcgi:error] [pid 2237220:tid 139671497586432] [client 67.222.130.10:58132] AH01071: Got error 'Primary script unknown\n'
[Sat Apr 24 19:49:14.125810 2021] [proxy_fcgi:error] [pid 2237220:tid 139671623767808] [client 128.199.215.251:60152] AH01071: Got error 'Primary script unknown\n'
[Sat Apr 24 19:49:14.173629 2021] [proxy_fcgi:error] [pid 2157789:tid 139671505979136] [client 128.199.215.251:60158] AH01071: Got error 'Primary script unknown\n'
[Sun Apr 25 01:20:42.938437 2021] [proxy_fcgi:error] [pid 2237220:tid 139671430444800] [client 128.199.215.251:52458] AH01071: Got error 'Primary script unknown\n'
[Sun Apr 25 14:01:47.542098 2021] [proxy_fcgi:error] [pid 2955840:tid 139671505979136] [client 103.142.21.82:52072] AH01071: Got error 'Primary script unknown\n'
[Sun Apr 25 15:58:41.238025 2021] [cgid:error] [pid 2949570:tid 139671422052096] [client 128.199.215.251:59472] AH01264: script not found or unable to stat: /var/www/cgi-bin/webproc
[Sun Apr 25 22:21:34.786451 2021] [proxy_fcgi:error] [pid 2949568:tid 139671170369280] [client 139.177.196.149:52418] AH01071: Got error 'Primary script unknown\n'
[Sun Apr 25 23:36:47.436255 2021] [proxy_fcgi:error] [pid 2955840:tid 139671489193728] [client 128.199.215.251:47942] AH01071: Got error 'Primary script unknown\n'
[Mon Apr 26 02:04:28.842764 2021] [proxy_fcgi:error] [pid 2955840:tid 139671472408320] [client 82.0.250.168:65266] AH01071: Got error 'Primary script unknown\n'
[Mon Apr 26 03:03:31.803881 2021] [proxy_fcgi:error] [pid 2955840:tid 139671617607424] [client 128.199.215.251:46744] AH01071: Got error 'Primary script unknown\n'
[Mon Apr 26 08:21:44.928812 2021] [proxy_fcgi:error] [pid 2949568:tid 139671229118208] [client 167.172.156.13:50976] AH01071: Got error 'Primary script unknown\n'
[Mon Apr 26 10:14:04.566584 2021] [proxy_fcgi:error] [pid 2955840:tid 139671480801024] [client 129.159.122.158:39868] AH01071: Got error 'Primary script unknown\n'
[Mon Apr 26 14:49:56.692647 2021] [proxy_fcgi:error] [pid 2955840:tid 139671472408320] [client 102.130.123.57:41754] AH01071: Got error 'Primary script unknown\n'
[Tue Apr 27 20:16:21.353897 2021] [proxy_fcgi:error] [pid 2955840:tid 139671371695872] [client 51.132.4.32:55948] AH01071: Got error 'Primary script unknown\n'
[Wed Apr 28 05:27:05.453133 2021] [proxy_fcgi:error] [pid 2955840:tid 139671413659392] [client 91.121.81.113:49370] AH01071: Got error 'Primary script unknown\n'
[Wed Apr 28 16:16:58.636383 2021] [proxy_fcgi:error] [pid 2955840:tid 139671380088576] [client 35.229.136.14:60124] AH01071: Got error 'Primary script unknown\n'
[Wed Apr 28 19:56:22.841442 2021] [proxy_fcgi:error] [pid 2955840:tid 139671464015616] [client 82.0.250.168:52803] AH01071: Got error 'Primary script unknown\n'
[Wed Apr 28 20:31:09.077134 2021] [proxy_fcgi:error] [pid 2955840:tid 139671388481280] [client 82.0.250.168:49722] AH01071: Got error 'Primary script unknown\n'
[Thu Apr 29 07:38:35.874426 2021] [proxy_fcgi:error] [pid 2955840:tid 139671522764544] [client 180.214.236.35:62794] AH01071: Got error 'Primary script unknown\n'
[Thu Apr 29 17:13:56.422757 2021] [proxy_fcgi:error] [pid 2955840:tid 139671626000128] [client 104.131.124.162:44078] AH01071: Got error 'Primary script unknown\n'
[Thu Apr 29 18:09:06.932209 2021] [proxy_fcgi:error] [pid 2955840:tid 139671455622912] [client 82.0.250.168:56279] AH01071: Got error 'Primary script unknown\n'
[Thu Apr 29 18:17:53.926349 2021] [proxy_fcgi:error] [pid 2955840:tid 139671422052096] [client 185.231.245.203:31248] AH01071: Got error 'Primary script unknown\n'
[Thu Apr 29 18:32:15.657379 2021] [proxy_fcgi:error] [pid 2955840:tid 139671489193728] [client 196.189.149.51:54236] AH01071: Got error 'Primary script unknown\n'
[Fri Apr 30 00:10:27.944914 2021] [proxy_fcgi:error] [pid 2949569:tid 139671430444800] [client 143.198.69.165:39936] AH01071: Got error 'Primary script unknown\n'
[Fri Apr 30 00:10:28.071333 2021] [proxy_fcgi:error] [pid 2949570:tid 139671522764544] [client 143.198.69.165:39938] AH01071: Got error 'Primary script unknown\n'
[Fri Apr 30 06:17:35.244820 2021] [proxy_fcgi:error] [pid 2949570:tid 139671413659392] [client 13.82.131.221:61160] AH01071: Got error 'Primary script unknown\n'
[Fri Apr 30 19:54:19.026588 2021] [proxy_fcgi:error] [pid 2955840:tid 139671497586432] [client 82.0.250.168:61230] AH01071: Got error 'Primary script unknown\n'
[Fri Apr 30 20:39:58.189776 2021] [proxy_fcgi:error] [pid 2949570:tid 139671617607424] [client 40.75.86.215:52551] AH01071: Got error 'Primary script unknown\n'
[Fri Apr 30 21:21:37.093685 2021] [proxy_fcgi:error] [pid 2955840:tid 139671371695872] [client 134.209.126.53:52512] AH01071: Got error 'Primary script unknown\n'
[Sat May 01 02:35:14.325442 2021] [proxy_fcgi:error] [pid 2955840:tid 139671363303168] [client 5.188.210.227:36970] AH01071: Got error 'Primary script unknown\n', referer: https://www.google.com/
[Sat May 01 16:12:45.125007 2021] [cgid:error] [pid 2955840:tid 139671522764544] [client 185.233.186.56:39500] AH01264: script not found or unable to stat: /var/www/cgi-bin/config.exp
[Sat May 01 17:26:44.327058 2021] [proxy_fcgi:error] [pid 2955840:tid 139671464015616] [client 91.134.248.249:36748] AH01071: Got error 'Primary script unknown\n'
[Sun May 02 06:59:02.008332 2021] [proxy_fcgi:error] [pid 3699505:tid 139671480801024] [client 107.190.131.50:39854] AH01071: Got error 'Primary script unknown\n'
[Sun May 02 15:36:00.762811 2021] [proxy_fcgi:error] [pid 3729312:tid 139671497586432] [client 82.0.250.168:51446] AH01071: Got error 'Primary script unknown\n'
[Mon May 03 02:29:41.705480 2021] [proxy_fcgi:error] [pid 3729312:tid 139671609214720] [client 51.161.34.111:37010] AH01071: Got error 'Primary script unknown\n'
[Mon May 03 04:40:55.217098 2021] [proxy_fcgi:error] [pid 3699504:tid 139671203940096] [client 172.105.104.168:47498] AH01071: Got error 'Primary script unknown\n'
[Tue May 04 08:52:40.351245 2021] [proxy_fcgi:error] [pid 3729312:tid 139671497586432] [client 18.229.73.207:35862] AH01071: Got error 'Primary script unknown\n'
[Tue May 04 16:37:10.876851 2021] [proxy_fcgi:error] [pid 3729312:tid 139671480801024] [client 104.145.237.89:53799] AH01071: Got error 'Primary script unknown\n'
[Tue May 04 16:42:49.344391 2021] [proxy_fcgi:error] [pid 3699504:tid 139671254296320] [client 34.251.241.226:62014] AH01071: Got error 'Primary script unknown\n'
[Tue May 04 19:50:25.066013 2021] [proxy_fcgi:error] [pid 3729312:tid 139671430444800] [client 200.48.82.101:49482] AH01071: Got error 'Primary script unknown\n'
[Wed May 05 16:35:32.822192 2021] [proxy_fcgi:error] [pid 3699505:tid 139671447230208] [client 159.89.187.207:56936] AH01071: Got error 'Primary script unknown\n'
[Wed May 05 16:35:32.855117 2021] [proxy_fcgi:error] [pid 3699503:tid 139671380088576] [client 159.89.187.207:56954] AH01071: Got error 'Primary script unknown\n'
[Wed May 05 18:37:38.356579 2021] [proxy_fcgi:error] [pid 3699503:tid 139671472408320] [client 162.144.117.24:32992] AH01071: Got error 'Primary script unknown\n'
[Wed May 05 18:37:38.357012 2021] [proxy_fcgi:error] [pid 3729312:tid 139671405266688] [client 162.144.117.24:32990] AH01071: Got error 'Primary script unknown\n'
[Thu May 06 04:29:34.531634 2021] [proxy_fcgi:error] [pid 3699503:tid 139671531157248] [client 64.225.4.154:54398] AH01071: Got error 'Primary script unknown\n'
[Thu May 06 09:22:28.323068 2021] [proxy_fcgi:error] [pid 3729312:tid 139671464015616] [client 158.140.116.180:62410] AH01071: Got error 'Primary script unknown\n', referer: http://172.105.4.75/
[Thu May 06 13:30:16.719720 2021] [proxy_fcgi:error] [pid 3699504:tid 139671413495552] [client 187.108.196.206:33412] AH01071: Got error 'Primary script unknown\n'
[Thu May 06 13:30:16.720168 2021] [proxy_fcgi:error] [pid 3699504:tid 139671304652544] [client 187.108.196.206:33416] AH01071: Got error 'Primary script unknown\n'
[Thu May 06 13:30:16.720309 2021] [proxy_fcgi:error] [pid 3699504:tid 139671203940096] [client 187.108.196.206:33410] AH01071: Got error 'Primary script unknown\n'
[Thu May 06 13:30:16.720517 2021] [proxy_fcgi:error] [pid 3699504:tid 139671296259840] [client 187.108.196.206:33414] AH01071: Got error 'Primary script unknown\n'
[Thu May 06 13:30:16.720674 2021] [proxy_fcgi:error] [pid 3729312:tid 139671514371840] [client 187.108.196.206:33418] AH01071: Got error 'Primary script unknown\n'
[Fri May 07 07:18:33.089878 2021] [proxy_fcgi:error] [pid 3729312:tid 139671464015616] [client 13.209.28.104:12293] AH01071: Got error 'Primary script unknown\n'
[Fri May 07 13:59:59.005254 2021] [proxy_fcgi:error] [pid 3729312:tid 139671505979136] [client 168.119.8.237:39944] AH01071: Got error 'Primary script unknown\n'
[Sat May 08 10:09:44.127410 2021] [proxy_fcgi:error] [pid 3729312:tid 139671522764544] [client 54.37.17.21:56410] AH01071: Got error 'Primary script unknown\n'
[Sat May 08 10:09:44.149027 2021] [proxy_fcgi:error] [pid 3699505:tid 139671405266688] [client 54.37.17.21:56412] AH01071: Got error 'Primary script unknown\n'
[Sat May 08 10:09:44.156968 2021] [proxy_fcgi:error] [pid 3699503:tid 139671497586432] [client 54.37.17.21:56426] AH01071: Got error 'Primary script unknown\n'
[Sat May 08 10:09:44.194528 2021] [proxy_fcgi:error] [pid 3699504:tid 139671254296320] [client 54.37.17.21:56432] AH01071: Got error 'Primary script unknown\n'
[Sat May 08 10:09:44.225703 2021] [proxy_fcgi:error] [pid 3699504:tid 139671329830656] [client 54.37.17.21:56458] AH01071: Got error 'Primary script unknown\n'
[Sat May 08 18:02:16.595913 2021] [proxy_fcgi:error] [pid 3729312:tid 139671514371840] [client 31.207.33.247:51178] AH01071: Got error 'Primary script unknown\n'
[Sun May 09 17:45:33.086126 2021] [proxy_fcgi:error] [pid 283633:tid 139671514371840] [client 164.132.48.179:53354] AH01071: Got error 'Primary script unknown\n'
[Sun May 09 18:53:22.678582 2021] [proxy_fcgi:error] [pid 283633:tid 139671363303168] [client 134.209.147.203:33058] AH01071: Got error 'Primary script unknown\n'
[Mon May 10 11:27:26.232708 2021] [proxy_fcgi:error] [pid 283633:tid 139671422052096] [client 34.215.69.55:30036] AH01071: Got error 'Primary script unknown\n'
[Mon May 10 15:40:48.177416 2021] [proxy_fcgi:error] [pid 283633:tid 139671430444800] [client 213.149.103.132:35140] AH01071: Got error 'Primary script unknown\n'
[Tue May 11 16:05:14.810489 2021] [proxy_fcgi:error] [pid 283633:tid 139671438837504] [client 192.227.93.123:33125] AH01071: Got error 'Primary script unknown\n'
[Tue May 11 19:35:25.734203 2021] [proxy_fcgi:error] [pid 283633:tid 139671489193728] [client 5.188.210.227:57565] AH01071: Got error 'Primary script unknown\n', referer: https://www.google.com/
[Wed May 12 07:07:17.001791 2021] [proxy_fcgi:error] [pid 257177:tid 139671489193728] [client 128.199.255.158:37938] AH01071: Got error 'Primary script unknown\n'
[Wed May 12 13:21:12.771908 2021] [cgid:error] [pid 283633:tid 139671531157248] [client 74.102.39.43:38903] AH01264: script not found or unable to stat: /var/www/cgi-bin/mainfunction.cgi
[Wed May 12 17:42:00.296713 2021] [proxy_fcgi:error] [pid 283633:tid 139671617607424] [client 134.209.181.57:58094] AH01071: Got error 'Primary script unknown\n'
[Wed May 12 17:42:00.320468 2021] [proxy_fcgi:error] [pid 257178:tid 139671321437952] [client 134.209.181.57:58102] AH01071: Got error 'Primary script unknown\n'
[Thu May 13 17:36:41.348667 2021] [proxy_fcgi:error] [pid 283633:tid 139671371695872] [client 213.159.209.230:44524] AH01071: Got error 'Primary script unknown\n'
[Thu May 13 19:06:30.570468 2021] [proxy_fcgi:error] [pid 283633:tid 139671522764544] [client 35.233.23.228:60720] AH01071: Got error 'Primary script unknown\n'
[Thu May 13 19:06:30.657425 2021] [proxy_fcgi:error] [pid 283633:tid 139671634392832] [client 35.233.23.228:60756] AH01071: Got error 'Primary script unknown\n'
[Thu May 13 19:06:30.776426 2021] [proxy_fcgi:error] [pid 257177:tid 139671388481280] [client 35.233.23.228:60792] AH01071: Got error 'Primary script unknown\n'
[Thu May 13 19:06:30.867599 2021] [proxy_fcgi:error] [pid 257178:tid 139671187154688] [client 35.233.23.228:60818] AH01071: Got error 'Primary script unknown\n'
[Thu May 13 19:06:31.022904 2021] [proxy_fcgi:error] [pid 257176:tid 139671380088576] [client 35.233.23.228:60866] AH01071: Got error 'Primary script unknown\n'
[Thu May 13 19:59:25.860809 2021] [proxy_fcgi:error] [pid 257178:tid 139671203940096] [client 64.227.22.166:54938] AH01071: Got error 'Primary script unknown\n'
[Thu May 13 19:59:25.907696 2021] [proxy_fcgi:error] [pid 257176:tid 139671396873984] [client 64.227.22.166:54986] AH01071: Got error 'Primary script unknown\n'
[Fri May 14 01:08:12.913347 2021] [proxy_fcgi:error] [pid 257177:tid 139671489193728] [client 128.199.7.44:37282] AH01071: Got error 'Primary script unknown\n'
[Sat May 15 06:53:31.307071 2021] [proxy_fcgi:error] [pid 257178:tid 139671220725504] [client 52.192.73.251:52399] AH01071: Got error 'Primary script unknown\n'
[Sat May 15 08:31:32.140605 2021] [proxy_fcgi:error] [pid 283633:tid 139671480801024] [client 125.64.94.221:35980] AH01071: Got error 'Primary script unknown\n'
[Sat May 15 08:31:41.144795 2021] [proxy_fcgi:error] [pid 283633:tid 139671405266688] [client 125.64.94.221:43576] AH01071: Got error 'Primary script unknown\n'
[Sat May 15 08:34:20.033189 2021] [proxy_fcgi:error] [pid 283633:tid 139671505979136] [client 125.64.94.221:39956] AH01071: Got error 'Primary script unknown\n'
[Sat May 15 08:36:35.425073 2021] [proxy_fcgi:error] [pid 283633:tid 139671396873984] [client 125.64.94.221:39954] AH01071: Got error 'Primary script unknown\n'
[Sat May 15 08:37:04.111083 2021] [proxy_fcgi:error] [pid 283633:tid 139671505979136] [client 125.64.94.221:38840] AH01071: Got error 'Primary script unknown\n'
[Sat May 15 08:37:28.020532 2021] [proxy_fcgi:error] [pid 283633:tid 139671388481280] [client 125.64.94.221:55288] AH01071: Got error 'Primary script unknown\n'
[Sat May 15 08:37:29.993412 2021] [proxy_fcgi:error] [pid 283633:tid 139671497586432] [client 125.64.94.221:57268] AH01071: Got error 'Primary script unknown\n'
[Sat May 15 08:38:21.765302 2021] [proxy_fcgi:error] [pid 283633:tid 139671472408320] [client 125.64.94.221:35048] AH01071: Got error 'Primary script unknown\n'
[Sat May 15 08:38:44.443243 2021] [proxy_fcgi:error] [pid 283633:tid 139671464015616] [client 125.64.94.221:58688] AH01071: Got error 'Primary script unknown\n'
[Sat May 15 08:39:00.386836 2021] [proxy_fcgi:error] [pid 283633:tid 139671396873984] [client 125.64.94.221:42502] AH01071: Got error 'Primary script unknown\n'
[Sat May 15 08:39:59.321052 2021] [proxy_fcgi:error] [pid 283633:tid 139671472408320] [client 125.64.94.221:40360] AH01071: Got error 'Primary script unknown\n'
[Sat May 15 08:40:02.051078 2021] [proxy_fcgi:error] [pid 283633:tid 139671617607424] [client 125.64.94.221:43124] AH01071: Got error 'Primary script unknown\n'
[Sun May 16 04:04:02.505146 2021] [proxy_fcgi:error] [pid 995892:tid 139671422052096] [client 193.111.199.61:54742] AH01071: Got error 'Primary script unknown\n'
[Sun May 16 05:35:10.248117 2021] [proxy_fcgi:error] [pid 995892:tid 139671522764544] [client 146.185.135.169:37540] AH01071: Got error 'Primary script unknown\n'
[Sun May 16 16:23:38.625990 2021] [proxy_fcgi:error] [pid 995892:tid 139671531157248] [client 67.205.38.108:43372] AH01071: Got error 'Primary script unknown\n'
[Mon May 17 00:34:31.583146 2021] [proxy_fcgi:error] [pid 1061242:tid 139671447230208] [client 104.248.199.50:57838] AH01071: Got error 'Primary script unknown\n'
[Mon May 17 08:42:21.317102 2021] [proxy_fcgi:error] [pid 1061242:tid 139671371695872] [client 1.116.69.128:51570] AH01071: Got error 'Primary script unknown\n'
[Mon May 17 15:23:20.521923 2021] [proxy_fcgi:error] [pid 1061242:tid 139671505979136] [client 192.241.174.114:49032] AH01071: Got error 'Primary script unknown\n'
[Mon May 17 16:49:57.448207 2021] [proxy_fcgi:error] [pid 1061242:tid 139671371695872] [client 157.245.231.45:33370] AH01071: Got error 'Primary script unknown\n'
[Mon May 17 19:38:02.441274 2021] [proxy_fcgi:error] [pid 1061242:tid 139671405266688] [client 162.241.149.137:55672] AH01071: Got error 'Primary script unknown\n'
[Wed May 19 03:46:27.416931 2021] [proxy_fcgi:error] [pid 1061242:tid 139671634392832] [client 103.147.50.107:48942] AH01071: Got error 'Primary script unknown\n'
[Wed May 19 05:23:50.550523 2021] [proxy_fcgi:error] [pid 1061242:tid 139671396873984] [client 208.109.14.154:48308] AH01071: Got error 'Primary script unknown\n'
[Wed May 19 05:23:50.553362 2021] [proxy_fcgi:error] [pid 1061242:tid 139671447230208] [client 208.109.14.154:48296] AH01071: Got error 'Primary script unknown\n'
[Wed May 19 05:23:50.583934 2021] [proxy_fcgi:error] [pid 995894:tid 139671212332800] [client 208.109.14.154:48318] AH01071: Got error 'Primary script unknown\n'
[Wed May 19 05:23:50.601266 2021] [proxy_fcgi:error] [pid 995893:tid 139671617607424] [client 208.109.14.154:48294] AH01071: Got error 'Primary script unknown\n'
[Wed May 19 05:23:50.641339 2021] [proxy_fcgi:error] [pid 995892:tid 139671489193728] [client 208.109.14.154:48324] AH01071: Got error 'Primary script unknown\n'
[Wed May 19 17:58:00.941607 2021] [proxy_fcgi:error] [pid 1061242:tid 139671430444800] [client 194.36.45.73:50248] AH01071: Got error 'Primary script unknown\n'
[Wed May 19 21:55:46.090778 2021] [proxy_fcgi:error] [pid 1061242:tid 139671514371840] [client 5.8.10.202:43162] AH01071: Got error 'Primary script unknown\n'
[Thu May 20 08:10:34.711983 2021] [proxy_fcgi:error] [pid 1061242:tid 139671438837504] [client 34.241.77.13:31835] AH01071: Got error 'Primary script unknown\n'
[Thu May 20 16:39:46.457821 2021] [proxy_fcgi:error] [pid 995892:tid 139671609214720] [client 178.128.93.180:42720] AH01071: Got error 'Primary script unknown\n'
[Thu May 20 16:39:46.893512 2021] [proxy_fcgi:error] [pid 1061242:tid 139671380088576] [client 178.128.93.180:42786] AH01071: Got error 'Primary script unknown\n'
[Thu May 20 18:20:08.586869 2021] [proxy_fcgi:error] [pid 1061242:tid 139671363303168] [client 161.35.19.188:45998] AH01071: Got error 'Primary script unknown\n'
[Thu May 20 18:20:08.621028 2021] [proxy_fcgi:error] [pid 995893:tid 139671472408320] [client 161.35.19.188:46004] AH01071: Got error 'Primary script unknown\n'
[Fri May 21 11:20:47.279957 2021] [proxy_fcgi:error] [pid 1061242:tid 139671480801024] [client 81.96.28.219:51072] AH01071: Got error 'Primary script unknown\n'
[Fri May 21 16:13:45.837408 2021] [proxy_fcgi:error] [pid 1061242:tid 139671480801024] [client 5.8.10.202:36702] AH01071: Got error 'Primary script unknown\n'
[Sat May 22 15:09:47.006282 2021] [proxy_fcgi:error] [pid 1061242:tid 139671405266688] [client 208.97.136.31:45472] AH01071: Got error 'Primary script unknown\n'
[Sat May 22 15:09:47.048017 2021] [proxy_fcgi:error] [pid 995893:tid 139671626000128] [client 208.97.136.31:45476] AH01071: Got error 'Primary script unknown\n'
[Sun May 23 20:42:42.197163 2021] [proxy_fcgi:error] [pid 1781070:tid 139671617607424] [client 94.23.206.55:33476] AH01071: Got error 'Primary script unknown\n'
[Mon May 24 11:09:41.145278 2021] [proxy_fcgi:error] [pid 1761575:tid 139671329830656] [client 192.144.166.192:50474] AH01071: Got error 'Primary script unknown\n'
[Mon May 24 11:18:44.151121 2021] [proxy_fcgi:error] [pid 1781070:tid 139671531157248] [client 118.25.62.49:28130] AH01071: Got error 'Primary script unknown\n'
[Mon May 24 11:18:48.033448 2021] [proxy_fcgi:error] [pid 1781070:tid 139671413659392] [client 118.25.62.49:28383] AH01071: Got error 'Primary script unknown\n'
[Mon May 24 11:20:48.009069 2021] [proxy_fcgi:error] [pid 1781070:tid 139671617607424] [client 118.25.62.49:39186] AH01071: Got error 'Primary script unknown\n'
[Mon May 24 11:20:48.581135 2021] [proxy_fcgi:error] [pid 1781070:tid 139671514371840] [client 118.25.62.49:39266] AH01071: Got error 'Primary script unknown\n'
[Mon May 24 11:20:59.897447 2021] [cgid:error] [pid 1781070:tid 139671489193728] [client 118.25.62.49:39864] AH01264: script not found or unable to stat: /var/www/cgi-bin/php
[Mon May 24 11:21:00.363282 2021] [cgid:error] [pid 1781070:tid 139671626000128] [client 118.25.62.49:39974] AH01264: script not found or unable to stat: /var/www/cgi-bin/php5
[Mon May 24 11:21:00.905104 2021] [cgid:error] [pid 1781070:tid 139671531157248] [client 118.25.62.49:40027] AH01264: script not found or unable to stat: /var/www/cgi-bin/php-cgi
[Mon May 24 11:21:03.890135 2021] [cgid:error] [pid 1781070:tid 139671413659392] [client 118.25.62.49:40133] AH01264: script not found or unable to stat: /var/www/cgi-bin/php.cgi
[Mon May 24 11:21:04.368251 2021] [cgid:error] [pid 1761575:tid 139671279474432] [client 118.25.62.49:40234] AH01264: script not found or unable to stat: /var/www/cgi-bin/php4
[Mon May 24 11:21:08.362815 2021] [proxy_fcgi:error] [pid 1781070:tid 139671380088576] [client 118.25.62.49:40498] AH01071: Got error 'Primary script unknown\n'
[Mon May 24 11:21:08.793642 2021] [proxy_fcgi:error] [pid 1781070:tid 139671472408320] [client 118.25.62.49:40535] AH01071: Got error 'Primary script unknown\n'
[Mon May 24 11:21:11.986661 2021] [proxy_fcgi:error] [pid 1781070:tid 139671388481280] [client 118.25.62.49:40623] AH01071: Got error 'Primary script unknown\n'
[Mon May 24 11:21:20.121904 2021] [proxy_fcgi:error] [pid 1781070:tid 139671447230208] [client 118.25.62.49:41129] AH01071: Got error 'Primary script unknown\n'
[Mon May 24 11:21:20.794323 2021] [proxy_fcgi:error] [pid 1781070:tid 139671609214720] [client 118.25.62.49:41277] AH01071: Got error 'Primary script unknown\n'
[Mon May 24 11:21:31.944314 2021] [proxy_fcgi:error] [pid 1781070:tid 139671497586432] [client 118.25.62.49:41987] AH01071: Got error 'Primary script unknown\n'
[Mon May 24 11:21:32.374061 2021] [proxy_fcgi:error] [pid 1781070:tid 139671634392832] [client 118.25.62.49:42036] AH01071: Got error 'Primary script unknown\n'
[Mon May 24 11:21:32.956434 2021] [proxy_fcgi:error] [pid 1781070:tid 139671480801024] [client 118.25.62.49:42071] AH01071: Got error 'Primary script unknown\n'
[Mon May 24 11:21:33.474568 2021] [proxy_fcgi:error] [pid 1781070:tid 139671430444800] [client 118.25.62.49:42133] AH01071: Got error 'Primary script unknown\n'
[Mon May 24 11:21:33.895990 2021] [proxy_fcgi:error] [pid 1781070:tid 139671405266688] [client 118.25.62.49:42171] AH01071: Got error 'Primary script unknown\n'
[Mon May 24 11:21:34.429125 2021] [proxy_fcgi:error] [pid 1781070:tid 139671617607424] [client 118.25.62.49:42219] AH01071: Got error 'Primary script unknown\n'
[Mon May 24 11:21:36.026583 2021] [proxy_fcgi:error] [pid 1781070:tid 139671514371840] [client 118.25.62.49:42345] AH01071: Got error 'Primary script unknown\n'
[Mon May 24 11:21:36.510063 2021] [proxy_fcgi:error] [pid 1781070:tid 139671422052096] [client 118.25.62.49:42381] AH01071: Got error 'Primary script unknown\n'
[Mon May 24 11:21:37.011106 2021] [proxy_fcgi:error] [pid 1781070:tid 139671363303168] [client 118.25.62.49:42438] AH01071: Got error 'Primary script unknown\n'
[Mon May 24 11:21:40.587824 2021] [proxy_fcgi:error] [pid 1781070:tid 139671438837504] [client 118.25.62.49:42747] AH01071: Got error 'Primary script unknown\n'
[Mon May 24 11:21:41.134547 2021] [proxy_fcgi:error] [pid 1781070:tid 139671522764544] [client 118.25.62.49:42817] AH01071: Got error 'Primary script unknown\n'
[Mon May 24 11:21:41.745168 2021] [proxy_fcgi:error] [pid 1781070:tid 139671505979136] [client 118.25.62.49:42874] AH01071: Got error 'Primary script unknown\n'
[Mon May 24 11:21:42.236518 2021] [proxy_fcgi:error] [pid 1781070:tid 139671396873984] [client 118.25.62.49:42925] AH01071: Got error 'Primary script unknown\n'
[Mon May 24 11:21:42.670811 2021] [proxy_fcgi:error] [pid 1781070:tid 139671489193728] [client 118.25.62.49:42967] AH01071: Got error 'Primary script unknown\n'
[Mon May 24 11:21:44.184086 2021] [proxy_fcgi:error] [pid 1781070:tid 139671626000128] [client 118.25.62.49:43074] AH01071: Got error 'Primary script unknown\n'
[Mon May 24 11:21:44.760823 2021] [proxy_fcgi:error] [pid 1781070:tid 139671531157248] [client 118.25.62.49:43143] AH01071: Got error 'Primary script unknown\n'
[Mon May 24 11:21:45.231344 2021] [proxy_fcgi:error] [pid 1781070:tid 139671413659392] [client 118.25.62.49:43181] AH01071: Got error 'Primary script unknown\n'
[Mon May 24 11:21:45.804393 2021] [proxy_fcgi:error] [pid 1781070:tid 139671455622912] [client 118.25.62.49:43231] AH01071: Got error 'Primary script unknown\n'
[Mon May 24 11:21:46.297831 2021] [proxy_fcgi:error] [pid 1781070:tid 139671371695872] [client 118.25.62.49:43295] AH01071: Got error 'Primary script unknown\n'
[Mon May 24 11:21:46.848607 2021] [proxy_fcgi:error] [pid 1781070:tid 139671464015616] [client 118.25.62.49:43332] AH01071: Got error 'Primary script unknown\n'
[Mon May 24 11:21:48.045600 2021] [proxy_fcgi:error] [pid 1781070:tid 139671380088576] [client 118.25.62.49:43393] AH01071: Got error 'Primary script unknown\n'
[Mon May 24 11:21:48.635165 2021] [proxy_fcgi:error] [pid 1781070:tid 139671472408320] [client 118.25.62.49:43470] AH01071: Got error 'Primary script unknown\n'
[Mon May 24 11:21:49.173428 2021] [proxy_fcgi:error] [pid 1781070:tid 139671388481280] [client 118.25.62.49:43524] AH01071: Got error 'Primary script unknown\n'
[Mon May 24 11:21:49.749044 2021] [proxy_fcgi:error] [pid 1781070:tid 139671447230208] [client 118.25.62.49:43590] AH01071: Got error 'Primary script unknown\n'
[Mon May 24 11:21:50.330353 2021] [proxy_fcgi:error] [pid 1761575:tid 139671161976576] [client 118.25.62.49:43652] AH01071: Got error 'Primary script unknown\n'
[Mon May 24 11:21:50.872394 2021] [proxy_fcgi:error] [pid 1781070:tid 139671609214720] [client 118.25.62.49:43702] AH01071: Got error 'Primary script unknown\n'
[Mon May 24 11:21:51.970337 2021] [proxy_fcgi:error] [pid 1781070:tid 139671497586432] [client 118.25.62.49:43757] AH01071: Got error 'Primary script unknown\n'
[Mon May 24 11:21:52.526240 2021] [proxy_fcgi:error] [pid 1781070:tid 139671634392832] [client 118.25.62.49:43823] AH01071: Got error 'Primary script unknown\n'
[Mon May 24 11:42:01.006277 2021] [proxy_fcgi:error] [pid 1781070:tid 139671514371840] [client 118.25.62.49:60938] AH01071: Got error 'Primary script unknown\n'
[Mon May 24 11:42:01.464952 2021] [proxy_fcgi:error] [pid 1781070:tid 139671422052096] [client 118.25.62.49:60972] AH01071: Got error 'Primary script unknown\n'
[Mon May 24 11:42:01.936173 2021] [proxy_fcgi:error] [pid 1781070:tid 139671363303168] [client 118.25.62.49:61011] AH01071: Got error 'Primary script unknown\n'
[Mon May 24 11:42:04.821605 2021] [proxy_fcgi:error] [pid 1781070:tid 139671438837504] [client 118.25.62.49:61103] AH01071: Got error 'Primary script unknown\n'
[Mon May 24 11:42:05.315456 2021] [proxy_fcgi:error] [pid 1781070:tid 139671522764544] [client 118.25.62.49:61224] AH01071: Got error 'Primary script unknown\n'
[Mon May 24 11:42:07.964598 2021] [proxy_fcgi:error] [pid 1781070:tid 139671505979136] [client 118.25.62.49:61350] AH01071: Got error 'Primary script unknown\n'
[Mon May 24 11:42:08.412284 2021] [proxy_fcgi:error] [pid 1781070:tid 139671396873984] [client 118.25.62.49:61424] AH01071: Got error 'Primary script unknown\n'
[Mon May 24 11:42:08.880415 2021] [proxy_fcgi:error] [pid 1781070:tid 139671489193728] [client 118.25.62.49:61465] AH01071: Got error 'Primary script unknown\n'
[Mon May 24 11:42:09.363884 2021] [proxy_fcgi:error] [pid 1781070:tid 139671626000128] [client 118.25.62.49:61516] AH01071: Got error 'Primary script unknown\n'
[Mon May 24 11:42:09.846812 2021] [proxy_fcgi:error] [pid 1781070:tid 139671531157248] [client 118.25.62.49:61543] AH01071: Got error 'Primary script unknown\n'
[Mon May 24 11:42:12.115131 2021] [proxy_fcgi:error] [pid 1781070:tid 139671413659392] [client 118.25.62.49:61603] AH01071: Got error 'Primary script unknown\n'
[Mon May 24 11:42:12.581311 2021] [proxy_fcgi:error] [pid 1781070:tid 139671455622912] [client 118.25.62.49:61718] AH01071: Got error 'Primary script unknown\n'
[Mon May 24 11:42:13.063275 2021] [proxy_fcgi:error] [pid 1781070:tid 139671371695872] [client 118.25.62.49:61764] AH01071: Got error 'Primary script unknown\n'
[Mon May 24 11:42:13.523510 2021] [proxy_fcgi:error] [pid 1781070:tid 139671464015616] [client 118.25.62.49:61796] AH01071: Got error 'Primary script unknown\n'
[Mon May 24 11:42:13.984824 2021] [proxy_fcgi:error] [pid 1781070:tid 139671380088576] [client 118.25.62.49:61840] AH01071: Got error 'Primary script unknown\n'
[Mon May 24 11:42:16.867467 2021] [proxy_fcgi:error] [pid 1781070:tid 139671447230208] [client 118.25.62.49:62007] AH01071: Got error 'Primary script unknown\n'
[Mon May 24 11:42:20.912198 2021] [proxy_fcgi:error] [pid 1761575:tid 139671195547392] [client 118.25.62.49:62277] AH01071: Got error 'Primary script unknown\n'
[Mon May 24 11:42:23.960971 2021] [proxy_fcgi:error] [pid 1781070:tid 139671430444800] [client 118.25.62.49:62427] AH01071: Got error 'Primary script unknown\n'
[Mon May 24 11:42:24.419203 2021] [proxy_fcgi:error] [pid 1781070:tid 139671405266688] [client 118.25.62.49:62517] AH01071: Got error 'Primary script unknown\n'
[Mon May 24 11:42:24.854021 2021] [proxy_fcgi:error] [pid 1781070:tid 139671617607424] [client 118.25.62.49:62555] AH01071: Got error 'Primary script unknown\n'
[Mon May 24 11:42:25.303724 2021] [proxy_fcgi:error] [pid 1781070:tid 139671514371840] [client 118.25.62.49:62581] AH01071: Got error 'Primary script unknown\n'
[Mon May 24 11:42:25.777564 2021] [proxy_fcgi:error] [pid 1781070:tid 139671422052096] [client 118.25.62.49:62617] AH01071: Got error 'Primary script unknown\n'
[Mon May 24 11:42:27.998806 2021] [proxy_fcgi:error] [pid 1781070:tid 139671363303168] [client 118.25.62.49:62750] AH01071: Got error 'Primary script unknown\n'
[Mon May 24 11:42:28.464445 2021] [proxy_fcgi:error] [pid 1781070:tid 139671438837504] [client 118.25.62.49:62778] AH01071: Got error 'Primary script unknown\n'
[Mon May 24 11:42:28.902624 2021] [proxy_fcgi:error] [pid 1761575:tid 139671229118208] [client 118.25.62.49:62824] AH01071: Got error 'Primary script unknown\n'
[Mon May 24 11:42:29.347214 2021] [proxy_fcgi:error] [pid 1781070:tid 139671522764544] [client 118.25.62.49:62872] AH01071: Got error 'Primary script unknown\n'
[Mon May 24 11:42:29.779616 2021] [proxy_fcgi:error] [pid 1761575:tid 139671170369280] [client 118.25.62.49:62905] AH01071: Got error 'Primary script unknown\n'
[Mon May 24 11:42:31.984036 2021] [proxy_fcgi:error] [pid 1781070:tid 139671505979136] [client 118.25.62.49:63007] AH01071: Got error 'Primary script unknown\n'
[Mon May 24 11:42:36.319430 2021] [proxy_fcgi:error] [pid 1781070:tid 139671396873984] [client 118.25.62.49:63331] AH01071: Got error 'Primary script unknown\n'
[Mon May 24 11:42:36.792108 2021] [proxy_fcgi:error] [pid 1781070:tid 139671489193728] [client 118.25.62.49:63367] AH01071: Got error 'Primary script unknown\n'
[Mon May 24 11:42:44.282119 2021] [proxy_fcgi:error] [pid 1781070:tid 139671626000128] [client 118.25.62.49:63914] AH01071: Got error 'Primary script unknown\n'
[Mon May 24 11:42:48.417871 2021] [proxy_fcgi:error] [pid 1781070:tid 139671531157248] [client 118.25.62.49:64202] AH01071: Got error 'Primary script unknown\n'
[Mon May 24 11:42:48.880897 2021] [proxy_fcgi:error] [pid 1781070:tid 139671413659392] [client 118.25.62.49:64295] AH01071: Got error 'Primary script unknown\n'
[Mon May 24 11:42:49.362997 2021] [proxy_fcgi:error] [pid 1781070:tid 139671455622912] [client 118.25.62.49:64333] AH01071: Got error 'Primary script unknown\n'
[Mon May 24 11:42:49.865509 2021] [proxy_fcgi:error] [pid 1781070:tid 139671371695872] [client 118.25.62.49:64374] AH01071: Got error 'Primary script unknown\n'
[Mon May 24 11:42:50.318665 2021] [proxy_fcgi:error] [pid 1781070:tid 139671464015616] [client 118.25.62.49:64436] AH01071: Got error 'Primary script unknown\n'
[Mon May 24 11:42:52.104918 2021] [proxy_fcgi:error] [pid 1781070:tid 139671380088576] [client 118.25.62.49:64567] AH01071: Got error 'Primary script unknown\n'
[Mon May 24 11:42:52.560725 2021] [proxy_fcgi:error] [pid 1781070:tid 139671472408320] [client 118.25.62.49:64603] AH01071: Got error 'Primary script unknown\n'
[Mon May 24 11:42:53.029658 2021] [proxy_fcgi:error] [pid 1781070:tid 139671388481280] [client 118.25.62.49:64647] AH01071: Got error 'Primary script unknown\n'
[Mon May 24 11:42:53.485410 2021] [proxy_fcgi:error] [pid 1781070:tid 139671447230208] [client 118.25.62.49:64696] AH01071: Got error 'Primary script unknown\n'
[Mon May 24 11:42:56.296448 2021] [proxy_fcgi:error] [pid 1781070:tid 139671609214720] [client 118.25.62.49:64879] AH01071: Got error 'Primary script unknown\n'
[Mon May 24 11:42:56.800702 2021] [proxy_fcgi:error] [pid 1781070:tid 139671497586432] [client 118.25.62.49:64966] AH01071: Got error 'Primary script unknown\n'
[Mon May 24 11:43:12.928431 2021] [proxy_fcgi:error] [pid 1781070:tid 139671522764544] [client 118.25.62.49:1817] AH01071: Got error 'Primary script unknown\n'
[Mon May 24 11:43:13.362195 2021] [proxy_fcgi:error] [pid 1781070:tid 139671505979136] [client 118.25.62.49:1853] AH01071: Got error 'Primary script unknown\n'
[Mon May 24 11:43:13.805460 2021] [proxy_fcgi:error] [pid 1761575:tid 139671329830656] [client 118.25.62.49:1900] AH01071: Got error 'Primary script unknown\n'
[Mon May 24 11:43:14.259874 2021] [proxy_fcgi:error] [pid 1781070:tid 139671396873984] [client 118.25.62.49:1962] AH01071: Got error 'Primary script unknown\n'
[Mon May 24 11:43:14.709920 2021] [proxy_fcgi:error] [pid 1781070:tid 139671489193728] [client 118.25.62.49:2005] AH01071: Got error 'Primary script unknown\n'
[Mon May 24 11:43:21.029279 2021] [proxy_fcgi:error] [pid 1781070:tid 139671626000128] [client 118.25.62.49:2614] AH01071: Got error 'Primary script unknown\n'
[Mon May 24 11:43:21.500096 2021] [proxy_fcgi:error] [pid 1761577:tid 139671514371840] [client 118.25.62.49:2664] AH01071: Got error 'Primary script unknown\n'
[Mon May 24 11:43:21.944044 2021] [proxy_fcgi:error] [pid 1781070:tid 139671531157248] [client 118.25.62.49:2713] AH01071: Got error 'Primary script unknown\n'
[Mon May 24 11:43:22.400305 2021] [proxy_fcgi:error] [pid 1781070:tid 139671413659392] [client 118.25.62.49:2752] AH01071: Got error 'Primary script unknown\n'
[Mon May 24 11:43:22.875102 2021] [proxy_fcgi:error] [pid 1781070:tid 139671455622912] [client 118.25.62.49:2805] AH01071: Got error 'Primary script unknown\n'
[Mon May 24 11:43:28.551508 2021] [proxy_fcgi:error] [pid 1781070:tid 139671371695872] [client 118.25.62.49:3327] AH01071: Got error 'Primary script unknown\n'
[Mon May 24 11:43:29.009710 2021] [proxy_fcgi:error] [pid 1781070:tid 139671464015616] [client 118.25.62.49:3381] AH01071: Got error 'Primary script unknown\n'
[Mon May 24 11:43:29.454473 2021] [proxy_fcgi:error] [pid 1781070:tid 139671380088576] [client 118.25.62.49:3440] AH01071: Got error 'Primary script unknown\n'
[Mon May 24 11:43:29.958926 2021] [proxy_fcgi:error] [pid 1781070:tid 139671472408320] [client 118.25.62.49:3486] AH01071: Got error 'Primary script unknown\n'
[Mon May 24 11:43:30.412294 2021] [proxy_fcgi:error] [pid 1781070:tid 139671388481280] [client 118.25.62.49:3543] AH01071: Got error 'Primary script unknown\n'
[Mon May 24 11:43:30.881025 2021] [proxy_fcgi:error] [pid 1781070:tid 139671447230208] [client 118.25.62.49:3583] AH01071: Got error 'Primary script unknown\n'
[Mon May 24 11:43:32.258701 2021] [proxy_fcgi:error] [pid 1781070:tid 139671609214720] [client 118.25.62.49:3640] AH01071: Got error 'Primary script unknown\n'
[Mon May 24 11:43:32.702544 2021] [proxy_fcgi:error] [pid 1781070:tid 139671497586432] [client 118.25.62.49:3725] AH01071: Got error 'Primary script unknown\n'
[Mon May 24 11:43:33.217187 2021] [proxy_fcgi:error] [pid 1781070:tid 139671634392832] [client 118.25.62.49:3768] AH01071: Got error 'Primary script unknown\n'
[Mon May 24 11:43:33.679631 2021] [proxy_fcgi:error] [pid 1781070:tid 139671480801024] [client 118.25.62.49:3807] AH01071: Got error 'Primary script unknown\n'
[Mon May 24 11:43:34.170561 2021] [proxy_fcgi:error] [pid 1781070:tid 139671430444800] [client 118.25.62.49:3850] AH01071: Got error 'Primary script unknown\n'
[Mon May 24 11:43:34.653697 2021] [proxy_fcgi:error] [pid 1781070:tid 139671405266688] [client 118.25.62.49:3897] AH01071: Got error 'Primary script unknown\n'
[Mon May 24 11:43:37.050890 2021] [proxy_fcgi:error] [pid 1781070:tid 139671617607424] [client 118.25.62.49:4109] AH01071: Got error 'Primary script unknown\n'
[Mon May 24 11:43:37.513729 2021] [proxy_fcgi:error] [pid 1781070:tid 139671514371840] [client 118.25.62.49:4153] AH01071: Got error 'Primary script unknown\n'
[Mon May 24 11:43:38.078505 2021] [proxy_fcgi:error] [pid 1781070:tid 139671422052096] [client 118.25.62.49:4215] AH01071: Got error 'Primary script unknown\n'
[Mon May 24 11:43:43.955175 2021] [proxy_fcgi:error] [pid 1781070:tid 139671363303168] [client 118.25.62.49:4530] AH01071: Got error 'Primary script unknown\n'
[Mon May 24 11:43:44.413893 2021] [proxy_fcgi:error] [pid 1781070:tid 139671438837504] [client 118.25.62.49:4645] AH01071: Got error 'Primary script unknown\n'
[Mon May 24 11:43:44.877892 2021] [proxy_fcgi:error] [pid 1781070:tid 139671522764544] [client 118.25.62.49:4696] AH01071: Got error 'Primary script unknown\n'
[Mon May 24 11:43:52.031120 2021] [proxy_fcgi:error] [pid 1781070:tid 139671505979136] [client 118.25.62.49:5133] AH01071: Got error 'Primary script unknown\n'
[Mon May 24 11:43:52.547981 2021] [proxy_fcgi:error] [pid 1781070:tid 139671396873984] [client 118.25.62.49:5164] AH01071: Got error 'Primary script unknown\n'
[Mon May 24 11:43:55.970407 2021] [proxy_fcgi:error] [pid 1781070:tid 139671489193728] [client 118.25.62.49:5340] AH01071: Got error 'Primary script unknown\n'
[Mon May 24 11:44:00.094425 2021] [proxy_fcgi:error] [pid 1781070:tid 139671626000128] [client 118.25.62.49:5634] AH01071: Got error 'Primary script unknown\n'
[Mon May 24 11:44:00.613158 2021] [proxy_fcgi:error] [pid 1781070:tid 139671531157248] [client 118.25.62.49:5681] AH01071: Got error 'Primary script unknown\n'
[Mon May 24 11:44:03.968454 2021] [proxy_fcgi:error] [pid 1781070:tid 139671413659392] [client 118.25.62.49:5841] AH01071: Got error 'Primary script unknown\n'
[Mon May 24 11:44:04.424916 2021] [proxy_fcgi:error] [pid 1781070:tid 139671455622912] [client 118.25.62.49:5898] AH01071: Got error 'Primary script unknown\n'
[Mon May 24 11:44:04.866287 2021] [proxy_fcgi:error] [pid 1761575:tid 139671430280960] [client 118.25.62.49:5947] AH01071: Got error 'Primary script unknown\n'
[Mon May 24 11:44:08.038482 2021] [proxy_fcgi:error] [pid 1781070:tid 139671371695872] [client 118.25.62.49:6006] AH01071: Got error 'Primary script unknown\n'
[Mon May 24 11:44:08.498822 2021] [proxy_fcgi:error] [pid 1761577:tid 139671531157248] [client 118.25.62.49:6154] AH01071: Got error 'Primary script unknown\n'
[Mon May 24 11:44:08.950170 2021] [proxy_fcgi:error] [pid 1781070:tid 139671464015616] [client 118.25.62.49:6198] AH01071: Got error 'Primary script unknown\n'
[Mon May 24 11:44:11.959632 2021] [proxy_fcgi:error] [pid 1781070:tid 139671380088576] [client 118.25.62.49:6283] AH01071: Got error 'Primary script unknown\n'
[Mon May 24 12:01:27.924309 2021] [proxy_fcgi:error] [pid 1781070:tid 139671531157248] [client 118.25.62.49:5305] AH01071: Got error 'Primary script unknown\n', referer: 554fcae493e564ee0dc75bdf2ebf94caads|a:3:{s:2:"id";s:3:"'/*";s:3:"num";s:141:"*/ union select 1,0x272F2A,3,4,5,6,7,8,0x7b247b24524345275d3b6469652f2a2a2f286d6435284449524543544f52595f534550415241544f5229293b2f2f7d7d,0--";s:4:"name";s:3:"ads";}554fcae493e564ee0dc75bdf2ebf94ca
[Mon May 24 13:42:07.182274 2021] [proxy_fcgi:error] [pid 1781070:tid 139671617607424] [client 121.5.147.119:34198] AH01071: Got error 'Primary script unknown\n'
[Mon May 24 15:32:33.428242 2021] [proxy_fcgi:error] [pid 1781070:tid 139671438837504] [client 121.5.145.96:36682] AH01071: Got error 'Primary script unknown\n'
[Mon May 24 15:37:41.745877 2021] [proxy_fcgi:error] [pid 1781070:tid 139671447230208] [client 212.129.152.41:36248] AH01071: Got error 'Primary script unknown\n'
[Mon May 24 16:56:29.931988 2021] [proxy_fcgi:error] [pid 1761575:tid 139671287867136] [client 123.58.210.77:41048] AH01071: Got error 'Primary script unknown\n'
[Mon May 24 16:57:21.940716 2021] [proxy_fcgi:error] [pid 1781070:tid 139671438837504] [client 123.58.210.77:54428] AH01071: Got error 'Primary script unknown\n'
[Mon May 24 18:11:55.131432 2021] [proxy_fcgi:error] [pid 1761575:tid 139671430280960] [client 35.180.147.121:21421] AH01071: Got error 'Primary script unknown\n'
[Mon May 24 18:43:31.628688 2021] [proxy_fcgi:error] [pid 1781070:tid 139671438837504] [client 103.146.202.150:34136] AH01071: Got error 'Primary script unknown\n'
[Mon May 24 20:56:37.227423 2021] [proxy_fcgi:error] [pid 1781070:tid 139671514371840] [client 42.193.8.97:56618] AH01071: Got error 'Primary script unknown\n'
[Mon May 24 21:29:49.663636 2021] [proxy_fcgi:error] [pid 1781070:tid 139671438837504] [client 42.193.8.97:59748] AH01071: Got error 'Primary script unknown\n'
[Mon May 24 22:12:29.351875 2021] [proxy_fcgi:error] [pid 1781070:tid 139671489193728] [client 121.5.147.119:58436] AH01071: Got error 'Primary script unknown\n'
[Mon May 24 23:40:03.802261 2021] [proxy_fcgi:error] [pid 1781070:tid 139671430444800] [client 49.234.43.244:50548] AH01071: Got error 'Primary script unknown\n'
[Mon May 24 23:44:37.230355 2021] [proxy_fcgi:error] [pid 1781070:tid 139671472408320] [client 49.234.43.244:35486] AH01071: Got error 'Primary script unknown\n'
[Tue May 25 00:05:20.062192 2021] [proxy_fcgi:error] [pid 1781070:tid 139671617607424] [client 121.5.145.96:41650] AH01071: Got error 'Primary script unknown\n'
[Tue May 25 00:14:01.553451 2021] [proxy_fcgi:error] [pid 1781070:tid 139671522764544] [client 121.5.147.119:39012] AH01071: Got error 'Primary script unknown\n'
[Tue May 25 00:32:16.634440 2021] [proxy_fcgi:error] [pid 1781070:tid 139671472408320] [client 121.4.181.178:36596] AH01071: Got error 'Primary script unknown\n'
[Tue May 25 02:13:10.791164 2021] [proxy_fcgi:error] [pid 1781070:tid 139671489193728] [client 121.199.9.111:41996] AH01071: Got error 'Primary script unknown\n'
[Tue May 25 04:57:29.074218 2021] [proxy_fcgi:error] [pid 1781070:tid 139671480801024] [client 121.4.163.148:45014] AH01071: Got error 'Primary script unknown\n'
[Tue May 25 05:55:42.583716 2021] [proxy_fcgi:error] [pid 1781070:tid 139671531157248] [client 42.192.11.192:57536] AH01071: Got error 'Primary script unknown\n'
[Tue May 25 06:55:43.679639 2021] [proxy_fcgi:error] [pid 1781070:tid 139671447230208] [client 1.14.17.89:37524] AH01071: Got error 'Primary script unknown\n'
[Tue May 25 10:04:52.675114 2021] [proxy_fcgi:error] [pid 1781070:tid 139671363303168] [client 49.234.43.244:49460] AH01071: Got error 'Primary script unknown\n'
[Tue May 25 10:26:09.781308 2021] [proxy_fcgi:error] [pid 1781070:tid 139671480801024] [client 121.4.163.148:49792] AH01071: Got error 'Primary script unknown\n'
[Tue May 25 19:03:11.327751 2021] [proxy_fcgi:error] [pid 1781070:tid 139671626000128] [client 198.12.226.30:54138] AH01071: Got error 'Primary script unknown\n'
[Tue May 25 19:03:11.348195 2021] [proxy_fcgi:error] [pid 1761575:tid 139671304652544] [client 198.12.226.30:54140] AH01071: Got error 'Primary script unknown\n'
[Wed May 26 03:42:19.929976 2021] [proxy_fcgi:error] [pid 1781070:tid 139671522764544] [client 111.230.41.189:43810] AH01071: Got error 'Primary script unknown\n'
[Wed May 26 03:42:20.437864 2021] [proxy_fcgi:error] [pid 1781070:tid 139671634392832] [client 111.230.41.189:44124] AH01071: Got error 'Primary script unknown\n'
[Wed May 26 03:42:20.946512 2021] [proxy_fcgi:error] [pid 1781070:tid 139671380088576] [client 111.230.41.189:44209] AH01071: Got error 'Primary script unknown\n'
[Wed May 26 03:42:24.932205 2021] [proxy_fcgi:error] [pid 1781070:tid 139671514371840] [client 111.230.41.189:44851] AH01071: Got error 'Primary script unknown\n'
[Wed May 26 03:42:25.458637 2021] [proxy_fcgi:error] [pid 1781070:tid 139671422052096] [client 111.230.41.189:45119] AH01071: Got error 'Primary script unknown\n'
[Wed May 26 03:42:32.476281 2021] [cgid:error] [pid 1781070:tid 139671447230208] [client 111.230.41.189:46299] AH01264: script not found or unable to stat: /var/www/cgi-bin/php
[Wed May 26 03:42:32.971643 2021] [cgid:error] [pid 1781070:tid 139671413659392] [client 111.230.41.189:46411] AH01264: script not found or unable to stat: /var/www/cgi-bin/php5
[Wed May 26 03:42:33.485405 2021] [cgid:error] [pid 1761575:tid 139671229118208] [client 111.230.41.189:46498] AH01264: script not found or unable to stat: /var/www/cgi-bin/php-cgi
[Wed May 26 03:42:35.975669 2021] [cgid:error] [pid 1781070:tid 139671371695872] [client 111.230.41.189:46910] AH01264: script not found or unable to stat: /var/www/cgi-bin/php4
[Wed May 26 03:42:39.930911 2021] [proxy_fcgi:error] [pid 1781070:tid 139671405266688] [client 111.230.41.189:47475] AH01071: Got error 'Primary script unknown\n'
[Wed May 26 03:42:40.437990 2021] [proxy_fcgi:error] [pid 1761575:tid 139671430280960] [client 111.230.41.189:47625] AH01071: Got error 'Primary script unknown\n'
[Wed May 26 03:42:40.932816 2021] [proxy_fcgi:error] [pid 1781070:tid 139671464015616] [client 111.230.41.189:47883] AH01071: Got error 'Primary script unknown\n'
[Wed May 26 03:42:41.449538 2021] [proxy_fcgi:error] [pid 1761575:tid 139671212332800] [client 111.230.41.189:47973] AH01071: Got error 'Primary script unknown\n'
[Wed May 26 03:42:43.906096 2021] [proxy_fcgi:error] [pid 1781070:tid 139671363303168] [client 111.230.41.189:48130] AH01071: Got error 'Primary script unknown\n'
[Wed May 26 03:42:44.430485 2021] [proxy_fcgi:error] [pid 1781070:tid 139671626000128] [client 111.230.41.189:48461] AH01071: Got error 'Primary script unknown\n'
[Wed May 26 03:42:44.922175 2021] [proxy_fcgi:error] [pid 1781070:tid 139671430444800] [client 111.230.41.189:48577] AH01071: Got error 'Primary script unknown\n'
[Wed May 26 03:42:45.424592 2021] [proxy_fcgi:error] [pid 1781070:tid 139671480801024] [client 111.230.41.189:48653] AH01071: Got error 'Primary script unknown\n'
[Wed May 26 03:42:47.876773 2021] [proxy_fcgi:error] [pid 1781070:tid 139671617607424] [client 111.230.41.189:49001] AH01071: Got error 'Primary script unknown\n'
[Wed May 26 03:42:48.373121 2021] [proxy_fcgi:error] [pid 1781070:tid 139671455622912] [client 111.230.41.189:49129] AH01071: Got error 'Primary script unknown\n'
[Wed May 26 03:42:48.890295 2021] [proxy_fcgi:error] [pid 1781070:tid 139671388481280] [client 111.230.41.189:49218] AH01071: Got error 'Primary script unknown\n'
[Wed May 26 03:42:49.392219 2021] [proxy_fcgi:error] [pid 1781070:tid 139671609214720] [client 111.230.41.189:49294] AH01071: Got error 'Primary script unknown\n'
[Wed May 26 03:42:51.880984 2021] [proxy_fcgi:error] [pid 1781070:tid 139671522764544] [client 111.230.41.189:49602] AH01071: Got error 'Primary script unknown\n'
[Wed May 26 03:42:52.410059 2021] [proxy_fcgi:error] [pid 1781070:tid 139671634392832] [client 111.230.41.189:49798] AH01071: Got error 'Primary script unknown\n'
[Wed May 26 03:42:52.914131 2021] [proxy_fcgi:error] [pid 1781070:tid 139671380088576] [client 111.230.41.189:50050] AH01071: Got error 'Primary script unknown\n'
[Wed May 26 03:42:53.431637 2021] [proxy_fcgi:error] [pid 1781070:tid 139671514371840] [client 111.230.41.189:50131] AH01071: Got error 'Primary script unknown\n'
[Wed May 26 03:42:55.861635 2021] [proxy_fcgi:error] [pid 1781070:tid 139671422052096] [client 111.230.41.189:50318] AH01071: Got error 'Primary script unknown\n'
[Wed May 26 03:42:56.374401 2021] [proxy_fcgi:error] [pid 1781070:tid 139671531157248] [client 111.230.41.189:50606] AH01071: Got error 'Primary script unknown\n'
[Wed May 26 03:42:56.897472 2021] [proxy_fcgi:error] [pid 1761575:tid 139671413495552] [client 111.230.41.189:50679] AH01071: Got error 'Primary script unknown\n'
[Wed May 26 03:42:57.411191 2021] [proxy_fcgi:error] [pid 1781070:tid 139671396873984] [client 111.230.41.189:50793] AH01071: Got error 'Primary script unknown\n'
[Wed May 26 03:42:59.851301 2021] [proxy_fcgi:error] [pid 1781070:tid 139671472408320] [client 111.230.41.189:51154] AH01071: Got error 'Primary script unknown\n'
[Wed May 26 03:43:00.357511 2021] [proxy_fcgi:error] [pid 1781070:tid 139671438837504] [client 111.230.41.189:51254] AH01071: Got error 'Primary script unknown\n'
[Wed May 26 03:43:00.874563 2021] [proxy_fcgi:error] [pid 1781070:tid 139671447230208] [client 111.230.41.189:51329] AH01071: Got error 'Primary script unknown\n'
[Wed May 26 03:43:01.376083 2021] [proxy_fcgi:error] [pid 1781070:tid 139671413659392] [client 111.230.41.189:51421] AH01071: Got error 'Primary script unknown\n'
[Wed May 26 03:43:03.827364 2021] [proxy_fcgi:error] [pid 1781070:tid 139671371695872] [client 111.230.41.189:51836] AH01071: Got error 'Primary script unknown\n'
[Wed May 26 03:43:04.335857 2021] [proxy_fcgi:error] [pid 1781070:tid 139671489193728] [client 111.230.41.189:51907] AH01071: Got error 'Primary script unknown\n'
[Wed May 26 03:43:04.865065 2021] [proxy_fcgi:error] [pid 1781070:tid 139671497586432] [client 111.230.41.189:52002] AH01071: Got error 'Primary script unknown\n'
[Wed May 26 03:43:05.363811 2021] [proxy_fcgi:error] [pid 1781070:tid 139671505979136] [client 111.230.41.189:52262] AH01071: Got error 'Primary script unknown\n'
[Wed May 26 03:43:05.860555 2021] [proxy_fcgi:error] [pid 1761575:tid 139671245903616] [client 111.230.41.189:52326] AH01071: Got error 'Primary script unknown\n'
[Wed May 26 03:43:07.860643 2021] [proxy_fcgi:error] [pid 1781070:tid 139671405266688] [client 111.230.41.189:52469] AH01071: Got error 'Primary script unknown\n'
[Wed May 26 03:43:08.359533 2021] [proxy_fcgi:error] [pid 1781070:tid 139671464015616] [client 111.230.41.189:52736] AH01071: Got error 'Primary script unknown\n'
[Wed May 26 03:43:08.894004 2021] [proxy_fcgi:error] [pid 1781070:tid 139671363303168] [client 111.230.41.189:52819] AH01071: Got error 'Primary script unknown\n'
[Wed May 26 03:43:09.427358 2021] [proxy_fcgi:error] [pid 1781070:tid 139671626000128] [client 111.230.41.189:52904] AH01071: Got error 'Primary script unknown\n'
[Wed May 26 03:43:24.821222 2021] [proxy_fcgi:error] [pid 1781070:tid 139671371695872] [client 111.230.41.189:55584] AH01071: Got error 'Primary script unknown\n'
[Wed May 26 03:43:32.263154 2021] [proxy_fcgi:error] [pid 1781070:tid 139671480801024] [client 111.230.41.189:56849] AH01071: Got error 'Primary script unknown\n'
[Wed May 26 03:43:32.903951 2021] [proxy_fcgi:error] [pid 1781070:tid 139671617607424] [client 111.230.41.189:56948] AH01071: Got error 'Primary script unknown\n'
[Wed May 26 03:43:33.391408 2021] [proxy_fcgi:error] [pid 1781070:tid 139671455622912] [client 111.230.41.189:57198] AH01071: Got error 'Primary script unknown\n'
[Wed May 26 03:43:33.876820 2021] [proxy_fcgi:error] [pid 1761575:tid 139671178761984] [client 111.230.41.189:57276] AH01071: Got error 'Primary script unknown\n'
[Wed May 26 03:43:35.775687 2021] [proxy_fcgi:error] [pid 1781070:tid 139671388481280] [client 111.230.41.189:57389] AH01071: Got error 'Primary script unknown\n'
[Wed May 26 03:43:36.281754 2021] [proxy_fcgi:error] [pid 1781070:tid 139671609214720] [client 111.230.41.189:57692] AH01071: Got error 'Primary script unknown\n'
[Wed May 26 03:43:36.801017 2021] [proxy_fcgi:error] [pid 1781070:tid 139671522764544] [client 111.230.41.189:57778] AH01071: Got error 'Primary script unknown\n'
[Wed May 26 03:43:37.304177 2021] [proxy_fcgi:error] [pid 1781070:tid 139671634392832] [client 111.230.41.189:57863] AH01071: Got error 'Primary script unknown\n'
[Wed May 26 03:43:37.799640 2021] [proxy_fcgi:error] [pid 1781070:tid 139671380088576] [client 111.230.41.189:57939] AH01071: Got error 'Primary script unknown\n'
[Wed May 26 03:43:39.765601 2021] [proxy_fcgi:error] [pid 1781070:tid 139671514371840] [client 111.230.41.189:58253] AH01071: Got error 'Primary script unknown\n'
[Wed May 26 03:43:40.294342 2021] [proxy_fcgi:error] [pid 1781070:tid 139671422052096] [client 111.230.41.189:58383] AH01071: Got error 'Primary script unknown\n'
[Wed May 26 03:43:40.829323 2021] [proxy_fcgi:error] [pid 1781070:tid 139671531157248] [client 111.230.41.189:58473] AH01071: Got error 'Primary script unknown\n'
[Wed May 26 03:43:41.344483 2021] [proxy_fcgi:error] [pid 1781070:tid 139671396873984] [client 111.230.41.189:58592] AH01071: Got error 'Primary script unknown\n'
[Wed May 26 03:43:41.851363 2021] [proxy_fcgi:error] [pid 1781070:tid 139671472408320] [client 111.230.41.189:58681] AH01071: Got error 'Primary script unknown\n'
[Wed May 26 03:43:43.789694 2021] [proxy_fcgi:error] [pid 1781070:tid 139671438837504] [client 111.230.41.189:58968] AH01071: Got error 'Primary script unknown\n'
[Wed May 26 03:43:44.324865 2021] [proxy_fcgi:error] [pid 1781070:tid 139671447230208] [client 111.230.41.189:59098] AH01071: Got error 'Primary script unknown\n'
[Wed May 26 03:43:45.846385 2021] [proxy_fcgi:error] [pid 1781070:tid 139671489193728] [client 111.230.41.189:59533] AH01071: Got error 'Primary script unknown\n'
[Wed May 26 03:43:51.748363 2021] [proxy_fcgi:error] [pid 1781070:tid 139671363303168] [client 111.230.41.189:60661] AH01071: Got error 'Primary script unknown\n'
[Wed May 26 03:43:52.250707 2021] [proxy_fcgi:error] [pid 1781070:tid 139671626000128] [client 111.230.41.189:60767] AH01071: Got error 'Primary script unknown\n'
[Wed May 26 03:43:52.777293 2021] [proxy_fcgi:error] [pid 1781070:tid 139671430444800] [client 111.230.41.189:60871] AH01071: Got error 'Primary script unknown\n'
[Wed May 26 03:43:53.294784 2021] [proxy_fcgi:error] [pid 1781070:tid 139671480801024] [client 111.230.41.189:60959] AH01071: Got error 'Primary script unknown\n'
[Wed May 26 03:43:53.803534 2021] [proxy_fcgi:error] [pid 1781070:tid 139671617607424] [client 111.230.41.189:61053] AH01071: Got error 'Primary script unknown\n'
[Wed May 26 03:43:55.739497 2021] [proxy_fcgi:error] [pid 1781070:tid 139671455622912] [client 111.230.41.189:61339] AH01071: Got error 'Primary script unknown\n'
[Wed May 26 03:43:56.279945 2021] [proxy_fcgi:error] [pid 1781070:tid 139671388481280] [client 111.230.41.189:61448] AH01071: Got error 'Primary script unknown\n'
[Wed May 26 03:43:56.769460 2021] [proxy_fcgi:error] [pid 1781070:tid 139671609214720] [client 111.230.41.189:61546] AH01071: Got error 'Primary script unknown\n'
[Wed May 26 03:43:57.287105 2021] [proxy_fcgi:error] [pid 1781070:tid 139671522764544] [client 111.230.41.189:61799] AH01071: Got error 'Primary script unknown\n'
[Wed May 26 03:43:57.772093 2021] [proxy_fcgi:error] [pid 1781070:tid 139671634392832] [client 111.230.41.189:61899] AH01071: Got error 'Primary script unknown\n'
[Wed May 26 03:43:59.726346 2021] [proxy_fcgi:error] [pid 1781070:tid 139671380088576] [client 111.230.41.189:62025] AH01071: Got error 'Primary script unknown\n'
[Wed May 26 03:44:00.223939 2021] [proxy_fcgi:error] [pid 1781070:tid 139671514371840] [client 111.230.41.189:62318] AH01071: Got error 'Primary script unknown\n'
[Wed May 26 03:44:00.751352 2021] [proxy_fcgi:error] [pid 1781070:tid 139671422052096] [client 111.230.41.189:62431] AH01071: Got error 'Primary script unknown\n'
[Wed May 26 03:44:01.265791 2021] [proxy_fcgi:error] [pid 1781070:tid 139671531157248] [client 111.230.41.189:62520] AH01071: Got error 'Primary script unknown\n'
[Wed May 26 03:44:01.785651 2021] [proxy_fcgi:error] [pid 1781070:tid 139671396873984] [client 111.230.41.189:62595] AH01071: Got error 'Primary script unknown\n'
[Wed May 26 03:44:03.717902 2021] [proxy_fcgi:error] [pid 1781070:tid 139671472408320] [client 111.230.41.189:62714] AH01071: Got error 'Primary script unknown\n'
[Wed May 26 03:44:04.219405 2021] [proxy_fcgi:error] [pid 1781070:tid 139671438837504] [client 111.230.41.189:63041] AH01071: Got error 'Primary script unknown\n'
[Wed May 26 03:44:04.740518 2021] [proxy_fcgi:error] [pid 1781070:tid 139671447230208] [client 111.230.41.189:63121] AH01071: Got error 'Primary script unknown\n'
[Wed May 26 03:44:05.223198 2021] [proxy_fcgi:error] [pid 1781070:tid 139671413659392] [client 111.230.41.189:63194] AH01071: Got error 'Primary script unknown\n'
[Wed May 26 03:44:05.713769 2021] [proxy_fcgi:error] [pid 1781070:tid 139671371695872] [client 111.230.41.189:63272] AH01071: Got error 'Primary script unknown\n'
[Wed May 26 03:44:07.712998 2021] [proxy_fcgi:error] [pid 1781070:tid 139671489193728] [client 111.230.41.189:63567] AH01071: Got error 'Primary script unknown\n'
[Wed May 26 03:44:08.210543 2021] [proxy_fcgi:error] [pid 1781070:tid 139671497586432] [client 111.230.41.189:63722] AH01071: Got error 'Primary script unknown\n'
[Wed May 26 03:44:08.727613 2021] [proxy_fcgi:error] [pid 1781070:tid 139671505979136] [client 111.230.41.189:63801] AH01071: Got error 'Primary script unknown\n'
[Wed May 26 03:44:09.213256 2021] [proxy_fcgi:error] [pid 1781070:tid 139671405266688] [client 111.230.41.189:64061] AH01071: Got error 'Primary script unknown\n'
[Wed May 26 03:44:09.735789 2021] [proxy_fcgi:error] [pid 1781070:tid 139671464015616] [client 111.230.41.189:64133] AH01071: Got error 'Primary script unknown\n'
[Wed May 26 03:44:11.692432 2021] [proxy_fcgi:error] [pid 1781070:tid 139671363303168] [client 111.230.41.189:64295] AH01071: Got error 'Primary script unknown\n'
[Wed May 26 03:44:12.216216 2021] [proxy_fcgi:error] [pid 1781070:tid 139671626000128] [client 111.230.41.189:64582] AH01071: Got error 'Primary script unknown\n'
[Wed May 26 03:44:12.737482 2021] [proxy_fcgi:error] [pid 1781070:tid 139671430444800] [client 111.230.41.189:64666] AH01071: Got error 'Primary script unknown\n'
[Wed May 26 03:44:13.254580 2021] [proxy_fcgi:error] [pid 1781070:tid 139671480801024] [client 111.230.41.189:64748] AH01071: Got error 'Primary script unknown\n'
[Wed May 26 03:44:13.777470 2021] [proxy_fcgi:error] [pid 1781070:tid 139671617607424] [client 111.230.41.189:64870] AH01071: Got error 'Primary script unknown\n'
[Wed May 26 03:44:15.732013 2021] [proxy_fcgi:error] [pid 1781070:tid 139671455622912] [client 111.230.41.189:64944] AH01071: Got error 'Primary script unknown\n'
[Wed May 26 03:44:16.240559 2021] [proxy_fcgi:error] [pid 1781070:tid 139671388481280] [client 111.230.41.189:65299] AH01071: Got error 'Primary script unknown\n'
[Wed May 26 03:44:16.769674 2021] [proxy_fcgi:error] [pid 1781070:tid 139671609214720] [client 111.230.41.189:65388] AH01071: Got error 'Primary script unknown\n'
[Wed May 26 03:44:17.273303 2021] [proxy_fcgi:error] [pid 1781070:tid 139671522764544] [client 111.230.41.189:65507] AH01071: Got error 'Primary script unknown\n'
[Wed May 26 03:44:32.160409 2021] [proxy_fcgi:error] [pid 1781070:tid 139671371695872] [client 111.230.41.189:3250] AH01071: Got error 'Primary script unknown\n'
[Wed May 26 03:44:32.663858 2021] [proxy_fcgi:error] [pid 1781070:tid 139671489193728] [client 111.230.41.189:3335] AH01071: Got error 'Primary script unknown\n'
[Wed May 26 03:44:35.668640 2021] [proxy_fcgi:error] [pid 1781070:tid 139671497586432] [client 111.230.41.189:3441] AH01071: Got error 'Primary script unknown\n'
[Wed May 26 03:44:36.173783 2021] [proxy_fcgi:error] [pid 1781070:tid 139671505979136] [client 111.230.41.189:3760] AH01071: Got error 'Primary script unknown\n'
[Wed May 26 03:44:36.681503 2021] [proxy_fcgi:error] [pid 1781070:tid 139671405266688] [client 111.230.41.189:3844] AH01071: Got error 'Primary script unknown\n'
[Wed May 26 03:44:39.670458 2021] [proxy_fcgi:error] [pid 1781070:tid 139671464015616] [client 111.230.41.189:3962] AH01071: Got error 'Primary script unknown\n'
[Wed May 26 03:44:40.183053 2021] [proxy_fcgi:error] [pid 1781070:tid 139671363303168] [client 111.230.41.189:4297] AH01071: Got error 'Primary script unknown\n'
[Wed May 26 03:44:40.725472 2021] [proxy_fcgi:error] [pid 1781070:tid 139671626000128] [client 111.230.41.189:4600] AH01071: Got error 'Primary script unknown\n'
[Wed May 26 03:44:43.634884 2021] [proxy_fcgi:error] [pid 1781070:tid 139671430444800] [client 111.230.41.189:4695] AH01071: Got error 'Primary script unknown\n'
[Wed May 26 03:44:44.133976 2021] [proxy_fcgi:error] [pid 1781070:tid 139671480801024] [client 111.230.41.189:5011] AH01071: Got error 'Primary script unknown\n'
[Wed May 26 03:44:44.660994 2021] [proxy_fcgi:error] [pid 1781070:tid 139671617607424] [client 111.230.41.189:5108] AH01071: Got error 'Primary script unknown\n'
[Wed May 26 03:44:47.646029 2021] [proxy_fcgi:error] [pid 1781070:tid 139671455622912] [client 111.230.41.189:5234] AH01071: Got error 'Primary script unknown\n'
[Wed May 26 03:44:48.169437 2021] [proxy_fcgi:error] [pid 1781070:tid 139671388481280] [client 111.230.41.189:5567] AH01071: Got error 'Primary script unknown\n'
[Wed May 26 03:44:48.670169 2021] [proxy_fcgi:error] [pid 1781070:tid 139671609214720] [client 111.230.41.189:5655] AH01071: Got error 'Primary script unknown\n'
[Wed May 26 03:44:51.643054 2021] [proxy_fcgi:error] [pid 1781070:tid 139671522764544] [client 111.230.41.189:6003] AH01071: Got error 'Primary script unknown\n'
[Wed May 26 03:44:52.173555 2021] [proxy_fcgi:error] [pid 1781070:tid 139671634392832] [client 111.230.41.189:6103] AH01071: Got error 'Primary script unknown\n'
[Wed May 26 03:44:52.688953 2021] [proxy_fcgi:error] [pid 1781070:tid 139671380088576] [client 111.230.41.189:6197] AH01071: Got error 'Primary script unknown\n'
[Wed May 26 03:44:55.639812 2021] [proxy_fcgi:error] [pid 1781070:tid 139671514371840] [client 111.230.41.189:6528] AH01071: Got error 'Primary script unknown\n'
[Wed May 26 03:44:56.130531 2021] [proxy_fcgi:error] [pid 1781070:tid 139671422052096] [client 111.230.41.189:6640] AH01071: Got error 'Primary script unknown\n'
[Wed May 26 03:44:56.640818 2021] [proxy_fcgi:error] [pid 1781070:tid 139671531157248] [client 111.230.41.189:6952] AH01071: Got error 'Primary script unknown\n'
[Wed May 26 03:44:59.620613 2021] [proxy_fcgi:error] [pid 1781070:tid 139671396873984] [client 111.230.41.189:7071] AH01071: Got error 'Primary script unknown\n'
[Wed May 26 03:45:00.137163 2021] [proxy_fcgi:error] [pid 1781070:tid 139671472408320] [client 111.230.41.189:7409] AH01071: Got error 'Primary script unknown\n'
[Wed May 26 03:45:00.631031 2021] [proxy_fcgi:error] [pid 1781070:tid 139671438837504] [client 111.230.41.189:7501] AH01071: Got error 'Primary script unknown\n'
[Wed May 26 03:45:03.628460 2021] [proxy_fcgi:error] [pid 1781070:tid 139671447230208] [client 111.230.41.189:7861] AH01071: Got error 'Primary script unknown\n'
[Wed May 26 03:45:04.122754 2021] [proxy_fcgi:error] [pid 1781070:tid 139671413659392] [client 111.230.41.189:7955] AH01071: Got error 'Primary script unknown\n'
[Wed May 26 03:45:04.641661 2021] [proxy_fcgi:error] [pid 1781070:tid 139671371695872] [client 111.230.41.189:8052] AH01071: Got error 'Primary script unknown\n'
[Wed May 26 03:45:07.597173 2021] [proxy_fcgi:error] [pid 1781070:tid 139671489193728] [client 111.230.41.189:8175] AH01071: Got error 'Primary script unknown\n'
[Wed May 26 03:45:08.089133 2021] [proxy_fcgi:error] [pid 1781070:tid 139671497586432] [client 111.230.41.189:8502] AH01071: Got error 'Primary script unknown\n'
[Wed May 26 03:45:08.586799 2021] [proxy_fcgi:error] [pid 1781070:tid 139671505979136] [client 111.230.41.189:8606] AH01071: Got error 'Primary script unknown\n'
[Wed May 26 03:45:11.584369 2021] [proxy_fcgi:error] [pid 1781070:tid 139671405266688] [client 111.230.41.189:8961] AH01071: Got error 'Primary script unknown\n'
[Wed May 26 03:45:12.096110 2021] [proxy_fcgi:error] [pid 1781070:tid 139671464015616] [client 111.230.41.189:9092] AH01071: Got error 'Primary script unknown\n'
[Wed May 26 03:45:12.605429 2021] [proxy_fcgi:error] [pid 1761575:tid 139671313045248] [client 111.230.41.189:9369] AH01071: Got error 'Primary script unknown\n'
[Wed May 26 03:45:15.587415 2021] [proxy_fcgi:error] [pid 1781070:tid 139671363303168] [client 111.230.41.189:9547] AH01071: Got error 'Primary script unknown\n'
[Wed May 26 03:45:16.107256 2021] [proxy_fcgi:error] [pid 1781070:tid 139671626000128] [client 111.230.41.189:9886] AH01071: Got error 'Primary script unknown\n'
[Wed May 26 03:45:16.624258 2021] [proxy_fcgi:error] [pid 1761575:tid 139671271081728] [client 111.230.41.189:9984] AH01071: Got error 'Primary script unknown\n'
[Wed May 26 03:45:19.548938 2021] [proxy_fcgi:error] [pid 1781070:tid 139671430444800] [client 111.230.41.189:10127] AH01071: Got error 'Primary script unknown\n'
[Wed May 26 03:45:20.078698 2021] [proxy_fcgi:error] [pid 1781070:tid 139671480801024] [client 111.230.41.189:10445] AH01071: Got error 'Primary script unknown\n'
[Wed May 26 03:45:20.584533 2021] [proxy_fcgi:error] [pid 1761575:tid 139671296259840] [client 111.230.41.189:10561] AH01071: Got error 'Primary script unknown\n'
[Wed May 26 03:45:23.550460 2021] [proxy_fcgi:error] [pid 1781070:tid 139671617607424] [client 111.230.41.189:10849] AH01071: Got error 'Primary script unknown\n'
[Wed May 26 03:45:24.066115 2021] [proxy_fcgi:error] [pid 1781070:tid 139671455622912] [client 111.230.41.189:11022] AH01071: Got error 'Primary script unknown\n'
[Wed May 26 03:45:24.599506 2021] [proxy_fcgi:error] [pid 1781070:tid 139671388481280] [client 111.230.41.189:11127] AH01071: Got error 'Primary script unknown\n'
[Wed May 26 03:45:27.551394 2021] [proxy_fcgi:error] [pid 1781070:tid 139671609214720] [client 111.230.41.189:11489] AH01071: Got error 'Primary script unknown\n'
[Wed May 26 03:45:28.040750 2021] [proxy_fcgi:error] [pid 1761575:tid 139671421888256] [client 111.230.41.189:11785] AH01071: Got error 'Primary script unknown\n'
[Wed May 26 03:45:28.543174 2021] [proxy_fcgi:error] [pid 1781070:tid 139671522764544] [client 111.230.41.189:11882] AH01071: Got error 'Primary script unknown\n'
[Wed May 26 03:45:31.555523 2021] [proxy_fcgi:error] [pid 1781070:tid 139671634392832] [client 111.230.41.189:12055] AH01071: Got error 'Primary script unknown\n'
[Wed May 26 03:45:32.056830 2021] [proxy_fcgi:error] [pid 1781070:tid 139671380088576] [client 111.230.41.189:12368] AH01071: Got error 'Primary script unknown\n'
[Wed May 26 03:45:32.563996 2021] [proxy_fcgi:error] [pid 1761575:tid 139671237510912] [client 111.230.41.189:12495] AH01071: Got error 'Primary script unknown\n'
[Wed May 26 03:45:35.534410 2021] [proxy_fcgi:error] [pid 1781070:tid 139671514371840] [client 111.230.41.189:12796] AH01071: Got error 'Primary script unknown\n'
[Wed May 26 03:45:36.060718 2021] [proxy_fcgi:error] [pid 1781070:tid 139671422052096] [client 111.230.41.189:12992] AH01071: Got error 'Primary script unknown\n'
[Wed May 26 03:45:36.581958 2021] [proxy_fcgi:error] [pid 1761575:tid 139671220725504] [client 111.230.41.189:13093] AH01071: Got error 'Primary script unknown\n'
[Wed May 26 03:45:39.521386 2021] [proxy_fcgi:error] [pid 1781070:tid 139671531157248] [client 111.230.41.189:13403] AH01071: Got error 'Primary script unknown\n'
[Wed May 26 03:45:40.043957 2021] [proxy_fcgi:error] [pid 1761575:tid 139671170369280] [client 111.230.41.189:13536] AH01071: Got error 'Primary script unknown\n'
[Wed May 26 03:45:40.545045 2021] [proxy_fcgi:error] [pid 1781070:tid 139671396873984] [client 111.230.41.189:13802] AH01071: Got error 'Primary script unknown\n'
[Wed May 26 03:45:43.533284 2021] [proxy_fcgi:error] [pid 1781070:tid 139671472408320] [client 111.230.41.189:13906] AH01071: Got error 'Primary script unknown\n'
[Wed May 26 03:45:44.037524 2021] [proxy_fcgi:error] [pid 1781070:tid 139671438837504] [client 111.230.41.189:14275] AH01071: Got error 'Primary script unknown\n'
[Wed May 26 03:45:44.543459 2021] [proxy_fcgi:error] [pid 1781070:tid 139671447230208] [client 111.230.41.189:14357] AH01071: Got error 'Primary script unknown\n'
[Wed May 26 03:45:47.514065 2021] [proxy_fcgi:error] [pid 1781070:tid 139671413659392] [client 111.230.41.189:14736] AH01071: Got error 'Primary script unknown\n'
[Wed May 26 03:45:48.012247 2021] [proxy_fcgi:error] [pid 1781070:tid 139671371695872] [client 111.230.41.189:14815] AH01071: Got error 'Primary script unknown\n'
[Wed May 26 03:45:48.515443 2021] [proxy_fcgi:error] [pid 1781070:tid 139671489193728] [client 111.230.41.189:14907] AH01071: Got error 'Primary script unknown\n'
[Wed May 26 03:45:51.491048 2021] [proxy_fcgi:error] [pid 1781070:tid 139671497586432] [client 111.230.41.189:15300] AH01071: Got error 'Primary script unknown\n'
[Wed May 26 03:45:52.031283 2021] [proxy_fcgi:error] [pid 1781070:tid 139671505979136] [client 111.230.41.189:15372] AH01071: Got error 'Primary script unknown\n'
[Wed May 26 03:45:52.564683 2021] [proxy_fcgi:error] [pid 1781070:tid 139671405266688] [client 111.230.41.189:15461] AH01071: Got error 'Primary script unknown\n'
[Wed May 26 03:45:55.492759 2021] [proxy_fcgi:error] [pid 1781070:tid 139671464015616] [client 111.230.41.189:15794] AH01071: Got error 'Primary script unknown\n'
[Wed May 26 03:45:56.013627 2021] [proxy_fcgi:error] [pid 1781070:tid 139671363303168] [client 111.230.41.189:16090] AH01071: Got error 'Primary script unknown\n'
[Wed May 26 03:45:56.534914 2021] [proxy_fcgi:error] [pid 1781070:tid 139671626000128] [client 111.230.41.189:16203] AH01071: Got error 'Primary script unknown\n'
[Wed May 26 03:45:59.459161 2021] [proxy_fcgi:error] [pid 1781070:tid 139671430444800] [client 111.230.41.189:16403] AH01071: Got error 'Primary script unknown\n'
[Wed May 26 03:45:59.970033 2021] [proxy_fcgi:error] [pid 1761575:tid 139671203940096] [client 111.230.41.189:16687] AH01071: Got error 'Primary script unknown\n'
[Wed May 26 03:46:00.490562 2021] [proxy_fcgi:error] [pid 1781070:tid 139671480801024] [client 111.230.41.189:16777] AH01071: Got error 'Primary script unknown\n'
[Wed May 26 03:46:03.477062 2021] [proxy_fcgi:error] [pid 1781070:tid 139671617607424] [client 111.230.41.189:17146] AH01071: Got error 'Primary script unknown\n'
[Wed May 26 03:46:04.015784 2021] [proxy_fcgi:error] [pid 1781070:tid 139671455622912] [client 111.230.41.189:17262] AH01071: Got error 'Primary script unknown\n'
[Wed May 26 03:46:04.539946 2021] [proxy_fcgi:error] [pid 1761575:tid 139671321437952] [client 111.230.41.189:17354] AH01071: Got error 'Primary script unknown\n'
[Wed May 26 03:46:07.475347 2021] [proxy_fcgi:error] [pid 1781070:tid 139671388481280] [client 111.230.41.189:17749] AH01071: Got error 'Primary script unknown\n'
[Wed May 26 03:46:07.986939 2021] [proxy_fcgi:error] [pid 1781070:tid 139671609214720] [client 111.230.41.189:17998] AH01071: Got error 'Primary script unknown\n'
[Wed May 26 03:46:08.503597 2021] [proxy_fcgi:error] [pid 1761575:tid 139671304652544] [client 111.230.41.189:18084] AH01071: Got error 'Primary script unknown\n'
[Wed May 26 03:46:11.462056 2021] [proxy_fcgi:error] [pid 1781070:tid 139671522764544] [client 111.230.41.189:18309] AH01071: Got error 'Primary script unknown\n'
[Wed May 26 03:46:11.964355 2021] [proxy_fcgi:error] [pid 1761575:tid 139671287867136] [client 111.230.41.189:18564] AH01071: Got error 'Primary script unknown\n'
[Wed May 26 03:46:12.465204 2021] [proxy_fcgi:error] [pid 1781070:tid 139671634392832] [client 111.230.41.189:18671] AH01071: Got error 'Primary script unknown\n'
[Wed May 26 03:46:15.477157 2021] [proxy_fcgi:error] [pid 1781070:tid 139671380088576] [client 111.230.41.189:19097] AH01071: Got error 'Primary script unknown\n'
[Wed May 26 03:46:15.963040 2021] [proxy_fcgi:error] [pid 1781070:tid 139671514371840] [client 111.230.41.189:19183] AH01071: Got error 'Primary script unknown\n'
[Wed May 26 03:46:16.474549 2021] [proxy_fcgi:error] [pid 1781070:tid 139671422052096] [client 111.230.41.189:19283] AH01071: Got error 'Primary script unknown\n'
[Wed May 26 03:46:20.049018 2021] [proxy_fcgi:error] [pid 1781070:tid 139671531157248] [client 111.230.41.189:19675] AH01071: Got error 'Primary script unknown\n'
[Wed May 26 03:46:20.568679 2021] [proxy_fcgi:error] [pid 1781070:tid 139671396873984] [client 111.230.41.189:19723] AH01071: Got error 'Primary script unknown\n'
[Wed May 26 03:46:23.465035 2021] [proxy_fcgi:error] [pid 1781070:tid 139671472408320] [client 111.230.41.189:20079] AH01071: Got error 'Primary script unknown\n'
[Wed May 26 03:46:23.969066 2021] [proxy_fcgi:error] [pid 1761575:tid 139671161976576] [client 111.230.41.189:20162] AH01071: Got error 'Primary script unknown\n'
[Wed May 26 03:46:24.481598 2021] [proxy_fcgi:error] [pid 1781070:tid 139671438837504] [client 111.230.41.189:20426] AH01071: Got error 'Primary script unknown\n'
[Wed May 26 03:46:27.464449 2021] [proxy_fcgi:error] [pid 1781070:tid 139671447230208] [client 111.230.41.189:20670] AH01071: Got error 'Primary script unknown\n'
[Wed May 26 03:46:27.987079 2021] [proxy_fcgi:error] [pid 1781070:tid 139671413659392] [client 111.230.41.189:20970] AH01071: Got error 'Primary script unknown\n'
[Wed May 26 03:46:28.487862 2021] [proxy_fcgi:error] [pid 1781070:tid 139671371695872] [client 111.230.41.189:21109] AH01071: Got error 'Primary script unknown\n'
[Wed May 26 03:46:40.469006 2021] [proxy_fcgi:error] [pid 1781070:tid 139671626000128] [client 111.230.41.189:23184] AH01071: Got error 'Primary script unknown\n', referer: 554fcae493e564ee0dc75bdf2ebf94caads|a:3:{s:2:"id";s:3:"'/*";s:3:"num";s:141:"*/ union select 1,0x272F2A,3,4,5,6,7,8,0x7b247b24524345275d3b6469652f2a2a2f286d6435284449524543544f52595f534550415241544f5229293b2f2f7d7d,0--";s:4:"name";s:3:"ads";}554fcae493e564ee0dc75bdf2ebf94ca
[Wed May 26 14:30:49.821220 2021] [proxy_fcgi:error] [pid 1781070:tid 139671497586432] [client 52.152.228.187:53498] AH01071: Got error 'Primary script unknown\n'
[Thu May 27 06:54:42.277803 2021] [proxy_fcgi:error] [pid 1781070:tid 139671405266688] [client 167.99.185.30:31970] AH01071: Got error 'Primary script unknown\n'
[Thu May 27 08:47:10.093153 2021] [proxy_fcgi:error] [pid 1761577:tid 139671464015616] [client 52.60.189.115:58350] AH01071: Got error 'Primary script unknown\n'
[Thu May 27 14:58:08.095276 2021] [proxy_fcgi:error] [pid 1781070:tid 139671505979136] [client 13.228.104.57:54774] AH01071: Got error 'Primary script unknown\n'
[Thu May 27 16:51:53.754835 2021] [proxy_fcgi:error] [pid 1781070:tid 139671455622912] [client 23.99.97.154:51983] AH01071: Got error 'Primary script unknown\n'
[Thu May 27 16:51:53.755194 2021] [proxy_fcgi:error] [pid 1781070:tid 139671447230208] [client 23.99.97.154:51982] AH01071: Got error 'Primary script unknown\n'
[Thu May 27 16:51:53.761298 2021] [proxy_fcgi:error] [pid 1761577:tid 139671413659392] [client 23.99.97.154:51985] AH01071: Got error 'Primary script unknown\n'
[Thu May 27 16:51:53.786548 2021] [proxy_fcgi:error] [pid 1761576:tid 139671405266688] [client 23.99.97.154:51991] AH01071: Got error 'Primary script unknown\n'
[Thu May 27 16:51:53.816464 2021] [proxy_fcgi:error] [pid 1761575:tid 139671304652544] [client 23.99.97.154:51994] AH01071: Got error 'Primary script unknown\n'
[Fri May 28 03:23:53.737915 2021] [proxy_fcgi:error] [pid 1781070:tid 139671396873984] [client 5.188.210.227:35091] AH01071: Got error 'Primary script unknown\n', referer: https://www.google.com/
[Fri May 28 05:56:10.612460 2021] [proxy_fcgi:error] [pid 1761575:tid 139671187154688] [client 139.59.114.18:37868] AH01071: Got error 'Primary script unknown\n'
[Fri May 28 05:56:11.039894 2021] [proxy_fcgi:error] [pid 1781070:tid 139671472408320] [client 139.59.114.18:38074] AH01071: Got error 'Primary script unknown\n'
[Fri May 28 11:33:05.759126 2021] [proxy_fcgi:error] [pid 1781070:tid 139671505979136] [client 81.96.28.219:53382] AH01071: Got error 'Primary script unknown\n'
[Fri May 28 14:35:08.515202 2021] [proxy_fcgi:error] [pid 1781070:tid 139671480801024] [client 185.192.112.19:63051] AH01071: Got error 'Primary script unknown\n'
[Fri May 28 16:12:56.452666 2021] [proxy_fcgi:error] [pid 1781070:tid 139671396873984] [client 2400:6180:0:d0::6a:4001:38530] AH01071: Got error 'Primary script unknown\n'
[Sat May 29 08:41:41.888162 2021] [proxy_fcgi:error] [pid 1761576:tid 139671464015616] [client 20.42.57.23:61353] AH01071: Got error 'Primary script unknown\n'
[Sat May 29 16:00:02.963975 2021] [proxy_fcgi:error] [pid 1761577:tid 139671464015616] [client 18.221.206.247:58175] AH01071: Got error 'Primary script unknown\n'
[Sun May 30 22:11:27.407136 2021] [proxy_fcgi:error] [pid 2524374:tid 139671626000128] [client 103.120.176.120:34896] AH01071: Got error 'Primary script unknown\n'
[Tue Jun 01 07:34:49.871903 2021] [proxy_fcgi:error] [pid 2524374:tid 139671497586432] [client 18.136.72.135:50688] AH01071: Got error 'Primary script unknown\n'
[Tue Jun 01 17:14:26.008028 2021] [proxy_fcgi:error] [pid 2524374:tid 139671514371840] [client 137.74.162.178:51786] AH01071: Got error 'Primary script unknown\n'
[Tue Jun 01 17:14:26.012253 2021] [proxy_fcgi:error] [pid 2518597:tid 139671617607424] [client 137.74.162.178:51788] AH01071: Got error 'Primary script unknown\n'
[Wed Jun 02 06:43:17.285304 2021] [proxy_fcgi:error] [pid 2518595:tid 139671531157248] [client 146.148.9.233:53796] AH01071: Got error 'Primary script unknown\n'
[Wed Jun 02 07:50:08.323425 2021] [proxy_fcgi:error] [pid 2524374:tid 139671472408320] [client 193.33.206.23:47426] AH01071: Got error 'Primary script unknown\n'
[Wed Jun 02 17:30:28.299948 2021] [proxy_fcgi:error] [pid 2524374:tid 139671396873984] [client 142.93.99.56:37774] AH01071: Got error 'Primary script unknown\n'
[Wed Jun 02 17:30:28.348313 2021] [proxy_fcgi:error] [pid 2518595:tid 139671380088576] [client 142.93.99.56:37782] AH01071: Got error 'Primary script unknown\n'
[Wed Jun 02 17:30:28.413422 2021] [proxy_fcgi:error] [pid 2518597:tid 139671413659392] [client 142.93.99.56:37806] AH01071: Got error 'Primary script unknown\n'
[Wed Jun 02 17:30:28.542762 2021] [proxy_fcgi:error] [pid 2518596:tid 139671212332800] [client 142.93.99.56:37832] AH01071: Got error 'Primary script unknown\n'
[Wed Jun 02 17:30:28.606169 2021] [proxy_fcgi:error] [pid 2518595:tid 139671413659392] [client 142.93.99.56:37844] AH01071: Got error 'Primary script unknown\n'
[Thu Jun 03 07:19:30.933429 2021] [proxy_fcgi:error] [pid 2524374:tid 139671464015616] [client 18.229.73.207:9669] AH01071: Got error 'Primary script unknown\n'
[Thu Jun 03 09:41:55.615487 2021] [proxy_fcgi:error] [pid 2524374:tid 139671626000128] [client 159.89.173.215:59446] AH01071: Got error 'Primary script unknown\n'
[Thu Jun 03 09:41:56.123201 2021] [proxy_fcgi:error] [pid 2524374:tid 139671609214720] [client 159.89.173.215:59694] AH01071: Got error 'Primary script unknown\n'
[Thu Jun 03 12:48:11.627214 2021] [proxy_fcgi:error] [pid 2524374:tid 139671626000128] [client 81.96.28.219:49925] AH01071: Got error 'Primary script unknown\n'
[Thu Jun 03 17:54:20.680628 2021] [proxy_fcgi:error] [pid 2524374:tid 139671447230208] [client 178.238.231.203:57106] AH01071: Got error 'Primary script unknown\n'
[Fri Jun 04 15:22:28.288751 2021] [proxy_fcgi:error] [pid 2524374:tid 139671422052096] [client 45.129.137.249:33392] AH01071: Got error 'Primary script unknown\n'
[Fri Jun 04 15:22:29.864759 2021] [proxy_fcgi:error] [pid 2518597:tid 139671522764544] [client 45.129.137.249:36430] AH01071: Got error 'Primary script unknown\n'
[Fri Jun 04 21:45:50.727382 2021] [proxy_fcgi:error] [pid 2524374:tid 139671505979136] [client 139.9.74.240:47300] AH01071: Got error 'Primary script unknown\n'
[Sat Jun 05 15:47:13.942167 2021] [proxy_fcgi:error] [pid 2524374:tid 139671634392832] [client 185.114.245.193:47802] AH01071: Got error 'Primary script unknown\n'
[Sat Jun 05 19:05:43.261100 2021] [proxy_fcgi:error] [pid 2518596:tid 139671245903616] [client 18.229.73.207:63501] AH01071: Got error 'Primary script unknown\n'
[Sun Jun 06 06:35:50.095891 2021] [proxy_fcgi:error] [pid 3283524:tid 139671489193728] [client 40.81.207.42:60592] AH01071: Got error 'Primary script unknown\n'
[Sun Jun 06 15:34:11.101593 2021] [proxy_fcgi:error] [pid 3293105:tid 139671430444800] [client 166.62.124.228:42064] AH01071: Got error 'Primary script unknown\n'
[Sun Jun 06 19:27:34.927555 2021] [proxy_fcgi:error] [pid 3293105:tid 139671388481280] [client 167.71.13.196:55552] AH01071: Got error 'Primary script unknown\n'
[Mon Jun 07 16:24:05.858380 2021] [proxy_fcgi:error] [pid 3293105:tid 139671480801024] [client 167.99.78.164:33302] AH01071: Got error 'Primary script unknown\n'
[Tue Jun 08 13:40:27.810177 2021] [proxy_fcgi:error] [pid 3283524:tid 139671522764544] [client 13.233.73.212:55296] AH01071: Got error 'Primary script unknown\n'
[Wed Jun 09 02:43:05.768901 2021] [proxy_fcgi:error] [pid 3283524:tid 139671464015616] [client 40.90.253.25:53681] AH01071: Got error 'Primary script unknown\n'
[Wed Jun 09 07:46:01.316827 2021] [proxy_fcgi:error] [pid 3283524:tid 139671438837504] [client 52.65.15.196:4861] AH01071: Got error 'Primary script unknown\n'
[Wed Jun 09 15:23:04.502272 2021] [proxy_fcgi:error] [pid 3293105:tid 139671609214720] [client 5.188.210.227:59228] AH01071: Got error 'Primary script unknown\n', referer: https://www.google.com/
[Wed Jun 09 17:03:57.562844 2021] [proxy_fcgi:error] [pid 3293105:tid 139671464015616] [client 209.145.59.137:52068] AH01071: Got error 'Primary script unknown\n'
[Thu Jun 10 02:39:21.670100 2021] [proxy_fcgi:error] [pid 3293105:tid 139671514371840] [client 35.247.183.238:55838] AH01071: Got error 'Primary script unknown\n'
[Thu Jun 10 05:41:04.219205 2021] [proxy_fcgi:error] [pid 3293105:tid 139671514371840] [client 159.89.29.250:59854] AH01071: Got error 'Primary script unknown\n'
[Thu Jun 10 14:49:40.619761 2021] [proxy_fcgi:error] [pid 3293105:tid 139671396873984] [client 81.96.28.219:60901] AH01071: Got error 'Primary script unknown\n'
[Thu Jun 10 15:03:54.232934 2021] [proxy_fcgi:error] [pid 3293105:tid 139671634392832] [client 81.96.28.219:62907] AH01071: Got error 'Primary script unknown\n'
[Thu Jun 10 17:43:52.800619 2021] [proxy_fcgi:error] [pid 3293105:tid 139671422052096] [client 148.72.22.169:53690] AH01071: Got error 'Primary script unknown\n'
[Thu Jun 10 17:43:52.872016 2021] [proxy_fcgi:error] [pid 3283525:tid 139671422052096] [client 148.72.22.169:53708] AH01071: Got error 'Primary script unknown\n'
[Thu Jun 10 17:43:52.872311 2021] [proxy_fcgi:error] [pid 3283525:tid 139671438837504] [client 148.72.22.169:53702] AH01071: Got error 'Primary script unknown\n'
[Thu Jun 10 17:43:52.973532 2021] [proxy_fcgi:error] [pid 3283523:tid 139671329830656] [client 148.72.22.169:53750] AH01071: Got error 'Primary script unknown\n'
[Thu Jun 10 17:43:52.999550 2021] [proxy_fcgi:error] [pid 3293105:tid 139671388481280] [client 148.72.22.169:53752] AH01071: Got error 'Primary script unknown\n'
[Fri Jun 11 06:02:19.054682 2021] [proxy_fcgi:error] [pid 3293105:tid 139671609214720] [client 68.183.32.218:51594] AH01071: Got error 'Primary script unknown\n'
[Fri Jun 11 06:10:23.306307 2021] [proxy_fcgi:error] [pid 3293105:tid 139671531157248] [client 18.197.125.181:45557] AH01071: Got error 'Primary script unknown\n'
[Fri Jun 11 06:30:52.171196 2021] [proxy_fcgi:error] [pid 3293105:tid 139671380088576] [client 139.199.141.63:44140] AH01071: Got error 'Primary script unknown\n'
[Sat Jun 12 00:42:38.973436 2021] [proxy_fcgi:error] [pid 3283524:tid 139671522764544] [client 167.71.13.196:52136] AH01071: Got error 'Primary script unknown\n'
[Sat Jun 12 09:55:50.087041 2021] [proxy_fcgi:error] [pid 3283524:tid 139671363303168] [client 34.241.77.13:15369] AH01071: Got error 'Primary script unknown\n'
[Sat Jun 12 10:25:22.583057 2021] [proxy_fcgi:error] [pid 3293105:tid 139671609214720] [client 203.171.21.225:55964] AH01071: Got error 'Primary script unknown\n'
[Sat Jun 12 13:06:39.753947 2021] [proxy_fcgi:error] [pid 3293105:tid 139671489193728] [client 178.128.51.162:56840] AH01071: Got error 'Primary script unknown\n'
[Sat Jun 12 16:10:40.826064 2021] [proxy_fcgi:error] [pid 3283525:tid 139671514371840] [client 138.197.105.195:51208] AH01071: Got error 'Primary script unknown\n'
[Sat Jun 12 18:16:11.738797 2021] [core:error] [pid 3293105:tid 139671405266688] (36)File name too long: [client 172.105.20.141:36324] AH00036: access to /3000D00E0000FFFF3F0031313744373731343634304537353046007A7A7A7A7A7A7A7A7A7A7A7A7A7A7A0000000000000000000000000000000000000000000000000000000000000000000000000000000000000000000001000008047A7A7A7A7A7A7A7A7A0000000000000000000000000000000000000000000000000000000000000000 failed (filesystem path '/var/www/html/icharbeitezuhaus.com/public_html/3000D00E0000FFFF3F0031313744373731343634304537353046007A7A7A7A7A7A7A7A7A7A7A7A7A7A7A0000000000000000000000000000000000000000000000000000000000000000000000000000000000000000000001000008047A7A7A7A7A7A7A7A7A0000000000000000000000000000000000000000000000000000000000000000')
[Sun Jun 13 00:24:59.329655 2021] [proxy_fcgi:error] [pid 3293105:tid 139671455622912] [client 70.35.204.126:54793] AH01071: Got error 'Primary script unknown\n'
[Sun Jun 13 02:31:10.361403 2021] [cgid:error] [pid 3293105:tid 139671634392832] [client 212.192.241.87:42880] AH01264: script not found or unable to stat: /var/www/cgi-bin/jarrewrite.sh
[Sun Jun 13 07:48:15.388317 2021] [proxy_fcgi:error] [pid 4098675:tid 139671531157248] [client 54.178.182.46:14060] AH01071: Got error 'Primary script unknown\n'
[Mon Jun 14 02:24:13.815000 2021] [proxy_fcgi:error] [pid 4098675:tid 139671422052096] [client 104.215.154.205:42818] AH01071: Got error 'Primary script unknown\n'
[Mon Jun 14 02:41:54.060354 2021] [proxy_fcgi:error] [pid 4136701:tid 139671396873984] [client 167.99.138.171:46070] AH01071: Got error 'Primary script unknown\n'
[Mon Jun 14 05:49:15.421340 2021] [cgid:error] [pid 4136701:tid 139671489193728] [client 31.210.20.100:34794] AH01264: script not found or unable to stat: /var/www/cgi-bin/jarrewrite.sh
[Mon Jun 14 07:37:59.071533 2021] [proxy_fcgi:error] [pid 4136701:tid 139671522764544] [client 87.239.255.84:63186] AH01071: Got error 'Primary script unknown\n'
[Mon Jun 14 14:01:41.281999 2021] [proxy_fcgi:error] [pid 4136701:tid 139671396873984] [client 203.183.42.106:38172] AH01071: Got error 'Primary script unknown\n'
[Tue Jun 15 05:51:54.841022 2021] [core:error] [pid 4136701:tid 139671472408320] (36)File name too long: [client 172.105.61.193:44296] AH00036: access to /3000D00E0000FFFF3F0031313744373731343634304537353046007A7A7A7A7A7A7A7A7A7A7A7A7A7A7A0000000000000000000000000000000000000000000000000000000000000000000000000000000000000000000001000008047A7A7A7A7A7A7A7A7A0000000000000000000000000000000000000000000000000000000000000000 failed (filesystem path '/var/www/html/icharbeitezuhaus.com/public_html/3000D00E0000FFFF3F0031313744373731343634304537353046007A7A7A7A7A7A7A7A7A7A7A7A7A7A7A0000000000000000000000000000000000000000000000000000000000000000000000000000000000000000000001000008047A7A7A7A7A7A7A7A7A0000000000000000000000000000000000000000000000000000000000000000')
[Tue Jun 15 22:49:33.787304 2021] [proxy_fcgi:error] [pid 4136701:tid 139671626000128] [client 103.133.104.38:62895] AH01071: Got error 'Primary script unknown\n'
[Wed Jun 16 06:10:52.459275 2021] [proxy_fcgi:error] [pid 4136701:tid 139671363303168] [client 34.209.105.222:23564] AH01071: Got error 'Primary script unknown\n'
[Wed Jun 16 08:00:26.680771 2021] [proxy_fcgi:error] [pid 4136701:tid 139671464015616] [client 118.122.118.189:18849] AH01071: Got error 'Primary script unknown\n'
[Wed Jun 16 08:00:27.216726 2021] [proxy_fcgi:error] [pid 4136701:tid 139671380088576] [client 118.122.118.189:23810] AH01071: Got error 'Primary script unknown\n'
[Wed Jun 16 08:00:27.772614 2021] [proxy_fcgi:error] [pid 4136701:tid 139671472408320] [client 118.122.118.189:28769] AH01071: Got error 'Primary script unknown\n'
[Wed Jun 16 08:00:28.931494 2021] [proxy_fcgi:error] [pid 4098674:tid 139671220725504] [client 118.122.118.189:39618] AH01071: Got error 'Primary script unknown\n'
[Wed Jun 16 08:00:29.530018 2021] [proxy_fcgi:error] [pid 4136701:tid 139671522764544] [client 118.122.118.189:44705] AH01071: Got error 'Primary script unknown\n'
[Wed Jun 16 08:00:30.108207 2021] [proxy_fcgi:error] [pid 4136701:tid 139671438837504] [client 118.122.118.189:50305] AH01071: Got error 'Primary script unknown\n'
[Wed Jun 16 08:00:34.589788 2021] [cgid:error] [pid 4136701:tid 139671514371840] [client 118.122.118.189:27521] AH01264: script not found or unable to stat: /var/www/cgi-bin/php
[Wed Jun 16 08:00:35.138488 2021] [cgid:error] [pid 4136701:tid 139671464015616] [client 118.122.118.189:32260] AH01264: script not found or unable to stat: /var/www/cgi-bin/php5
[Wed Jun 16 08:00:35.665129 2021] [cgid:error] [pid 4136701:tid 139671363303168] [client 118.122.118.189:37506] AH01264: script not found or unable to stat: /var/www/cgi-bin/php-cgi
[Wed Jun 16 08:00:36.206959 2021] [cgid:error] [pid 4136701:tid 139671388481280] [client 118.122.118.189:42338] AH01264: script not found or unable to stat: /var/www/cgi-bin/php.cgi
[Wed Jun 16 08:00:36.755564 2021] [cgid:error] [pid 4136701:tid 139671447230208] [client 118.122.118.189:47297] AH01264: script not found or unable to stat: /var/www/cgi-bin/php4
[Wed Jun 16 08:00:38.927972 2021] [proxy_fcgi:error] [pid 4136701:tid 139671626000128] [client 118.122.118.189:4354] AH01071: Got error 'Primary script unknown\n'
[Wed Jun 16 08:00:39.461140 2021] [proxy_fcgi:error] [pid 4098675:tid 139671514371840] [client 118.122.118.189:9089] AH01071: Got error 'Primary script unknown\n'
[Wed Jun 16 08:00:39.973114 2021] [proxy_fcgi:error] [pid 4136701:tid 139671480801024] [client 118.122.118.189:13090] AH01071: Got error 'Primary script unknown\n'
[Wed Jun 16 08:00:40.533428 2021] [proxy_fcgi:error] [pid 4136701:tid 139671413659392] [client 118.122.118.189:17314] AH01071: Got error 'Primary script unknown\n'
[Wed Jun 16 08:00:41.086859 2021] [proxy_fcgi:error] [pid 4136701:tid 139671455622912] [client 118.122.118.189:22018] AH01071: Got error 'Primary script unknown\n'
[Wed Jun 16 08:00:41.737879 2021] [proxy_fcgi:error] [pid 4136701:tid 139671371695872] [client 118.122.118.189:27777] AH01071: Got error 'Primary script unknown\n'
[Wed Jun 16 08:00:42.275204 2021] [proxy_fcgi:error] [pid 4136701:tid 139671464015616] [client 118.122.118.189:32481] AH01071: Got error 'Primary script unknown\n'
[Wed Jun 16 08:00:42.793832 2021] [proxy_fcgi:error] [pid 4136701:tid 139671380088576] [client 118.122.118.189:37251] AH01071: Got error 'Primary script unknown\n'
[Wed Jun 16 08:00:43.531711 2021] [proxy_fcgi:error] [pid 4136701:tid 139671472408320] [client 118.122.118.189:42660] AH01071: Got error 'Primary script unknown\n'
[Wed Jun 16 08:00:44.117177 2021] [proxy_fcgi:error] [pid 4136701:tid 139671522764544] [client 118.122.118.189:47009] AH01071: Got error 'Primary script unknown\n'
[Wed Jun 16 08:00:45.340507 2021] [proxy_fcgi:error] [pid 4136701:tid 139671438837504] [client 118.122.118.189:54306] AH01071: Got error 'Primary script unknown\n'
[Wed Jun 16 08:00:45.921975 2021] [proxy_fcgi:error] [pid 4136701:tid 139671396873984] [client 118.122.118.189:60674] AH01071: Got error 'Primary script unknown\n'
[Wed Jun 16 08:00:46.529716 2021] [proxy_fcgi:error] [pid 4136701:tid 139671497586432] [client 118.122.118.189:2786] AH01071: Got error 'Primary script unknown\n'
[Wed Jun 16 08:00:47.115028 2021] [proxy_fcgi:error] [pid 4136701:tid 139671489193728] [client 118.122.118.189:7842] AH01071: Got error 'Primary script unknown\n'
[Wed Jun 16 08:00:47.688304 2021] [proxy_fcgi:error] [pid 4136701:tid 139671531157248] [client 118.122.118.189:13251] AH01071: Got error 'Primary script unknown\n'
[Wed Jun 16 08:00:48.218661 2021] [proxy_fcgi:error] [pid 4136701:tid 139671430444800] [client 118.122.118.189:18083] AH01071: Got error 'Primary script unknown\n'
[Wed Jun 16 08:00:48.756097 2021] [proxy_fcgi:error] [pid 4136701:tid 139671405266688] [client 118.122.118.189:22466] AH01071: Got error 'Primary script unknown\n'
[Wed Jun 16 08:00:49.297500 2021] [proxy_fcgi:error] [pid 4136701:tid 139671617607424] [client 118.122.118.189:27010] AH01071: Got error 'Primary script unknown\n'
[Wed Jun 16 08:00:49.864976 2021] [proxy_fcgi:error] [pid 4136701:tid 139671514371840] [client 118.122.118.189:31907] AH01071: Got error 'Primary script unknown\n'
[Wed Jun 16 08:00:50.401903 2021] [proxy_fcgi:error] [pid 4136701:tid 139671422052096] [client 118.122.118.189:37187] AH01071: Got error 'Primary script unknown\n'
[Wed Jun 16 08:00:50.951676 2021] [proxy_fcgi:error] [pid 4136701:tid 139671363303168] [client 118.122.118.189:42114] AH01071: Got error 'Primary script unknown\n'
[Wed Jun 16 08:00:51.459750 2021] [proxy_fcgi:error] [pid 4136701:tid 139671388481280] [client 118.122.118.189:47138] AH01071: Got error 'Primary script unknown\n'
[Wed Jun 16 08:00:51.981640 2021] [proxy_fcgi:error] [pid 4136701:tid 139671447230208] [client 118.122.118.189:51682] AH01071: Got error 'Primary script unknown\n'
[Wed Jun 16 08:00:52.582861 2021] [proxy_fcgi:error] [pid 4136701:tid 139671505979136] [client 118.122.118.189:56065] AH01071: Got error 'Primary script unknown\n'
[Wed Jun 16 08:00:53.164036 2021] [proxy_fcgi:error] [pid 4136701:tid 139671609214720] [client 118.122.118.189:61953] AH01071: Got error 'Primary script unknown\n'
[Wed Jun 16 08:00:53.679417 2021] [proxy_fcgi:error] [pid 4136701:tid 139671489193728] [client 118.122.118.189:3651] AH01071: Got error 'Primary script unknown\n'
[Wed Jun 16 08:00:54.210087 2021] [proxy_fcgi:error] [pid 4136701:tid 139671626000128] [client 118.122.118.189:9378] AH01071: Got error 'Primary script unknown\n'
[Wed Jun 16 08:00:54.722969 2021] [proxy_fcgi:error] [pid 4098675:tid 139671380088576] [client 118.122.118.189:14306] AH01071: Got error 'Primary script unknown\n'
[Wed Jun 16 08:00:55.284582 2021] [proxy_fcgi:error] [pid 4136701:tid 139671480801024] [client 118.122.118.189:19458] AH01071: Got error 'Primary script unknown\n'
[Wed Jun 16 08:00:55.860160 2021] [proxy_fcgi:error] [pid 4136701:tid 139671413659392] [client 118.122.118.189:24321] AH01071: Got error 'Primary script unknown\n'
[Wed Jun 16 08:00:56.368225 2021] [proxy_fcgi:error] [pid 4136701:tid 139671455622912] [client 118.122.118.189:29923] AH01071: Got error 'Primary script unknown\n'
[Wed Jun 16 08:00:56.930245 2021] [proxy_fcgi:error] [pid 4136701:tid 139671371695872] [client 118.122.118.189:34626] AH01071: Got error 'Primary script unknown\n'
[Wed Jun 16 08:00:59.040958 2021] [proxy_fcgi:error] [pid 4136701:tid 139671464015616] [client 118.122.118.189:53153] AH01071: Got error 'Primary script unknown\n'
[Wed Jun 16 08:00:59.610070 2021] [proxy_fcgi:error] [pid 4136701:tid 139671380088576] [client 118.122.118.189:58690] AH01071: Got error 'Primary script unknown\n'
[Wed Jun 16 08:01:00.193033 2021] [proxy_fcgi:error] [pid 4136701:tid 139671472408320] [client 118.122.118.189:64355] AH01071: Got error 'Primary script unknown\n'
[Wed Jun 16 08:01:00.721653 2021] [proxy_fcgi:error] [pid 4136701:tid 139671522764544] [client 118.122.118.189:6404] AH01071: Got error 'Primary script unknown\n'
[Wed Jun 16 08:01:01.304246 2021] [proxy_fcgi:error] [pid 4136701:tid 139671447230208] [client 118.122.118.189:11169] AH01071: Got error 'Primary script unknown\n'
[Wed Jun 16 08:01:01.825957 2021] [proxy_fcgi:error] [pid 4098675:tid 139671413659392] [client 118.122.118.189:15489] AH01071: Got error 'Primary script unknown\n'
[Wed Jun 16 08:01:03.415260 2021] [proxy_fcgi:error] [pid 4136701:tid 139671396873984] [client 118.122.118.189:21313] AH01071: Got error 'Primary script unknown\n'
[Wed Jun 16 08:01:03.957370 2021] [proxy_fcgi:error] [pid 4136701:tid 139671497586432] [client 118.122.118.189:36001] AH01071: Got error 'Primary script unknown\n'
[Wed Jun 16 08:01:15.996125 2021] [proxy_fcgi:error] [pid 4136701:tid 139671371695872] [client 118.122.118.189:20227] AH01071: Got error 'Primary script unknown\n'
[Wed Jun 16 08:01:23.399755 2021] [proxy_fcgi:error] [pid 4098675:tid 139671455622912] [client 118.122.118.189:13953] AH01071: Got error 'Primary script unknown\n'
[Wed Jun 16 08:01:23.933563 2021] [proxy_fcgi:error] [pid 4136701:tid 139671634392832] [client 118.122.118.189:18977] AH01071: Got error 'Primary script unknown\n'
[Wed Jun 16 08:01:24.494519 2021] [proxy_fcgi:error] [pid 4098675:tid 139671422052096] [client 118.122.118.189:24225] AH01071: Got error 'Primary script unknown\n'
[Wed Jun 16 08:01:25.071217 2021] [proxy_fcgi:error] [pid 4136701:tid 139671531157248] [client 118.122.118.189:29345] AH01071: Got error 'Primary script unknown\n'
[Wed Jun 16 08:01:25.665459 2021] [proxy_fcgi:error] [pid 4136701:tid 139671430444800] [client 118.122.118.189:34849] AH01071: Got error 'Primary script unknown\n'
[Wed Jun 16 08:01:26.272200 2021] [proxy_fcgi:error] [pid 4136701:tid 139671405266688] [client 118.122.118.189:40356] AH01071: Got error 'Primary script unknown\n'
[Wed Jun 16 08:01:27.510191 2021] [proxy_fcgi:error] [pid 4136701:tid 139671617607424] [client 118.122.118.189:47169] AH01071: Got error 'Primary script unknown\n'
[Wed Jun 16 08:01:28.110250 2021] [proxy_fcgi:error] [pid 4136701:tid 139671514371840] [client 118.122.118.189:52033] AH01071: Got error 'Primary script unknown\n'
[Wed Jun 16 08:01:28.761294 2021] [proxy_fcgi:error] [pid 4136701:tid 139671422052096] [client 118.122.118.189:57154] AH01071: Got error 'Primary script unknown\n'
[Wed Jun 16 08:01:29.389092 2021] [proxy_fcgi:error] [pid 4136701:tid 139671363303168] [client 118.122.118.189:62945] AH01071: Got error 'Primary script unknown\n'
[Wed Jun 16 08:01:30.013264 2021] [proxy_fcgi:error] [pid 4136701:tid 139671388481280] [client 118.122.118.189:5377] AH01071: Got error 'Primary script unknown\n'
[Wed Jun 16 08:01:30.670404 2021] [proxy_fcgi:error] [pid 4136701:tid 139671447230208] [client 118.122.118.189:11075] AH01071: Got error 'Primary script unknown\n'
[Wed Jun 16 08:01:31.315974 2021] [proxy_fcgi:error] [pid 4136701:tid 139671505979136] [client 118.122.118.189:16226] AH01071: Got error 'Primary script unknown\n'
[Wed Jun 16 08:01:31.829411 2021] [proxy_fcgi:error] [pid 4136701:tid 139671609214720] [client 118.122.118.189:18978] AH01071: Got error 'Primary script unknown\n'
[Wed Jun 16 08:01:32.362188 2021] [proxy_fcgi:error] [pid 4136701:tid 139671489193728] [client 118.122.118.189:22242] AH01071: Got error 'Primary script unknown\n'
[Wed Jun 16 08:01:32.892335 2021] [proxy_fcgi:error] [pid 4136701:tid 139671626000128] [client 118.122.118.189:25633] AH01071: Got error 'Primary script unknown\n'
[Wed Jun 16 08:01:34.613574 2021] [proxy_fcgi:error] [pid 4136701:tid 139671455622912] [client 118.122.118.189:41986] AH01071: Got error 'Primary script unknown\n'
[Wed Jun 16 08:01:38.381063 2021] [proxy_fcgi:error] [pid 4136701:tid 139671438837504] [client 118.122.118.189:11651] AH01071: Got error 'Primary script unknown\n'
[Wed Jun 16 08:01:39.018388 2021] [proxy_fcgi:error] [pid 4136701:tid 139671396873984] [client 118.122.118.189:17281] AH01071: Got error 'Primary script unknown\n'
[Wed Jun 16 08:01:39.604271 2021] [proxy_fcgi:error] [pid 4136701:tid 139671497586432] [client 118.122.118.189:22785] AH01071: Got error 'Primary script unknown\n'
[Wed Jun 16 08:01:44.930248 2021] [proxy_fcgi:error] [pid 4136701:tid 139671634392832] [client 118.122.118.189:3458] AH01071: Got error 'Primary script unknown\n'
[Wed Jun 16 08:01:45.583608 2021] [proxy_fcgi:error] [pid 4136701:tid 139671531157248] [client 118.122.118.189:9314] AH01071: Got error 'Primary script unknown\n'
[Wed Jun 16 08:01:46.179280 2021] [proxy_fcgi:error] [pid 4136701:tid 139671430444800] [client 118.122.118.189:14209] AH01071: Got error 'Primary script unknown\n'
[Wed Jun 16 08:01:46.803438 2021] [proxy_fcgi:error] [pid 4136701:tid 139671405266688] [client 118.122.118.189:18945] AH01071: Got error 'Primary script unknown\n'
[Wed Jun 16 08:01:47.527447 2021] [proxy_fcgi:error] [pid 4136701:tid 139671617607424] [client 118.122.118.189:24577] AH01071: Got error 'Primary script unknown\n'
[Wed Jun 16 08:01:48.161095 2021] [proxy_fcgi:error] [pid 4136701:tid 139671514371840] [client 118.122.118.189:30082] AH01071: Got error 'Primary script unknown\n'
[Wed Jun 16 08:01:48.760986 2021] [proxy_fcgi:error] [pid 4136701:tid 139671422052096] [client 118.122.118.189:35745] AH01071: Got error 'Primary script unknown\n'
[Wed Jun 16 08:01:49.316258 2021] [proxy_fcgi:error] [pid 4136701:tid 139671363303168] [client 118.122.118.189:40932] AH01071: Got error 'Primary script unknown\n'
[Wed Jun 16 08:01:50.049801 2021] [proxy_fcgi:error] [pid 4136701:tid 139671388481280] [client 118.122.118.189:46785] AH01071: Got error 'Primary script unknown\n'
[Wed Jun 16 08:01:50.655060 2021] [proxy_fcgi:error] [pid 4136701:tid 139671447230208] [client 118.122.118.189:52097] AH01071: Got error 'Primary script unknown\n'
[Wed Jun 16 08:01:51.288133 2021] [proxy_fcgi:error] [pid 4136701:tid 139671505979136] [client 118.122.118.189:57668] AH01071: Got error 'Primary script unknown\n'
[Wed Jun 16 08:01:51.910511 2021] [proxy_fcgi:error] [pid 4136701:tid 139671609214720] [client 118.122.118.189:63012] AH01071: Got error 'Primary script unknown\n'
[Wed Jun 16 08:01:52.552639 2021] [proxy_fcgi:error] [pid 4136701:tid 139671489193728] [client 118.122.118.189:5057] AH01071: Got error 'Primary script unknown\n'
[Wed Jun 16 08:01:53.202014 2021] [proxy_fcgi:error] [pid 4136701:tid 139671626000128] [client 118.122.118.189:10337] AH01071: Got error 'Primary script unknown\n'
[Wed Jun 16 08:01:53.823234 2021] [proxy_fcgi:error] [pid 4098675:tid 139671609214720] [client 118.122.118.189:16003] AH01071: Got error 'Primary script unknown\n'
[Wed Jun 16 08:01:54.452032 2021] [proxy_fcgi:error] [pid 4136701:tid 139671480801024] [client 118.122.118.189:21474] AH01071: Got error 'Primary script unknown\n'
[Wed Jun 16 08:01:55.070929 2021] [proxy_fcgi:error] [pid 4136701:tid 139671413659392] [client 118.122.118.189:26977] AH01071: Got error 'Primary script unknown\n'
[Wed Jun 16 08:01:55.687399 2021] [proxy_fcgi:error] [pid 4136701:tid 139671455622912] [client 118.122.118.189:31809] AH01071: Got error 'Primary script unknown\n'
[Wed Jun 16 08:01:56.287024 2021] [proxy_fcgi:error] [pid 4136701:tid 139671371695872] [client 118.122.118.189:37121] AH01071: Got error 'Primary script unknown\n'
[Wed Jun 16 08:01:56.909596 2021] [proxy_fcgi:error] [pid 4098675:tid 139671505979136] [client 118.122.118.189:42241] AH01071: Got error 'Primary script unknown\n'
[Wed Jun 16 08:01:58.538558 2021] [proxy_fcgi:error] [pid 4136701:tid 139671464015616] [client 118.122.118.189:47586] AH01071: Got error 'Primary script unknown\n'
[Wed Jun 16 08:02:01.158994 2021] [proxy_fcgi:error] [pid 4136701:tid 139671380088576] [client 118.122.118.189:16484] AH01071: Got error 'Primary script unknown\n'
[Wed Jun 16 08:02:01.786480 2021] [proxy_fcgi:error] [pid 4136701:tid 139671472408320] [client 118.122.118.189:21956] AH01071: Got error 'Primary script unknown\n'
[Wed Jun 16 08:02:02.490203 2021] [proxy_fcgi:error] [pid 4136701:tid 139671522764544] [client 118.122.118.189:28036] AH01071: Got error 'Primary script unknown\n'
[Wed Jun 16 08:02:03.131566 2021] [proxy_fcgi:error] [pid 4136701:tid 139671438837504] [client 118.122.118.189:33762] AH01071: Got error 'Primary script unknown\n'
[Wed Jun 16 08:02:03.739325 2021] [proxy_fcgi:error] [pid 4136701:tid 139671396873984] [client 118.122.118.189:39778] AH01071: Got error 'Primary script unknown\n'
[Wed Jun 16 08:02:04.320655 2021] [proxy_fcgi:error] [pid 4098675:tid 139671371695872] [client 118.122.118.189:44898] AH01071: Got error 'Primary script unknown\n'
[Wed Jun 16 08:02:04.878694 2021] [proxy_fcgi:error] [pid 4136701:tid 139671497586432] [client 118.122.118.189:50209] AH01071: Got error 'Primary script unknown\n'
[Wed Jun 16 08:02:05.399974 2021] [proxy_fcgi:error] [pid 4136701:tid 139671634392832] [client 118.122.118.189:55330] AH01071: Got error 'Primary script unknown\n'
[Wed Jun 16 08:02:05.961628 2021] [proxy_fcgi:error] [pid 4136701:tid 139671531157248] [client 118.122.118.189:60611] AH01071: Got error 'Primary script unknown\n'
[Wed Jun 16 08:02:06.538181 2021] [proxy_fcgi:error] [pid 4136701:tid 139671430444800] [client 118.122.118.189:3459] AH01071: Got error 'Primary script unknown\n'
[Wed Jun 16 08:02:16.381450 2021] [proxy_fcgi:error] [pid 4136701:tid 139671413659392] [client 118.122.118.189:29282] AH01071: Got error 'Primary script unknown\n'
[Wed Jun 16 08:02:16.909839 2021] [proxy_fcgi:error] [pid 4136701:tid 139671455622912] [client 118.122.118.189:33315] AH01071: Got error 'Primary script unknown\n'
[Wed Jun 16 08:02:17.421907 2021] [proxy_fcgi:error] [pid 4136701:tid 139671371695872] [client 118.122.118.189:37253] AH01071: Got error 'Primary script unknown\n'
[Wed Jun 16 08:02:17.943539 2021] [proxy_fcgi:error] [pid 4136701:tid 139671464015616] [client 118.122.118.189:41249] AH01071: Got error 'Primary script unknown\n'
[Wed Jun 16 08:02:18.484273 2021] [proxy_fcgi:error] [pid 4136701:tid 139671380088576] [client 118.122.118.189:45730] AH01071: Got error 'Primary script unknown\n'
[Wed Jun 16 08:02:19.019467 2021] [proxy_fcgi:error] [pid 4136701:tid 139671472408320] [client 118.122.118.189:49057] AH01071: Got error 'Primary script unknown\n'
[Wed Jun 16 08:02:19.528570 2021] [proxy_fcgi:error] [pid 4136701:tid 139671522764544] [client 118.122.118.189:52706] AH01071: Got error 'Primary script unknown\n'
[Wed Jun 16 08:02:20.052482 2021] [proxy_fcgi:error] [pid 4136701:tid 139671438837504] [client 118.122.118.189:56802] AH01071: Got error 'Primary script unknown\n'
[Wed Jun 16 08:02:20.656862 2021] [proxy_fcgi:error] [pid 4136701:tid 139671396873984] [client 118.122.118.189:61377] AH01071: Got error 'Primary script unknown\n'
[Wed Jun 16 08:02:21.283503 2021] [proxy_fcgi:error] [pid 4098675:tid 139671489193728] [client 118.122.118.189:5345] AH01071: Got error 'Primary script unknown\n'
[Wed Jun 16 08:02:21.878961 2021] [proxy_fcgi:error] [pid 4136701:tid 139671497586432] [client 118.122.118.189:11329] AH01071: Got error 'Primary script unknown\n'
[Wed Jun 16 08:02:22.464222 2021] [proxy_fcgi:error] [pid 4136701:tid 139671634392832] [client 118.122.118.189:16580] AH01071: Got error 'Primary script unknown\n'
[Wed Jun 16 08:02:23.032011 2021] [proxy_fcgi:error] [pid 4136701:tid 139671531157248] [client 118.122.118.189:22211] AH01071: Got error 'Primary script unknown\n'
[Wed Jun 16 08:02:25.865028 2021] [proxy_fcgi:error] [pid 4136701:tid 139671430444800] [client 118.122.118.189:37057] AH01071: Got error 'Primary script unknown\n'
[Wed Jun 16 08:02:26.413066 2021] [proxy_fcgi:error] [pid 4136701:tid 139671405266688] [client 118.122.118.189:42241] AH01071: Got error 'Primary script unknown\n'
[Wed Jun 16 08:02:31.169799 2021] [proxy_fcgi:error] [pid 4136701:tid 139671617607424] [client 118.122.118.189:22628] AH01071: Got error 'Primary script unknown\n'
[Wed Jun 16 08:02:31.901243 2021] [proxy_fcgi:error] [pid 4136701:tid 139671514371840] [client 118.122.118.189:28322] AH01071: Got error 'Primary script unknown\n'
[Wed Jun 16 08:02:32.468023 2021] [proxy_fcgi:error] [pid 4136701:tid 139671422052096] [client 118.122.118.189:34146] AH01071: Got error 'Primary script unknown\n'
[Wed Jun 16 08:02:33.065126 2021] [proxy_fcgi:error] [pid 4136701:tid 139671363303168] [client 118.122.118.189:40003] AH01071: Got error 'Primary script unknown\n'
[Wed Jun 16 08:02:33.591096 2021] [proxy_fcgi:error] [pid 4136701:tid 139671388481280] [client 118.122.118.189:45889] AH01071: Got error 'Primary script unknown\n'
[Wed Jun 16 08:02:34.153011 2021] [proxy_fcgi:error] [pid 4136701:tid 139671447230208] [client 118.122.118.189:50818] AH01071: Got error 'Primary script unknown\n'
[Wed Jun 16 08:02:34.753096 2021] [proxy_fcgi:error] [pid 4136701:tid 139671505979136] [client 118.122.118.189:56229] AH01071: Got error 'Primary script unknown\n'
[Wed Jun 16 08:02:35.376667 2021] [proxy_fcgi:error] [pid 4098675:tid 139671438837504] [client 118.122.118.189:61793] AH01071: Got error 'Primary script unknown\n'
[Wed Jun 16 08:02:35.978423 2021] [proxy_fcgi:error] [pid 4136701:tid 139671609214720] [client 118.122.118.189:4225] AH01071: Got error 'Primary script unknown\n'
[Wed Jun 16 08:02:36.598505 2021] [proxy_fcgi:error] [pid 4136701:tid 139671489193728] [client 118.122.118.189:9537] AH01071: Got error 'Primary script unknown\n'
[Wed Jun 16 08:02:37.205869 2021] [proxy_fcgi:error] [pid 4136701:tid 139671626000128] [client 118.122.118.189:14497] AH01071: Got error 'Primary script unknown\n'
[Wed Jun 16 08:02:37.730699 2021] [proxy_fcgi:error] [pid 4136701:tid 139671480801024] [client 118.122.118.189:19941] AH01071: Got error 'Primary script unknown\n'
[Wed Jun 16 08:02:38.278414 2021] [proxy_fcgi:error] [pid 4136701:tid 139671413659392] [client 118.122.118.189:24961] AH01071: Got error 'Primary script unknown\n'
[Wed Jun 16 08:02:43.004006 2021] [proxy_fcgi:error] [pid 4136701:tid 139671455622912] [client 118.122.118.189:63265] AH01071: Got error 'Primary script unknown\n'
[Wed Jun 16 08:02:43.551158 2021] [proxy_fcgi:error] [pid 4136701:tid 139671371695872] [client 118.122.118.189:5410] AH01071: Got error 'Primary script unknown\n'
[Wed Jun 16 08:02:44.093455 2021] [proxy_fcgi:error] [pid 4136701:tid 139671464015616] [client 118.122.118.189:10241] AH01071: Got error 'Primary script unknown\n'
[Wed Jun 16 08:02:44.620143 2021] [proxy_fcgi:error] [pid 4136701:tid 139671380088576] [client 118.122.118.189:15458] AH01071: Got error 'Primary script unknown\n'
[Wed Jun 16 08:02:45.206022 2021] [proxy_fcgi:error] [pid 4136701:tid 139671472408320] [client 118.122.118.189:20289] AH01071: Got error 'Primary script unknown\n'
[Wed Jun 16 08:02:45.716701 2021] [proxy_fcgi:error] [pid 4098675:tid 139671464015616] [client 118.122.118.189:24225] AH01071: Got error 'Primary script unknown\n'
[Wed Jun 16 08:02:46.322395 2021] [proxy_fcgi:error] [pid 4136701:tid 139671522764544] [client 118.122.118.189:29601] AH01071: Got error 'Primary script unknown\n'
[Wed Jun 16 08:02:46.953654 2021] [proxy_fcgi:error] [pid 4136701:tid 139671438837504] [client 118.122.118.189:34723] AH01071: Got error 'Primary script unknown\n'
[Wed Jun 16 08:02:47.551641 2021] [proxy_fcgi:error] [pid 4136701:tid 139671396873984] [client 118.122.118.189:40610] AH01071: Got error 'Primary script unknown\n'
[Wed Jun 16 08:02:48.133117 2021] [proxy_fcgi:error] [pid 4136701:tid 139671497586432] [client 118.122.118.189:46211] AH01071: Got error 'Primary script unknown\n'
[Wed Jun 16 08:02:48.696835 2021] [proxy_fcgi:error] [pid 4136701:tid 139671634392832] [client 118.122.118.189:52034] AH01071: Got error 'Primary script unknown\n'
[Wed Jun 16 08:02:49.273784 2021] [proxy_fcgi:error] [pid 4136701:tid 139671531157248] [client 118.122.118.189:57027] AH01071: Got error 'Primary script unknown\n'
[Wed Jun 16 08:02:49.866387 2021] [proxy_fcgi:error] [pid 4098675:tid 139671472408320] [client 118.122.118.189:62178] AH01071: Got error 'Primary script unknown\n'
[Wed Jun 16 08:02:50.471159 2021] [proxy_fcgi:error] [pid 4136701:tid 139671430444800] [client 118.122.118.189:4642] AH01071: Got error 'Primary script unknown\n'
[Wed Jun 16 08:02:51.084314 2021] [proxy_fcgi:error] [pid 4136701:tid 139671405266688] [client 118.122.118.189:9987] AH01071: Got error 'Primary script unknown\n'
[Wed Jun 16 08:02:51.643208 2021] [proxy_fcgi:error] [pid 4136701:tid 139671617607424] [client 118.122.118.189:15138] AH01071: Got error 'Primary script unknown\n'
[Wed Jun 16 08:02:52.157244 2021] [proxy_fcgi:error] [pid 4136701:tid 139671514371840] [client 118.122.118.189:20099] AH01071: Got error 'Primary script unknown\n'
[Wed Jun 16 08:02:52.698138 2021] [proxy_fcgi:error] [pid 4136701:tid 139671422052096] [client 118.122.118.189:24993] AH01071: Got error 'Primary script unknown\n'
[Wed Jun 16 08:02:53.263998 2021] [proxy_fcgi:error] [pid 4098675:tid 139671497586432] [client 118.122.118.189:29953] AH01071: Got error 'Primary script unknown\n'
[Wed Jun 16 08:02:53.852070 2021] [proxy_fcgi:error] [pid 4136701:tid 139671363303168] [client 118.122.118.189:35298] AH01071: Got error 'Primary script unknown\n'
[Wed Jun 16 08:02:54.501219 2021] [proxy_fcgi:error] [pid 4136701:tid 139671388481280] [client 118.122.118.189:41954] AH01071: Got error 'Primary script unknown\n'
[Wed Jun 16 08:02:55.112409 2021] [proxy_fcgi:error] [pid 4136701:tid 139671447230208] [client 118.122.118.189:46819] AH01071: Got error 'Primary script unknown\n'
[Wed Jun 16 08:02:55.680150 2021] [proxy_fcgi:error] [pid 4136701:tid 139671505979136] [client 118.122.118.189:51939] AH01071: Got error 'Primary script unknown\n'
[Wed Jun 16 08:02:56.194687 2021] [proxy_fcgi:error] [pid 4136701:tid 139671609214720] [client 118.122.118.189:54465] AH01071: Got error 'Primary script unknown\n'
[Wed Jun 16 08:02:56.706157 2021] [proxy_fcgi:error] [pid 4136701:tid 139671489193728] [client 118.122.118.189:57730] AH01071: Got error 'Primary script unknown\n'
[Wed Jun 16 08:02:57.219929 2021] [proxy_fcgi:error] [pid 4136701:tid 139671626000128] [client 118.122.118.189:61441] AH01071: Got error 'Primary script unknown\n'
[Wed Jun 16 08:02:57.743427 2021] [proxy_fcgi:error] [pid 4136701:tid 139671480801024] [client 118.122.118.189:64897] AH01071: Got error 'Primary script unknown\n'
[Wed Jun 16 08:02:58.265659 2021] [proxy_fcgi:error] [pid 4136701:tid 139671413659392] [client 118.122.118.189:5409] AH01071: Got error 'Primary script unknown\n'
[Wed Jun 16 08:02:59.843449 2021] [proxy_fcgi:error] [pid 4136701:tid 139671455622912] [client 118.122.118.189:8929] AH01071: Got error 'Primary script unknown\n'
[Wed Jun 16 08:03:00.378024 2021] [proxy_fcgi:error] [pid 4098675:tid 139671396873984] [client 118.122.118.189:23777] AH01071: Got error 'Primary script unknown\n'
[Wed Jun 16 08:03:00.875183 2021] [proxy_fcgi:error] [pid 4136701:tid 139671371695872] [client 118.122.118.189:26242] AH01071: Got error 'Primary script unknown\n'
[Wed Jun 16 08:03:01.403429 2021] [proxy_fcgi:error] [pid 4136701:tid 139671464015616] [client 118.122.118.189:31010] AH01071: Got error 'Primary script unknown\n'
[Wed Jun 16 08:03:01.933940 2021] [proxy_fcgi:error] [pid 4098675:tid 139671531157248] [client 118.122.118.189:35969] AH01071: Got error 'Primary script unknown\n'
[Wed Jun 16 08:03:02.500421 2021] [proxy_fcgi:error] [pid 4136701:tid 139671380088576] [client 118.122.118.189:41540] AH01071: Got error 'Primary script unknown\n'
[Wed Jun 16 08:03:03.118039 2021] [proxy_fcgi:error] [pid 4136701:tid 139671472408320] [client 118.122.118.189:47300] AH01071: Got error 'Primary script unknown\n'
[Wed Jun 16 08:03:03.705857 2021] [proxy_fcgi:error] [pid 4136701:tid 139671522764544] [client 118.122.118.189:52961] AH01071: Got error 'Primary script unknown\n'
[Wed Jun 16 08:03:04.346894 2021] [proxy_fcgi:error] [pid 4098675:tid 139671447230208] [client 118.122.118.189:58402] AH01071: Got error 'Primary script unknown\n'
[Wed Jun 16 08:03:04.926842 2021] [proxy_fcgi:error] [pid 4136701:tid 139671438837504] [client 118.122.118.189:64035] AH01071: Got error 'Primary script unknown\n'
[Wed Jun 16 08:03:05.476110 2021] [proxy_fcgi:error] [pid 4136701:tid 139671396873984] [client 118.122.118.189:6660] AH01071: Got error 'Primary script unknown\n'
[Wed Jun 16 08:03:06.074307 2021] [proxy_fcgi:error] [pid 4136701:tid 139671497586432] [client 118.122.118.189:11938] AH01071: Got error 'Primary script unknown\n'
[Wed Jun 16 08:03:06.654298 2021] [proxy_fcgi:error] [pid 4136701:tid 139671634392832] [client 118.122.118.189:17409] AH01071: Got error 'Primary script unknown\n'
[Wed Jun 16 08:03:07.262067 2021] [proxy_fcgi:error] [pid 4136701:tid 139671531157248] [client 118.122.118.189:22690] AH01071: Got error 'Primary script unknown\n'
[Wed Jun 16 08:03:07.814534 2021] [proxy_fcgi:error] [pid 4136701:tid 139671430444800] [client 118.122.118.189:28066] AH01071: Got error 'Primary script unknown\n'
[Wed Jun 16 08:03:08.374913 2021] [proxy_fcgi:error] [pid 4136701:tid 139671405266688] [client 118.122.118.189:32868] AH01071: Got error 'Primary script unknown\n'
[Wed Jun 16 08:03:08.945979 2021] [proxy_fcgi:error] [pid 4136701:tid 139671617607424] [client 118.122.118.189:38242] AH01071: Got error 'Primary script unknown\n'
[Wed Jun 16 08:03:09.630874 2021] [proxy_fcgi:error] [pid 4136701:tid 139671514371840] [client 118.122.118.189:43777] AH01071: Got error 'Primary script unknown\n'
[Wed Jun 16 08:03:10.231360 2021] [proxy_fcgi:error] [pid 4098675:tid 139671405266688] [client 118.122.118.189:48739] AH01071: Got error 'Primary script unknown\n'
[Wed Jun 16 08:03:10.830565 2021] [proxy_fcgi:error] [pid 4136701:tid 139671422052096] [client 118.122.118.189:53889] AH01071: Got error 'Primary script unknown\n'
[Wed Jun 16 08:03:11.480667 2021] [proxy_fcgi:error] [pid 4136701:tid 139671363303168] [client 118.122.118.189:59202] AH01071: Got error 'Primary script unknown\n'
[Wed Jun 16 08:03:12.214233 2021] [proxy_fcgi:error] [pid 4136701:tid 139671388481280] [client 118.122.118.189:64897] AH01071: Got error 'Primary script unknown\n'
[Wed Jun 16 08:03:12.884335 2021] [proxy_fcgi:error] [pid 4098675:tid 139671617607424] [client 118.122.118.189:7778] AH01071: Got error 'Primary script unknown\n'
[Wed Jun 16 08:03:13.531012 2021] [proxy_fcgi:error] [pid 4136701:tid 139671447230208] [client 118.122.118.189:12963] AH01071: Got error 'Primary script unknown\n'
[Wed Jun 16 08:03:14.184258 2021] [proxy_fcgi:error] [pid 4136701:tid 139671438837504] [client 118.122.118.189:18243] AH01071: Got error 'Primary script unknown\n'
[Wed Jun 16 08:03:14.959892 2021] [proxy_fcgi:error] [pid 4136701:tid 139671609214720] [client 118.122.118.189:24161] AH01071: Got error 'Primary script unknown\n'
[Wed Jun 16 08:03:19.698022 2021] [proxy_fcgi:error] [pid 4136701:tid 139671489193728] [client 118.122.118.189:63073] AH01071: Got error 'Primary script unknown\n'
[Wed Jun 16 08:03:20.356709 2021] [proxy_fcgi:error] [pid 4136701:tid 139671626000128] [client 118.122.118.189:5316] AH01071: Got error 'Primary script unknown\n'
[Wed Jun 16 08:03:20.930226 2021] [proxy_fcgi:error] [pid 4136701:tid 139671480801024] [client 118.122.118.189:10534] AH01071: Got error 'Primary script unknown\n'
[Wed Jun 16 08:03:21.518641 2021] [proxy_fcgi:error] [pid 4136701:tid 139671413659392] [client 118.122.118.189:15810] AH01071: Got error 'Primary script unknown\n'
[Wed Jun 16 08:03:22.112184 2021] [proxy_fcgi:error] [pid 4136701:tid 139671455622912] [client 118.122.118.189:20740] AH01071: Got error 'Primary script unknown\n'
[Wed Jun 16 08:03:26.683801 2021] [proxy_fcgi:error] [pid 4136701:tid 139671371695872] [client 118.122.118.189:38561] AH01071: Got error 'Primary script unknown\n'
[Wed Jun 16 08:03:27.230379 2021] [proxy_fcgi:error] [pid 4136701:tid 139671464015616] [client 118.122.118.189:44036] AH01071: Got error 'Primary script unknown\n'
[Wed Jun 16 08:03:27.806368 2021] [proxy_fcgi:error] [pid 4136701:tid 139671380088576] [client 118.122.118.189:49025] AH01071: Got error 'Primary script unknown\n'
[Wed Jun 16 08:03:28.352657 2021] [proxy_fcgi:error] [pid 4136701:tid 139671472408320] [client 118.122.118.189:53796] AH01071: Got error 'Primary script unknown\n'
[Wed Jun 16 08:03:28.939982 2021] [proxy_fcgi:error] [pid 4136701:tid 139671522764544] [client 118.122.118.189:58817] AH01071: Got error 'Primary script unknown\n'
[Wed Jun 16 08:03:29.493115 2021] [proxy_fcgi:error] [pid 4136701:tid 139671438837504] [client 118.122.118.189:64193] AH01071: Got error 'Primary script unknown\n'
[Wed Jun 16 08:03:30.097466 2021] [proxy_fcgi:error] [pid 4136701:tid 139671396873984] [client 118.122.118.189:6339] AH01071: Got error 'Primary script unknown\n'
[Wed Jun 16 08:03:30.719703 2021] [proxy_fcgi:error] [pid 4136701:tid 139671497586432] [client 118.122.118.189:11777] AH01071: Got error 'Primary script unknown\n'
[Wed Jun 16 08:03:32.321301 2021] [proxy_fcgi:error] [pid 4136701:tid 139671634392832] [client 118.122.118.189:16642] AH01071: Got error 'Primary script unknown\n'
[Wed Jun 16 08:03:32.889801 2021] [proxy_fcgi:error] [pid 4136701:tid 139671531157248] [client 118.122.118.189:30659] AH01071: Got error 'Primary script unknown\n'
[Wed Jun 16 08:03:33.504681 2021] [proxy_fcgi:error] [pid 4136701:tid 139671430444800] [client 118.122.118.189:36067] AH01071: Got error 'Primary script unknown\n'
[Wed Jun 16 08:03:35.777924 2021] [proxy_fcgi:error] [pid 4136701:tid 139671405266688] [client 118.122.118.189:55554] AH01071: Got error 'Primary script unknown\n'
[Wed Jun 16 08:03:36.365063 2021] [proxy_fcgi:error] [pid 4136701:tid 139671617607424] [client 118.122.118.189:61282] AH01071: Got error 'Primary script unknown\n'
[Wed Jun 16 08:03:36.968519 2021] [proxy_fcgi:error] [pid 4136701:tid 139671514371840] [client 118.122.118.189:3013] AH01071: Got error 'Primary script unknown\n'
[Wed Jun 16 08:03:37.563133 2021] [proxy_fcgi:error] [pid 4136701:tid 139671422052096] [client 118.122.118.189:8161] AH01071: Got error 'Primary script unknown\n'
[Wed Jun 16 08:03:38.062104 2021] [proxy_fcgi:error] [pid 4136701:tid 139671363303168] [client 118.122.118.189:11298] AH01071: Got error 'Primary script unknown\n'
[Wed Jun 16 08:03:38.612369 2021] [proxy_fcgi:error] [pid 4136701:tid 139671388481280] [client 118.122.118.189:15076] AH01071: Got error 'Primary script unknown\n'
[Wed Jun 16 08:03:39.116284 2021] [proxy_fcgi:error] [pid 4136701:tid 139671447230208] [client 118.122.118.189:18657] AH01071: Got error 'Primary script unknown\n'
[Wed Jun 16 08:03:39.621499 2021] [proxy_fcgi:error] [pid 4136701:tid 139671505979136] [client 118.122.118.189:22658] AH01071: Got error 'Primary script unknown\n'
[Wed Jun 16 08:03:40.153453 2021] [proxy_fcgi:error] [pid 4136701:tid 139671609214720] [client 118.122.118.189:26113] AH01071: Got error 'Primary script unknown\n'
[Wed Jun 16 08:03:40.657392 2021] [proxy_fcgi:error] [pid 4136701:tid 139671489193728] [client 118.122.118.189:29793] AH01071: Got error 'Primary script unknown\n'
[Wed Jun 16 08:03:41.192355 2021] [proxy_fcgi:error] [pid 4136701:tid 139671626000128] [client 118.122.118.189:33891] AH01071: Got error 'Primary script unknown\n'
[Wed Jun 16 08:03:41.717714 2021] [proxy_fcgi:error] [pid 4136701:tid 139671480801024] [client 118.122.118.189:38371] AH01071: Got error 'Primary script unknown\n'
[Wed Jun 16 08:03:42.270168 2021] [proxy_fcgi:error] [pid 4136701:tid 139671413659392] [client 118.122.118.189:43619] AH01071: Got error 'Primary script unknown\n'
[Wed Jun 16 08:03:42.872711 2021] [proxy_fcgi:error] [pid 4136701:tid 139671455622912] [client 118.122.118.189:48484] AH01071: Got error 'Primary script unknown\n'
[Wed Jun 16 08:03:43.451028 2021] [proxy_fcgi:error] [pid 4136701:tid 139671371695872] [client 118.122.118.189:53890] AH01071: Got error 'Primary script unknown\n'
[Wed Jun 16 08:03:44.030448 2021] [proxy_fcgi:error] [pid 4136701:tid 139671464015616] [client 118.122.118.189:58754] AH01071: Got error 'Primary script unknown\n'
[Wed Jun 16 08:03:44.639409 2021] [proxy_fcgi:error] [pid 4136701:tid 139671380088576] [client 118.122.118.189:63746] AH01071: Got error 'Primary script unknown\n'
[Wed Jun 16 08:03:45.206049 2021] [proxy_fcgi:error] [pid 4136701:tid 139671472408320] [client 118.122.118.189:5953] AH01071: Got error 'Primary script unknown\n'
[Wed Jun 16 08:03:45.755608 2021] [proxy_fcgi:error] [pid 4136701:tid 139671522764544] [client 118.122.118.189:10914] AH01071: Got error 'Primary script unknown\n'
[Wed Jun 16 08:03:46.265909 2021] [proxy_fcgi:error] [pid 4136701:tid 139671438837504] [client 118.122.118.189:15426] AH01071: Got error 'Primary script unknown\n'
[Wed Jun 16 08:03:46.808246 2021] [proxy_fcgi:error] [pid 4136701:tid 139671505979136] [client 118.122.118.189:20130] AH01071: Got error 'Primary script unknown\n'
[Wed Jun 16 08:03:47.395477 2021] [proxy_fcgi:error] [pid 4136701:tid 139671497586432] [client 118.122.118.189:24834] AH01071: Got error 'Primary script unknown\n'
[Wed Jun 16 08:03:48.061759 2021] [proxy_fcgi:error] [pid 4136701:tid 139671634392832] [client 118.122.118.189:30977] AH01071: Got error 'Primary script unknown\n'
[Wed Jun 16 08:03:48.702540 2021] [proxy_fcgi:error] [pid 4136701:tid 139671531157248] [client 118.122.118.189:36995] AH01071: Got error 'Primary script unknown\n'
[Wed Jun 16 08:03:49.321250 2021] [proxy_fcgi:error] [pid 4136701:tid 139671430444800] [client 118.122.118.189:42177] AH01071: Got error 'Primary script unknown\n'
[Wed Jun 16 08:03:49.887091 2021] [proxy_fcgi:error] [pid 4136701:tid 139671405266688] [client 118.122.118.189:47332] AH01071: Got error 'Primary script unknown\n'
[Wed Jun 16 08:03:50.448813 2021] [proxy_fcgi:error] [pid 4136701:tid 139671617607424] [client 118.122.118.189:52705] AH01071: Got error 'Primary script unknown\n'
[Wed Jun 16 08:03:50.972461 2021] [proxy_fcgi:error] [pid 4136701:tid 139671514371840] [client 118.122.118.189:58081] AH01071: Got error 'Primary script unknown\n'
[Wed Jun 16 08:03:51.870404 2021] [proxy_fcgi:error] [pid 4136701:tid 139671422052096] [client 118.122.118.189:2785] AH01071: Got error 'Primary script unknown\n'
[Wed Jun 16 08:03:52.410413 2021] [proxy_fcgi:error] [pid 4136701:tid 139671363303168] [client 118.122.118.189:7266] AH01071: Got error 'Primary script unknown\n'
[Wed Jun 16 08:03:52.945848 2021] [proxy_fcgi:error] [pid 4098675:tid 139671430444800] [client 118.122.118.189:11841] AH01071: Got error 'Primary script unknown\n'
[Wed Jun 16 08:03:53.505227 2021] [proxy_fcgi:error] [pid 4136701:tid 139671388481280] [client 118.122.118.189:16865] AH01071: Got error 'Primary script unknown\n'
[Wed Jun 16 08:03:54.044710 2021] [proxy_fcgi:error] [pid 4136701:tid 139671447230208] [client 118.122.118.189:22145] AH01071: Got error 'Primary script unknown\n'
[Wed Jun 16 08:03:54.614075 2021] [proxy_fcgi:error] [pid 4136701:tid 139671505979136] [client 118.122.118.189:27652] AH01071: Got error 'Primary script unknown\n'
[Wed Jun 16 08:03:55.220479 2021] [proxy_fcgi:error] [pid 4136701:tid 139671609214720] [client 118.122.118.189:32706] AH01071: Got error 'Primary script unknown\n'
[Wed Jun 16 08:03:55.829321 2021] [proxy_fcgi:error] [pid 4136701:tid 139671489193728] [client 118.122.118.189:37668] AH01071: Got error 'Primary script unknown\n'
[Wed Jun 16 08:03:56.380162 2021] [proxy_fcgi:error] [pid 4136701:tid 139671626000128] [client 118.122.118.189:42947] AH01071: Got error 'Primary script unknown\n'
[Wed Jun 16 08:03:56.924469 2021] [proxy_fcgi:error] [pid 4098675:tid 139671480801024] [client 118.122.118.189:47268] AH01071: Got error 'Primary script unknown\n'
[Wed Jun 16 08:03:57.522382 2021] [proxy_fcgi:error] [pid 4136701:tid 139671480801024] [client 118.122.118.189:52098] AH01071: Got error 'Primary script unknown\n'
[Wed Jun 16 08:03:58.048078 2021] [proxy_fcgi:error] [pid 4136701:tid 139671413659392] [client 118.122.118.189:56804] AH01071: Got error 'Primary script unknown\n'
[Wed Jun 16 08:03:58.601082 2021] [proxy_fcgi:error] [pid 4136701:tid 139671455622912] [client 118.122.118.189:61636] AH01071: Got error 'Primary script unknown\n'
[Wed Jun 16 08:04:00.171988 2021] [proxy_fcgi:error] [pid 4136701:tid 139671371695872] [client 118.122.118.189:3137] AH01071: Got error 'Primary script unknown\n'
[Wed Jun 16 08:04:00.672272 2021] [proxy_fcgi:error] [pid 4136701:tid 139671464015616] [client 118.122.118.189:10626] AH01071: Got error 'Primary script unknown\n'
[Wed Jun 16 08:04:01.191434 2021] [proxy_fcgi:error] [pid 4136701:tid 139671380088576] [client 118.122.118.189:14369] AH01071: Got error 'Primary script unknown\n'
[Wed Jun 16 08:04:01.734023 2021] [proxy_fcgi:error] [pid 4136701:tid 139671472408320] [client 118.122.118.189:18434] AH01071: Got error 'Primary script unknown\n'
[Wed Jun 16 08:04:02.243857 2021] [proxy_fcgi:error] [pid 4136701:tid 139671522764544] [client 118.122.118.189:23233] AH01071: Got error 'Primary script unknown\n'
[Wed Jun 16 08:04:03.846145 2021] [proxy_fcgi:error] [pid 4136701:tid 139671438837504] [client 118.122.118.189:27874] AH01071: Got error 'Primary script unknown\n'
[Wed Jun 16 08:04:04.452949 2021] [proxy_fcgi:error] [pid 4136701:tid 139671396873984] [client 118.122.118.189:42689] AH01071: Got error 'Primary script unknown\n'
[Wed Jun 16 08:04:05.019841 2021] [proxy_fcgi:error] [pid 4136701:tid 139671497586432] [client 118.122.118.189:47427] AH01071: Got error 'Primary script unknown\n'
[Wed Jun 16 08:04:05.616276 2021] [proxy_fcgi:error] [pid 4136701:tid 139671634392832] [client 118.122.118.189:52962] AH01071: Got error 'Primary script unknown\n'
[Wed Jun 16 08:04:06.180189 2021] [proxy_fcgi:error] [pid 4136701:tid 139671531157248] [client 118.122.118.189:57537] AH01071: Got error 'Primary script unknown\n'
[Wed Jun 16 08:04:06.700604 2021] [proxy_fcgi:error] [pid 4136701:tid 139671430444800] [client 118.122.118.189:62913] AH01071: Got error 'Primary script unknown\n'
[Wed Jun 16 08:04:07.274229 2021] [proxy_fcgi:error] [pid 4136701:tid 139671405266688] [client 118.122.118.189:4354] AH01071: Got error 'Primary script unknown\n'
[Wed Jun 16 08:04:07.807102 2021] [proxy_fcgi:error] [pid 4136701:tid 139671617607424] [client 118.122.118.189:8674] AH01071: Got error 'Primary script unknown\n'
[Wed Jun 16 08:04:08.339321 2021] [proxy_fcgi:error] [pid 4098675:tid 139671522764544] [client 118.122.118.189:13794] AH01071: Got error 'Primary script unknown\n'
[Wed Jun 16 08:04:08.902603 2021] [proxy_fcgi:error] [pid 4136701:tid 139671514371840] [client 118.122.118.189:19329] AH01071: Got error 'Primary script unknown\n'
[Wed Jun 16 08:04:09.417107 2021] [proxy_fcgi:error] [pid 4098675:tid 139671388481280] [client 118.122.118.189:24291] AH01071: Got error 'Primary script unknown\n'
[Wed Jun 16 08:04:11.426311 2021] [proxy_fcgi:error] [pid 4136701:tid 139671422052096] [client 118.122.118.189:40994] AH01071: Got error 'Primary script unknown\n'
[Wed Jun 16 08:04:12.024805 2021] [proxy_fcgi:error] [pid 4136701:tid 139671363303168] [client 118.122.118.189:46499] AH01071: Got error 'Primary script unknown\n'
[Wed Jun 16 08:04:12.586282 2021] [proxy_fcgi:error] [pid 4136701:tid 139671388481280] [client 118.122.118.189:51971] AH01071: Got error 'Primary script unknown\n'
[Wed Jun 16 08:04:13.146504 2021] [proxy_fcgi:error] [pid 4136701:tid 139671447230208] [client 118.122.118.189:56739] AH01071: Got error 'Primary script unknown\n'
[Wed Jun 16 08:04:13.659721 2021] [proxy_fcgi:error] [pid 4136701:tid 139671505979136] [client 118.122.118.189:61570] AH01071: Got error 'Primary script unknown\n'
[Wed Jun 16 08:04:14.193295 2021] [proxy_fcgi:error] [pid 4136701:tid 139671609214720] [client 118.122.118.189:2977] AH01071: Got error 'Primary script unknown\n'
[Wed Jun 16 08:04:14.839922 2021] [proxy_fcgi:error] [pid 4136701:tid 139671489193728] [client 118.122.118.189:8161] AH01071: Got error 'Primary script unknown\n'
[Wed Jun 16 08:04:15.387213 2021] [proxy_fcgi:error] [pid 4098675:tid 139671626000128] [client 118.122.118.189:13186] AH01071: Got error 'Primary script unknown\n'
[Wed Jun 16 08:04:15.969176 2021] [proxy_fcgi:error] [pid 4136701:tid 139671626000128] [client 118.122.118.189:18306] AH01071: Got error 'Primary script unknown\n'
[Wed Jun 16 08:04:16.555488 2021] [proxy_fcgi:error] [pid 4136701:tid 139671480801024] [client 118.122.118.189:23427] AH01071: Got error 'Primary script unknown\n'
[Wed Jun 16 08:04:17.158370 2021] [proxy_fcgi:error] [pid 4136701:tid 139671413659392] [client 118.122.118.189:28161] AH01071: Got error 'Primary script unknown\n'
[Wed Jun 16 08:04:17.770704 2021] [proxy_fcgi:error] [pid 4136701:tid 139671455622912] [client 118.122.118.189:33762] AH01071: Got error 'Primary script unknown\n'
[Wed Jun 16 08:04:18.352605 2021] [proxy_fcgi:error] [pid 4098675:tid 139671514371840] [client 118.122.118.189:39267] AH01071: Got error 'Primary script unknown\n'
[Wed Jun 16 08:04:18.935090 2021] [proxy_fcgi:error] [pid 4136701:tid 139671371695872] [client 118.122.118.189:43779] AH01071: Got error 'Primary script unknown\n'
[Wed Jun 16 08:04:19.457335 2021] [proxy_fcgi:error] [pid 4098675:tid 139671380088576] [client 118.122.118.189:48259] AH01071: Got error 'Primary script unknown\n'
[Wed Jun 16 08:04:19.990409 2021] [proxy_fcgi:error] [pid 4136701:tid 139671464015616] [client 118.122.118.189:52482] AH01071: Got error 'Primary script unknown\n'
[Wed Jun 16 08:04:20.528354 2021] [proxy_fcgi:error] [pid 4136701:tid 139671380088576] [client 118.122.118.189:57891] AH01071: Got error 'Primary script unknown\n'
[Wed Jun 16 08:04:25.069187 2021] [proxy_fcgi:error] [pid 4136701:tid 139671472408320] [client 118.122.118.189:35011] AH01071: Got error 'Primary script unknown\n'
[Wed Jun 16 08:04:25.645040 2021] [proxy_fcgi:error] [pid 4136701:tid 139671522764544] [client 118.122.118.189:39299] AH01071: Got error 'Primary script unknown\n'
[Wed Jun 16 08:04:26.185380 2021] [proxy_fcgi:error] [pid 4136701:tid 139671438837504] [client 118.122.118.189:44162] AH01071: Got error 'Primary script unknown\n'
[Wed Jun 16 08:04:26.715383 2021] [proxy_fcgi:error] [pid 4136701:tid 139671396873984] [client 118.122.118.189:49345] AH01071: Got error 'Primary script unknown\n'
[Wed Jun 16 08:04:27.261933 2021] [proxy_fcgi:error] [pid 4136701:tid 139671497586432] [client 118.122.118.189:53858] AH01071: Got error 'Primary script unknown\n'
[Wed Jun 16 08:04:27.810642 2021] [proxy_fcgi:error] [pid 4098675:tid 139671413659392] [client 118.122.118.189:59041] AH01071: Got error 'Primary script unknown\n'
[Wed Jun 16 08:04:28.387492 2021] [proxy_fcgi:error] [pid 4136701:tid 139671634392832] [client 118.122.118.189:63779] AH01071: Got error 'Primary script unknown\n'
[Wed Jun 16 08:04:28.996052 2021] [proxy_fcgi:error] [pid 4136701:tid 139671531157248] [client 118.122.118.189:5281] AH01071: Got error 'Primary script unknown\n'
[Wed Jun 16 08:04:29.623281 2021] [proxy_fcgi:error] [pid 4098675:tid 139671634392832] [client 118.122.118.189:11523] AH01071: Got error 'Primary script unknown\n'
[Wed Jun 16 08:04:31.222351 2021] [proxy_fcgi:error] [pid 4136701:tid 139671430444800] [client 118.122.118.189:16577] AH01071: Got error 'Primary script unknown\n'
[Wed Jun 16 08:04:33.853467 2021] [proxy_fcgi:error] [pid 4136701:tid 139671405266688] [client 118.122.118.189:49825] AH01071: Got error 'Primary script unknown\n'
[Wed Jun 16 08:04:34.406486 2021] [proxy_fcgi:error] [pid 4136701:tid 139671617607424] [client 118.122.118.189:54370] AH01071: Got error 'Primary script unknown\n'
[Wed Jun 16 08:04:34.965787 2021] [proxy_fcgi:error] [pid 4136701:tid 139671514371840] [client 118.122.118.189:58947] AH01071: Got error 'Primary script unknown\n'
[Wed Jun 16 08:04:35.512623 2021] [proxy_fcgi:error] [pid 4136701:tid 139671422052096] [client 118.122.118.189:64290] AH01071: Got error 'Primary script unknown\n'
[Wed Jun 16 08:04:36.044458 2021] [proxy_fcgi:error] [pid 4136701:tid 139671363303168] [client 118.122.118.189:5985] AH01071: Got error 'Primary script unknown\n'
[Wed Jun 16 08:04:36.585279 2021] [proxy_fcgi:error] [pid 4136701:tid 139671388481280] [client 118.122.118.189:11170] AH01071: Got error 'Primary script unknown\n'
[Wed Jun 16 08:04:37.110474 2021] [proxy_fcgi:error] [pid 4136701:tid 139671447230208] [client 118.122.118.189:15393] AH01071: Got error 'Primary script unknown\n'
[Wed Jun 16 08:04:37.684472 2021] [proxy_fcgi:error] [pid 4136701:tid 139671505979136] [client 118.122.118.189:19908] AH01071: Got error 'Primary script unknown\n'
[Wed Jun 16 08:04:38.228573 2021] [proxy_fcgi:error] [pid 4136701:tid 139671609214720] [client 118.122.118.189:25057] AH01071: Got error 'Primary script unknown\n'
[Wed Jun 16 08:04:38.768107 2021] [proxy_fcgi:error] [pid 4136701:tid 139671489193728] [client 118.122.118.189:29988] AH01071: Got error 'Primary script unknown\n'
[Wed Jun 16 08:04:39.286348 2021] [proxy_fcgi:error] [pid 4098675:tid 139671455622912] [client 118.122.118.189:35169] AH01071: Got error 'Primary script unknown\n'
[Wed Jun 16 08:04:39.812077 2021] [proxy_fcgi:error] [pid 4136701:tid 139671626000128] [client 118.122.118.189:39842] AH01071: Got error 'Primary script unknown\n'
[Wed Jun 16 08:04:40.354091 2021] [proxy_fcgi:error] [pid 4098675:tid 139671422052096] [client 118.122.118.189:44611] AH01071: Got error 'Primary script unknown\n'
[Wed Jun 16 08:04:44.914044 2021] [proxy_fcgi:error] [pid 4136701:tid 139671480801024] [client 118.122.118.189:22436] AH01071: Got error 'Primary script unknown\n'
[Wed Jun 16 08:04:45.466194 2021] [proxy_fcgi:error] [pid 4136701:tid 139671413659392] [client 118.122.118.189:27813] AH01071: Got error 'Primary script unknown\n'
[Wed Jun 16 08:04:46.014248 2021] [proxy_fcgi:error] [pid 4136701:tid 139671455622912] [client 118.122.118.189:32481] AH01071: Got error 'Primary script unknown\n'
[Wed Jun 16 08:04:46.531993 2021] [proxy_fcgi:error] [pid 4136701:tid 139671371695872] [client 118.122.118.189:36897] AH01071: Got error 'Primary script unknown\n'
[Wed Jun 16 08:04:47.078618 2021] [proxy_fcgi:error] [pid 4136701:tid 139671464015616] [client 118.122.118.189:41666] AH01071: Got error 'Primary script unknown\n'
[Wed Jun 16 08:04:47.606223 2021] [proxy_fcgi:error] [pid 4136701:tid 139671380088576] [client 118.122.118.189:47106] AH01071: Got error 'Primary script unknown\n'
[Wed Jun 16 08:04:48.150367 2021] [proxy_fcgi:error] [pid 4136701:tid 139671472408320] [client 118.122.118.189:51842] AH01071: Got error 'Primary script unknown\n'
[Wed Jun 16 08:04:48.693919 2021] [proxy_fcgi:error] [pid 4136701:tid 139671522764544] [client 118.122.118.189:56961] AH01071: Got error 'Primary script unknown\n'
[Wed Jun 16 08:04:49.207058 2021] [proxy_fcgi:error] [pid 4136701:tid 139671438837504] [client 118.122.118.189:61409] AH01071: Got error 'Primary script unknown\n'
[Wed Jun 16 08:04:49.722906 2021] [proxy_fcgi:error] [pid 4136701:tid 139671505979136] [client 118.122.118.189:2657] AH01071: Got error 'Primary script unknown\n'
[Wed Jun 16 08:04:50.291870 2021] [proxy_fcgi:error] [pid 4136701:tid 139671497586432] [client 118.122.118.189:7589] AH01071: Got error 'Primary script unknown\n'
[Wed Jun 16 08:04:50.888547 2021] [proxy_fcgi:error] [pid 4136701:tid 139671634392832] [client 118.122.118.189:12705] AH01071: Got error 'Primary script unknown\n'
[Wed Jun 16 08:04:51.450407 2021] [proxy_fcgi:error] [pid 4098675:tid 139671609214720] [client 118.122.118.189:17601] AH01071: Got error 'Primary script unknown\n'
[Wed Jun 16 08:04:52.018111 2021] [proxy_fcgi:error] [pid 4136701:tid 139671531157248] [client 118.122.118.189:22594] AH01071: Got error 'Primary script unknown\n'
[Wed Jun 16 08:04:52.590331 2021] [proxy_fcgi:error] [pid 4098675:tid 139671505979136] [client 118.122.118.189:27425] AH01071: Got error 'Primary script unknown\n'
[Wed Jun 16 08:04:53.197038 2021] [proxy_fcgi:error] [pid 4136701:tid 139671430444800] [client 118.122.118.189:32035] AH01071: Got error 'Primary script unknown\n'
[Wed Jun 16 08:04:53.730088 2021] [proxy_fcgi:error] [pid 4136701:tid 139671405266688] [client 118.122.118.189:37537] AH01071: Got error 'Primary script unknown\n'
[Wed Jun 16 08:04:54.244754 2021] [proxy_fcgi:error] [pid 4136701:tid 139671617607424] [client 118.122.118.189:41921] AH01071: Got error 'Primary script unknown\n'
[Wed Jun 16 08:04:54.766122 2021] [proxy_fcgi:error] [pid 4136701:tid 139671514371840] [client 118.122.118.189:46116] AH01071: Got error 'Primary script unknown\n'
[Wed Jun 16 08:04:55.264785 2021] [proxy_fcgi:error] [pid 4136701:tid 139671422052096] [client 118.122.118.189:50402] AH01071: Got error 'Primary script unknown\n'
[Wed Jun 16 08:04:55.777852 2021] [proxy_fcgi:error] [pid 4136701:tid 139671363303168] [client 118.122.118.189:54339] AH01071: Got error 'Primary script unknown\n'
[Wed Jun 16 08:04:56.314347 2021] [proxy_fcgi:error] [pid 4136701:tid 139671388481280] [client 118.122.118.189:58977] AH01071: Got error 'Primary script unknown\n'
[Wed Jun 16 08:04:56.854606 2021] [proxy_fcgi:error] [pid 4136701:tid 139671447230208] [client 118.122.118.189:64194] AH01071: Got error 'Primary script unknown\n'
[Wed Jun 16 08:04:57.394328 2021] [proxy_fcgi:error] [pid 4098675:tid 139671371695872] [client 118.122.118.189:6339] AH01071: Got error 'Primary script unknown\n'
[Wed Jun 16 08:04:57.985392 2021] [proxy_fcgi:error] [pid 4136701:tid 139671505979136] [client 118.122.118.189:11457] AH01071: Got error 'Primary script unknown\n'
[Wed Jun 16 08:04:58.509615 2021] [proxy_fcgi:error] [pid 4136701:tid 139671609214720] [client 118.122.118.189:16292] AH01071: Got error 'Primary script unknown\n'
[Wed Jun 16 08:04:59.030477 2021] [proxy_fcgi:error] [pid 4136701:tid 139671489193728] [client 118.122.118.189:20769] AH01071: Got error 'Primary script unknown\n'
[Wed Jun 16 08:04:59.586864 2021] [proxy_fcgi:error] [pid 4136701:tid 139671626000128] [client 118.122.118.189:25891] AH01071: Got error 'Primary script unknown\n'
[Wed Jun 16 08:05:00.176028 2021] [proxy_fcgi:error] [pid 4136701:tid 139671531157248] [client 118.122.118.189:30785] AH01071: Got error 'Primary script unknown\n'
[Wed Jun 16 08:05:00.709490 2021] [proxy_fcgi:error] [pid 4136701:tid 139671413659392] [client 118.122.118.189:35970] AH01071: Got error 'Primary script unknown\n'
[Wed Jun 16 08:05:01.271108 2021] [proxy_fcgi:error] [pid 4136701:tid 139671455622912] [client 118.122.118.189:40739] AH01071: Got error 'Primary script unknown\n'
[Wed Jun 16 08:05:01.813446 2021] [proxy_fcgi:error] [pid 4136701:tid 139671371695872] [client 118.122.118.189:45763] AH01071: Got error 'Primary script unknown\n'
[Wed Jun 16 08:05:02.364700 2021] [proxy_fcgi:error] [pid 4136701:tid 139671464015616] [client 118.122.118.189:50689] AH01071: Got error 'Primary script unknown\n'
[Wed Jun 16 08:05:02.916941 2021] [proxy_fcgi:error] [pid 4136701:tid 139671380088576] [client 118.122.118.189:56226] AH01071: Got error 'Primary script unknown\n'
[Wed Jun 16 08:05:03.459529 2021] [proxy_fcgi:error] [pid 4136701:tid 139671472408320] [client 118.122.118.189:61442] AH01071: Got error 'Primary script unknown\n'
[Wed Jun 16 08:05:03.989429 2021] [proxy_fcgi:error] [pid 4136701:tid 139671522764544] [client 118.122.118.189:2977] AH01071: Got error 'Primary script unknown\n'
[Wed Jun 16 08:05:04.564876 2021] [proxy_fcgi:error] [pid 4136701:tid 139671438837504] [client 118.122.118.189:7459] AH01071: Got error 'Primary script unknown\n'
[Wed Jun 16 08:05:05.097394 2021] [proxy_fcgi:error] [pid 4136701:tid 139671396873984] [client 118.122.118.189:12067] AH01071: Got error 'Primary script unknown\n'
[Wed Jun 16 08:05:05.676569 2021] [proxy_fcgi:error] [pid 4136701:tid 139671497586432] [client 118.122.118.189:17092] AH01071: Got error 'Primary script unknown\n'
[Wed Jun 16 08:05:06.245234 2021] [proxy_fcgi:error] [pid 4136701:tid 139671634392832] [client 118.122.118.189:22625] AH01071: Got error 'Primary script unknown\n'
[Wed Jun 16 08:05:06.863726 2021] [proxy_fcgi:error] [pid 4136701:tid 139671531157248] [client 118.122.118.189:27457] AH01071: Got error 'Primary script unknown\n'
[Wed Jun 16 08:05:07.431281 2021] [proxy_fcgi:error] [pid 4136701:tid 139671430444800] [client 118.122.118.189:33060] AH01071: Got error 'Primary script unknown\n'
[Wed Jun 16 08:05:08.035853 2021] [proxy_fcgi:error] [pid 4136701:tid 139671405266688] [client 118.122.118.189:38242] AH01071: Got error 'Primary script unknown\n'
[Wed Jun 16 08:05:10.313342 2021] [proxy_fcgi:error] [pid 4136701:tid 139671617607424] [client 118.122.118.189:59108] AH01071: Got error 'Primary script unknown\n'
[Wed Jun 16 08:05:10.842776 2021] [proxy_fcgi:error] [pid 4136701:tid 139671514371840] [client 118.122.118.189:63618] AH01071: Got error 'Primary script unknown\n'
[Wed Jun 16 08:05:11.415005 2021] [proxy_fcgi:error] [pid 4136701:tid 139671422052096] [client 118.122.118.189:5761] AH01071: Got error 'Primary script unknown\n'
[Wed Jun 16 08:05:11.964415 2021] [proxy_fcgi:error] [pid 4098675:tid 139671363303168] [client 118.122.118.189:10913] AH01071: Got error 'Primary script unknown\n'
[Wed Jun 16 08:05:12.540085 2021] [proxy_fcgi:error] [pid 4136701:tid 139671363303168] [client 118.122.118.189:16449] AH01071: Got error 'Primary script unknown\n'
[Wed Jun 16 08:05:13.109077 2021] [proxy_fcgi:error] [pid 4136701:tid 139671388481280] [client 118.122.118.189:20675] AH01071: Got error 'Primary script unknown\n'
[Wed Jun 16 08:05:13.657020 2021] [proxy_fcgi:error] [pid 4136701:tid 139671447230208] [client 118.122.118.189:25474] AH01071: Got error 'Primary script unknown\n'
[Wed Jun 16 08:05:14.178717 2021] [proxy_fcgi:error] [pid 4136701:tid 139671438837504] [client 118.122.118.189:30466] AH01071: Got error 'Primary script unknown\n'
[Wed Jun 16 08:05:14.732929 2021] [proxy_fcgi:error] [pid 4136701:tid 139671396873984] [client 118.122.118.189:35265] AH01071: Got error 'Primary script unknown\n'
[Wed Jun 16 08:05:15.275530 2021] [proxy_fcgi:error] [pid 4136701:tid 139671489193728] [client 118.122.118.189:40164] AH01071: Got error 'Primary script unknown\n'
[Wed Jun 16 08:05:16.873675 2021] [proxy_fcgi:error] [pid 4136701:tid 139671626000128] [client 118.122.118.189:45025] AH01071: Got error 'Primary script unknown\n'
[Wed Jun 16 08:05:17.422148 2021] [proxy_fcgi:error] [pid 4136701:tid 139671480801024] [client 118.122.118.189:58820] AH01071: Got error 'Primary script unknown\n'
[Wed Jun 16 08:05:17.990360 2021] [proxy_fcgi:error] [pid 4136701:tid 139671413659392] [client 118.122.118.189:63906] AH01071: Got error 'Primary script unknown\n'
[Wed Jun 16 08:05:18.522922 2021] [proxy_fcgi:error] [pid 4136701:tid 139671455622912] [client 118.122.118.189:6049] AH01071: Got error 'Primary script unknown\n'
[Wed Jun 16 08:05:19.101255 2021] [proxy_fcgi:error] [pid 4136701:tid 139671371695872] [client 118.122.118.189:10401] AH01071: Got error 'Primary script unknown\n'
[Wed Jun 16 08:05:19.665599 2021] [proxy_fcgi:error] [pid 4136701:tid 139671464015616] [client 118.122.118.189:15617] AH01071: Got error 'Primary script unknown\n'
[Wed Jun 16 08:05:20.203507 2021] [proxy_fcgi:error] [pid 4136701:tid 139671380088576] [client 118.122.118.189:20930] AH01071: Got error 'Primary script unknown\n'
[Wed Jun 16 08:05:20.740901 2021] [proxy_fcgi:error] [pid 4136701:tid 139671472408320] [client 118.122.118.189:25889] AH01071: Got error 'Primary script unknown\n'
[Wed Jun 16 08:05:21.253405 2021] [proxy_fcgi:error] [pid 4136701:tid 139671522764544] [client 118.122.118.189:30755] AH01071: Got error 'Primary script unknown\n'
[Wed Jun 16 08:05:21.760539 2021] [proxy_fcgi:error] [pid 4098675:tid 139671489193728] [client 118.122.118.189:34945] AH01071: Got error 'Primary script unknown\n'
[Wed Jun 16 08:05:22.275143 2021] [proxy_fcgi:error] [pid 4136701:tid 139671438837504] [client 118.122.118.189:39331] AH01071: Got error 'Primary script unknown\n'
[Wed Jun 16 08:05:22.932904 2021] [proxy_fcgi:error] [pid 4136701:tid 139671396873984] [client 118.122.118.189:43621] AH01071: Got error 'Primary script unknown\n'
[Wed Jun 16 08:05:23.468161 2021] [proxy_fcgi:error] [pid 4136701:tid 139671497586432] [client 118.122.118.189:48578] AH01071: Got error 'Primary script unknown\n'
[Wed Jun 16 08:05:24.002109 2021] [proxy_fcgi:error] [pid 4136701:tid 139671634392832] [client 118.122.118.189:53698] AH01071: Got error 'Primary script unknown\n'
[Wed Jun 16 08:05:24.511122 2021] [proxy_fcgi:error] [pid 4136701:tid 139671531157248] [client 118.122.118.189:58275] AH01071: Got error 'Primary script unknown\n'
[Wed Jun 16 08:05:25.042385 2021] [proxy_fcgi:error] [pid 4136701:tid 139671430444800] [client 118.122.118.189:62433] AH01071: Got error 'Primary script unknown\n'
[Wed Jun 16 08:05:25.571198 2021] [proxy_fcgi:error] [pid 4136701:tid 139671405266688] [client 118.122.118.189:3714] AH01071: Got error 'Primary script unknown\n'
[Wed Jun 16 08:05:26.081927 2021] [proxy_fcgi:error] [pid 4136701:tid 139671617607424] [client 118.122.118.189:8033] AH01071: Got error 'Primary script unknown\n'
[Wed Jun 16 08:05:26.606604 2021] [proxy_fcgi:error] [pid 4136701:tid 139671514371840] [client 118.122.118.189:12961] AH01071: Got error 'Primary script unknown\n'
[Wed Jun 16 08:05:27.131268 2021] [proxy_fcgi:error] [pid 4136701:tid 139671422052096] [client 118.122.118.189:17377] AH01071: Got error 'Primary script unknown\n'
[Wed Jun 16 08:05:27.667235 2021] [proxy_fcgi:error] [pid 4136701:tid 139671363303168] [client 118.122.118.189:22145] AH01071: Got error 'Primary script unknown\n'
[Wed Jun 16 08:05:28.200431 2021] [proxy_fcgi:error] [pid 4098675:tid 139671438837504] [client 118.122.118.189:26468] AH01071: Got error 'Primary script unknown\n'
[Wed Jun 16 08:05:28.712110 2021] [proxy_fcgi:error] [pid 4136701:tid 139671388481280] [client 118.122.118.189:31265] AH01071: Got error 'Primary script unknown\n'
[Wed Jun 16 08:05:29.272604 2021] [proxy_fcgi:error] [pid 4136701:tid 139671447230208] [client 118.122.118.189:35906] AH01071: Got error 'Primary script unknown\n'
[Wed Jun 16 08:05:29.838835 2021] [proxy_fcgi:error] [pid 4136701:tid 139671505979136] [client 118.122.118.189:40961] AH01071: Got error 'Primary script unknown\n'
[Wed Jun 16 08:05:30.384922 2021] [proxy_fcgi:error] [pid 4098675:tid 139671464015616] [client 118.122.118.189:46146] AH01071: Got error 'Primary script unknown\n'
[Wed Jun 16 08:05:30.957667 2021] [proxy_fcgi:error] [pid 4136701:tid 139671609214720] [client 118.122.118.189:50403] AH01071: Got error 'Primary script unknown\n'
[Wed Jun 16 08:05:31.484685 2021] [proxy_fcgi:error] [pid 4136701:tid 139671489193728] [client 118.122.118.189:55588] AH01071: Got error 'Primary script unknown\n'
[Wed Jun 16 08:05:32.058357 2021] [proxy_fcgi:error] [pid 4136701:tid 139671626000128] [client 118.122.118.189:59939] AH01071: Got error 'Primary script unknown\n'
[Wed Jun 16 08:05:32.581542 2021] [proxy_fcgi:error] [pid 4136701:tid 139671480801024] [client 118.122.118.189:2498] AH01071: Got error 'Primary script unknown\n'
[Wed Jun 16 08:05:33.124050 2021] [proxy_fcgi:error] [pid 4136701:tid 139671413659392] [client 118.122.118.189:7428] AH01071: Got error 'Primary script unknown\n'
[Wed Jun 16 08:05:33.659057 2021] [proxy_fcgi:error] [pid 4136701:tid 139671455622912] [client 118.122.118.189:12579] AH01071: Got error 'Primary script unknown\n'
[Wed Jun 16 08:05:34.174539 2021] [proxy_fcgi:error] [pid 4136701:tid 139671371695872] [client 118.122.118.189:16737] AH01071: Got error 'Primary script unknown\n'
[Wed Jun 16 08:05:34.712349 2021] [proxy_fcgi:error] [pid 4136701:tid 139671464015616] [client 118.122.118.189:21345] AH01071: Got error 'Primary script unknown\n'
[Wed Jun 16 08:05:35.224895 2021] [proxy_fcgi:error] [pid 4098675:tid 139671472408320] [client 118.122.118.189:26083] AH01071: Got error 'Primary script unknown\n'
[Wed Jun 16 08:05:35.787936 2021] [proxy_fcgi:error] [pid 4136701:tid 139671380088576] [client 118.122.118.189:31203] AH01071: Got error 'Primary script unknown\n'
[Wed Jun 16 08:05:36.325146 2021] [proxy_fcgi:error] [pid 4136701:tid 139671472408320] [client 118.122.118.189:36065] AH01071: Got error 'Primary script unknown\n'
[Wed Jun 16 08:05:36.860294 2021] [proxy_fcgi:error] [pid 4098675:tid 139671497586432] [client 118.122.118.189:40225] AH01071: Got error 'Primary script unknown\n'
[Wed Jun 16 08:05:37.469141 2021] [proxy_fcgi:error] [pid 4136701:tid 139671522764544] [client 118.122.118.189:44899] AH01071: Got error 'Primary script unknown\n'
[Wed Jun 16 08:05:38.020037 2021] [proxy_fcgi:error] [pid 4136701:tid 139671438837504] [client 118.122.118.189:49925] AH01071: Got error 'Primary script unknown\n'
[Wed Jun 16 08:05:38.635544 2021] [proxy_fcgi:error] [pid 4136701:tid 139671396873984] [client 118.122.118.189:55011] AH01071: Got error 'Primary script unknown\n'
[Wed Jun 16 08:05:39.173363 2021] [proxy_fcgi:error] [pid 4136701:tid 139671497586432] [client 118.122.118.189:60324] AH01071: Got error 'Primary script unknown\n'
[Wed Jun 16 08:05:39.746802 2021] [proxy_fcgi:error] [pid 4136701:tid 139671634392832] [client 118.122.118.189:2145] AH01071: Got error 'Primary script unknown\n'
[Wed Jun 16 08:05:40.309657 2021] [proxy_fcgi:error] [pid 4136701:tid 139671531157248] [client 118.122.118.189:7106] AH01071: Got error 'Primary script unknown\n'
[Wed Jun 16 08:05:40.882199 2021] [proxy_fcgi:error] [pid 4136701:tid 139671430444800] [client 118.122.118.189:11969] AH01071: Got error 'Primary script unknown\n'
[Wed Jun 16 08:05:41.435436 2021] [proxy_fcgi:error] [pid 4098675:tid 139671396873984] [client 118.122.118.189:17283] AH01071: Got error 'Primary script unknown\n'
[Wed Jun 16 08:05:45.267339 2021] [proxy_fcgi:error] [pid 4136701:tid 139671405266688] [client 118.122.118.189:51457] AH01071: Got error 'Primary script unknown\n'
[Wed Jun 16 08:05:45.789533 2021] [proxy_fcgi:error] [pid 4136701:tid 139671617607424] [client 118.122.118.189:56163] AH01071: Got error 'Primary script unknown\n'
[Wed Jun 16 08:05:46.410888 2021] [proxy_fcgi:error] [pid 4136701:tid 139671514371840] [client 118.122.118.189:61025] AH01071: Got error 'Primary script unknown\n'
[Wed Jun 16 08:05:46.936456 2021] [proxy_fcgi:error] [pid 4136701:tid 139671422052096] [client 118.122.118.189:2945] AH01071: Got error 'Primary script unknown\n'
[Wed Jun 16 08:05:47.464117 2021] [proxy_fcgi:error] [pid 4136701:tid 139671363303168] [client 118.122.118.189:8098] AH01071: Got error 'Primary script unknown\n'
[Wed Jun 16 08:05:47.996589 2021] [proxy_fcgi:error] [pid 4136701:tid 139671388481280] [client 118.122.118.189:12993] AH01071: Got error 'Primary script unknown\n'
[Wed Jun 16 08:05:48.542199 2021] [proxy_fcgi:error] [pid 4136701:tid 139671447230208] [client 118.122.118.189:17985] AH01071: Got error 'Primary script unknown\n'
[Wed Jun 16 08:05:50.495587 2021] [proxy_fcgi:error] [pid 4136701:tid 139671505979136] [client 118.122.118.189:35042] AH01071: Got error 'Primary script unknown\n'
[Wed Jun 16 08:05:51.035555 2021] [proxy_fcgi:error] [pid 4136701:tid 139671609214720] [client 118.122.118.189:40225] AH01071: Got error 'Primary script unknown\n'
[Wed Jun 16 08:05:51.564623 2021] [proxy_fcgi:error] [pid 4136701:tid 139671489193728] [client 118.122.118.189:45315] AH01071: Got error 'Primary script unknown\n'
[Wed Jun 16 08:05:52.112469 2021] [proxy_fcgi:error] [pid 4136701:tid 139671626000128] [client 118.122.118.189:49955] AH01071: Got error 'Primary script unknown\n'
[Wed Jun 16 08:05:52.637300 2021] [proxy_fcgi:error] [pid 4098675:tid 139671531157248] [client 118.122.118.189:54722] AH01071: Got error 'Primary script unknown\n'
[Wed Jun 16 08:05:53.145251 2021] [proxy_fcgi:error] [pid 4136701:tid 139671480801024] [client 118.122.118.189:59237] AH01071: Got error 'Primary script unknown\n'
[Wed Jun 16 08:05:53.681239 2021] [proxy_fcgi:error] [pid 4136701:tid 139671413659392] [client 118.122.118.189:63715] AH01071: Got error 'Primary script unknown\n'
[Wed Jun 16 08:05:54.210918 2021] [proxy_fcgi:error] [pid 4136701:tid 139671455622912] [client 118.122.118.189:5891] AH01071: Got error 'Primary script unknown\n'
[Wed Jun 16 08:05:58.770041 2021] [proxy_fcgi:error] [pid 4098675:tid 139671447230208] [client 118.122.118.189:46145] AH01071: Got error 'Primary script unknown\n'
[Wed Jun 16 08:05:59.350028 2021] [proxy_fcgi:error] [pid 4136701:tid 139671371695872] [client 118.122.118.189:51140] AH01071: Got error 'Primary script unknown\n'
[Wed Jun 16 08:05:59.897768 2021] [proxy_fcgi:error] [pid 4136701:tid 139671464015616] [client 118.122.118.189:56610] AH01071: Got error 'Primary script unknown\n'
[Wed Jun 16 08:06:00.441221 2021] [proxy_fcgi:error] [pid 4098675:tid 139671405266688] [client 118.122.118.189:61859] AH01071: Got error 'Primary script unknown\n'
[Wed Jun 16 08:06:01.018267 2021] [proxy_fcgi:error] [pid 4136701:tid 139671380088576] [client 118.122.118.189:3521] AH01071: Got error 'Primary script unknown\n'
[Wed Jun 16 08:06:01.584161 2021] [proxy_fcgi:error] [pid 4136701:tid 139671472408320] [client 118.122.118.189:8673] AH01071: Got error 'Primary script unknown\n'
[Wed Jun 16 08:06:02.130421 2021] [proxy_fcgi:error] [pid 4136701:tid 139671522764544] [client 118.122.118.189:13409] AH01071: Got error 'Primary script unknown\n'
[Wed Jun 16 08:06:02.704906 2021] [proxy_fcgi:error] [pid 4136701:tid 139671438837504] [client 118.122.118.189:18593] AH01071: Got error 'Primary script unknown\n'
[Wed Jun 16 08:06:03.209933 2021] [proxy_fcgi:error] [pid 4136701:tid 139671396873984] [client 118.122.118.189:23713] AH01071: Got error 'Primary script unknown\n'
[Wed Jun 16 08:06:03.745858 2021] [proxy_fcgi:error] [pid 4136701:tid 139671497586432] [client 118.122.118.189:28354] AH01071: Got error 'Primary script unknown\n'
[Wed Jun 16 08:06:04.334776 2021] [proxy_fcgi:error] [pid 4136701:tid 139671634392832] [client 118.122.118.189:33251] AH01071: Got error 'Primary script unknown\n'
[Wed Jun 16 08:06:04.886270 2021] [proxy_fcgi:error] [pid 4136701:tid 139671626000128] [client 118.122.118.189:38017] AH01071: Got error 'Primary script unknown\n'
[Wed Jun 16 08:06:05.490087 2021] [proxy_fcgi:error] [pid 4136701:tid 139671430444800] [client 118.122.118.189:43587] AH01071: Got error 'Primary script unknown\n'
[Wed Jun 16 08:06:06.073872 2021] [proxy_fcgi:error] [pid 4136701:tid 139671405266688] [client 118.122.118.189:49218] AH01071: Got error 'Primary script unknown\n'
[Wed Jun 16 08:06:06.693948 2021] [proxy_fcgi:error] [pid 4136701:tid 139671617607424] [client 118.122.118.189:54498] AH01071: Got error 'Primary script unknown\n'
[Wed Jun 16 08:06:07.264484 2021] [proxy_fcgi:error] [pid 4136701:tid 139671514371840] [client 118.122.118.189:59203] AH01071: Got error 'Primary script unknown\n'
[Wed Jun 16 08:06:07.866761 2021] [proxy_fcgi:error] [pid 4136701:tid 139671422052096] [client 118.122.118.189:64001] AH01071: Got error 'Primary script unknown\n'
[Wed Jun 16 08:06:08.372519 2021] [proxy_fcgi:error] [pid 4136701:tid 139671363303168] [client 118.122.118.189:6082] AH01071: Got error 'Primary script unknown\n'
[Wed Jun 16 08:06:08.955635 2021] [proxy_fcgi:error] [pid 4136701:tid 139671388481280] [client 118.122.118.189:11554] AH01071: Got error 'Primary script unknown\n'
[Wed Jun 16 08:06:11.134895 2021] [proxy_fcgi:error] [pid 4136701:tid 139671447230208] [client 118.122.118.189:30529] AH01071: Got error 'Primary script unknown\n'
[Wed Jun 16 08:06:11.704372 2021] [proxy_fcgi:error] [pid 4136701:tid 139671505979136] [client 118.122.118.189:35106] AH01071: Got error 'Primary script unknown\n'
[Wed Jun 16 08:06:12.260329 2021] [proxy_fcgi:error] [pid 4136701:tid 139671609214720] [client 118.122.118.189:40833] AH01071: Got error 'Primary script unknown\n'
[Wed Jun 16 08:06:12.819650 2021] [proxy_fcgi:error] [pid 4136701:tid 139671489193728] [client 118.122.118.189:45985] AH01071: Got error 'Primary script unknown\n'
[Wed Jun 16 08:06:13.389893 2021] [proxy_fcgi:error] [pid 4136701:tid 139671626000128] [client 118.122.118.189:51138] AH01071: Got error 'Primary script unknown\n'
[Wed Jun 16 08:06:13.946759 2021] [proxy_fcgi:error] [pid 4136701:tid 139671480801024] [client 118.122.118.189:56449] AH01071: Got error 'Primary script unknown\n'
[Wed Jun 16 08:06:14.520968 2021] [proxy_fcgi:error] [pid 4136701:tid 139671413659392] [client 118.122.118.189:61825] AH01071: Got error 'Primary script unknown\n'
[Wed Jun 16 08:06:15.130957 2021] [proxy_fcgi:error] [pid 4136701:tid 139671455622912] [client 118.122.118.189:4098] AH01071: Got error 'Primary script unknown\n'
[Wed Jun 16 08:06:15.751928 2021] [proxy_fcgi:error] [pid 4136701:tid 139671371695872] [client 118.122.118.189:10081] AH01071: Got error 'Primary script unknown\n'
[Wed Jun 16 08:06:16.353328 2021] [proxy_fcgi:error] [pid 4098675:tid 139671617607424] [client 118.122.118.189:15489] AH01071: Got error 'Primary script unknown\n'
[Wed Jun 16 08:06:16.930977 2021] [proxy_fcgi:error] [pid 4136701:tid 139671464015616] [client 118.122.118.189:20676] AH01071: Got error 'Primary script unknown\n'
[Wed Jun 16 08:06:17.518201 2021] [proxy_fcgi:error] [pid 4136701:tid 139671380088576] [client 118.122.118.189:26147] AH01071: Got error 'Primary script unknown\n'
[Wed Jun 16 08:06:18.142221 2021] [proxy_fcgi:error] [pid 4136701:tid 139671472408320] [client 118.122.118.189:31459] AH01071: Got error 'Primary script unknown\n'
[Wed Jun 16 08:06:20.437567 2021] [proxy_fcgi:error] [pid 4098675:tid 139671430444800] [client 118.122.118.189:52737] AH01071: Got error 'Primary script unknown\n'
[Wed Jun 16 08:06:21.000177 2021] [proxy_fcgi:error] [pid 4136701:tid 139671522764544] [client 118.122.118.189:58530] AH01071: Got error 'Primary script unknown\n'
[Wed Jun 16 08:06:21.546562 2021] [proxy_fcgi:error] [pid 4136701:tid 139671438837504] [client 118.122.118.189:63649] AH01071: Got error 'Primary script unknown\n'
[Wed Jun 16 08:06:22.101586 2021] [proxy_fcgi:error] [pid 4136701:tid 139671396873984] [client 118.122.118.189:5538] AH01071: Got error 'Primary script unknown\n'
[Wed Jun 16 08:06:22.612600 2021] [proxy_fcgi:error] [pid 4136701:tid 139671497586432] [client 118.122.118.189:10241] AH01071: Got error 'Primary script unknown\n'
[Wed Jun 16 08:06:23.138663 2021] [proxy_fcgi:error] [pid 4136701:tid 139671634392832] [client 118.122.118.189:14657] AH01071: Got error 'Primary script unknown\n'
[Wed Jun 16 08:06:23.707419 2021] [proxy_fcgi:error] [pid 4136701:tid 139671531157248] [client 118.122.118.189:19809] AH01071: Got error 'Primary script unknown\n'
[Wed Jun 16 08:06:24.262760 2021] [proxy_fcgi:error] [pid 4098675:tid 139671480801024] [client 118.122.118.189:25473] AH01071: Got error 'Primary script unknown\n'
[Wed Jun 16 08:06:24.798109 2021] [proxy_fcgi:error] [pid 4136701:tid 139671430444800] [client 118.122.118.189:30467] AH01071: Got error 'Primary script unknown\n'
[Wed Jun 16 08:06:25.367399 2021] [proxy_fcgi:error] [pid 4136701:tid 139671405266688] [client 118.122.118.189:36035] AH01071: Got error 'Primary script unknown\n'
[Wed Jun 16 08:06:25.924890 2021] [proxy_fcgi:error] [pid 4136701:tid 139671617607424] [client 118.122.118.189:41089] AH01071: Got error 'Primary script unknown\n'
[Wed Jun 16 08:06:26.476799 2021] [proxy_fcgi:error] [pid 4136701:tid 139671514371840] [client 118.122.118.189:46337] AH01071: Got error 'Primary script unknown\n'
[Wed Jun 16 08:06:27.049205 2021] [proxy_fcgi:error] [pid 4136701:tid 139671422052096] [client 118.122.118.189:51746] AH01071: Got error 'Primary script unknown\n'
[Wed Jun 16 08:06:27.575671 2021] [proxy_fcgi:error] [pid 4136701:tid 139671363303168] [client 118.122.118.189:57346] AH01071: Got error 'Primary script unknown\n'
[Wed Jun 16 08:06:28.129061 2021] [proxy_fcgi:error] [pid 4136701:tid 139671388481280] [client 118.122.118.189:61857] AH01071: Got error 'Primary script unknown\n'
[Wed Jun 16 08:06:28.669378 2021] [proxy_fcgi:error] [pid 4136701:tid 139671522764544] [client 118.122.118.189:3682] AH01071: Got error 'Primary script unknown\n'
[Wed Jun 16 08:06:29.203962 2021] [proxy_fcgi:error] [pid 4136701:tid 139671505979136] [client 118.122.118.189:8769] AH01071: Got error 'Primary script unknown\n'
[Wed Jun 16 08:06:29.721508 2021] [proxy_fcgi:error] [pid 4098675:tid 139671522764544] [client 118.122.118.189:13922] AH01071: Got error 'Primary script unknown\n'
[Wed Jun 16 08:06:30.261155 2021] [proxy_fcgi:error] [pid 4136701:tid 139671609214720] [client 118.122.118.189:19235] AH01071: Got error 'Primary script unknown\n'
[Wed Jun 16 08:06:30.831155 2021] [proxy_fcgi:error] [pid 4136701:tid 139671489193728] [client 118.122.118.189:24452] AH01071: Got error 'Primary script unknown\n'
[Wed Jun 16 08:06:31.392622 2021] [proxy_fcgi:error] [pid 4136701:tid 139671626000128] [client 118.122.118.189:29249] AH01071: Got error 'Primary script unknown\n'
[Wed Jun 16 08:06:31.959196 2021] [proxy_fcgi:error] [pid 4136701:tid 139671480801024] [client 118.122.118.189:34307] AH01071: Got error 'Primary script unknown\n'
[Wed Jun 16 08:06:32.547800 2021] [proxy_fcgi:error] [pid 4136701:tid 139671413659392] [client 118.122.118.189:39745] AH01071: Got error 'Primary script unknown\n'
[Wed Jun 16 08:06:33.094421 2021] [proxy_fcgi:error] [pid 4136701:tid 139671455622912] [client 118.122.118.189:45155] AH01071: Got error 'Primary script unknown\n'
[Wed Jun 16 08:06:33.624711 2021] [proxy_fcgi:error] [pid 4136701:tid 139671371695872] [client 118.122.118.189:50947] AH01071: Got error 'Primary script unknown\n'
[Wed Jun 16 08:06:34.145396 2021] [proxy_fcgi:error] [pid 4136701:tid 139671464015616] [client 118.122.118.189:55585] AH01071: Got error 'Primary script unknown\n'
[Wed Jun 16 08:06:34.697828 2021] [proxy_fcgi:error] [pid 4136701:tid 139671380088576] [client 118.122.118.189:60321] AH01071: Got error 'Primary script unknown\n'
[Wed Jun 16 08:06:35.213243 2021] [proxy_fcgi:error] [pid 4136701:tid 139671472408320] [client 118.122.118.189:2178] AH01071: Got error 'Primary script unknown\n'
[Wed Jun 16 08:06:35.766128 2021] [proxy_fcgi:error] [pid 4136701:tid 139671522764544] [client 118.122.118.189:7426] AH01071: Got error 'Primary script unknown\n'
[Wed Jun 16 08:06:36.441435 2021] [proxy_fcgi:error] [pid 4136701:tid 139671438837504] [client 118.122.118.189:13315] AH01071: Got error 'Primary script unknown\n'
[Wed Jun 16 08:06:36.953932 2021] [proxy_fcgi:error] [pid 4136701:tid 139671396873984] [client 118.122.118.189:17633] AH01071: Got error 'Primary script unknown\n'
[Wed Jun 16 08:06:37.526434 2021] [proxy_fcgi:error] [pid 4136701:tid 139671497586432] [client 118.122.118.189:21441] AH01071: Got error 'Primary script unknown\n'
[Wed Jun 16 08:06:38.062810 2021] [proxy_fcgi:error] [pid 4136701:tid 139671634392832] [client 118.122.118.189:26338] AH01071: Got error 'Primary script unknown\n'
[Wed Jun 16 08:06:38.604983 2021] [proxy_fcgi:error] [pid 4136701:tid 139671531157248] [client 118.122.118.189:31457] AH01071: Got error 'Primary script unknown\n'
[Wed Jun 16 08:06:39.697406 2021] [proxy_fcgi:error] [pid 4136701:tid 139671405266688] [client 118.122.118.189:42178] AH01071: Got error 'Primary script unknown\n'
[Wed Jun 16 08:06:41.839214 2021] [proxy_fcgi:error] [pid 4136701:tid 139671422052096] [client 118.122.118.189:62020] AH01071: Got error 'Primary script unknown\n'
[Wed Jun 16 08:06:42.371293 2021] [proxy_fcgi:error] [pid 4136701:tid 139671363303168] [client 118.122.118.189:4097] AH01071: Got error 'Primary script unknown\n'
[Wed Jun 16 08:06:42.916245 2021] [proxy_fcgi:error] [pid 4136701:tid 139671388481280] [client 118.122.118.189:8738] AH01071: Got error 'Primary script unknown\n'
[Wed Jun 16 08:06:43.457721 2021] [proxy_fcgi:error] [pid 4136701:tid 139671447230208] [client 118.122.118.189:13539] AH01071: Got error 'Primary script unknown\n'
[Wed Jun 16 08:06:43.983080 2021] [proxy_fcgi:error] [pid 4136701:tid 139671505979136] [client 118.122.118.189:18051] AH01071: Got error 'Primary script unknown\n'
[Wed Jun 16 08:06:44.516190 2021] [proxy_fcgi:error] [pid 4136701:tid 139671609214720] [client 118.122.118.189:23044] AH01071: Got error 'Primary script unknown\n'
[Wed Jun 16 08:06:45.079554 2021] [proxy_fcgi:error] [pid 4136701:tid 139671489193728] [client 118.122.118.189:27713] AH01071: Got error 'Primary script unknown\n'
[Wed Jun 16 08:06:45.622111 2021] [proxy_fcgi:error] [pid 4136701:tid 139671634392832] [client 118.122.118.189:33283] AH01071: Got error 'Primary script unknown\n'
[Wed Jun 16 08:06:46.180272 2021] [proxy_fcgi:error] [pid 4136701:tid 139671480801024] [client 118.122.118.189:38209] AH01071: Got error 'Primary script unknown\n'
[Wed Jun 16 08:06:46.771693 2021] [proxy_fcgi:error] [pid 4098675:tid 139671626000128] [client 118.122.118.189:43105] AH01071: Got error 'Primary script unknown\n'
[Wed Jun 16 08:06:47.339224 2021] [proxy_fcgi:error] [pid 4136701:tid 139671413659392] [client 118.122.118.189:47714] AH01071: Got error 'Primary script unknown\n'
[Wed Jun 16 08:06:47.893297 2021] [proxy_fcgi:error] [pid 4136701:tid 139671455622912] [client 118.122.118.189:52642] AH01071: Got error 'Primary script unknown\n'
[Wed Jun 16 08:06:49.456050 2021] [proxy_fcgi:error] [pid 4136701:tid 139671371695872] [client 118.122.118.189:57825] AH01071: Got error 'Primary script unknown\n'
[Wed Jun 16 08:06:50.045635 2021] [proxy_fcgi:error] [pid 4136701:tid 139671464015616] [client 118.122.118.189:7362] AH01071: Got error 'Primary script unknown\n'
[Wed Jun 16 08:06:50.582128 2021] [proxy_fcgi:error] [pid 4136701:tid 139671380088576] [client 118.122.118.189:13188] AH01071: Got error 'Primary script unknown\n'
[Wed Jun 16 08:06:51.119026 2021] [proxy_fcgi:error] [pid 4136701:tid 139671472408320] [client 118.122.118.189:18177] AH01071: Got error 'Primary script unknown\n'
[Wed Jun 16 08:06:51.627524 2021] [proxy_fcgi:error] [pid 4136701:tid 139671522764544] [client 118.122.118.189:23619] AH01071: Got error 'Primary script unknown\n'
[Wed Jun 16 08:06:53.227416 2021] [proxy_fcgi:error] [pid 4136701:tid 139671438837504] [client 118.122.118.189:27874] AH01071: Got error 'Primary script unknown\n'
[Wed Jun 16 08:06:53.843724 2021] [proxy_fcgi:error] [pid 4098675:tid 139671514371840] [client 118.122.118.189:42402] AH01071: Got error 'Primary script unknown\n'
[Wed Jun 16 08:06:54.438510 2021] [proxy_fcgi:error] [pid 4136701:tid 139671396873984] [client 118.122.118.189:47426] AH01071: Got error 'Primary script unknown\n'
[Wed Jun 16 08:06:55.107339 2021] [proxy_fcgi:error] [pid 4136701:tid 139671609214720] [client 118.122.118.189:52417] AH01071: Got error 'Primary script unknown\n'
[Wed Jun 16 08:06:56.716628 2021] [proxy_fcgi:error] [pid 4136701:tid 139671634392832] [client 118.122.118.189:57826] AH01071: Got error 'Primary script unknown\n'
[Wed Jun 16 08:06:57.285553 2021] [proxy_fcgi:error] [pid 4098675:tid 139671380088576] [client 118.122.118.189:10211] AH01071: Got error 'Primary script unknown\n'
[Wed Jun 16 08:06:57.811896 2021] [proxy_fcgi:error] [pid 4136701:tid 139671531157248] [client 118.122.118.189:14914] AH01071: Got error 'Primary script unknown\n'
[Wed Jun 16 08:06:58.348547 2021] [proxy_fcgi:error] [pid 4136701:tid 139671430444800] [client 118.122.118.189:19811] AH01071: Got error 'Primary script unknown\n'
[Wed Jun 16 08:06:58.881426 2021] [proxy_fcgi:error] [pid 4136701:tid 139671405266688] [client 118.122.118.189:24417] AH01071: Got error 'Primary script unknown\n'
[Wed Jun 16 08:06:59.432435 2021] [proxy_fcgi:error] [pid 4098675:tid 139671413659392] [client 118.122.118.189:29508] AH01071: Got error 'Primary script unknown\n'
[Wed Jun 16 08:06:59.938046 2021] [proxy_fcgi:error] [pid 4136701:tid 139671617607424] [client 118.122.118.189:34595] AH01071: Got error 'Primary script unknown\n'
[Wed Jun 16 08:07:00.467892 2021] [proxy_fcgi:error] [pid 4136701:tid 139671514371840] [client 118.122.118.189:39875] AH01071: Got error 'Primary script unknown\n'
[Wed Jun 16 08:07:01.019415 2021] [proxy_fcgi:error] [pid 4136701:tid 139671422052096] [client 118.122.118.189:44325] AH01071: Got error 'Primary script unknown\n'
[Wed Jun 16 08:07:01.571542 2021] [proxy_fcgi:error] [pid 4136701:tid 139671363303168] [client 118.122.118.189:49186] AH01071: Got error 'Primary script unknown\n'
[Wed Jun 16 08:07:02.124837 2021] [proxy_fcgi:error] [pid 4136701:tid 139671388481280] [client 118.122.118.189:54148] AH01071: Got error 'Primary script unknown\n'
[Wed Jun 16 08:07:03.740603 2021] [proxy_fcgi:error] [pid 4136701:tid 139671447230208] [client 118.122.118.189:59619] AH01071: Got error 'Primary script unknown\n'
[Wed Jun 16 08:07:04.338072 2021] [proxy_fcgi:error] [pid 4098675:tid 139671634392832] [client 118.122.118.189:12129] AH01071: Got error 'Primary script unknown\n'
[Wed Jun 16 08:07:04.899328 2021] [proxy_fcgi:error] [pid 4136701:tid 139671505979136] [client 118.122.118.189:17250] AH01071: Got error 'Primary script unknown\n'
[Wed Jun 16 08:07:05.417465 2021] [proxy_fcgi:error] [pid 4136701:tid 139671609214720] [client 118.122.118.189:22083] AH01071: Got error 'Primary script unknown\n'
[Wed Jun 16 08:07:05.978543 2021] [proxy_fcgi:error] [pid 4136701:tid 139671489193728] [client 118.122.118.189:27235] AH01071: Got error 'Primary script unknown\n'
[Wed Jun 16 08:07:06.516793 2021] [proxy_fcgi:error] [pid 4136701:tid 139671626000128] [client 118.122.118.189:32769] AH01071: Got error 'Primary script unknown\n'
[Wed Jun 16 08:07:07.054785 2021] [proxy_fcgi:error] [pid 4136701:tid 139671480801024] [client 118.122.118.189:36962] AH01071: Got error 'Primary script unknown\n'
[Wed Jun 16 08:07:07.581053 2021] [proxy_fcgi:error] [pid 4136701:tid 139671413659392] [client 118.122.118.189:41666] AH01071: Got error 'Primary script unknown\n'
[Wed Jun 16 08:07:08.118254 2021] [proxy_fcgi:error] [pid 4136701:tid 139671455622912] [client 118.122.118.189:46305] AH01071: Got error 'Primary script unknown\n'
[Wed Jun 16 08:07:08.663951 2021] [proxy_fcgi:error] [pid 4136701:tid 139671371695872] [client 118.122.118.189:51361] AH01071: Got error 'Primary script unknown\n'
[Wed Jun 16 08:07:09.241671 2021] [proxy_fcgi:error] [pid 4136701:tid 139671464015616] [client 118.122.118.189:56547] AH01071: Got error 'Primary script unknown\n'
[Wed Jun 16 08:07:09.797399 2021] [proxy_fcgi:error] [pid 4136701:tid 139671380088576] [client 118.122.118.189:61377] AH01071: Got error 'Primary script unknown\n'
[Wed Jun 16 08:07:10.353775 2021] [proxy_fcgi:error] [pid 4136701:tid 139671472408320] [client 118.122.118.189:3298] AH01071: Got error 'Primary script unknown\n'
[Wed Jun 16 08:07:10.903866 2021] [proxy_fcgi:error] [pid 4098675:tid 139671455622912] [client 118.122.118.189:8101] AH01071: Got error 'Primary script unknown\n'
[Wed Jun 16 08:07:11.484079 2021] [proxy_fcgi:error] [pid 4136701:tid 139671522764544] [client 118.122.118.189:13345] AH01071: Got error 'Primary script unknown\n'
[Wed Jun 16 08:07:12.028525 2021] [proxy_fcgi:error] [pid 4136701:tid 139671438837504] [client 118.122.118.189:18498] AH01071: Got error 'Primary script unknown\n'
[Wed Jun 16 08:07:12.611143 2021] [proxy_fcgi:error] [pid 4136701:tid 139671396873984] [client 118.122.118.189:23585] AH01071: Got error 'Primary script unknown\n'
[Wed Jun 16 08:07:13.180994 2021] [proxy_fcgi:error] [pid 4136701:tid 139671497586432] [client 118.122.118.189:28514] AH01071: Got error 'Primary script unknown\n'
[Wed Jun 16 08:07:13.720823 2021] [proxy_fcgi:error] [pid 4136701:tid 139671634392832] [client 118.122.118.189:33249] AH01071: Got error 'Primary script unknown\n'
[Wed Jun 16 08:07:14.267600 2021] [proxy_fcgi:error] [pid 4136701:tid 139671531157248] [client 118.122.118.189:38113] AH01071: Got error 'Primary script unknown\n'
[Wed Jun 16 08:07:14.790413 2021] [proxy_fcgi:error] [pid 4136701:tid 139671430444800] [client 118.122.118.189:42881] AH01071: Got error 'Primary script unknown\n'
[Wed Jun 16 08:07:15.343113 2021] [proxy_fcgi:error] [pid 4136701:tid 139671405266688] [client 118.122.118.189:47777] AH01071: Got error 'Primary script unknown\n'
[Wed Jun 16 08:07:15.914176 2021] [proxy_fcgi:error] [pid 4098675:tid 139671422052096] [client 118.122.118.189:52675] AH01071: Got error 'Primary script unknown\n'
[Wed Jun 16 08:07:16.451414 2021] [proxy_fcgi:error] [pid 4136701:tid 139671617607424] [client 118.122.118.189:58146] AH01071: Got error 'Primary script unknown\n'
[Wed Jun 16 08:07:16.989618 2021] [proxy_fcgi:error] [pid 4136701:tid 139671514371840] [client 118.122.118.189:62497] AH01071: Got error 'Primary script unknown\n'
[Wed Jun 16 08:07:17.572955 2021] [proxy_fcgi:error] [pid 4136701:tid 139671422052096] [client 118.122.118.189:4899] AH01071: Got error 'Primary script unknown\n'
[Wed Jun 16 08:07:18.116454 2021] [proxy_fcgi:error] [pid 4136701:tid 139671363303168] [client 118.122.118.189:9858] AH01071: Got error 'Primary script unknown\n'
[Wed Jun 16 08:07:18.639464 2021] [proxy_fcgi:error] [pid 4136701:tid 139671388481280] [client 118.122.118.189:15073] AH01071: Got error 'Primary script unknown\n'
[Wed Jun 16 08:07:19.182064 2021] [proxy_fcgi:error] [pid 4136701:tid 139671447230208] [client 118.122.118.189:19875] AH01071: Got error 'Primary script unknown\n'
[Wed Jun 16 08:07:19.757363 2021] [proxy_fcgi:error] [pid 4136701:tid 139671505979136] [client 118.122.118.189:24801] AH01071: Got error 'Primary script unknown\n'
[Wed Jun 16 08:07:20.297408 2021] [proxy_fcgi:error] [pid 4136701:tid 139671609214720] [client 118.122.118.189:29762] AH01071: Got error 'Primary script unknown\n'
[Wed Jun 16 08:07:20.824527 2021] [proxy_fcgi:error] [pid 4136701:tid 139671489193728] [client 118.122.118.189:34690] AH01071: Got error 'Primary script unknown\n'
[Wed Jun 16 08:07:21.367303 2021] [proxy_fcgi:error] [pid 4136701:tid 139671626000128] [client 118.122.118.189:39971] AH01071: Got error 'Primary script unknown\n'
[Wed Jun 16 08:07:21.930347 2021] [proxy_fcgi:error] [pid 4136701:tid 139671480801024] [client 118.122.118.189:44610] AH01071: Got error 'Primary script unknown\n'
[Wed Jun 16 08:07:22.473888 2021] [proxy_fcgi:error] [pid 4136701:tid 139671413659392] [client 118.122.118.189:50017] AH01071: Got error 'Primary script unknown\n'
[Wed Jun 16 08:07:24.468964 2021] [proxy_fcgi:error] [pid 4098675:tid 139671609214720] [client 118.122.118.189:4610] AH01071: Got error 'Primary script unknown\n'
[Wed Jun 16 08:07:29.022404 2021] [proxy_fcgi:error] [pid 4136701:tid 139671455622912] [client 118.122.118.189:45828] AH01071: Got error 'Primary script unknown\n'
[Wed Jun 16 08:07:29.562310 2021] [proxy_fcgi:error] [pid 4136701:tid 139671371695872] [client 118.122.118.189:51618] AH01071: Got error 'Primary script unknown\n'
[Wed Jun 16 08:07:30.103425 2021] [proxy_fcgi:error] [pid 4136701:tid 139671464015616] [client 118.122.118.189:56835] AH01071: Got error 'Primary script unknown\n'
[Wed Jun 16 08:07:30.647110 2021] [proxy_fcgi:error] [pid 4136701:tid 139671422052096] [client 118.122.118.189:62113] AH01071: Got error 'Primary script unknown\n'
[Wed Jun 16 08:07:31.215791 2021] [proxy_fcgi:error] [pid 4098675:tid 139671505979136] [client 118.122.118.189:4321] AH01071: Got error 'Primary script unknown\n'
[Wed Jun 16 08:07:31.789205 2021] [proxy_fcgi:error] [pid 4136701:tid 139671472408320] [client 118.122.118.189:9441] AH01071: Got error 'Primary script unknown\n'
[Wed Jun 16 08:07:32.348572 2021] [proxy_fcgi:error] [pid 4098675:tid 139671371695872] [client 118.122.118.189:14820] AH01071: Got error 'Primary script unknown\n'
[Wed Jun 16 08:07:32.893709 2021] [proxy_fcgi:error] [pid 4136701:tid 139671522764544] [client 118.122.118.189:20322] AH01071: Got error 'Primary script unknown\n'
[Wed Jun 16 08:07:33.952866 2021] [proxy_fcgi:error] [pid 4098675:tid 139671363303168] [client 118.122.118.189:30306] AH01071: Got error 'Primary script unknown\n'
[Wed Jun 16 08:07:34.490402 2021] [proxy_fcgi:error] [pid 4136701:tid 139671396873984] [client 118.122.118.189:35651] AH01071: Got error 'Primary script unknown\n'
[Wed Jun 16 08:07:35.074998 2021] [proxy_fcgi:error] [pid 4136701:tid 139671497586432] [client 118.122.118.189:40835] AH01071: Got error 'Primary script unknown\n'
[Wed Jun 16 08:07:35.632872 2021] [proxy_fcgi:error] [pid 4136701:tid 139671634392832] [client 118.122.118.189:46596] AH01071: Got error 'Primary script unknown\n'
[Wed Jun 16 08:07:36.191208 2021] [proxy_fcgi:error] [pid 4136701:tid 139671531157248] [client 118.122.118.189:51907] AH01071: Got error 'Primary script unknown\n'
[Wed Jun 16 08:07:36.762229 2021] [proxy_fcgi:error] [pid 4136701:tid 139671430444800] [client 118.122.118.189:57153] AH01071: Got error 'Primary script unknown\n'
[Wed Jun 16 08:07:37.302317 2021] [proxy_fcgi:error] [pid 4136701:tid 139671405266688] [client 118.122.118.189:62148] AH01071: Got error 'Primary script unknown\n'
[Wed Jun 16 08:07:38.929086 2021] [proxy_fcgi:error] [pid 4136701:tid 139671617607424] [client 118.122.118.189:2881] AH01071: Got error 'Primary script unknown\n'
[Wed Jun 16 08:07:39.511108 2021] [proxy_fcgi:error] [pid 4136701:tid 139671514371840] [client 118.122.118.189:19137] AH01071: Got error 'Primary script unknown\n'
[Wed Jun 16 08:07:40.069654 2021] [proxy_fcgi:error] [pid 4136701:tid 139671422052096] [client 118.122.118.189:23809] AH01071: Got error 'Primary script unknown\n'
[Wed Jun 16 08:07:40.602826 2021] [proxy_fcgi:error] [pid 4136701:tid 139671363303168] [client 118.122.118.189:28481] AH01071: Got error 'Primary script unknown\n'
[Wed Jun 16 08:07:41.151621 2021] [proxy_fcgi:error] [pid 4136701:tid 139671388481280] [client 118.122.118.189:33124] AH01071: Got error 'Primary script unknown\n'
[Wed Jun 16 08:07:41.692328 2021] [proxy_fcgi:error] [pid 4136701:tid 139671447230208] [client 118.122.118.189:38561] AH01071: Got error 'Primary script unknown\n'
[Wed Jun 16 08:07:42.249896 2021] [proxy_fcgi:error] [pid 4136701:tid 139671505979136] [client 118.122.118.189:43746] AH01071: Got error 'Primary script unknown\n'
[Wed Jun 16 08:07:42.806452 2021] [proxy_fcgi:error] [pid 4136701:tid 139671609214720] [client 118.122.118.189:48865] AH01071: Got error 'Primary script unknown\n'
[Wed Jun 16 08:07:43.373415 2021] [proxy_fcgi:error] [pid 4136701:tid 139671489193728] [client 118.122.118.189:54017] AH01071: Got error 'Primary script unknown\n'
[Wed Jun 16 08:07:43.963817 2021] [proxy_fcgi:error] [pid 4136701:tid 139671626000128] [client 118.122.118.189:58689] AH01071: Got error 'Primary script unknown\n'
[Wed Jun 16 08:07:44.620287 2021] [proxy_fcgi:error] [pid 4136701:tid 139671480801024] [client 118.122.118.189:64162] AH01071: Got error 'Primary script unknown\n'
[Wed Jun 16 08:07:45.209118 2021] [proxy_fcgi:error] [pid 4136701:tid 139671413659392] [client 118.122.118.189:6786] AH01071: Got error 'Primary script unknown\n'
[Wed Jun 16 08:07:45.844131 2021] [proxy_fcgi:error] [pid 4136701:tid 139671455622912] [client 118.122.118.189:12097] AH01071: Got error 'Primary script unknown\n'
[Wed Jun 16 08:07:46.429982 2021] [proxy_fcgi:error] [pid 4136701:tid 139671371695872] [client 118.122.118.189:17441] AH01071: Got error 'Primary script unknown\n'
[Wed Jun 16 08:07:47.001317 2021] [proxy_fcgi:error] [pid 4136701:tid 139671464015616] [client 118.122.118.189:21730] AH01071: Got error 'Primary script unknown\n'
[Wed Jun 16 08:07:47.650564 2021] [proxy_fcgi:error] [pid 4136701:tid 139671380088576] [client 118.122.118.189:27362] AH01071: Got error 'Primary script unknown\n'
[Wed Jun 16 08:07:48.214308 2021] [proxy_fcgi:error] [pid 4136701:tid 139671472408320] [client 118.122.118.189:32547] AH01071: Got error 'Primary script unknown\n'
[Wed Jun 16 08:07:48.770802 2021] [proxy_fcgi:error] [pid 4098675:tid 139671489193728] [client 118.122.118.189:37859] AH01071: Got error 'Primary script unknown\n'
[Wed Jun 16 08:07:50.341987 2021] [proxy_fcgi:error] [pid 4136701:tid 139671522764544] [client 118.122.118.189:42561] AH01071: Got error 'Primary script unknown\n'
[Wed Jun 16 08:07:58.849721 2021] [proxy_fcgi:error] [pid 4136701:tid 139671438837504] [client 118.122.118.189:64451] AH01071: Got error 'Primary script unknown\n'
[Wed Jun 16 08:07:59.379268 2021] [proxy_fcgi:error] [pid 4136701:tid 139671396873984] [client 118.122.118.189:6947] AH01071: Got error 'Primary script unknown\n'
[Wed Jun 16 08:07:59.915527 2021] [proxy_fcgi:error] [pid 4136701:tid 139671497586432] [client 118.122.118.189:12260] AH01071: Got error 'Primary script unknown\n'
[Wed Jun 16 08:08:00.465599 2021] [proxy_fcgi:error] [pid 4098675:tid 139671438837504] [client 118.122.118.189:17729] AH01071: Got error 'Primary script unknown\n'
[Wed Jun 16 08:08:00.980945 2021] [proxy_fcgi:error] [pid 4136701:tid 139671634392832] [client 118.122.118.189:22625] AH01071: Got error 'Primary script unknown\n'
[Wed Jun 16 08:08:01.552186 2021] [proxy_fcgi:error] [pid 4136701:tid 139671531157248] [client 118.122.118.189:26978] AH01071: Got error 'Primary script unknown\n'
[Wed Jun 16 08:08:02.109496 2021] [proxy_fcgi:error] [pid 4136701:tid 139671430444800] [client 118.122.118.189:32097] AH01071: Got error 'Primary script unknown\n'
[Wed Jun 16 08:08:02.647447 2021] [proxy_fcgi:error] [pid 4136701:tid 139671405266688] [client 118.122.118.189:37410] AH01071: Got error 'Primary script unknown\n'
[Wed Jun 16 08:08:03.193750 2021] [proxy_fcgi:error] [pid 4136701:tid 139671617607424] [client 118.122.118.189:42627] AH01071: Got error 'Primary script unknown\n'
[Wed Jun 16 08:08:03.723882 2021] [proxy_fcgi:error] [pid 4136701:tid 139671514371840] [client 118.122.118.189:47715] AH01071: Got error 'Primary script unknown\n'
[Wed Jun 16 08:08:04.245253 2021] [proxy_fcgi:error] [pid 4136701:tid 139671422052096] [client 118.122.118.189:52354] AH01071: Got error 'Primary script unknown\n'
[Wed Jun 16 08:08:04.761204 2021] [proxy_fcgi:error] [pid 4136701:tid 139671363303168] [client 118.122.118.189:56770] AH01071: Got error 'Primary script unknown\n'
[Wed Jun 16 08:08:05.302217 2021] [proxy_fcgi:error] [pid 4136701:tid 139671388481280] [client 118.122.118.189:61601] AH01071: Got error 'Primary script unknown\n'
[Wed Jun 16 08:08:05.844495 2021] [proxy_fcgi:error] [pid 4136701:tid 139671447230208] [client 118.122.118.189:3875] AH01071: Got error 'Primary script unknown\n'
[Wed Jun 16 08:08:06.422152 2021] [proxy_fcgi:error] [pid 4136701:tid 139671505979136] [client 118.122.118.189:9507] AH01071: Got error 'Primary script unknown\n'
[Wed Jun 16 08:08:06.964339 2021] [proxy_fcgi:error] [pid 4136701:tid 139671609214720] [client 118.122.118.189:14212] AH01071: Got error 'Primary script unknown\n'
[Wed Jun 16 08:08:07.479318 2021] [proxy_fcgi:error] [pid 4098675:tid 139671464015616] [client 118.122.118.189:18689] AH01071: Got error 'Primary script unknown\n'
[Wed Jun 16 08:08:08.004107 2021] [proxy_fcgi:error] [pid 4136701:tid 139671489193728] [client 118.122.118.189:23041] AH01071: Got error 'Primary script unknown\n'
[Wed Jun 16 08:08:08.550481 2021] [proxy_fcgi:error] [pid 4136701:tid 139671626000128] [client 118.122.118.189:28161] AH01071: Got error 'Primary script unknown\n'
[Wed Jun 16 08:08:09.069202 2021] [proxy_fcgi:error] [pid 4136701:tid 139671480801024] [client 118.122.118.189:32931] AH01071: Got error 'Primary script unknown\n'
[Wed Jun 16 08:08:09.598350 2021] [proxy_fcgi:error] [pid 4136701:tid 139671413659392] [client 118.122.118.189:38306] AH01071: Got error 'Primary script unknown\n'
[Wed Jun 16 08:08:10.151243 2021] [proxy_fcgi:error] [pid 4136701:tid 139671455622912] [client 118.122.118.189:42689] AH01071: Got error 'Primary script unknown\n'
[Wed Jun 16 08:08:10.676521 2021] [proxy_fcgi:error] [pid 4136701:tid 139671371695872] [client 118.122.118.189:47297] AH01071: Got error 'Primary script unknown\n'
[Wed Jun 16 08:08:11.207143 2021] [proxy_fcgi:error] [pid 4136701:tid 139671464015616] [client 118.122.118.189:51843] AH01071: Got error 'Primary script unknown\n'
[Wed Jun 16 08:08:11.789855 2021] [proxy_fcgi:error] [pid 4136701:tid 139671380088576] [client 118.122.118.189:56801] AH01071: Got error 'Primary script unknown\n'
[Wed Jun 16 08:08:12.329326 2021] [proxy_fcgi:error] [pid 4136701:tid 139671472408320] [client 118.122.118.189:62082] AH01071: Got error 'Primary script unknown\n'
[Wed Jun 16 08:08:12.900233 2021] [proxy_fcgi:error] [pid 4136701:tid 139671522764544] [client 118.122.118.189:4002] AH01071: Got error 'Primary script unknown\n'
[Wed Jun 16 08:08:13.503524 2021] [proxy_fcgi:error] [pid 4136701:tid 139671438837504] [client 118.122.118.189:9217] AH01071: Got error 'Primary script unknown\n'
[Wed Jun 16 08:08:14.048461 2021] [proxy_fcgi:error] [pid 4136701:tid 139671396873984] [client 118.122.118.189:14017] AH01071: Got error 'Primary script unknown\n'
[Wed Jun 16 08:08:14.633309 2021] [proxy_fcgi:error] [pid 4136701:tid 139671497586432] [client 118.122.118.189:19234] AH01071: Got error 'Primary script unknown\n'
[Wed Jun 16 08:08:16.177099 2021] [proxy_fcgi:error] [pid 4136701:tid 139671634392832] [client 118.122.118.189:24676] AH01071: Got error 'Primary script unknown\n'
[Wed Jun 16 08:08:16.729826 2021] [proxy_fcgi:error] [pid 4136701:tid 139671531157248] [client 118.122.118.189:38625] AH01071: Got error 'Primary script unknown\n'
[Wed Jun 16 08:08:17.295553 2021] [proxy_fcgi:error] [pid 4136701:tid 139671430444800] [client 118.122.118.189:43937] AH01071: Got error 'Primary script unknown\n'
[Wed Jun 16 08:08:17.856280 2021] [proxy_fcgi:error] [pid 4136701:tid 139671405266688] [client 118.122.118.189:48994] AH01071: Got error 'Primary script unknown\n'
[Wed Jun 16 08:08:18.389419 2021] [proxy_fcgi:error] [pid 4136701:tid 139671617607424] [client 118.122.118.189:54498] AH01071: Got error 'Primary script unknown\n'
[Wed Jun 16 08:08:18.913998 2021] [proxy_fcgi:error] [pid 4136701:tid 139671514371840] [client 118.122.118.189:58947] AH01071: Got error 'Primary script unknown\n'
[Wed Jun 16 08:08:19.466809 2021] [proxy_fcgi:error] [pid 4136701:tid 139671422052096] [client 118.122.118.189:63553] AH01071: Got error 'Primary script unknown\n'
[Wed Jun 16 08:08:19.988233 2021] [proxy_fcgi:error] [pid 4136701:tid 139671363303168] [client 118.122.118.189:5156] AH01071: Got error 'Primary script unknown\n'
[Wed Jun 16 08:08:20.520407 2021] [proxy_fcgi:error] [pid 4136701:tid 139671388481280] [client 118.122.118.189:9859] AH01071: Got error 'Primary script unknown\n'
[Wed Jun 16 08:08:21.105694 2021] [proxy_fcgi:error] [pid 4136701:tid 139671447230208] [client 118.122.118.189:15141] AH01071: Got error 'Primary script unknown\n'
[Wed Jun 16 08:08:21.805210 2021] [proxy_fcgi:error] [pid 4136701:tid 139671505979136] [client 118.122.118.189:20834] AH01071: Got error 'Primary script unknown\n'
[Wed Jun 16 08:08:22.370075 2021] [proxy_fcgi:error] [pid 4136701:tid 139671609214720] [client 118.122.118.189:26178] AH01071: Got error 'Primary script unknown\n'
[Wed Jun 16 08:08:22.901724 2021] [proxy_fcgi:error] [pid 4136701:tid 139671489193728] [client 118.122.118.189:30850] AH01071: Got error 'Primary script unknown\n'
[Wed Jun 16 08:08:23.517642 2021] [proxy_fcgi:error] [pid 4136701:tid 139671626000128] [client 118.122.118.189:35649] AH01071: Got error 'Primary script unknown\n'
[Wed Jun 16 08:08:24.106324 2021] [proxy_fcgi:error] [pid 4136701:tid 139671480801024] [client 118.122.118.189:41569] AH01071: Got error 'Primary script unknown\n'
[Wed Jun 16 08:08:24.673965 2021] [proxy_fcgi:error] [pid 4136701:tid 139671413659392] [client 118.122.118.189:47075] AH01071: Got error 'Primary script unknown\n'
[Wed Jun 16 08:08:25.223003 2021] [proxy_fcgi:error] [pid 4136701:tid 139671455622912] [client 118.122.118.189:51649] AH01071: Got error 'Primary script unknown\n'
[Wed Jun 16 08:08:25.777994 2021] [proxy_fcgi:error] [pid 4136701:tid 139671371695872] [client 118.122.118.189:56547] AH01071: Got error 'Primary script unknown\n'
[Wed Jun 16 08:08:26.338977 2021] [proxy_fcgi:error] [pid 4136701:tid 139671464015616] [client 118.122.118.189:61603] AH01071: Got error 'Primary script unknown\n'
[Wed Jun 16 08:08:26.894561 2021] [proxy_fcgi:error] [pid 4136701:tid 139671380088576] [client 118.122.118.189:3777] AH01071: Got error 'Primary script unknown\n'
[Wed Jun 16 08:08:27.452704 2021] [proxy_fcgi:error] [pid 4136701:tid 139671472408320] [client 118.122.118.189:9666] AH01071: Got error 'Primary script unknown\n'
[Wed Jun 16 08:08:27.998394 2021] [proxy_fcgi:error] [pid 4136701:tid 139671522764544] [client 118.122.118.189:14498] AH01071: Got error 'Primary script unknown\n'
[Wed Jun 16 08:08:28.517356 2021] [proxy_fcgi:error] [pid 4136701:tid 139671438837504] [client 118.122.118.189:19074] AH01071: Got error 'Primary script unknown\n'
[Wed Jun 16 08:08:29.069609 2021] [proxy_fcgi:error] [pid 4136701:tid 139671396873984] [client 118.122.118.189:23649] AH01071: Got error 'Primary script unknown\n'
[Wed Jun 16 08:08:29.633637 2021] [proxy_fcgi:error] [pid 4136701:tid 139671497586432] [client 118.122.118.189:28993] AH01071: Got error 'Primary script unknown\n'
[Wed Jun 16 08:08:30.183301 2021] [proxy_fcgi:error] [pid 4136701:tid 139671634392832] [client 118.122.118.189:34594] AH01071: Got error 'Primary script unknown\n'
[Wed Jun 16 08:08:30.740361 2021] [proxy_fcgi:error] [pid 4136701:tid 139671531157248] [client 118.122.118.189:39713] AH01071: Got error 'Primary script unknown\n'
[Wed Jun 16 08:08:31.301337 2021] [proxy_fcgi:error] [pid 4136701:tid 139671430444800] [client 118.122.118.189:44354] AH01071: Got error 'Primary script unknown\n'
[Wed Jun 16 08:08:31.837491 2021] [proxy_fcgi:error] [pid 4098675:tid 139671472408320] [client 118.122.118.189:49089] AH01071: Got error 'Primary script unknown\n'
[Wed Jun 16 08:08:32.374326 2021] [proxy_fcgi:error] [pid 4136701:tid 139671405266688] [client 118.122.118.189:54017] AH01071: Got error 'Primary script unknown\n'
[Wed Jun 16 08:08:32.984712 2021] [proxy_fcgi:error] [pid 4136701:tid 139671617607424] [client 118.122.118.189:58689] AH01071: Got error 'Primary script unknown\n'
[Wed Jun 16 08:08:33.550730 2021] [proxy_fcgi:error] [pid 4136701:tid 139671514371840] [client 118.122.118.189:63809] AH01071: Got error 'Primary script unknown\n'
[Wed Jun 16 08:08:34.113052 2021] [proxy_fcgi:error] [pid 4136701:tid 139671422052096] [client 118.122.118.189:5601] AH01071: Got error 'Primary script unknown\n'
[Wed Jun 16 08:08:34.727681 2021] [proxy_fcgi:error] [pid 4136701:tid 139671363303168] [client 118.122.118.189:10753] AH01071: Got error 'Primary script unknown\n'
[Wed Jun 16 08:08:35.276814 2021] [proxy_fcgi:error] [pid 4136701:tid 139671388481280] [client 118.122.118.189:16130] AH01071: Got error 'Primary script unknown\n'
[Wed Jun 16 08:08:35.819987 2021] [proxy_fcgi:error] [pid 4136701:tid 139671447230208] [client 118.122.118.189:20993] AH01071: Got error 'Primary script unknown\n'
[Wed Jun 16 08:08:36.416596 2021] [proxy_fcgi:error] [pid 4098675:tid 139671497586432] [client 118.122.118.189:26786] AH01071: Got error 'Primary script unknown\n'
[Wed Jun 16 08:08:37.022923 2021] [proxy_fcgi:error] [pid 4136701:tid 139671505979136] [client 118.122.118.189:32164] AH01071: Got error 'Primary script unknown\n'
[Wed Jun 16 08:08:37.617980 2021] [proxy_fcgi:error] [pid 4136701:tid 139671609214720] [client 118.122.118.189:36929] AH01071: Got error 'Primary script unknown\n'
[Wed Jun 16 08:08:38.228243 2021] [proxy_fcgi:error] [pid 4136701:tid 139671489193728] [client 118.122.118.189:42497] AH01071: Got error 'Primary script unknown\n'
[Wed Jun 16 08:08:38.761975 2021] [proxy_fcgi:error] [pid 4136701:tid 139671626000128] [client 118.122.118.189:47810] AH01071: Got error 'Primary script unknown\n'
[Wed Jun 16 08:08:39.356597 2021] [proxy_fcgi:error] [pid 4136701:tid 139671480801024] [client 118.122.118.189:53185] AH01071: Got error 'Primary script unknown\n'
[Wed Jun 16 08:08:39.915588 2021] [proxy_fcgi:error] [pid 4098675:tid 139671396873984] [client 118.122.118.189:58498] AH01071: Got error 'Primary script unknown\n'
[Wed Jun 16 08:08:40.501582 2021] [proxy_fcgi:error] [pid 4136701:tid 139671413659392] [client 118.122.118.189:63493] AH01071: Got error 'Primary script unknown\n'
[Wed Jun 16 08:08:41.081758 2021] [proxy_fcgi:error] [pid 4136701:tid 139671455622912] [client 118.122.118.189:5537] AH01071: Got error 'Primary script unknown\n'
[Wed Jun 16 08:08:41.774511 2021] [proxy_fcgi:error] [pid 4136701:tid 139671371695872] [client 118.122.118.189:11523] AH01071: Got error 'Primary script unknown\n'
[Wed Jun 16 08:08:42.412627 2021] [proxy_fcgi:error] [pid 4136701:tid 139671464015616] [client 118.122.118.189:18020] AH01071: Got error 'Primary script unknown\n'
[Wed Jun 16 08:08:43.023370 2021] [proxy_fcgi:error] [pid 4136701:tid 139671380088576] [client 118.122.118.189:23203] AH01071: Got error 'Primary script unknown\n'
[Wed Jun 16 08:08:43.595082 2021] [proxy_fcgi:error] [pid 4136701:tid 139671472408320] [client 118.122.118.189:28259] AH01071: Got error 'Primary script unknown\n'
[Wed Jun 16 08:08:44.179223 2021] [proxy_fcgi:error] [pid 4136701:tid 139671522764544] [client 118.122.118.189:32833] AH01071: Got error 'Primary script unknown\n'
[Wed Jun 16 08:08:44.748767 2021] [proxy_fcgi:error] [pid 4136701:tid 139671438837504] [client 118.122.118.189:38210] AH01071: Got error 'Primary script unknown\n'
[Wed Jun 16 08:08:45.295081 2021] [proxy_fcgi:error] [pid 4136701:tid 139671396873984] [client 118.122.118.189:43746] AH01071: Got error 'Primary script unknown\n'
[Wed Jun 16 08:08:46.822162 2021] [proxy_fcgi:error] [pid 4136701:tid 139671497586432] [client 118.122.118.189:48707] AH01071: Got error 'Primary script unknown\n'
[Wed Jun 16 08:08:47.334347 2021] [proxy_fcgi:error] [pid 4098675:tid 139671531157248] [client 118.122.118.189:56418] AH01071: Got error 'Primary script unknown\n'
[Wed Jun 16 08:08:47.872437 2021] [proxy_fcgi:error] [pid 4136701:tid 139671634392832] [client 118.122.118.189:60771] AH01071: Got error 'Primary script unknown\n'
[Wed Jun 16 08:08:48.429528 2021] [proxy_fcgi:error] [pid 4136701:tid 139671531157248] [client 118.122.118.189:3042] AH01071: Got error 'Primary script unknown\n'
[Wed Jun 16 08:08:48.970675 2021] [proxy_fcgi:error] [pid 4136701:tid 139671430444800] [client 118.122.118.189:8195] AH01071: Got error 'Primary script unknown\n'
[Wed Jun 16 08:08:49.527089 2021] [proxy_fcgi:error] [pid 4136701:tid 139671405266688] [client 118.122.118.189:12962] AH01071: Got error 'Primary script unknown\n'
[Wed Jun 16 08:08:50.213390 2021] [proxy_fcgi:error] [pid 4136701:tid 139671617607424] [client 118.122.118.189:18052] AH01071: Got error 'Primary script unknown\n'
[Wed Jun 16 08:08:50.848863 2021] [proxy_fcgi:error] [pid 4098675:tid 139671447230208] [client 118.122.118.189:24257] AH01071: Got error 'Primary script unknown\n'
[Wed Jun 16 08:08:55.450664 2021] [proxy_fcgi:error] [pid 4136701:tid 139671514371840] [client 118.122.118.189:57314] AH01071: Got error 'Primary script unknown\n'
[Wed Jun 16 08:08:55.992527 2021] [proxy_fcgi:error] [pid 4136701:tid 139671422052096] [client 118.122.118.189:62115] AH01071: Got error 'Primary script unknown\n'
[Wed Jun 16 08:08:56.572264 2021] [proxy_fcgi:error] [pid 4136701:tid 139671363303168] [client 118.122.118.189:4545] AH01071: Got error 'Primary script unknown\n'
[Wed Jun 16 08:08:57.204152 2021] [proxy_fcgi:error] [pid 4136701:tid 139671388481280] [client 118.122.118.189:10049] AH01071: Got error 'Primary script unknown\n'
[Wed Jun 16 08:08:57.857899 2021] [proxy_fcgi:error] [pid 4098675:tid 139671405266688] [client 118.122.118.189:16289] AH01071: Got error 'Primary script unknown\n'
[Wed Jun 16 08:08:58.431403 2021] [proxy_fcgi:error] [pid 4136701:tid 139671447230208] [client 118.122.118.189:21732] AH01071: Got error 'Primary script unknown\n'
[Wed Jun 16 08:08:59.064048 2021] [proxy_fcgi:error] [pid 4136701:tid 139671505979136] [client 118.122.118.189:26787] AH01071: Got error 'Primary script unknown\n'
[Wed Jun 16 08:08:59.667945 2021] [proxy_fcgi:error] [pid 4098675:tid 139671617607424] [client 118.122.118.189:32545] AH01071: Got error 'Primary script unknown\n'
[Wed Jun 16 08:09:00.252058 2021] [proxy_fcgi:error] [pid 4136701:tid 139671609214720] [client 118.122.118.189:38145] AH01071: Got error 'Primary script unknown\n'
[Wed Jun 16 08:09:00.842713 2021] [proxy_fcgi:error] [pid 4136701:tid 139671489193728] [client 118.122.118.189:43523] AH01071: Got error 'Primary script unknown\n'
[Wed Jun 16 08:09:01.431167 2021] [proxy_fcgi:error] [pid 4098675:tid 139671430444800] [client 118.122.118.189:48898] AH01071: Got error 'Primary script unknown\n'
[Wed Jun 16 08:09:02.052849 2021] [proxy_fcgi:error] [pid 4136701:tid 139671626000128] [client 118.122.118.189:53667] AH01071: Got error 'Primary script unknown\n'
[Wed Jun 16 08:09:02.658599 2021] [proxy_fcgi:error] [pid 4136701:tid 139671480801024] [client 118.122.118.189:59906] AH01071: Got error 'Primary script unknown\n'
[Wed Jun 16 08:09:03.251388 2021] [proxy_fcgi:error] [pid 4136701:tid 139671413659392] [client 118.122.118.189:2337] AH01071: Got error 'Primary script unknown\n'
[Wed Jun 16 08:09:03.822327 2021] [proxy_fcgi:error] [pid 4136701:tid 139671455622912] [client 118.122.118.189:8033] AH01071: Got error 'Primary script unknown\n'
[Wed Jun 16 08:09:04.421714 2021] [proxy_fcgi:error] [pid 4098675:tid 139671480801024] [client 118.122.118.189:13377] AH01071: Got error 'Primary script unknown\n'
[Wed Jun 16 08:09:05.008649 2021] [proxy_fcgi:error] [pid 4136701:tid 139671371695872] [client 118.122.118.189:18114] AH01071: Got error 'Primary script unknown\n'
[Wed Jun 16 08:09:05.524314 2021] [proxy_fcgi:error] [pid 4136701:tid 139671464015616] [client 118.122.118.189:21601] AH01071: Got error 'Primary script unknown\n'
[Wed Jun 16 08:09:06.063598 2021] [proxy_fcgi:error] [pid 4136701:tid 139671380088576] [client 118.122.118.189:26177] AH01071: Got error 'Primary script unknown\n'
[Wed Jun 16 08:09:06.601057 2021] [proxy_fcgi:error] [pid 4136701:tid 139671472408320] [client 118.122.118.189:30305] AH01071: Got error 'Primary script unknown\n'
[Wed Jun 16 08:09:07.118440 2021] [proxy_fcgi:error] [pid 4136701:tid 139671522764544] [client 118.122.118.189:33697] AH01071: Got error 'Primary script unknown\n'
[Wed Jun 16 08:09:07.631516 2021] [proxy_fcgi:error] [pid 4136701:tid 139671438837504] [client 118.122.118.189:37122] AH01071: Got error 'Primary script unknown\n'
[Wed Jun 16 08:09:08.148085 2021] [proxy_fcgi:error] [pid 4136701:tid 139671396873984] [client 118.122.118.189:40257] AH01071: Got error 'Primary script unknown\n'
[Wed Jun 16 08:09:08.710645 2021] [proxy_fcgi:error] [pid 4136701:tid 139671497586432] [client 118.122.118.189:45410] AH01071: Got error 'Primary script unknown\n'
[Wed Jun 16 08:09:09.362198 2021] [proxy_fcgi:error] [pid 4098675:tid 139671522764544] [client 118.122.118.189:51233] AH01071: Got error 'Primary script unknown\n'
[Wed Jun 16 08:09:10.032373 2021] [proxy_fcgi:error] [pid 4136701:tid 139671634392832] [client 118.122.118.189:57281] AH01071: Got error 'Primary script unknown\n'
[Wed Jun 16 08:09:10.662883 2021] [proxy_fcgi:error] [pid 4136701:tid 139671531157248] [client 118.122.118.189:62531] AH01071: Got error 'Primary script unknown\n'
[Wed Jun 16 08:09:11.312176 2021] [proxy_fcgi:error] [pid 4136701:tid 139671430444800] [client 118.122.118.189:5219] AH01071: Got error 'Primary script unknown\n'
[Wed Jun 16 08:09:11.953340 2021] [proxy_fcgi:error] [pid 4098675:tid 139671388481280] [client 118.122.118.189:11073] AH01071: Got error 'Primary script unknown\n'
[Wed Jun 16 08:09:15.425933 2021] [proxy_fcgi:error] [pid 4136701:tid 139671388481280] [client 118.122.118.189:43778] AH01071: Got error 'Primary script unknown\n'
[Wed Jun 16 08:09:31.931414 2021] [proxy_fcgi:error] [pid 4136701:tid 139671380088576] [client 118.122.118.189:46115] AH01071: Got error 'Primary script unknown\n', referer: 554fcae493e564ee0dc75bdf2ebf94caads|a:3:{s:2:"id";s:3:"'/*";s:3:"num";s:141:"*/ union select 1,0x272F2A,3,4,5,6,7,8,0x7b247b24524345275d3b6469652f2a2a2f286d6435284449524543544f52595f534550415241544f5229293b2f2f7d7d,0--";s:4:"name";s:3:"ads";}554fcae493e564ee0dc75bdf2ebf94ca
[Wed Jun 16 12:25:28.093289 2021] [proxy_fcgi:error] [pid 4136701:tid 139671430444800] [client 81.96.28.219:63809] AH01071: Got error 'Primary script unknown\n'
[Wed Jun 16 13:53:37.539432 2021] [proxy_fcgi:error] [pid 4136701:tid 139671531157248] [client 195.181.168.175:9853] AH01071: Got error 'Primary script unknown\n'
[Wed Jun 16 18:09:13.697001 2021] [proxy_fcgi:error] [pid 4136701:tid 139671413659392] [client 34.80.136.171:34472] AH01071: Got error 'Primary script unknown\n'
[Wed Jun 16 19:06:32.558015 2021] [proxy_fcgi:error] [pid 4136701:tid 139671380088576] [client 103.133.108.27:53988] AH01071: Got error 'Primary script unknown\n'
[Wed Jun 16 20:38:54.521108 2021] [core:error] [pid 4136701:tid 139671464015616] (36)File name too long: [client 174.138.26.153:51430] AH00036: access to /3000D00E0000FFFF3F0031313744373731343634304537353046007A7A7A7A7A7A7A7A7A7A7A7A7A7A7A0000000000000000000000000000000000000000000000000000000000000000000000000000000000000000000001000008047A7A7A7A7A7A7A7A7A0000000000000000000000000000000000000000000000000000000000000000 failed (filesystem path '/var/www/html/icharbeitezuhaus.com/public_html/3000D00E0000FFFF3F0031313744373731343634304537353046007A7A7A7A7A7A7A7A7A7A7A7A7A7A7A0000000000000000000000000000000000000000000000000000000000000000000000000000000000000000000001000008047A7A7A7A7A7A7A7A7A0000000000000000000000000000000000000000000000000000000000000000')
[Thu Jun 17 02:03:37.953297 2021] [cgid:error] [pid 4136701:tid 139671447230208] [client 31.210.20.100:39716] AH01264: script not found or unable to stat: /var/www/cgi-bin/jarrewrite.sh
[Thu Jun 17 12:42:26.728752 2021] [core:error] [pid 4136701:tid 139671626000128] (36)File name too long: [client 167.99.212.33:34768] AH00036: access to /3000D00E0000FFFF3F0031313744373731343634304537353046007A7A7A7A7A7A7A7A7A7A7A7A7A7A7A0000000000000000000000000000000000000000000000000000000000000000000000000000000000000000000001000008047A7A7A7A7A7A7A7A7A0000000000000000000000000000000000000000000000000000000000000000 failed (filesystem path '/var/www/html/icharbeitezuhaus.com/public_html/3000D00E0000FFFF3F0031313744373731343634304537353046007A7A7A7A7A7A7A7A7A7A7A7A7A7A7A0000000000000000000000000000000000000000000000000000000000000000000000000000000000000000000001000008047A7A7A7A7A7A7A7A7A0000000000000000000000000000000000000000000000000000000000000000')
[Thu Jun 17 21:15:57.228398 2021] [proxy_fcgi:error] [pid 4098674:tid 139671187154688] [client 143.198.147.37:49472] AH01071: Got error 'Primary script unknown\n'
[Fri Jun 18 03:21:10.867744 2021] [proxy_fcgi:error] [pid 4136701:tid 139671371695872] [client 167.172.206.90:56846] AH01071: Got error 'Primary script unknown\n'
[Fri Jun 18 03:21:10.915295 2021] [proxy_fcgi:error] [pid 4098674:tid 139671296259840] [client 167.172.206.90:56860] AH01071: Got error 'Primary script unknown\n'
[Fri Jun 18 03:21:43.055788 2021] [proxy_fcgi:error] [pid 4136701:tid 139671464015616] [client 148.72.215.37:36916] AH01071: Got error 'Primary script unknown\n'
[Fri Jun 18 03:21:43.412856 2021] [proxy_fcgi:error] [pid 4098675:tid 139671480801024] [client 148.72.215.37:36988] AH01071: Got error 'Primary script unknown\n'
[Fri Jun 18 03:22:55.441335 2021] [proxy_fcgi:error] [pid 4136701:tid 139671363303168] [client 198.27.69.82:35884] AH01071: Got error 'Primary script unknown\n'
[Fri Jun 18 03:22:55.441615 2021] [proxy_fcgi:error] [pid 4136701:tid 139671380088576] [client 198.27.69.82:35882] AH01071: Got error 'Primary script unknown\n'
[Fri Jun 18 04:21:01.366599 2021] [proxy_fcgi:error] [pid 4098674:tid 139671195547392] [client 52.60.189.115:55791] AH01071: Got error 'Primary script unknown\n'
[Fri Jun 18 10:56:21.339383 2021] [proxy_fcgi:error] [pid 4136701:tid 139671388481280] [client 13.233.73.212:23278] AH01071: Got error 'Primary script unknown\n'
[Fri Jun 18 15:57:51.242928 2021] [proxy_fcgi:error] [pid 4136701:tid 139671413659392] [client 203.171.21.225:49976] AH01071: Got error 'Primary script unknown\n'
[Fri Jun 18 18:01:02.391604 2021] [proxy_fcgi:error] [pid 4098676:tid 139671371695872] [client 13.232.96.15:4098] AH01071: Got error 'Primary script unknown\n'
[Sat Jun 19 18:00:09.312446 2021] [proxy_fcgi:error] [pid 4136701:tid 139671617607424] [client 35.178.16.1:9796] AH01071: Got error 'Primary script unknown\n'
[Sat Jun 19 23:20:08.794606 2021] [proxy_fcgi:error] [pid 4136701:tid 139671438837504] [client 69.163.225.112:43982] AH01071: Got error 'Primary script unknown\n'
[Sun Jun 20 07:13:54.777377 2021] [proxy_fcgi:error] [pid 729589:tid 139671396873984] [client 5.188.210.227:50451] AH01071: Got error 'Primary script unknown\n', referer: https://www.google.com/
[Sun Jun 20 11:48:59.004249 2021] [proxy_fcgi:error] [pid 711049:tid 139671380088576] [client 34.251.241.226:14971] AH01071: Got error 'Primary script unknown\n'
[Sun Jun 20 11:49:39.919707 2021] [proxy_fcgi:error] [pid 711049:tid 139671371695872] [client 190.128.154.58:32044] AH01071: Got error 'Primary script unknown\n'
[Sun Jun 20 15:07:05.257620 2021] [proxy_fcgi:error] [pid 729589:tid 139671480801024] [client 166.62.122.244:44520] AH01071: Got error 'Primary script unknown\n'
[Sun Jun 20 16:23:38.646279 2021] [proxy_fcgi:error] [pid 729589:tid 139671371695872] [client 2607:f298:5:101f::5a3:745b:53944] AH01071: Got error 'Primary script unknown\n'
[Mon Jun 21 02:35:51.983981 2021] [proxy_fcgi:error] [pid 729589:tid 139671388481280] [client 81.96.28.219:49835] AH01071: Got error 'Primary script unknown\n'
[Tue Jun 22 05:02:57.049090 2021] [proxy_fcgi:error] [pid 729589:tid 139671522764544] [client 206.81.16.252:46478] AH01071: Got error 'Primary script unknown\n'
[Tue Jun 22 08:20:09.044478 2021] [proxy_fcgi:error] [pid 729589:tid 139671626000128] [client 125.85.165.104:17505] AH01071: Got error 'Primary script unknown\n'
[Tue Jun 22 10:54:09.284659 2021] [proxy_fcgi:error] [pid 729589:tid 139671422052096] [client 167.71.13.196:59836] AH01071: Got error 'Primary script unknown\n'
[Tue Jun 22 18:05:06.289296 2021] [proxy_fcgi:error] [pid 729589:tid 139671447230208] [client 145.131.25.238:47736] AH01071: Got error 'Primary script unknown\n'
[Wed Jun 23 17:02:28.392437 2021] [proxy_fcgi:error] [pid 729589:tid 139671522764544] [client 213.108.196.109:46749] AH01071: Got error 'Primary script unknown\n'
[Wed Jun 23 18:19:23.881212 2021] [proxy_fcgi:error] [pid 711048:tid 139671304652544] [client 124.158.12.202:40848] AH01071: Got error 'Primary script unknown\n'
[Wed Jun 23 18:19:23.881816 2021] [proxy_fcgi:error] [pid 729589:tid 139671609214720] [client 124.158.12.202:40850] AH01071: Got error 'Primary script unknown\n'
[Thu Jun 24 02:56:27.489551 2021] [proxy_fcgi:error] [pid 729589:tid 139671472408320] [client 103.133.108.27:63285] AH01071: Got error 'Primary script unknown\n'
[Thu Jun 24 06:53:33.597578 2021] [proxy_fcgi:error] [pid 729589:tid 139671626000128] [client 213.108.196.109:40686] AH01071: Got error 'Primary script unknown\n'
[Thu Jun 24 14:30:50.420384 2021] [proxy_fcgi:error] [pid 711049:tid 139671363303168] [client 144.126.211.196:43574] AH01071: Got error 'Primary script unknown\n'
[Thu Jun 24 14:48:31.688633 2021] [core:error] [pid 729589:tid 139671464015616] (36)File name too long: [client 165.227.52.194:40884] AH00036: access to /3000D00E0000FFFF3F0031313744373731343634304537353046007A7A7A7A7A7A7A7A7A7A7A7A7A7A7A0000000000000000000000000000000000000000000000000000000000000000000000000000000000000000000001000008047A7A7A7A7A7A7A7A7A0000000000000000000000000000000000000000000000000000000000000000 failed (filesystem path '/var/www/html/icharbeitezuhaus.com/public_html/3000D00E0000FFFF3F0031313744373731343634304537353046007A7A7A7A7A7A7A7A7A7A7A7A7A7A7A0000000000000000000000000000000000000000000000000000000000000000000000000000000000000000000001000008047A7A7A7A7A7A7A7A7A0000000000000000000000000000000000000000000000000000000000000000')
[Thu Jun 24 17:47:04.760792 2021] [proxy_fcgi:error] [pid 729589:tid 139671380088576] [client 142.44.246.226:54960] AH01071: Got error 'Primary script unknown\n'
[Thu Jun 24 17:47:04.764648 2021] [proxy_fcgi:error] [pid 711049:tid 139671505979136] [client 142.44.246.226:54952] AH01071: Got error 'Primary script unknown\n'
[Thu Jun 24 17:47:04.764901 2021] [proxy_fcgi:error] [pid 711049:tid 139671455622912] [client 142.44.246.226:54958] AH01071: Got error 'Primary script unknown\n'
[Thu Jun 24 17:47:04.765112 2021] [proxy_fcgi:error] [pid 711049:tid 139671464015616] [client 142.44.246.226:54956] AH01071: Got error 'Primary script unknown\n'
[Thu Jun 24 17:47:04.765240 2021] [proxy_fcgi:error] [pid 711049:tid 139671626000128] [client 142.44.246.226:54954] AH01071: Got error 'Primary script unknown\n'
[Sat Jun 26 00:26:22.559015 2021] [proxy_fcgi:error] [pid 729589:tid 139671617607424] [client 165.22.35.21:40950] AH01071: Got error 'Primary script unknown\n'
[Sat Jun 26 08:40:43.187502 2021] [proxy_fcgi:error] [pid 711048:tid 139671430280960] [client 45.86.201.76:3357] AH01071: Got error 'Primary script unknown\n'
[Sat Jun 26 08:40:43.407973 2021] [proxy_fcgi:error] [pid 729589:tid 139671371695872] [client 45.86.201.76:17353] AH01071: Got error 'Primary script unknown\n'
[Sun Jun 27 02:24:29.968181 2021] [proxy_fcgi:error] [pid 711049:tid 139671464015616] [client 161.35.86.181:37866] AH01071: Got error 'Primary script unknown\n'
[Sun Jun 27 20:24:44.986995 2021] [proxy_fcgi:error] [pid 1586197:tid 140480780097280] [client 159.89.29.146:47072] AH01071: Got error 'Primary script unknown\n'
[Tue Mar 30 15:04:51.792998 2021] [proxy_fcgi:error] [pid 3727595:tid 139823213942528] [client 51.79.176.221:55486] AH01071: Got error 'Primary script unknown\n'
[Tue Mar 30 15:10:06.240931 2021] [autoindex:error] [pid 3727595:tid 139823079659264] [client 52.43.145.122:48320] AH01276: Cannot serve directory /var/www/html/icharbeitezuhaus.com/public_html/: No matching DirectoryIndex (index.html,index.php) found, and server-generated directory index forbidden by Options directive
[Tue Mar 30 15:10:06.241788 2021] [autoindex:error] [pid 3727595:tid 139823079659264] [client 52.43.145.122:48308] AH01276: Cannot serve directory /var/www/html/icharbeitezuhaus.com/public_html/: No matching DirectoryIndex (index.html,index.php) found, and server-generated directory index forbidden by Options directive
[Tue Mar 30 15:58:12.776117 2021] [proxy_fcgi:error] [pid 3732537:tid 140580294215424] [client 61.18.126.52:63651] AH01071: Got error 'Primary script unknown\n'
[Tue Mar 30 16:13:41.151093 2021] [proxy_fcgi:error] [pid 3732537:tid 140580243859200] [client 61.18.126.52:63777] AH01071: Got error 'Primary script unknown\n'
[Tue Mar 30 16:13:43.950989 2021] [proxy_fcgi:error] [pid 3732537:tid 140580159932160] [client 61.18.126.52:63780] AH01071: Got error 'Primary script unknown\n'
[Tue Mar 30 20:58:07.461815 2021] [proxy_fcgi:error] [pid 3732537:tid 140580416988928] [client 86.4.184.14:55946] AH01071: Got error 'Primary script unknown\n'
[Tue Mar 30 22:57:57.863483 2021] [proxy_fcgi:error] [pid 3731271:tid 140579958605568] [client 45.146.165.165:42278] AH01071: Got error 'Primary script unknown\n'
[Wed Mar 31 00:10:29.330036 2021] [proxy_fcgi:error] [pid 3731270:tid 140580159932160] [client 104.208.141.160:55498] AH01071: Got error 'Primary script unknown\n'
[Wed Mar 31 03:07:13.689450 2021] [proxy_fcgi:error] [pid 3732537:tid 140580201895680] [client 194.33.45.37:51136] AH01071: Got error 'Primary script unknown\n'
[Wed Mar 31 03:07:14.355442 2021] [proxy_fcgi:error] [pid 3731272:tid 140580277430016] [client 194.33.45.37:51210] AH01071: Got error 'Primary script unknown\n'
[Wed Mar 31 11:57:23.765610 2021] [proxy_fcgi:error] [pid 3731272:tid 140580285822720] [client 117.186.231.194:36694] AH01071: Got error 'Primary script unknown\n'
[Wed Mar 31 14:10:28.848482 2021] [proxy_fcgi:error] [pid 3731272:tid 140580235466496] [client 51.68.36.205:34560] AH01071: Got error 'Primary script unknown\n'
[Wed Mar 31 16:12:55.739923 2021] [proxy_fcgi:error] [pid 3731271:tid 140580025747200] [client 94.154.129.167:39206] AH01071: Got error 'Primary script unknown\n'
[Wed Mar 31 17:34:07.808402 2021] [proxy_fcgi:error] [pid 3732537:tid 140580285822720] [client 109.234.164.91:47898] AH01071: Got error 'Primary script unknown\n'
[Wed Mar 31 22:30:45.447986 2021] [proxy_fcgi:error] [pid 3732537:tid 140580168324864] [client 86.4.184.14:50391] AH01071: Got error 'Primary script unknown\n'
[Thu Apr 01 00:56:58.117479 2021] [proxy_fcgi:error] [pid 3731272:tid 140580400203520] [client 67.205.129.128:33056] AH01071: Got error 'Primary script unknown\n'
[Thu Apr 01 01:24:09.433749 2021] [proxy_fcgi:error] [pid 3732537:tid 140580168324864] [client 128.199.148.230:53642] AH01071: Got error 'Primary script unknown\n'
[Thu Apr 01 02:20:35.513197 2021] [cgid:error] [pid 3731272:tid 140580159932160] [client 185.41.154.213:65236] AH01264: script not found or unable to stat: /var/www/cgi-bin/.env
[Thu Apr 01 02:58:16.238051 2021] [proxy_fcgi:error] [pid 3731272:tid 140580277430016] [client 161.35.94.16:45068] AH01071: Got error 'Primary script unknown\n'
[Thu Apr 01 05:15:34.540487 2021] [proxy_fcgi:error] [pid 3731270:tid 140580168324864] [client 167.172.245.242:39468] AH01071: Got error 'Primary script unknown\n'
[Thu Apr 01 06:16:10.559698 2021] [proxy_fcgi:error] [pid 3732537:tid 140580425381632] [client 18.166.44.206:56636] AH01071: Got error 'Primary script unknown\n'
[Thu Apr 01 11:32:19.950293 2021] [proxy_fcgi:error] [pid 3731271:tid 140580076103424] [client 52.64.20.252:63661] AH01071: Got error 'Primary script unknown\n'
[Thu Apr 01 12:03:46.816873 2021] [proxy_fcgi:error] [pid 3732537:tid 140580243859200] [client 113.113.99.221:50826] AH01071: Got error 'Primary script unknown\n'
[Thu Apr 01 12:16:11.483800 2021] [proxy_fcgi:error] [pid 3731272:tid 140580218681088] [client 185.235.40.24:60082] AH01071: Got error 'Primary script unknown\n'
[Thu Apr 01 15:30:18.279641 2021] [proxy_fcgi:error] [pid 3732537:tid 140580311000832] [client 103.28.36.155:34262] AH01071: Got error 'Primary script unknown\n'
[Thu Apr 01 15:30:18.351706 2021] [proxy_fcgi:error] [pid 3731270:tid 140580285822720] [client 103.28.36.155:34264] AH01071: Got error 'Primary script unknown\n'
[Thu Apr 01 15:30:18.546513 2021] [proxy_fcgi:error] [pid 3732537:tid 140580294215424] [client 103.28.36.155:34304] AH01071: Got error 'Primary script unknown\n'
[Thu Apr 01 15:30:18.552511 2021] [proxy_fcgi:error] [pid 3731271:tid 140580034139904] [client 103.28.36.155:34302] AH01071: Got error 'Primary script unknown\n'
[Thu Apr 01 15:30:18.580003 2021] [proxy_fcgi:error] [pid 3731272:tid 140580176717568] [client 103.28.36.155:34316] AH01071: Got error 'Primary script unknown\n'
[Thu Apr 01 17:16:54.140360 2021] [proxy_fcgi:error] [pid 3732537:tid 140580235466496] [client 13.233.73.212:53378] AH01071: Got error 'Primary script unknown\n'
[Thu Apr 01 18:58:24.469391 2021] [proxy_fcgi:error] [pid 3732537:tid 140580260644608] [client 181.143.111.170:41432] AH01071: Got error 'Primary script unknown\n'
[Thu Apr 01 19:20:53.794193 2021] [proxy_fcgi:error] [pid 3731271:tid 140579966998272] [client 202.55.17.39:57694] AH01071: Got error 'Primary script unknown\n'
[Thu Apr 01 23:25:52.771469 2021] [proxy_fcgi:error] [pid 3732537:tid 140580176717568] [client 49.234.14.73:50192] AH01071: Got error 'Primary script unknown\n'
[Fri Apr 02 07:47:05.965235 2021] [proxy_fcgi:error] [pid 3732537:tid 140580285822720] [client 37.49.229.183:35462] AH01071: Got error 'Primary script unknown\n'
[Fri Apr 02 11:06:32.911394 2021] [proxy_fcgi:error] [pid 3731272:tid 140580302608128] [client 165.232.188.74:41496] AH01071: Got error 'Primary script unknown\n'
[Fri Apr 02 11:47:02.538588 2021] [proxy_fcgi:error] [pid 3732537:tid 140580252251904] [client 61.18.126.52:56938] AH01071: Got error 'Primary script unknown\n', referer: http://icharbeitezuhaus.com/chat.php
[Fri Apr 02 11:47:05.316178 2021] [proxy_fcgi:error] [pid 3732537:tid 140580168324864] [client 61.18.126.52:56940] AH01071: Got error 'Primary script unknown\n', referer: http://icharbeitezuhaus.com/chat.php
[Fri Apr 02 12:47:26.682447 2021] [proxy_fcgi:error] [pid 3732537:tid 140580243859200] [client 151.106.35.44:57306] AH01071: Got error 'Primary script unknown\n'
[Fri Apr 02 18:10:45.818463 2021] [proxy_fcgi:error] [pid 3732537:tid 140580277430016] [client 106.13.80.219:53800] AH01071: Got error 'Primary script unknown\n'
[Fri Apr 02 19:09:32.072329 2021] [proxy_fcgi:error] [pid 3732537:tid 140580176717568] [client 37.49.229.183:35850] AH01071: Got error 'Primary script unknown\n'
[Sat Apr 03 17:11:32.523697 2021] [proxy_fcgi:error] [pid 3732537:tid 140580243859200] [client 124.158.183.182:41694] AH01071: Got error 'Primary script unknown\n'
[Sat Apr 03 21:15:53.090079 2021] [proxy_fcgi:error] [pid 3731272:tid 140580252251904] [client 157.230.90.152:47394] AH01071: Got error 'Primary script unknown\n'
[Sun Apr 04 04:11:44.298307 2021] [proxy_fcgi:error] [pid 297011:tid 140579958605568] [client 114.96.66.24:44719] AH01071: Got error 'Primary script unknown\n'
[Sun Apr 04 14:33:21.830401 2021] [proxy_fcgi:error] [pid 337411:tid 140580319393536] [client 178.19.147.44:64101] AH01071: Got error 'Primary script unknown\n'
[Sun Apr 04 15:00:42.061230 2021] [proxy_fcgi:error] [pid 337411:tid 140580159932160] [client 86.4.184.14:61971] AH01071: Got error 'Primary script unknown\n'
[Mon Apr 05 05:31:56.806882 2021] [proxy_fcgi:error] [pid 337411:tid 140580235466496] [client 129.146.145.8:46080] AH01071: Got error 'Primary script unknown\n'
[Mon Apr 05 10:32:34.888325 2021] [cgid:error] [pid 337411:tid 140580285822720] [client 104.192.2.74:35408] AH01264: script not found or unable to stat: /var/www/cgi-bin/webproc
[Mon Apr 05 13:03:46.549181 2021] [proxy_fcgi:error] [pid 297012:tid 140580210288384] [client 52.60.189.115:10735] AH01071: Got error 'Primary script unknown\n'
[Mon Apr 05 16:48:53.873868 2021] [proxy_fcgi:error] [pid 337411:tid 140580193502976] [client 86.4.184.14:63883] AH01071: Got error 'Primary script unknown\n'
[Mon Apr 05 19:59:12.982497 2021] [proxy_fcgi:error] [pid 337411:tid 140580185110272] [client 46.101.171.103:55636] AH01071: Got error 'Primary script unknown\n'
[Mon Apr 05 20:36:23.359878 2021] [proxy_fcgi:error] [pid 337411:tid 140580193502976] [client 5.188.210.227:42046] AH01071: Got error 'Primary script unknown\n', referer: https://www.google.com/
[Tue Apr 06 00:20:29.799831 2021] [proxy_fcgi:error] [pid 297011:tid 140579992176384] [client 142.93.193.37:57266] AH01071: Got error 'Primary script unknown\n'
[Tue Apr 06 10:52:05.728728 2021] [proxy_fcgi:error] [pid 297013:tid 140580285822720] [client 52.52.190.187:62466] AH01071: Got error 'Primary script unknown\n'
[Tue Apr 06 17:04:16.110895 2021] [proxy_fcgi:error] [pid 337411:tid 140580416988928] [client 47.99.195.143:40426] AH01071: Got error 'Primary script unknown\n'
[Tue Apr 06 18:22:20.177173 2021] [cgid:error] [pid 337411:tid 140580294215424] [client 104.192.2.74:50808] AH01264: script not found or unable to stat: /var/www/cgi-bin/test
[Wed Apr 07 03:34:10.133056 2021] [proxy_fcgi:error] [pid 297011:tid 140580101281536] [client 34.241.77.13:5314] AH01071: Got error 'Primary script unknown\n'
[Wed Apr 07 03:34:27.394901 2021] [proxy_fcgi:error] [pid 337411:tid 140580227073792] [client 86.4.184.14:62475] AH01071: Got error 'Primary script unknown\n'
[Wed Apr 07 04:48:15.291079 2021] [proxy_fcgi:error] [pid 337411:tid 140580319393536] [client 103.153.73.236:54144] AH01071: Got error 'Primary script unknown\n'
[Wed Apr 07 12:54:24.798016 2021] [proxy_fcgi:error] [pid 337411:tid 140580269037312] [client 3.0.115.255:17898] AH01071: Got error 'Primary script unknown\n'
[Wed Apr 07 14:31:41.746774 2021] [proxy_fcgi:error] [pid 337411:tid 140580168324864] [client 203.34.37.38:36966] AH01071: Got error 'Primary script unknown\n'
[Thu Apr 08 05:20:44.188576 2021] [proxy_fcgi:error] [pid 297012:tid 140580185110272] [client 18.231.94.162:46251] AH01071: Got error 'Primary script unknown\n'
[Thu Apr 08 07:45:52.264914 2021] [proxy_fcgi:error] [pid 297011:tid 140580218517248] [client 158.69.16.70:37176] AH01071: Got error 'Primary script unknown\n'
[Thu Apr 08 08:50:01.196924 2021] [proxy_fcgi:error] [pid 297012:tid 140580425381632] [client 34.236.202.207:51243] AH01071: Got error 'Primary script unknown\n'
[Thu Apr 08 08:56:25.908706 2021] [proxy_fcgi:error] [pid 337411:tid 140580235466496] [client 91.228.213.229:37382] AH01071: Got error 'Primary script unknown\n'
[Thu Apr 08 10:30:36.565399 2021] [proxy_fcgi:error] [pid 297011:tid 140580000569088] [client 20.46.225.105:63362] AH01071: Got error 'Primary script unknown\n'
[Thu Apr 08 10:30:36.611520 2021] [proxy_fcgi:error] [pid 297012:tid 140580285822720] [client 20.46.225.105:63427] AH01071: Got error 'Primary script unknown\n'
[Thu Apr 08 12:39:13.031608 2021] [proxy_fcgi:error] [pid 337411:tid 140580416988928] [client 104.248.195.110:47092] AH01071: Got error 'Primary script unknown\n'
[Thu Apr 08 12:39:13.239723 2021] [proxy_fcgi:error] [pid 337411:tid 140580269037312] [client 104.248.195.110:47142] AH01071: Got error 'Primary script unknown\n'
[Thu Apr 08 22:39:27.259435 2021] [proxy_fcgi:error] [pid 337411:tid 140580185110272] [client 93.189.30.194:55112] AH01071: Got error 'Primary script unknown\n'
[Sat Apr 10 20:49:14.005513 2021] [proxy_fcgi:error] [pid 1278137:tid 139671438837504] [client 104.131.18.212:41516] AH01071: Got error 'Primary script unknown\n'
[Sun Apr 11 08:50:12.441884 2021] [proxy_fcgi:error] [pid 1345722:tid 139671522764544] [client 20.84.106.164:54501] AH01071: Got error 'Primary script unknown\n'
[Sun Apr 11 11:33:39.205067 2021] [cgid:error] [pid 1345722:tid 139671388481280] [client 74.102.39.43:53325] AH01264: script not found or unable to stat: /var/www/cgi-bin/mainfunction.cgi
[Sun Apr 11 13:26:51.418288 2021] [proxy_fcgi:error] [pid 1345722:tid 139671505979136] [client 146.148.76.122:60684] AH01071: Got error 'Primary script unknown\n'
[Sun Apr 11 13:26:51.427359 2021] [proxy_fcgi:error] [pid 1345724:tid 139671329830656] [client 146.148.76.122:60686] AH01071: Got error 'Primary script unknown\n'
[Sun Apr 11 13:26:51.499708 2021] [proxy_fcgi:error] [pid 1345723:tid 139671447230208] [client 146.148.76.122:60698] AH01071: Got error 'Primary script unknown\n'
[Sun Apr 11 13:26:51.597457 2021] [proxy_fcgi:error] [pid 1345724:tid 139671421888256] [client 146.148.76.122:60750] AH01071: Got error 'Primary script unknown\n'
[Sun Apr 11 13:26:51.624219 2021] [proxy_fcgi:error] [pid 1345724:tid 139671153583872] [client 146.148.76.122:60756] AH01071: Got error 'Primary script unknown\n'
[Mon Apr 12 09:21:08.384187 2021] [proxy_fcgi:error] [pid 1405630:tid 139671531157248] [client 198.12.250.116:48030] AH01071: Got error 'Primary script unknown\n'
[Mon Apr 12 14:11:18.516268 2021] [proxy_fcgi:error] [pid 1405630:tid 139671480801024] [client 86.4.184.14:63437] AH01071: Got error 'Primary script unknown\n'
[Mon Apr 12 15:42:01.862033 2021] [proxy_fcgi:error] [pid 1405630:tid 139671522764544] [client 103.71.191.12:54746] AH01071: Got error 'Primary script unknown\n'
[Mon Apr 12 16:10:32.768850 2021] [proxy_fcgi:error] [pid 1405630:tid 139671430444800] [client 104.192.2.74:49368] AH01071: Got error 'Primary script unknown\n'
[Tue Apr 13 02:04:52.058725 2021] [proxy_fcgi:error] [pid 1345723:tid 139671388481280] [client 144.126.209.47:56992] AH01071: Got error 'Primary script unknown\n'
[Tue Apr 13 17:18:51.449150 2021] [proxy_fcgi:error] [pid 1405630:tid 139671455622912] [client 164.132.224.68:44260] AH01071: Got error 'Primary script unknown\n'
[Wed Apr 14 02:39:00.752785 2021] [proxy_fcgi:error] [pid 1405630:tid 139671480801024] [client 134.209.120.166:43768] AH01071: Got error 'Primary script unknown\n'
[Wed Apr 14 11:00:25.819715 2021] [proxy_fcgi:error] [pid 1405630:tid 139671363303168] [client 80.253.246.19:59628] AH01071: Got error 'Primary script unknown\n'
[Wed Apr 14 11:00:25.820002 2021] [proxy_fcgi:error] [pid 1405630:tid 139671413659392] [client 80.253.246.19:59624] AH01071: Got error 'Primary script unknown\n'
[Wed Apr 14 11:00:25.820047 2021] [proxy_fcgi:error] [pid 1405630:tid 139671464015616] [client 80.253.246.19:59626] AH01071: Got error 'Primary script unknown\n'
[Wed Apr 14 11:00:26.062210 2021] [proxy_fcgi:error] [pid 1345722:tid 139671363303168] [client 80.253.246.19:59670] AH01071: Got error 'Primary script unknown\n'
[Wed Apr 14 11:00:26.062675 2021] [proxy_fcgi:error] [pid 1345724:tid 139671229118208] [client 80.253.246.19:59672] AH01071: Got error 'Primary script unknown\n'
[Wed Apr 14 15:00:24.016038 2021] [proxy_fcgi:error] [pid 1405630:tid 139671531157248] [client 198.27.82.45:54244] AH01071: Got error 'Primary script unknown\n'
[Thu Apr 15 14:22:57.517381 2021] [proxy_fcgi:error] [pid 1405630:tid 139671626000128] [client 104.236.209.109:50188] AH01071: Got error 'Primary script unknown\n'
[Thu Apr 15 14:22:57.546958 2021] [proxy_fcgi:error] [pid 1345724:tid 139671296259840] [client 104.236.209.109:50200] AH01071: Got error 'Primary script unknown\n'
[Thu Apr 15 16:41:34.522877 2021] [proxy_fcgi:error] [pid 1405630:tid 139671609214720] [client 182.23.51.2:34638] AH01071: Got error 'Primary script unknown\n'
[Fri Apr 16 03:34:00.399681 2021] [proxy_fcgi:error] [pid 1345722:tid 139671447230208] [client 35.180.147.121:52998] AH01071: Got error 'Primary script unknown\n'
[Fri Apr 16 05:02:21.893942 2021] [proxy_fcgi:error] [pid 1345724:tid 139671287867136] [client 13.53.208.18:1893] AH01071: Got error 'Primary script unknown\n'
[Fri Apr 16 06:09:44.256643 2021] [proxy_fcgi:error] [pid 1405630:tid 139671388481280] [client 167.71.63.47:41220] AH01071: Got error 'Primary script unknown\n'
[Fri Apr 16 13:16:13.746418 2021] [proxy_fcgi:error] [pid 1405630:tid 139671405266688] [client 110.10.129.175:36407] AH01071: Got error 'Primary script unknown\n'
[Fri Apr 16 13:18:34.954935 2021] [proxy_fcgi:error] [pid 1405630:tid 139671380088576] [client 18.197.125.181:30852] AH01071: Got error 'Primary script unknown\n'
[Fri Apr 16 14:04:47.631372 2021] [proxy_fcgi:error] [pid 1345722:tid 139671472408320] [client 3.8.12.221:49190] AH01071: Got error 'Primary script unknown\n'
[Fri Apr 16 17:41:17.091612 2021] [proxy_fcgi:error] [pid 1405630:tid 139671617607424] [client 129.213.203.59:4938] AH01071: Got error 'Primary script unknown\n'
[Sat Apr 17 04:58:53.234025 2021] [proxy_fcgi:error] [pid 1345722:tid 139671388481280] [client 35.180.147.121:34109] AH01071: Got error 'Primary script unknown\n'
[Sat Apr 17 05:59:19.432826 2021] [proxy_fcgi:error] [pid 1405630:tid 139671371695872] [client 13.228.104.57:18983] AH01071: Got error 'Primary script unknown\n'
[Sat Apr 17 07:32:22.377121 2021] [proxy_fcgi:error] [pid 1405630:tid 139671405266688] [client 178.238.230.88:36812] AH01071: Got error 'Primary script unknown\n'
[Sat Apr 17 08:49:10.512692 2021] [proxy_fcgi:error] [pid 1405630:tid 139671472408320] [client 122.169.105.66:51867] AH01071: Got error 'Primary script unknown\n'
[Sat Apr 17 14:32:01.416647 2021] [proxy_fcgi:error] [pid 1345722:tid 139671480801024] [client 18.221.206.247:56001] AH01071: Got error 'Primary script unknown\n'
[Sat Apr 17 15:13:38.158501 2021] [proxy_fcgi:error] [pid 1405630:tid 139671514371840] [client 18.136.72.135:42689] AH01071: Got error 'Primary script unknown\n'
[Sat Apr 17 20:22:19.453811 2021] [proxy_fcgi:error] [pid 1405630:tid 139671455622912] [client 128.199.122.176:49442] AH01071: Got error 'Primary script unknown\n'
[Sun Apr 18 11:01:56.569795 2021] [proxy_fcgi:error] [pid 2157791:tid 139671413495552] [client 54.250.87.247:48992] AH01071: Got error 'Primary script unknown\n'
[Sun Apr 18 11:46:20.288821 2021] [proxy_fcgi:error] [pid 2157791:tid 139671447066368] [client 35.183.60.188:26562] AH01071: Got error 'Primary script unknown\n'
[Sun Apr 18 15:30:01.089845 2021] [proxy_fcgi:error] [pid 2157790:tid 139671514371840] [client 203.197.142.41:41433] AH01071: Got error 'Primary script unknown\n'
[Sun Apr 18 16:37:30.514157 2021] [proxy_fcgi:error] [pid 2157789:tid 139671606982400] [client 62.171.131.201:36450] AH01071: Got error 'Primary script unknown\n'
[Sun Apr 18 17:11:45.518807 2021] [proxy_fcgi:error] [pid 2157789:tid 139671438837504] [client 51.38.40.95:41372] AH01071: Got error 'Primary script unknown\n'
[Sun Apr 18 21:27:36.611274 2021] [proxy_fcgi:error] [pid 2237220:tid 139671430444800] [client 178.62.55.152:43768] AH01071: Got error 'Primary script unknown\n'
[Mon Apr 19 04:03:20.790433 2021] [proxy_fcgi:error] [pid 2237220:tid 139671623767808] [client 5.188.210.227:45079] AH01071: Got error 'Primary script unknown\n', referer: https://www.google.com/
[Mon Apr 19 08:36:21.478113 2021] [proxy_fcgi:error] [pid 2237220:tid 139671464015616] [client 107.161.176.122:40460] AH01071: Got error 'Primary script unknown\n'
[Mon Apr 19 16:15:35.377955 2021] [proxy_fcgi:error] [pid 2237220:tid 139671413659392] [client 51.159.59.87:45928] AH01071: Got error 'Primary script unknown\n'
[Tue Apr 20 10:40:58.486748 2021] [proxy_fcgi:error] [pid 2157791:tid 139671438673664] [client 52.52.190.187:44267] AH01071: Got error 'Primary script unknown\n'
[Tue Apr 20 11:25:03.861107 2021] [proxy_fcgi:error] [pid 2157789:tid 139671480801024] [client 54.176.188.51:49971] AH01071: Got error 'Primary script unknown\n'
[Tue Apr 20 15:02:41.151902 2021] [proxy_fcgi:error] [pid 2237220:tid 139671480801024] [client 85.25.194.86:42568] AH01071: Got error 'Primary script unknown\n'
[Wed Apr 21 00:58:37.717138 2021] [proxy_fcgi:error] [pid 2237220:tid 139671505979136] [client 52.65.15.196:50978] AH01071: Got error 'Primary script unknown\n'
[Wed Apr 21 04:16:07.836981 2021] [proxy_fcgi:error] [pid 2237220:tid 139671464015616] [client 82.64.46.49:41402] AH01071: Got error 'Primary script unknown\n'
[Wed Apr 21 06:26:10.320651 2021] [proxy_fcgi:error] [pid 2157789:tid 139671396873984] [client 18.231.94.162:23983] AH01071: Got error 'Primary script unknown\n'
[Wed Apr 21 11:50:37.526714 2021] [proxy_fcgi:error] [pid 2237220:tid 139671497586432] [client 37.49.229.183:50550] AH01071: Got error 'Primary script unknown\n'
[Wed Apr 21 21:39:53.163971 2021] [proxy_fcgi:error] [pid 2237220:tid 139671380088576] [client 104.236.6.244:64529] AH01071: Got error 'Primary script unknown\n'
[Thu Apr 22 00:44:35.903219 2021] [proxy_fcgi:error] [pid 2237220:tid 139671606982400] [client 34.208.86.17:55714] AH01071: Got error 'Primary script unknown\n'
[Thu Apr 22 00:45:31.008443 2021] [proxy_fcgi:error] [pid 2237220:tid 139671430444800] [client 34.208.86.17:50520] AH01071: Got error 'Primary script unknown\n'
[Thu Apr 22 01:54:42.497404 2021] [proxy_fcgi:error] [pid 2237220:tid 139671438837504] [client 163.172.123.81:41122] AH01071: Got error 'Primary script unknown\n'
[Thu Apr 22 07:01:54.403872 2021] [proxy_fcgi:error] [pid 2157789:tid 139671405266688] [client 167.71.69.120:49422] AH01071: Got error 'Primary script unknown\n'
[Thu Apr 22 07:01:54.594524 2021] [proxy_fcgi:error] [pid 2157791:tid 139671421888256] [client 167.71.69.120:49446] AH01071: Got error 'Primary script unknown\n'
[Thu Apr 22 14:10:16.139887 2021] [proxy_fcgi:error] [pid 2237220:tid 139671489193728] [client 158.69.117.181:48200] AH01071: Got error 'Primary script unknown\n'
[Thu Apr 22 19:18:17.787530 2021] [proxy_fcgi:error] [pid 2157789:tid 139671413659392] [client 185.191.32.207:9542] AH01071: Got error 'Primary script unknown\n'
[Fri Apr 23 00:02:49.741497 2021] [proxy_fcgi:error] [pid 2237220:tid 139671623767808] [client 5.255.174.141:45825] AH01071: Got error 'Primary script unknown\n'
[Fri Apr 23 00:02:51.260683 2021] [proxy_fcgi:error] [pid 2237220:tid 139671505979136] [client 5.255.174.141:46925] AH01071: Got error 'Primary script unknown\n'
[Fri Apr 23 03:52:49.866269 2021] [proxy_fcgi:error] [pid 2237220:tid 139671489193728] [client 149.56.142.1:63554] AH01071: Got error 'Primary script unknown\n'
[Fri Apr 23 07:16:07.234606 2021] [proxy_fcgi:error] [pid 2237220:tid 139671615375104] [client 13.232.96.15:48526] AH01071: Got error 'Primary script unknown\n'
[Fri Apr 23 08:07:52.734173 2021] [proxy_fcgi:error] [pid 2237220:tid 139671623767808] [client 13.232.96.15:40120] AH01071: Got error 'Primary script unknown\n'
[Fri Apr 23 16:18:56.823176 2021] [proxy_fcgi:error] [pid 2237220:tid 139671531157248] [client 165.232.107.220:48334] AH01071: Got error 'Primary script unknown\n'
[Fri Apr 23 16:54:19.686317 2021] [proxy_fcgi:error] [pid 2237220:tid 139671413659392] [client 35.178.16.1:17959] AH01071: Got error 'Primary script unknown\n'
[Fri Apr 23 18:53:03.359527 2021] [proxy_fcgi:error] [pid 2237220:tid 139671514371840] [client 142.93.37.52:42342] AH01071: Got error 'Primary script unknown\n'
[Sat Apr 24 15:05:38.655014 2021] [proxy_fcgi:error] [pid 2237220:tid 139671497586432] [client 67.222.130.10:58132] AH01071: Got error 'Primary script unknown\n'
[Sat Apr 24 19:49:14.125810 2021] [proxy_fcgi:error] [pid 2237220:tid 139671623767808] [client 128.199.215.251:60152] AH01071: Got error 'Primary script unknown\n'
[Sat Apr 24 19:49:14.173629 2021] [proxy_fcgi:error] [pid 2157789:tid 139671505979136] [client 128.199.215.251:60158] AH01071: Got error 'Primary script unknown\n'
[Sun Apr 25 01:20:42.938437 2021] [proxy_fcgi:error] [pid 2237220:tid 139671430444800] [client 128.199.215.251:52458] AH01071: Got error 'Primary script unknown\n'
[Sun Apr 25 14:01:47.542098 2021] [proxy_fcgi:error] [pid 2955840:tid 139671505979136] [client 103.142.21.82:52072] AH01071: Got error 'Primary script unknown\n'
[Sun Apr 25 15:58:41.238025 2021] [cgid:error] [pid 2949570:tid 139671422052096] [client 128.199.215.251:59472] AH01264: script not found or unable to stat: /var/www/cgi-bin/webproc
[Sun Apr 25 22:21:34.786451 2021] [proxy_fcgi:error] [pid 2949568:tid 139671170369280] [client 139.177.196.149:52418] AH01071: Got error 'Primary script unknown\n'
[Sun Apr 25 23:36:47.436255 2021] [proxy_fcgi:error] [pid 2955840:tid 139671489193728] [client 128.199.215.251:47942] AH01071: Got error 'Primary script unknown\n'
[Mon Apr 26 02:04:28.842764 2021] [proxy_fcgi:error] [pid 2955840:tid 139671472408320] [client 82.0.250.168:65266] AH01071: Got error 'Primary script unknown\n'
[Mon Apr 26 03:03:31.803881 2021] [proxy_fcgi:error] [pid 2955840:tid 139671617607424] [client 128.199.215.251:46744] AH01071: Got error 'Primary script unknown\n'
[Mon Apr 26 08:21:44.928812 2021] [proxy_fcgi:error] [pid 2949568:tid 139671229118208] [client 167.172.156.13:50976] AH01071: Got error 'Primary script unknown\n'
[Mon Apr 26 10:14:04.566584 2021] [proxy_fcgi:error] [pid 2955840:tid 139671480801024] [client 129.159.122.158:39868] AH01071: Got error 'Primary script unknown\n'
[Mon Apr 26 14:49:56.692647 2021] [proxy_fcgi:error] [pid 2955840:tid 139671472408320] [client 102.130.123.57:41754] AH01071: Got error 'Primary script unknown\n'
[Tue Apr 27 20:16:21.353897 2021] [proxy_fcgi:error] [pid 2955840:tid 139671371695872] [client 51.132.4.32:55948] AH01071: Got error 'Primary script unknown\n'
[Wed Apr 28 05:27:05.453133 2021] [proxy_fcgi:error] [pid 2955840:tid 139671413659392] [client 91.121.81.113:49370] AH01071: Got error 'Primary script unknown\n'
[Wed Apr 28 16:16:58.636383 2021] [proxy_fcgi:error] [pid 2955840:tid 139671380088576] [client 35.229.136.14:60124] AH01071: Got error 'Primary script unknown\n'
[Wed Apr 28 19:56:22.841442 2021] [proxy_fcgi:error] [pid 2955840:tid 139671464015616] [client 82.0.250.168:52803] AH01071: Got error 'Primary script unknown\n'
[Wed Apr 28 20:31:09.077134 2021] [proxy_fcgi:error] [pid 2955840:tid 139671388481280] [client 82.0.250.168:49722] AH01071: Got error 'Primary script unknown\n'
[Thu Apr 29 07:38:35.874426 2021] [proxy_fcgi:error] [pid 2955840:tid 139671522764544] [client 180.214.236.35:62794] AH01071: Got error 'Primary script unknown\n'
[Thu Apr 29 17:13:56.422757 2021] [proxy_fcgi:error] [pid 2955840:tid 139671626000128] [client 104.131.124.162:44078] AH01071: Got error 'Primary script unknown\n'
[Thu Apr 29 18:09:06.932209 2021] [proxy_fcgi:error] [pid 2955840:tid 139671455622912] [client 82.0.250.168:56279] AH01071: Got error 'Primary script unknown\n'
[Thu Apr 29 18:17:53.926349 2021] [proxy_fcgi:error] [pid 2955840:tid 139671422052096] [client 185.231.245.203:31248] AH01071: Got error 'Primary script unknown\n'
[Thu Apr 29 18:32:15.657379 2021] [proxy_fcgi:error] [pid 2955840:tid 139671489193728] [client 196.189.149.51:54236] AH01071: Got error 'Primary script unknown\n'
[Fri Apr 30 00:10:27.944914 2021] [proxy_fcgi:error] [pid 2949569:tid 139671430444800] [client 143.198.69.165:39936] AH01071: Got error 'Primary script unknown\n'
[Fri Apr 30 00:10:28.071333 2021] [proxy_fcgi:error] [pid 2949570:tid 139671522764544] [client 143.198.69.165:39938] AH01071: Got error 'Primary script unknown\n'
[Fri Apr 30 06:17:35.244820 2021] [proxy_fcgi:error] [pid 2949570:tid 139671413659392] [client 13.82.131.221:61160] AH01071: Got error 'Primary script unknown\n'
[Fri Apr 30 19:54:19.026588 2021] [proxy_fcgi:error] [pid 2955840:tid 139671497586432] [client 82.0.250.168:61230] AH01071: Got error 'Primary script unknown\n'
[Fri Apr 30 20:39:58.189776 2021] [proxy_fcgi:error] [pid 2949570:tid 139671617607424] [client 40.75.86.215:52551] AH01071: Got error 'Primary script unknown\n'
[Fri Apr 30 21:21:37.093685 2021] [proxy_fcgi:error] [pid 2955840:tid 139671371695872] [client 134.209.126.53:52512] AH01071: Got error 'Primary script unknown\n'
[Sat May 01 02:35:14.325442 2021] [proxy_fcgi:error] [pid 2955840:tid 139671363303168] [client 5.188.210.227:36970] AH01071: Got error 'Primary script unknown\n', referer: https://www.google.com/
[Sat May 01 16:12:45.125007 2021] [cgid:error] [pid 2955840:tid 139671522764544] [client 185.233.186.56:39500] AH01264: script not found or unable to stat: /var/www/cgi-bin/config.exp
[Sat May 01 17:26:44.327058 2021] [proxy_fcgi:error] [pid 2955840:tid 139671464015616] [client 91.134.248.249:36748] AH01071: Got error 'Primary script unknown\n'
[Sun May 02 06:59:02.008332 2021] [proxy_fcgi:error] [pid 3699505:tid 139671480801024] [client 107.190.131.50:39854] AH01071: Got error 'Primary script unknown\n'
[Sun May 02 15:36:00.762811 2021] [proxy_fcgi:error] [pid 3729312:tid 139671497586432] [client 82.0.250.168:51446] AH01071: Got error 'Primary script unknown\n'
[Mon May 03 02:29:41.705480 2021] [proxy_fcgi:error] [pid 3729312:tid 139671609214720] [client 51.161.34.111:37010] AH01071: Got error 'Primary script unknown\n'
[Mon May 03 04:40:55.217098 2021] [proxy_fcgi:error] [pid 3699504:tid 139671203940096] [client 172.105.104.168:47498] AH01071: Got error 'Primary script unknown\n'
[Tue May 04 08:52:40.351245 2021] [proxy_fcgi:error] [pid 3729312:tid 139671497586432] [client 18.229.73.207:35862] AH01071: Got error 'Primary script unknown\n'
[Tue May 04 16:37:10.876851 2021] [proxy_fcgi:error] [pid 3729312:tid 139671480801024] [client 104.145.237.89:53799] AH01071: Got error 'Primary script unknown\n'
[Tue May 04 16:42:49.344391 2021] [proxy_fcgi:error] [pid 3699504:tid 139671254296320] [client 34.251.241.226:62014] AH01071: Got error 'Primary script unknown\n'
[Tue May 04 19:50:25.066013 2021] [proxy_fcgi:error] [pid 3729312:tid 139671430444800] [client 200.48.82.101:49482] AH01071: Got error 'Primary script unknown\n'
[Wed May 05 16:35:32.822192 2021] [proxy_fcgi:error] [pid 3699505:tid 139671447230208] [client 159.89.187.207:56936] AH01071: Got error 'Primary script unknown\n'
[Wed May 05 16:35:32.855117 2021] [proxy_fcgi:error] [pid 3699503:tid 139671380088576] [client 159.89.187.207:56954] AH01071: Got error 'Primary script unknown\n'
[Wed May 05 18:37:38.356579 2021] [proxy_fcgi:error] [pid 3699503:tid 139671472408320] [client 162.144.117.24:32992] AH01071: Got error 'Primary script unknown\n'
[Wed May 05 18:37:38.357012 2021] [proxy_fcgi:error] [pid 3729312:tid 139671405266688] [client 162.144.117.24:32990] AH01071: Got error 'Primary script unknown\n'
[Thu May 06 04:29:34.531634 2021] [proxy_fcgi:error] [pid 3699503:tid 139671531157248] [client 64.225.4.154:54398] AH01071: Got error 'Primary script unknown\n'
[Thu May 06 09:22:28.323068 2021] [proxy_fcgi:error] [pid 3729312:tid 139671464015616] [client 158.140.116.180:62410] AH01071: Got error 'Primary script unknown\n', referer: http://172.105.4.75/
[Thu May 06 13:30:16.719720 2021] [proxy_fcgi:error] [pid 3699504:tid 139671413495552] [client 187.108.196.206:33412] AH01071: Got error 'Primary script unknown\n'
[Thu May 06 13:30:16.720168 2021] [proxy_fcgi:error] [pid 3699504:tid 139671304652544] [client 187.108.196.206:33416] AH01071: Got error 'Primary script unknown\n'
[Thu May 06 13:30:16.720309 2021] [proxy_fcgi:error] [pid 3699504:tid 139671203940096] [client 187.108.196.206:33410] AH01071: Got error 'Primary script unknown\n'
[Thu May 06 13:30:16.720517 2021] [proxy_fcgi:error] [pid 3699504:tid 139671296259840] [client 187.108.196.206:33414] AH01071: Got error 'Primary script unknown\n'
[Thu May 06 13:30:16.720674 2021] [proxy_fcgi:error] [pid 3729312:tid 139671514371840] [client 187.108.196.206:33418] AH01071: Got error 'Primary script unknown\n'
[Fri May 07 07:18:33.089878 2021] [proxy_fcgi:error] [pid 3729312:tid 139671464015616] [client 13.209.28.104:12293] AH01071: Got error 'Primary script unknown\n'
[Fri May 07 13:59:59.005254 2021] [proxy_fcgi:error] [pid 3729312:tid 139671505979136] [client 168.119.8.237:39944] AH01071: Got error 'Primary script unknown\n'
[Sat May 08 10:09:44.127410 2021] [proxy_fcgi:error] [pid 3729312:tid 139671522764544] [client 54.37.17.21:56410] AH01071: Got error 'Primary script unknown\n'
[Sat May 08 10:09:44.149027 2021] [proxy_fcgi:error] [pid 3699505:tid 139671405266688] [client 54.37.17.21:56412] AH01071: Got error 'Primary script unknown\n'
[Sat May 08 10:09:44.156968 2021] [proxy_fcgi:error] [pid 3699503:tid 139671497586432] [client 54.37.17.21:56426] AH01071: Got error 'Primary script unknown\n'
[Sat May 08 10:09:44.194528 2021] [proxy_fcgi:error] [pid 3699504:tid 139671254296320] [client 54.37.17.21:56432] AH01071: Got error 'Primary script unknown\n'
[Sat May 08 10:09:44.225703 2021] [proxy_fcgi:error] [pid 3699504:tid 139671329830656] [client 54.37.17.21:56458] AH01071: Got error 'Primary script unknown\n'
[Sat May 08 18:02:16.595913 2021] [proxy_fcgi:error] [pid 3729312:tid 139671514371840] [client 31.207.33.247:51178] AH01071: Got error 'Primary script unknown\n'
[Sun May 09 17:45:33.086126 2021] [proxy_fcgi:error] [pid 283633:tid 139671514371840] [client 164.132.48.179:53354] AH01071: Got error 'Primary script unknown\n'
[Sun May 09 18:53:22.678582 2021] [proxy_fcgi:error] [pid 283633:tid 139671363303168] [client 134.209.147.203:33058] AH01071: Got error 'Primary script unknown\n'
[Mon May 10 11:27:26.232708 2021] [proxy_fcgi:error] [pid 283633:tid 139671422052096] [client 34.215.69.55:30036] AH01071: Got error 'Primary script unknown\n'
[Mon May 10 15:40:48.177416 2021] [proxy_fcgi:error] [pid 283633:tid 139671430444800] [client 213.149.103.132:35140] AH01071: Got error 'Primary script unknown\n'
[Tue May 11 16:05:14.810489 2021] [proxy_fcgi:error] [pid 283633:tid 139671438837504] [client 192.227.93.123:33125] AH01071: Got error 'Primary script unknown\n'
[Tue May 11 19:35:25.734203 2021] [proxy_fcgi:error] [pid 283633:tid 139671489193728] [client 5.188.210.227:57565] AH01071: Got error 'Primary script unknown\n', referer: https://www.google.com/
[Wed May 12 07:07:17.001791 2021] [proxy_fcgi:error] [pid 257177:tid 139671489193728] [client 128.199.255.158:37938] AH01071: Got error 'Primary script unknown\n'
[Wed May 12 13:21:12.771908 2021] [cgid:error] [pid 283633:tid 139671531157248] [client 74.102.39.43:38903] AH01264: script not found or unable to stat: /var/www/cgi-bin/mainfunction.cgi
[Wed May 12 17:42:00.296713 2021] [proxy_fcgi:error] [pid 283633:tid 139671617607424] [client 134.209.181.57:58094] AH01071: Got error 'Primary script unknown\n'
[Wed May 12 17:42:00.320468 2021] [proxy_fcgi:error] [pid 257178:tid 139671321437952] [client 134.209.181.57:58102] AH01071: Got error 'Primary script unknown\n'
[Thu May 13 17:36:41.348667 2021] [proxy_fcgi:error] [pid 283633:tid 139671371695872] [client 213.159.209.230:44524] AH01071: Got error 'Primary script unknown\n'
[Thu May 13 19:06:30.570468 2021] [proxy_fcgi:error] [pid 283633:tid 139671522764544] [client 35.233.23.228:60720] AH01071: Got error 'Primary script unknown\n'
[Thu May 13 19:06:30.657425 2021] [proxy_fcgi:error] [pid 283633:tid 139671634392832] [client 35.233.23.228:60756] AH01071: Got error 'Primary script unknown\n'
[Thu May 13 19:06:30.776426 2021] [proxy_fcgi:error] [pid 257177:tid 139671388481280] [client 35.233.23.228:60792] AH01071: Got error 'Primary script unknown\n'
[Thu May 13 19:06:30.867599 2021] [proxy_fcgi:error] [pid 257178:tid 139671187154688] [client 35.233.23.228:60818] AH01071: Got error 'Primary script unknown\n'
[Thu May 13 19:06:31.022904 2021] [proxy_fcgi:error] [pid 257176:tid 139671380088576] [client 35.233.23.228:60866] AH01071: Got error 'Primary script unknown\n'
[Thu May 13 19:59:25.860809 2021] [proxy_fcgi:error] [pid 257178:tid 139671203940096] [client 64.227.22.166:54938] AH01071: Got error 'Primary script unknown\n'
[Thu May 13 19:59:25.907696 2021] [proxy_fcgi:error] [pid 257176:tid 139671396873984] [client 64.227.22.166:54986] AH01071: Got error 'Primary script unknown\n'
[Fri May 14 01:08:12.913347 2021] [proxy_fcgi:error] [pid 257177:tid 139671489193728] [client 128.199.7.44:37282] AH01071: Got error 'Primary script unknown\n'
[Sat May 15 06:53:31.307071 2021] [proxy_fcgi:error] [pid 257178:tid 139671220725504] [client 52.192.73.251:52399] AH01071: Got error 'Primary script unknown\n'
[Sat May 15 08:31:32.140605 2021] [proxy_fcgi:error] [pid 283633:tid 139671480801024] [client 125.64.94.221:35980] AH01071: Got error 'Primary script unknown\n'
[Sat May 15 08:31:41.144795 2021] [proxy_fcgi:error] [pid 283633:tid 139671405266688] [client 125.64.94.221:43576] AH01071: Got error 'Primary script unknown\n'
[Sat May 15 08:34:20.033189 2021] [proxy_fcgi:error] [pid 283633:tid 139671505979136] [client 125.64.94.221:39956] AH01071: Got error 'Primary script unknown\n'
[Sat May 15 08:36:35.425073 2021] [proxy_fcgi:error] [pid 283633:tid 139671396873984] [client 125.64.94.221:39954] AH01071: Got error 'Primary script unknown\n'
[Sat May 15 08:37:04.111083 2021] [proxy_fcgi:error] [pid 283633:tid 139671505979136] [client 125.64.94.221:38840] AH01071: Got error 'Primary script unknown\n'
[Sat May 15 08:37:28.020532 2021] [proxy_fcgi:error] [pid 283633:tid 139671388481280] [client 125.64.94.221:55288] AH01071: Got error 'Primary script unknown\n'
[Sat May 15 08:37:29.993412 2021] [proxy_fcgi:error] [pid 283633:tid 139671497586432] [client 125.64.94.221:57268] AH01071: Got error 'Primary script unknown\n'
[Sat May 15 08:38:21.765302 2021] [proxy_fcgi:error] [pid 283633:tid 139671472408320] [client 125.64.94.221:35048] AH01071: Got error 'Primary script unknown\n'
[Sat May 15 08:38:44.443243 2021] [proxy_fcgi:error] [pid 283633:tid 139671464015616] [client 125.64.94.221:58688] AH01071: Got error 'Primary script unknown\n'
[Sat May 15 08:39:00.386836 2021] [proxy_fcgi:error] [pid 283633:tid 139671396873984] [client 125.64.94.221:42502] AH01071: Got error 'Primary script unknown\n'
[Sat May 15 08:39:59.321052 2021] [proxy_fcgi:error] [pid 283633:tid 139671472408320] [client 125.64.94.221:40360] AH01071: Got error 'Primary script unknown\n'
[Sat May 15 08:40:02.051078 2021] [proxy_fcgi:error] [pid 283633:tid 139671617607424] [client 125.64.94.221:43124] AH01071: Got error 'Primary script unknown\n'
[Sun May 16 04:04:02.505146 2021] [proxy_fcgi:error] [pid 995892:tid 139671422052096] [client 193.111.199.61:54742] AH01071: Got error 'Primary script unknown\n'
[Sun May 16 05:35:10.248117 2021] [proxy_fcgi:error] [pid 995892:tid 139671522764544] [client 146.185.135.169:37540] AH01071: Got error 'Primary script unknown\n'
[Sun May 16 16:23:38.625990 2021] [proxy_fcgi:error] [pid 995892:tid 139671531157248] [client 67.205.38.108:43372] AH01071: Got error 'Primary script unknown\n'
[Mon May 17 00:34:31.583146 2021] [proxy_fcgi:error] [pid 1061242:tid 139671447230208] [client 104.248.199.50:57838] AH01071: Got error 'Primary script unknown\n'
[Mon May 17 08:42:21.317102 2021] [proxy_fcgi:error] [pid 1061242:tid 139671371695872] [client 1.116.69.128:51570] AH01071: Got error 'Primary script unknown\n'
[Mon May 17 15:23:20.521923 2021] [proxy_fcgi:error] [pid 1061242:tid 139671505979136] [client 192.241.174.114:49032] AH01071: Got error 'Primary script unknown\n'
[Mon May 17 16:49:57.448207 2021] [proxy_fcgi:error] [pid 1061242:tid 139671371695872] [client 157.245.231.45:33370] AH01071: Got error 'Primary script unknown\n'
[Mon May 17 19:38:02.441274 2021] [proxy_fcgi:error] [pid 1061242:tid 139671405266688] [client 162.241.149.137:55672] AH01071: Got error 'Primary script unknown\n'
[Wed May 19 03:46:27.416931 2021] [proxy_fcgi:error] [pid 1061242:tid 139671634392832] [client 103.147.50.107:48942] AH01071: Got error 'Primary script unknown\n'
[Wed May 19 05:23:50.550523 2021] [proxy_fcgi:error] [pid 1061242:tid 139671396873984] [client 208.109.14.154:48308] AH01071: Got error 'Primary script unknown\n'
[Wed May 19 05:23:50.553362 2021] [proxy_fcgi:error] [pid 1061242:tid 139671447230208] [client 208.109.14.154:48296] AH01071: Got error 'Primary script unknown\n'
[Wed May 19 05:23:50.583934 2021] [proxy_fcgi:error] [pid 995894:tid 139671212332800] [client 208.109.14.154:48318] AH01071: Got error 'Primary script unknown\n'
[Wed May 19 05:23:50.601266 2021] [proxy_fcgi:error] [pid 995893:tid 139671617607424] [client 208.109.14.154:48294] AH01071: Got error 'Primary script unknown\n'
[Wed May 19 05:23:50.641339 2021] [proxy_fcgi:error] [pid 995892:tid 139671489193728] [client 208.109.14.154:48324] AH01071: Got error 'Primary script unknown\n'
[Wed May 19 17:58:00.941607 2021] [proxy_fcgi:error] [pid 1061242:tid 139671430444800] [client 194.36.45.73:50248] AH01071: Got error 'Primary script unknown\n'
[Wed May 19 21:55:46.090778 2021] [proxy_fcgi:error] [pid 1061242:tid 139671514371840] [client 5.8.10.202:43162] AH01071: Got error 'Primary script unknown\n'
[Thu May 20 08:10:34.711983 2021] [proxy_fcgi:error] [pid 1061242:tid 139671438837504] [client 34.241.77.13:31835] AH01071: Got error 'Primary script unknown\n'
[Thu May 20 16:39:46.457821 2021] [proxy_fcgi:error] [pid 995892:tid 139671609214720] [client 178.128.93.180:42720] AH01071: Got error 'Primary script unknown\n'
[Thu May 20 16:39:46.893512 2021] [proxy_fcgi:error] [pid 1061242:tid 139671380088576] [client 178.128.93.180:42786] AH01071: Got error 'Primary script unknown\n'
[Thu May 20 18:20:08.586869 2021] [proxy_fcgi:error] [pid 1061242:tid 139671363303168] [client 161.35.19.188:45998] AH01071: Got error 'Primary script unknown\n'
[Thu May 20 18:20:08.621028 2021] [proxy_fcgi:error] [pid 995893:tid 139671472408320] [client 161.35.19.188:46004] AH01071: Got error 'Primary script unknown\n'
[Fri May 21 11:20:47.279957 2021] [proxy_fcgi:error] [pid 1061242:tid 139671480801024] [client 81.96.28.219:51072] AH01071: Got error 'Primary script unknown\n'
[Fri May 21 16:13:45.837408 2021] [proxy_fcgi:error] [pid 1061242:tid 139671480801024] [client 5.8.10.202:36702] AH01071: Got error 'Primary script unknown\n'
[Sat May 22 15:09:47.006282 2021] [proxy_fcgi:error] [pid 1061242:tid 139671405266688] [client 208.97.136.31:45472] AH01071: Got error 'Primary script unknown\n'
[Sat May 22 15:09:47.048017 2021] [proxy_fcgi:error] [pid 995893:tid 139671626000128] [client 208.97.136.31:45476] AH01071: Got error 'Primary script unknown\n'
[Sun May 23 20:42:42.197163 2021] [proxy_fcgi:error] [pid 1781070:tid 139671617607424] [client 94.23.206.55:33476] AH01071: Got error 'Primary script unknown\n'
[Mon May 24 11:09:41.145278 2021] [proxy_fcgi:error] [pid 1761575:tid 139671329830656] [client 192.144.166.192:50474] AH01071: Got error 'Primary script unknown\n'
[Mon May 24 11:18:44.151121 2021] [proxy_fcgi:error] [pid 1781070:tid 139671531157248] [client 118.25.62.49:28130] AH01071: Got error 'Primary script unknown\n'
[Mon May 24 11:18:48.033448 2021] [proxy_fcgi:error] [pid 1781070:tid 139671413659392] [client 118.25.62.49:28383] AH01071: Got error 'Primary script unknown\n'
[Mon May 24 11:20:48.009069 2021] [proxy_fcgi:error] [pid 1781070:tid 139671617607424] [client 118.25.62.49:39186] AH01071: Got error 'Primary script unknown\n'
[Mon May 24 11:20:48.581135 2021] [proxy_fcgi:error] [pid 1781070:tid 139671514371840] [client 118.25.62.49:39266] AH01071: Got error 'Primary script unknown\n'
[Mon May 24 11:20:59.897447 2021] [cgid:error] [pid 1781070:tid 139671489193728] [client 118.25.62.49:39864] AH01264: script not found or unable to stat: /var/www/cgi-bin/php
[Mon May 24 11:21:00.363282 2021] [cgid:error] [pid 1781070:tid 139671626000128] [client 118.25.62.49:39974] AH01264: script not found or unable to stat: /var/www/cgi-bin/php5
[Mon May 24 11:21:00.905104 2021] [cgid:error] [pid 1781070:tid 139671531157248] [client 118.25.62.49:40027] AH01264: script not found or unable to stat: /var/www/cgi-bin/php-cgi
[Mon May 24 11:21:03.890135 2021] [cgid:error] [pid 1781070:tid 139671413659392] [client 118.25.62.49:40133] AH01264: script not found or unable to stat: /var/www/cgi-bin/php.cgi
[Mon May 24 11:21:04.368251 2021] [cgid:error] [pid 1761575:tid 139671279474432] [client 118.25.62.49:40234] AH01264: script not found or unable to stat: /var/www/cgi-bin/php4
[Mon May 24 11:21:08.362815 2021] [proxy_fcgi:error] [pid 1781070:tid 139671380088576] [client 118.25.62.49:40498] AH01071: Got error 'Primary script unknown\n'
[Mon May 24 11:21:08.793642 2021] [proxy_fcgi:error] [pid 1781070:tid 139671472408320] [client 118.25.62.49:40535] AH01071: Got error 'Primary script unknown\n'
[Mon May 24 11:21:11.986661 2021] [proxy_fcgi:error] [pid 1781070:tid 139671388481280] [client 118.25.62.49:40623] AH01071: Got error 'Primary script unknown\n'
[Mon May 24 11:21:20.121904 2021] [proxy_fcgi:error] [pid 1781070:tid 139671447230208] [client 118.25.62.49:41129] AH01071: Got error 'Primary script unknown\n'
[Mon May 24 11:21:20.794323 2021] [proxy_fcgi:error] [pid 1781070:tid 139671609214720] [client 118.25.62.49:41277] AH01071: Got error 'Primary script unknown\n'
[Mon May 24 11:21:31.944314 2021] [proxy_fcgi:error] [pid 1781070:tid 139671497586432] [client 118.25.62.49:41987] AH01071: Got error 'Primary script unknown\n'
[Mon May 24 11:21:32.374061 2021] [proxy_fcgi:error] [pid 1781070:tid 139671634392832] [client 118.25.62.49:42036] AH01071: Got error 'Primary script unknown\n'
[Mon May 24 11:21:32.956434 2021] [proxy_fcgi:error] [pid 1781070:tid 139671480801024] [client 118.25.62.49:42071] AH01071: Got error 'Primary script unknown\n'
[Mon May 24 11:21:33.474568 2021] [proxy_fcgi:error] [pid 1781070:tid 139671430444800] [client 118.25.62.49:42133] AH01071: Got error 'Primary script unknown\n'
[Mon May 24 11:21:33.895990 2021] [proxy_fcgi:error] [pid 1781070:tid 139671405266688] [client 118.25.62.49:42171] AH01071: Got error 'Primary script unknown\n'
[Mon May 24 11:21:34.429125 2021] [proxy_fcgi:error] [pid 1781070:tid 139671617607424] [client 118.25.62.49:42219] AH01071: Got error 'Primary script unknown\n'
[Mon May 24 11:21:36.026583 2021] [proxy_fcgi:error] [pid 1781070:tid 139671514371840] [client 118.25.62.49:42345] AH01071: Got error 'Primary script unknown\n'
[Mon May 24 11:21:36.510063 2021] [proxy_fcgi:error] [pid 1781070:tid 139671422052096] [client 118.25.62.49:42381] AH01071: Got error 'Primary script unknown\n'
[Mon May 24 11:21:37.011106 2021] [proxy_fcgi:error] [pid 1781070:tid 139671363303168] [client 118.25.62.49:42438] AH01071: Got error 'Primary script unknown\n'
[Mon May 24 11:21:40.587824 2021] [proxy_fcgi:error] [pid 1781070:tid 139671438837504] [client 118.25.62.49:42747] AH01071: Got error 'Primary script unknown\n'
[Mon May 24 11:21:41.134547 2021] [proxy_fcgi:error] [pid 1781070:tid 139671522764544] [client 118.25.62.49:42817] AH01071: Got error 'Primary script unknown\n'
[Mon May 24 11:21:41.745168 2021] [proxy_fcgi:error] [pid 1781070:tid 139671505979136] [client 118.25.62.49:42874] AH01071: Got error 'Primary script unknown\n'
[Mon May 24 11:21:42.236518 2021] [proxy_fcgi:error] [pid 1781070:tid 139671396873984] [client 118.25.62.49:42925] AH01071: Got error 'Primary script unknown\n'
[Mon May 24 11:21:42.670811 2021] [proxy_fcgi:error] [pid 1781070:tid 139671489193728] [client 118.25.62.49:42967] AH01071: Got error 'Primary script unknown\n'
[Mon May 24 11:21:44.184086 2021] [proxy_fcgi:error] [pid 1781070:tid 139671626000128] [client 118.25.62.49:43074] AH01071: Got error 'Primary script unknown\n'
[Mon May 24 11:21:44.760823 2021] [proxy_fcgi:error] [pid 1781070:tid 139671531157248] [client 118.25.62.49:43143] AH01071: Got error 'Primary script unknown\n'
[Mon May 24 11:21:45.231344 2021] [proxy_fcgi:error] [pid 1781070:tid 139671413659392] [client 118.25.62.49:43181] AH01071: Got error 'Primary script unknown\n'
[Mon May 24 11:21:45.804393 2021] [proxy_fcgi:error] [pid 1781070:tid 139671455622912] [client 118.25.62.49:43231] AH01071: Got error 'Primary script unknown\n'
[Mon May 24 11:21:46.297831 2021] [proxy_fcgi:error] [pid 1781070:tid 139671371695872] [client 118.25.62.49:43295] AH01071: Got error 'Primary script unknown\n'
[Mon May 24 11:21:46.848607 2021] [proxy_fcgi:error] [pid 1781070:tid 139671464015616] [client 118.25.62.49:43332] AH01071: Got error 'Primary script unknown\n'
[Mon May 24 11:21:48.045600 2021] [proxy_fcgi:error] [pid 1781070:tid 139671380088576] [client 118.25.62.49:43393] AH01071: Got error 'Primary script unknown\n'
[Mon May 24 11:21:48.635165 2021] [proxy_fcgi:error] [pid 1781070:tid 139671472408320] [client 118.25.62.49:43470] AH01071: Got error 'Primary script unknown\n'
[Mon May 24 11:21:49.173428 2021] [proxy_fcgi:error] [pid 1781070:tid 139671388481280] [client 118.25.62.49:43524] AH01071: Got error 'Primary script unknown\n'
[Mon May 24 11:21:49.749044 2021] [proxy_fcgi:error] [pid 1781070:tid 139671447230208] [client 118.25.62.49:43590] AH01071: Got error 'Primary script unknown\n'
[Mon May 24 11:21:50.330353 2021] [proxy_fcgi:error] [pid 1761575:tid 139671161976576] [client 118.25.62.49:43652] AH01071: Got error 'Primary script unknown\n'
[Mon May 24 11:21:50.872394 2021] [proxy_fcgi:error] [pid 1781070:tid 139671609214720] [client 118.25.62.49:43702] AH01071: Got error 'Primary script unknown\n'
[Mon May 24 11:21:51.970337 2021] [proxy_fcgi:error] [pid 1781070:tid 139671497586432] [client 118.25.62.49:43757] AH01071: Got error 'Primary script unknown\n'
[Mon May 24 11:21:52.526240 2021] [proxy_fcgi:error] [pid 1781070:tid 139671634392832] [client 118.25.62.49:43823] AH01071: Got error 'Primary script unknown\n'
[Mon May 24 11:42:01.006277 2021] [proxy_fcgi:error] [pid 1781070:tid 139671514371840] [client 118.25.62.49:60938] AH01071: Got error 'Primary script unknown\n'
[Mon May 24 11:42:01.464952 2021] [proxy_fcgi:error] [pid 1781070:tid 139671422052096] [client 118.25.62.49:60972] AH01071: Got error 'Primary script unknown\n'
[Mon May 24 11:42:01.936173 2021] [proxy_fcgi:error] [pid 1781070:tid 139671363303168] [client 118.25.62.49:61011] AH01071: Got error 'Primary script unknown\n'
[Mon May 24 11:42:04.821605 2021] [proxy_fcgi:error] [pid 1781070:tid 139671438837504] [client 118.25.62.49:61103] AH01071: Got error 'Primary script unknown\n'
[Mon May 24 11:42:05.315456 2021] [proxy_fcgi:error] [pid 1781070:tid 139671522764544] [client 118.25.62.49:61224] AH01071: Got error 'Primary script unknown\n'
[Mon May 24 11:42:07.964598 2021] [proxy_fcgi:error] [pid 1781070:tid 139671505979136] [client 118.25.62.49:61350] AH01071: Got error 'Primary script unknown\n'
[Mon May 24 11:42:08.412284 2021] [proxy_fcgi:error] [pid 1781070:tid 139671396873984] [client 118.25.62.49:61424] AH01071: Got error 'Primary script unknown\n'
[Mon May 24 11:42:08.880415 2021] [proxy_fcgi:error] [pid 1781070:tid 139671489193728] [client 118.25.62.49:61465] AH01071: Got error 'Primary script unknown\n'
[Mon May 24 11:42:09.363884 2021] [proxy_fcgi:error] [pid 1781070:tid 139671626000128] [client 118.25.62.49:61516] AH01071: Got error 'Primary script unknown\n'
[Mon May 24 11:42:09.846812 2021] [proxy_fcgi:error] [pid 1781070:tid 139671531157248] [client 118.25.62.49:61543] AH01071: Got error 'Primary script unknown\n'
[Mon May 24 11:42:12.115131 2021] [proxy_fcgi:error] [pid 1781070:tid 139671413659392] [client 118.25.62.49:61603] AH01071: Got error 'Primary script unknown\n'
[Mon May 24 11:42:12.581311 2021] [proxy_fcgi:error] [pid 1781070:tid 139671455622912] [client 118.25.62.49:61718] AH01071: Got error 'Primary script unknown\n'
[Mon May 24 11:42:13.063275 2021] [proxy_fcgi:error] [pid 1781070:tid 139671371695872] [client 118.25.62.49:61764] AH01071: Got error 'Primary script unknown\n'
[Mon May 24 11:42:13.523510 2021] [proxy_fcgi:error] [pid 1781070:tid 139671464015616] [client 118.25.62.49:61796] AH01071: Got error 'Primary script unknown\n'
[Mon May 24 11:42:13.984824 2021] [proxy_fcgi:error] [pid 1781070:tid 139671380088576] [client 118.25.62.49:61840] AH01071: Got error 'Primary script unknown\n'
[Mon May 24 11:42:16.867467 2021] [proxy_fcgi:error] [pid 1781070:tid 139671447230208] [client 118.25.62.49:62007] AH01071: Got error 'Primary script unknown\n'
[Mon May 24 11:42:20.912198 2021] [proxy_fcgi:error] [pid 1761575:tid 139671195547392] [client 118.25.62.49:62277] AH01071: Got error 'Primary script unknown\n'
[Mon May 24 11:42:23.960971 2021] [proxy_fcgi:error] [pid 1781070:tid 139671430444800] [client 118.25.62.49:62427] AH01071: Got error 'Primary script unknown\n'
[Mon May 24 11:42:24.419203 2021] [proxy_fcgi:error] [pid 1781070:tid 139671405266688] [client 118.25.62.49:62517] AH01071: Got error 'Primary script unknown\n'
[Mon May 24 11:42:24.854021 2021] [proxy_fcgi:error] [pid 1781070:tid 139671617607424] [client 118.25.62.49:62555] AH01071: Got error 'Primary script unknown\n'
[Mon May 24 11:42:25.303724 2021] [proxy_fcgi:error] [pid 1781070:tid 139671514371840] [client 118.25.62.49:62581] AH01071: Got error 'Primary script unknown\n'
[Mon May 24 11:42:25.777564 2021] [proxy_fcgi:error] [pid 1781070:tid 139671422052096] [client 118.25.62.49:62617] AH01071: Got error 'Primary script unknown\n'
[Mon May 24 11:42:27.998806 2021] [proxy_fcgi:error] [pid 1781070:tid 139671363303168] [client 118.25.62.49:62750] AH01071: Got error 'Primary script unknown\n'
[Mon May 24 11:42:28.464445 2021] [proxy_fcgi:error] [pid 1781070:tid 139671438837504] [client 118.25.62.49:62778] AH01071: Got error 'Primary script unknown\n'
[Mon May 24 11:42:28.902624 2021] [proxy_fcgi:error] [pid 1761575:tid 139671229118208] [client 118.25.62.49:62824] AH01071: Got error 'Primary script unknown\n'
[Mon May 24 11:42:29.347214 2021] [proxy_fcgi:error] [pid 1781070:tid 139671522764544] [client 118.25.62.49:62872] AH01071: Got error 'Primary script unknown\n'
[Mon May 24 11:42:29.779616 2021] [proxy_fcgi:error] [pid 1761575:tid 139671170369280] [client 118.25.62.49:62905] AH01071: Got error 'Primary script unknown\n'
[Mon May 24 11:42:31.984036 2021] [proxy_fcgi:error] [pid 1781070:tid 139671505979136] [client 118.25.62.49:63007] AH01071: Got error 'Primary script unknown\n'
[Mon May 24 11:42:36.319430 2021] [proxy_fcgi:error] [pid 1781070:tid 139671396873984] [client 118.25.62.49:63331] AH01071: Got error 'Primary script unknown\n'
[Mon May 24 11:42:36.792108 2021] [proxy_fcgi:error] [pid 1781070:tid 139671489193728] [client 118.25.62.49:63367] AH01071: Got error 'Primary script unknown\n'
[Mon May 24 11:42:44.282119 2021] [proxy_fcgi:error] [pid 1781070:tid 139671626000128] [client 118.25.62.49:63914] AH01071: Got error 'Primary script unknown\n'
[Mon May 24 11:42:48.417871 2021] [proxy_fcgi:error] [pid 1781070:tid 139671531157248] [client 118.25.62.49:64202] AH01071: Got error 'Primary script unknown\n'
[Mon May 24 11:42:48.880897 2021] [proxy_fcgi:error] [pid 1781070:tid 139671413659392] [client 118.25.62.49:64295] AH01071: Got error 'Primary script unknown\n'
[Mon May 24 11:42:49.362997 2021] [proxy_fcgi:error] [pid 1781070:tid 139671455622912] [client 118.25.62.49:64333] AH01071: Got error 'Primary script unknown\n'
[Mon May 24 11:42:49.865509 2021] [proxy_fcgi:error] [pid 1781070:tid 139671371695872] [client 118.25.62.49:64374] AH01071: Got error 'Primary script unknown\n'
[Mon May 24 11:42:50.318665 2021] [proxy_fcgi:error] [pid 1781070:tid 139671464015616] [client 118.25.62.49:64436] AH01071: Got error 'Primary script unknown\n'
[Mon May 24 11:42:52.104918 2021] [proxy_fcgi:error] [pid 1781070:tid 139671380088576] [client 118.25.62.49:64567] AH01071: Got error 'Primary script unknown\n'
[Mon May 24 11:42:52.560725 2021] [proxy_fcgi:error] [pid 1781070:tid 139671472408320] [client 118.25.62.49:64603] AH01071: Got error 'Primary script unknown\n'
[Mon May 24 11:42:53.029658 2021] [proxy_fcgi:error] [pid 1781070:tid 139671388481280] [client 118.25.62.49:64647] AH01071: Got error 'Primary script unknown\n'
[Mon May 24 11:42:53.485410 2021] [proxy_fcgi:error] [pid 1781070:tid 139671447230208] [client 118.25.62.49:64696] AH01071: Got error 'Primary script unknown\n'
[Mon May 24 11:42:56.296448 2021] [proxy_fcgi:error] [pid 1781070:tid 139671609214720] [client 118.25.62.49:64879] AH01071: Got error 'Primary script unknown\n'
[Mon May 24 11:42:56.800702 2021] [proxy_fcgi:error] [pid 1781070:tid 139671497586432] [client 118.25.62.49:64966] AH01071: Got error 'Primary script unknown\n'
[Mon May 24 11:43:12.928431 2021] [proxy_fcgi:error] [pid 1781070:tid 139671522764544] [client 118.25.62.49:1817] AH01071: Got error 'Primary script unknown\n'
[Mon May 24 11:43:13.362195 2021] [proxy_fcgi:error] [pid 1781070:tid 139671505979136] [client 118.25.62.49:1853] AH01071: Got error 'Primary script unknown\n'
[Mon May 24 11:43:13.805460 2021] [proxy_fcgi:error] [pid 1761575:tid 139671329830656] [client 118.25.62.49:1900] AH01071: Got error 'Primary script unknown\n'
[Mon May 24 11:43:14.259874 2021] [proxy_fcgi:error] [pid 1781070:tid 139671396873984] [client 118.25.62.49:1962] AH01071: Got error 'Primary script unknown\n'
[Mon May 24 11:43:14.709920 2021] [proxy_fcgi:error] [pid 1781070:tid 139671489193728] [client 118.25.62.49:2005] AH01071: Got error 'Primary script unknown\n'
[Mon May 24 11:43:21.029279 2021] [proxy_fcgi:error] [pid 1781070:tid 139671626000128] [client 118.25.62.49:2614] AH01071: Got error 'Primary script unknown\n'
[Mon May 24 11:43:21.500096 2021] [proxy_fcgi:error] [pid 1761577:tid 139671514371840] [client 118.25.62.49:2664] AH01071: Got error 'Primary script unknown\n'
[Mon May 24 11:43:21.944044 2021] [proxy_fcgi:error] [pid 1781070:tid 139671531157248] [client 118.25.62.49:2713] AH01071: Got error 'Primary script unknown\n'
[Mon May 24 11:43:22.400305 2021] [proxy_fcgi:error] [pid 1781070:tid 139671413659392] [client 118.25.62.49:2752] AH01071: Got error 'Primary script unknown\n'
[Mon May 24 11:43:22.875102 2021] [proxy_fcgi:error] [pid 1781070:tid 139671455622912] [client 118.25.62.49:2805] AH01071: Got error 'Primary script unknown\n'
[Mon May 24 11:43:28.551508 2021] [proxy_fcgi:error] [pid 1781070:tid 139671371695872] [client 118.25.62.49:3327] AH01071: Got error 'Primary script unknown\n'
[Mon May 24 11:43:29.009710 2021] [proxy_fcgi:error] [pid 1781070:tid 139671464015616] [client 118.25.62.49:3381] AH01071: Got error 'Primary script unknown\n'
[Mon May 24 11:43:29.454473 2021] [proxy_fcgi:error] [pid 1781070:tid 139671380088576] [client 118.25.62.49:3440] AH01071: Got error 'Primary script unknown\n'
[Mon May 24 11:43:29.958926 2021] [proxy_fcgi:error] [pid 1781070:tid 139671472408320] [client 118.25.62.49:3486] AH01071: Got error 'Primary script unknown\n'
[Mon May 24 11:43:30.412294 2021] [proxy_fcgi:error] [pid 1781070:tid 139671388481280] [client 118.25.62.49:3543] AH01071: Got error 'Primary script unknown\n'
[Mon May 24 11:43:30.881025 2021] [proxy_fcgi:error] [pid 1781070:tid 139671447230208] [client 118.25.62.49:3583] AH01071: Got error 'Primary script unknown\n'
[Mon May 24 11:43:32.258701 2021] [proxy_fcgi:error] [pid 1781070:tid 139671609214720] [client 118.25.62.49:3640] AH01071: Got error 'Primary script unknown\n'
[Mon May 24 11:43:32.702544 2021] [proxy_fcgi:error] [pid 1781070:tid 139671497586432] [client 118.25.62.49:3725] AH01071: Got error 'Primary script unknown\n'
[Mon May 24 11:43:33.217187 2021] [proxy_fcgi:error] [pid 1781070:tid 139671634392832] [client 118.25.62.49:3768] AH01071: Got error 'Primary script unknown\n'
[Mon May 24 11:43:33.679631 2021] [proxy_fcgi:error] [pid 1781070:tid 139671480801024] [client 118.25.62.49:3807] AH01071: Got error 'Primary script unknown\n'
[Mon May 24 11:43:34.170561 2021] [proxy_fcgi:error] [pid 1781070:tid 139671430444800] [client 118.25.62.49:3850] AH01071: Got error 'Primary script unknown\n'
[Mon May 24 11:43:34.653697 2021] [proxy_fcgi:error] [pid 1781070:tid 139671405266688] [client 118.25.62.49:3897] AH01071: Got error 'Primary script unknown\n'
[Mon May 24 11:43:37.050890 2021] [proxy_fcgi:error] [pid 1781070:tid 139671617607424] [client 118.25.62.49:4109] AH01071: Got error 'Primary script unknown\n'
[Mon May 24 11:43:37.513729 2021] [proxy_fcgi:error] [pid 1781070:tid 139671514371840] [client 118.25.62.49:4153] AH01071: Got error 'Primary script unknown\n'
[Mon May 24 11:43:38.078505 2021] [proxy_fcgi:error] [pid 1781070:tid 139671422052096] [client 118.25.62.49:4215] AH01071: Got error 'Primary script unknown\n'
[Mon May 24 11:43:43.955175 2021] [proxy_fcgi:error] [pid 1781070:tid 139671363303168] [client 118.25.62.49:4530] AH01071: Got error 'Primary script unknown\n'
[Mon May 24 11:43:44.413893 2021] [proxy_fcgi:error] [pid 1781070:tid 139671438837504] [client 118.25.62.49:4645] AH01071: Got error 'Primary script unknown\n'
[Mon May 24 11:43:44.877892 2021] [proxy_fcgi:error] [pid 1781070:tid 139671522764544] [client 118.25.62.49:4696] AH01071: Got error 'Primary script unknown\n'
[Mon May 24 11:43:52.031120 2021] [proxy_fcgi:error] [pid 1781070:tid 139671505979136] [client 118.25.62.49:5133] AH01071: Got error 'Primary script unknown\n'
[Mon May 24 11:43:52.547981 2021] [proxy_fcgi:error] [pid 1781070:tid 139671396873984] [client 118.25.62.49:5164] AH01071: Got error 'Primary script unknown\n'
[Mon May 24 11:43:55.970407 2021] [proxy_fcgi:error] [pid 1781070:tid 139671489193728] [client 118.25.62.49:5340] AH01071: Got error 'Primary script unknown\n'
[Mon May 24 11:44:00.094425 2021] [proxy_fcgi:error] [pid 1781070:tid 139671626000128] [client 118.25.62.49:5634] AH01071: Got error 'Primary script unknown\n'
[Mon May 24 11:44:00.613158 2021] [proxy_fcgi:error] [pid 1781070:tid 139671531157248] [client 118.25.62.49:5681] AH01071: Got error 'Primary script unknown\n'
[Mon May 24 11:44:03.968454 2021] [proxy_fcgi:error] [pid 1781070:tid 139671413659392] [client 118.25.62.49:5841] AH01071: Got error 'Primary script unknown\n'
[Mon May 24 11:44:04.424916 2021] [proxy_fcgi:error] [pid 1781070:tid 139671455622912] [client 118.25.62.49:5898] AH01071: Got error 'Primary script unknown\n'
[Mon May 24 11:44:04.866287 2021] [proxy_fcgi:error] [pid 1761575:tid 139671430280960] [client 118.25.62.49:5947] AH01071: Got error 'Primary script unknown\n'
[Mon May 24 11:44:08.038482 2021] [proxy_fcgi:error] [pid 1781070:tid 139671371695872] [client 118.25.62.49:6006] AH01071: Got error 'Primary script unknown\n'
[Mon May 24 11:44:08.498822 2021] [proxy_fcgi:error] [pid 1761577:tid 139671531157248] [client 118.25.62.49:6154] AH01071: Got error 'Primary script unknown\n'
[Mon May 24 11:44:08.950170 2021] [proxy_fcgi:error] [pid 1781070:tid 139671464015616] [client 118.25.62.49:6198] AH01071: Got error 'Primary script unknown\n'
[Mon May 24 11:44:11.959632 2021] [proxy_fcgi:error] [pid 1781070:tid 139671380088576] [client 118.25.62.49:6283] AH01071: Got error 'Primary script unknown\n'
[Mon May 24 12:01:27.924309 2021] [proxy_fcgi:error] [pid 1781070:tid 139671531157248] [client 118.25.62.49:5305] AH01071: Got error 'Primary script unknown\n', referer: 554fcae493e564ee0dc75bdf2ebf94caads|a:3:{s:2:"id";s:3:"'/*";s:3:"num";s:141:"*/ union select 1,0x272F2A,3,4,5,6,7,8,0x7b247b24524345275d3b6469652f2a2a2f286d6435284449524543544f52595f534550415241544f5229293b2f2f7d7d,0--";s:4:"name";s:3:"ads";}554fcae493e564ee0dc75bdf2ebf94ca
[Mon May 24 13:42:07.182274 2021] [proxy_fcgi:error] [pid 1781070:tid 139671617607424] [client 121.5.147.119:34198] AH01071: Got error 'Primary script unknown\n'
[Mon May 24 15:32:33.428242 2021] [proxy_fcgi:error] [pid 1781070:tid 139671438837504] [client 121.5.145.96:36682] AH01071: Got error 'Primary script unknown\n'
[Mon May 24 15:37:41.745877 2021] [proxy_fcgi:error] [pid 1781070:tid 139671447230208] [client 212.129.152.41:36248] AH01071: Got error 'Primary script unknown\n'
[Mon May 24 16:56:29.931988 2021] [proxy_fcgi:error] [pid 1761575:tid 139671287867136] [client 123.58.210.77:41048] AH01071: Got error 'Primary script unknown\n'
[Mon May 24 16:57:21.940716 2021] [proxy_fcgi:error] [pid 1781070:tid 139671438837504] [client 123.58.210.77:54428] AH01071: Got error 'Primary script unknown\n'
[Mon May 24 18:11:55.131432 2021] [proxy_fcgi:error] [pid 1761575:tid 139671430280960] [client 35.180.147.121:21421] AH01071: Got error 'Primary script unknown\n'
[Mon May 24 18:43:31.628688 2021] [proxy_fcgi:error] [pid 1781070:tid 139671438837504] [client 103.146.202.150:34136] AH01071: Got error 'Primary script unknown\n'
[Mon May 24 20:56:37.227423 2021] [proxy_fcgi:error] [pid 1781070:tid 139671514371840] [client 42.193.8.97:56618] AH01071: Got error 'Primary script unknown\n'
[Mon May 24 21:29:49.663636 2021] [proxy_fcgi:error] [pid 1781070:tid 139671438837504] [client 42.193.8.97:59748] AH01071: Got error 'Primary script unknown\n'
[Mon May 24 22:12:29.351875 2021] [proxy_fcgi:error] [pid 1781070:tid 139671489193728] [client 121.5.147.119:58436] AH01071: Got error 'Primary script unknown\n'
[Mon May 24 23:40:03.802261 2021] [proxy_fcgi:error] [pid 1781070:tid 139671430444800] [client 49.234.43.244:50548] AH01071: Got error 'Primary script unknown\n'
[Mon May 24 23:44:37.230355 2021] [proxy_fcgi:error] [pid 1781070:tid 139671472408320] [client 49.234.43.244:35486] AH01071: Got error 'Primary script unknown\n'
[Tue May 25 00:05:20.062192 2021] [proxy_fcgi:error] [pid 1781070:tid 139671617607424] [client 121.5.145.96:41650] AH01071: Got error 'Primary script unknown\n'
[Tue May 25 00:14:01.553451 2021] [proxy_fcgi:error] [pid 1781070:tid 139671522764544] [client 121.5.147.119:39012] AH01071: Got error 'Primary script unknown\n'
[Tue May 25 00:32:16.634440 2021] [proxy_fcgi:error] [pid 1781070:tid 139671472408320] [client 121.4.181.178:36596] AH01071: Got error 'Primary script unknown\n'
[Tue May 25 02:13:10.791164 2021] [proxy_fcgi:error] [pid 1781070:tid 139671489193728] [client 121.199.9.111:41996] AH01071: Got error 'Primary script unknown\n'
[Tue May 25 04:57:29.074218 2021] [proxy_fcgi:error] [pid 1781070:tid 139671480801024] [client 121.4.163.148:45014] AH01071: Got error 'Primary script unknown\n'
[Tue May 25 05:55:42.583716 2021] [proxy_fcgi:error] [pid 1781070:tid 139671531157248] [client 42.192.11.192:57536] AH01071: Got error 'Primary script unknown\n'
[Tue May 25 06:55:43.679639 2021] [proxy_fcgi:error] [pid 1781070:tid 139671447230208] [client 1.14.17.89:37524] AH01071: Got error 'Primary script unknown\n'
[Tue May 25 10:04:52.675114 2021] [proxy_fcgi:error] [pid 1781070:tid 139671363303168] [client 49.234.43.244:49460] AH01071: Got error 'Primary script unknown\n'
[Tue May 25 10:26:09.781308 2021] [proxy_fcgi:error] [pid 1781070:tid 139671480801024] [client 121.4.163.148:49792] AH01071: Got error 'Primary script unknown\n'
[Tue May 25 19:03:11.327751 2021] [proxy_fcgi:error] [pid 1781070:tid 139671626000128] [client 198.12.226.30:54138] AH01071: Got error 'Primary script unknown\n'
[Tue May 25 19:03:11.348195 2021] [proxy_fcgi:error] [pid 1761575:tid 139671304652544] [client 198.12.226.30:54140] AH01071: Got error 'Primary script unknown\n'
[Wed May 26 03:42:19.929976 2021] [proxy_fcgi:error] [pid 1781070:tid 139671522764544] [client 111.230.41.189:43810] AH01071: Got error 'Primary script unknown\n'
[Wed May 26 03:42:20.437864 2021] [proxy_fcgi:error] [pid 1781070:tid 139671634392832] [client 111.230.41.189:44124] AH01071: Got error 'Primary script unknown\n'
[Wed May 26 03:42:20.946512 2021] [proxy_fcgi:error] [pid 1781070:tid 139671380088576] [client 111.230.41.189:44209] AH01071: Got error 'Primary script unknown\n'
[Wed May 26 03:42:24.932205 2021] [proxy_fcgi:error] [pid 1781070:tid 139671514371840] [client 111.230.41.189:44851] AH01071: Got error 'Primary script unknown\n'
[Wed May 26 03:42:25.458637 2021] [proxy_fcgi:error] [pid 1781070:tid 139671422052096] [client 111.230.41.189:45119] AH01071: Got error 'Primary script unknown\n'
[Wed May 26 03:42:32.476281 2021] [cgid:error] [pid 1781070:tid 139671447230208] [client 111.230.41.189:46299] AH01264: script not found or unable to stat: /var/www/cgi-bin/php
[Wed May 26 03:42:32.971643 2021] [cgid:error] [pid 1781070:tid 139671413659392] [client 111.230.41.189:46411] AH01264: script not found or unable to stat: /var/www/cgi-bin/php5
[Wed May 26 03:42:33.485405 2021] [cgid:error] [pid 1761575:tid 139671229118208] [client 111.230.41.189:46498] AH01264: script not found or unable to stat: /var/www/cgi-bin/php-cgi
[Wed May 26 03:42:35.975669 2021] [cgid:error] [pid 1781070:tid 139671371695872] [client 111.230.41.189:46910] AH01264: script not found or unable to stat: /var/www/cgi-bin/php4
[Wed May 26 03:42:39.930911 2021] [proxy_fcgi:error] [pid 1781070:tid 139671405266688] [client 111.230.41.189:47475] AH01071: Got error 'Primary script unknown\n'
[Wed May 26 03:42:40.437990 2021] [proxy_fcgi:error] [pid 1761575:tid 139671430280960] [client 111.230.41.189:47625] AH01071: Got error 'Primary script unknown\n'
[Wed May 26 03:42:40.932816 2021] [proxy_fcgi:error] [pid 1781070:tid 139671464015616] [client 111.230.41.189:47883] AH01071: Got error 'Primary script unknown\n'
[Wed May 26 03:42:41.449538 2021] [proxy_fcgi:error] [pid 1761575:tid 139671212332800] [client 111.230.41.189:47973] AH01071: Got error 'Primary script unknown\n'
[Wed May 26 03:42:43.906096 2021] [proxy_fcgi:error] [pid 1781070:tid 139671363303168] [client 111.230.41.189:48130] AH01071: Got error 'Primary script unknown\n'
[Wed May 26 03:42:44.430485 2021] [proxy_fcgi:error] [pid 1781070:tid 139671626000128] [client 111.230.41.189:48461] AH01071: Got error 'Primary script unknown\n'
[Wed May 26 03:42:44.922175 2021] [proxy_fcgi:error] [pid 1781070:tid 139671430444800] [client 111.230.41.189:48577] AH01071: Got error 'Primary script unknown\n'
[Wed May 26 03:42:45.424592 2021] [proxy_fcgi:error] [pid 1781070:tid 139671480801024] [client 111.230.41.189:48653] AH01071: Got error 'Primary script unknown\n'
[Wed May 26 03:42:47.876773 2021] [proxy_fcgi:error] [pid 1781070:tid 139671617607424] [client 111.230.41.189:49001] AH01071: Got error 'Primary script unknown\n'
[Wed May 26 03:42:48.373121 2021] [proxy_fcgi:error] [pid 1781070:tid 139671455622912] [client 111.230.41.189:49129] AH01071: Got error 'Primary script unknown\n'
[Wed May 26 03:42:48.890295 2021] [proxy_fcgi:error] [pid 1781070:tid 139671388481280] [client 111.230.41.189:49218] AH01071: Got error 'Primary script unknown\n'
[Wed May 26 03:42:49.392219 2021] [proxy_fcgi:error] [pid 1781070:tid 139671609214720] [client 111.230.41.189:49294] AH01071: Got error 'Primary script unknown\n'
[Wed May 26 03:42:51.880984 2021] [proxy_fcgi:error] [pid 1781070:tid 139671522764544] [client 111.230.41.189:49602] AH01071: Got error 'Primary script unknown\n'
[Wed May 26 03:42:52.410059 2021] [proxy_fcgi:error] [pid 1781070:tid 139671634392832] [client 111.230.41.189:49798] AH01071: Got error 'Primary script unknown\n'
[Wed May 26 03:42:52.914131 2021] [proxy_fcgi:error] [pid 1781070:tid 139671380088576] [client 111.230.41.189:50050] AH01071: Got error 'Primary script unknown\n'
[Wed May 26 03:42:53.431637 2021] [proxy_fcgi:error] [pid 1781070:tid 139671514371840] [client 111.230.41.189:50131] AH01071: Got error 'Primary script unknown\n'
[Wed May 26 03:42:55.861635 2021] [proxy_fcgi:error] [pid 1781070:tid 139671422052096] [client 111.230.41.189:50318] AH01071: Got error 'Primary script unknown\n'
[Wed May 26 03:42:56.374401 2021] [proxy_fcgi:error] [pid 1781070:tid 139671531157248] [client 111.230.41.189:50606] AH01071: Got error 'Primary script unknown\n'
[Wed May 26 03:42:56.897472 2021] [proxy_fcgi:error] [pid 1761575:tid 139671413495552] [client 111.230.41.189:50679] AH01071: Got error 'Primary script unknown\n'
[Wed May 26 03:42:57.411191 2021] [proxy_fcgi:error] [pid 1781070:tid 139671396873984] [client 111.230.41.189:50793] AH01071: Got error 'Primary script unknown\n'
[Wed May 26 03:42:59.851301 2021] [proxy_fcgi:error] [pid 1781070:tid 139671472408320] [client 111.230.41.189:51154] AH01071: Got error 'Primary script unknown\n'
[Wed May 26 03:43:00.357511 2021] [proxy_fcgi:error] [pid 1781070:tid 139671438837504] [client 111.230.41.189:51254] AH01071: Got error 'Primary script unknown\n'
[Wed May 26 03:43:00.874563 2021] [proxy_fcgi:error] [pid 1781070:tid 139671447230208] [client 111.230.41.189:51329] AH01071: Got error 'Primary script unknown\n'
[Wed May 26 03:43:01.376083 2021] [proxy_fcgi:error] [pid 1781070:tid 139671413659392] [client 111.230.41.189:51421] AH01071: Got error 'Primary script unknown\n'
[Wed May 26 03:43:03.827364 2021] [proxy_fcgi:error] [pid 1781070:tid 139671371695872] [client 111.230.41.189:51836] AH01071: Got error 'Primary script unknown\n'
[Wed May 26 03:43:04.335857 2021] [proxy_fcgi:error] [pid 1781070:tid 139671489193728] [client 111.230.41.189:51907] AH01071: Got error 'Primary script unknown\n'
[Wed May 26 03:43:04.865065 2021] [proxy_fcgi:error] [pid 1781070:tid 139671497586432] [client 111.230.41.189:52002] AH01071: Got error 'Primary script unknown\n'
[Wed May 26 03:43:05.363811 2021] [proxy_fcgi:error] [pid 1781070:tid 139671505979136] [client 111.230.41.189:52262] AH01071: Got error 'Primary script unknown\n'
[Wed May 26 03:43:05.860555 2021] [proxy_fcgi:error] [pid 1761575:tid 139671245903616] [client 111.230.41.189:52326] AH01071: Got error 'Primary script unknown\n'
[Wed May 26 03:43:07.860643 2021] [proxy_fcgi:error] [pid 1781070:tid 139671405266688] [client 111.230.41.189:52469] AH01071: Got error 'Primary script unknown\n'
[Wed May 26 03:43:08.359533 2021] [proxy_fcgi:error] [pid 1781070:tid 139671464015616] [client 111.230.41.189:52736] AH01071: Got error 'Primary script unknown\n'
[Wed May 26 03:43:08.894004 2021] [proxy_fcgi:error] [pid 1781070:tid 139671363303168] [client 111.230.41.189:52819] AH01071: Got error 'Primary script unknown\n'
[Wed May 26 03:43:09.427358 2021] [proxy_fcgi:error] [pid 1781070:tid 139671626000128] [client 111.230.41.189:52904] AH01071: Got error 'Primary script unknown\n'
[Wed May 26 03:43:24.821222 2021] [proxy_fcgi:error] [pid 1781070:tid 139671371695872] [client 111.230.41.189:55584] AH01071: Got error 'Primary script unknown\n'
[Wed May 26 03:43:32.263154 2021] [proxy_fcgi:error] [pid 1781070:tid 139671480801024] [client 111.230.41.189:56849] AH01071: Got error 'Primary script unknown\n'
[Wed May 26 03:43:32.903951 2021] [proxy_fcgi:error] [pid 1781070:tid 139671617607424] [client 111.230.41.189:56948] AH01071: Got error 'Primary script unknown\n'
[Wed May 26 03:43:33.391408 2021] [proxy_fcgi:error] [pid 1781070:tid 139671455622912] [client 111.230.41.189:57198] AH01071: Got error 'Primary script unknown\n'
[Wed May 26 03:43:33.876820 2021] [proxy_fcgi:error] [pid 1761575:tid 139671178761984] [client 111.230.41.189:57276] AH01071: Got error 'Primary script unknown\n'
[Wed May 26 03:43:35.775687 2021] [proxy_fcgi:error] [pid 1781070:tid 139671388481280] [client 111.230.41.189:57389] AH01071: Got error 'Primary script unknown\n'
[Wed May 26 03:43:36.281754 2021] [proxy_fcgi:error] [pid 1781070:tid 139671609214720] [client 111.230.41.189:57692] AH01071: Got error 'Primary script unknown\n'
[Wed May 26 03:43:36.801017 2021] [proxy_fcgi:error] [pid 1781070:tid 139671522764544] [client 111.230.41.189:57778] AH01071: Got error 'Primary script unknown\n'
[Wed May 26 03:43:37.304177 2021] [proxy_fcgi:error] [pid 1781070:tid 139671634392832] [client 111.230.41.189:57863] AH01071: Got error 'Primary script unknown\n'
[Wed May 26 03:43:37.799640 2021] [proxy_fcgi:error] [pid 1781070:tid 139671380088576] [client 111.230.41.189:57939] AH01071: Got error 'Primary script unknown\n'
[Wed May 26 03:43:39.765601 2021] [proxy_fcgi:error] [pid 1781070:tid 139671514371840] [client 111.230.41.189:58253] AH01071: Got error 'Primary script unknown\n'
[Wed May 26 03:43:40.294342 2021] [proxy_fcgi:error] [pid 1781070:tid 139671422052096] [client 111.230.41.189:58383] AH01071: Got error 'Primary script unknown\n'
[Wed May 26 03:43:40.829323 2021] [proxy_fcgi:error] [pid 1781070:tid 139671531157248] [client 111.230.41.189:58473] AH01071: Got error 'Primary script unknown\n'
[Wed May 26 03:43:41.344483 2021] [proxy_fcgi:error] [pid 1781070:tid 139671396873984] [client 111.230.41.189:58592] AH01071: Got error 'Primary script unknown\n'
[Wed May 26 03:43:41.851363 2021] [proxy_fcgi:error] [pid 1781070:tid 139671472408320] [client 111.230.41.189:58681] AH01071: Got error 'Primary script unknown\n'
[Wed May 26 03:43:43.789694 2021] [proxy_fcgi:error] [pid 1781070:tid 139671438837504] [client 111.230.41.189:58968] AH01071: Got error 'Primary script unknown\n'
[Wed May 26 03:43:44.324865 2021] [proxy_fcgi:error] [pid 1781070:tid 139671447230208] [client 111.230.41.189:59098] AH01071: Got error 'Primary script unknown\n'
[Wed May 26 03:43:45.846385 2021] [proxy_fcgi:error] [pid 1781070:tid 139671489193728] [client 111.230.41.189:59533] AH01071: Got error 'Primary script unknown\n'
[Wed May 26 03:43:51.748363 2021] [proxy_fcgi:error] [pid 1781070:tid 139671363303168] [client 111.230.41.189:60661] AH01071: Got error 'Primary script unknown\n'
[Wed May 26 03:43:52.250707 2021] [proxy_fcgi:error] [pid 1781070:tid 139671626000128] [client 111.230.41.189:60767] AH01071: Got error 'Primary script unknown\n'
[Wed May 26 03:43:52.777293 2021] [proxy_fcgi:error] [pid 1781070:tid 139671430444800] [client 111.230.41.189:60871] AH01071: Got error 'Primary script unknown\n'
[Wed May 26 03:43:53.294784 2021] [proxy_fcgi:error] [pid 1781070:tid 139671480801024] [client 111.230.41.189:60959] AH01071: Got error 'Primary script unknown\n'
[Wed May 26 03:43:53.803534 2021] [proxy_fcgi:error] [pid 1781070:tid 139671617607424] [client 111.230.41.189:61053] AH01071: Got error 'Primary script unknown\n'
[Wed May 26 03:43:55.739497 2021] [proxy_fcgi:error] [pid 1781070:tid 139671455622912] [client 111.230.41.189:61339] AH01071: Got error 'Primary script unknown\n'
[Wed May 26 03:43:56.279945 2021] [proxy_fcgi:error] [pid 1781070:tid 139671388481280] [client 111.230.41.189:61448] AH01071: Got error 'Primary script unknown\n'
[Wed May 26 03:43:56.769460 2021] [proxy_fcgi:error] [pid 1781070:tid 139671609214720] [client 111.230.41.189:61546] AH01071: Got error 'Primary script unknown\n'
[Wed May 26 03:43:57.287105 2021] [proxy_fcgi:error] [pid 1781070:tid 139671522764544] [client 111.230.41.189:61799] AH01071: Got error 'Primary script unknown\n'
[Wed May 26 03:43:57.772093 2021] [proxy_fcgi:error] [pid 1781070:tid 139671634392832] [client 111.230.41.189:61899] AH01071: Got error 'Primary script unknown\n'
[Wed May 26 03:43:59.726346 2021] [proxy_fcgi:error] [pid 1781070:tid 139671380088576] [client 111.230.41.189:62025] AH01071: Got error 'Primary script unknown\n'
[Wed May 26 03:44:00.223939 2021] [proxy_fcgi:error] [pid 1781070:tid 139671514371840] [client 111.230.41.189:62318] AH01071: Got error 'Primary script unknown\n'
[Wed May 26 03:44:00.751352 2021] [proxy_fcgi:error] [pid 1781070:tid 139671422052096] [client 111.230.41.189:62431] AH01071: Got error 'Primary script unknown\n'
[Wed May 26 03:44:01.265791 2021] [proxy_fcgi:error] [pid 1781070:tid 139671531157248] [client 111.230.41.189:62520] AH01071: Got error 'Primary script unknown\n'
[Wed May 26 03:44:01.785651 2021] [proxy_fcgi:error] [pid 1781070:tid 139671396873984] [client 111.230.41.189:62595] AH01071: Got error 'Primary script unknown\n'
[Wed May 26 03:44:03.717902 2021] [proxy_fcgi:error] [pid 1781070:tid 139671472408320] [client 111.230.41.189:62714] AH01071: Got error 'Primary script unknown\n'
[Wed May 26 03:44:04.219405 2021] [proxy_fcgi:error] [pid 1781070:tid 139671438837504] [client 111.230.41.189:63041] AH01071: Got error 'Primary script unknown\n'
[Wed May 26 03:44:04.740518 2021] [proxy_fcgi:error] [pid 1781070:tid 139671447230208] [client 111.230.41.189:63121] AH01071: Got error 'Primary script unknown\n'
[Wed May 26 03:44:05.223198 2021] [proxy_fcgi:error] [pid 1781070:tid 139671413659392] [client 111.230.41.189:63194] AH01071: Got error 'Primary script unknown\n'
[Wed May 26 03:44:05.713769 2021] [proxy_fcgi:error] [pid 1781070:tid 139671371695872] [client 111.230.41.189:63272] AH01071: Got error 'Primary script unknown\n'
[Wed May 26 03:44:07.712998 2021] [proxy_fcgi:error] [pid 1781070:tid 139671489193728] [client 111.230.41.189:63567] AH01071: Got error 'Primary script unknown\n'
[Wed May 26 03:44:08.210543 2021] [proxy_fcgi:error] [pid 1781070:tid 139671497586432] [client 111.230.41.189:63722] AH01071: Got error 'Primary script unknown\n'
[Wed May 26 03:44:08.727613 2021] [proxy_fcgi:error] [pid 1781070:tid 139671505979136] [client 111.230.41.189:63801] AH01071: Got error 'Primary script unknown\n'
[Wed May 26 03:44:09.213256 2021] [proxy_fcgi:error] [pid 1781070:tid 139671405266688] [client 111.230.41.189:64061] AH01071: Got error 'Primary script unknown\n'
[Wed May 26 03:44:09.735789 2021] [proxy_fcgi:error] [pid 1781070:tid 139671464015616] [client 111.230.41.189:64133] AH01071: Got error 'Primary script unknown\n'
[Wed May 26 03:44:11.692432 2021] [proxy_fcgi:error] [pid 1781070:tid 139671363303168] [client 111.230.41.189:64295] AH01071: Got error 'Primary script unknown\n'
[Wed May 26 03:44:12.216216 2021] [proxy_fcgi:error] [pid 1781070:tid 139671626000128] [client 111.230.41.189:64582] AH01071: Got error 'Primary script unknown\n'
[Wed May 26 03:44:12.737482 2021] [proxy_fcgi:error] [pid 1781070:tid 139671430444800] [client 111.230.41.189:64666] AH01071: Got error 'Primary script unknown\n'
[Wed May 26 03:44:13.254580 2021] [proxy_fcgi:error] [pid 1781070:tid 139671480801024] [client 111.230.41.189:64748] AH01071: Got error 'Primary script unknown\n'
[Wed May 26 03:44:13.777470 2021] [proxy_fcgi:error] [pid 1781070:tid 139671617607424] [client 111.230.41.189:64870] AH01071: Got error 'Primary script unknown\n'
[Wed May 26 03:44:15.732013 2021] [proxy_fcgi:error] [pid 1781070:tid 139671455622912] [client 111.230.41.189:64944] AH01071: Got error 'Primary script unknown\n'
[Wed May 26 03:44:16.240559 2021] [proxy_fcgi:error] [pid 1781070:tid 139671388481280] [client 111.230.41.189:65299] AH01071: Got error 'Primary script unknown\n'
[Wed May 26 03:44:16.769674 2021] [proxy_fcgi:error] [pid 1781070:tid 139671609214720] [client 111.230.41.189:65388] AH01071: Got error 'Primary script unknown\n'
[Wed May 26 03:44:17.273303 2021] [proxy_fcgi:error] [pid 1781070:tid 139671522764544] [client 111.230.41.189:65507] AH01071: Got error 'Primary script unknown\n'
[Wed May 26 03:44:32.160409 2021] [proxy_fcgi:error] [pid 1781070:tid 139671371695872] [client 111.230.41.189:3250] AH01071: Got error 'Primary script unknown\n'
[Wed May 26 03:44:32.663858 2021] [proxy_fcgi:error] [pid 1781070:tid 139671489193728] [client 111.230.41.189:3335] AH01071: Got error 'Primary script unknown\n'
[Wed May 26 03:44:35.668640 2021] [proxy_fcgi:error] [pid 1781070:tid 139671497586432] [client 111.230.41.189:3441] AH01071: Got error 'Primary script unknown\n'
[Wed May 26 03:44:36.173783 2021] [proxy_fcgi:error] [pid 1781070:tid 139671505979136] [client 111.230.41.189:3760] AH01071: Got error 'Primary script unknown\n'
[Wed May 26 03:44:36.681503 2021] [proxy_fcgi:error] [pid 1781070:tid 139671405266688] [client 111.230.41.189:3844] AH01071: Got error 'Primary script unknown\n'
[Wed May 26 03:44:39.670458 2021] [proxy_fcgi:error] [pid 1781070:tid 139671464015616] [client 111.230.41.189:3962] AH01071: Got error 'Primary script unknown\n'
[Wed May 26 03:44:40.183053 2021] [proxy_fcgi:error] [pid 1781070:tid 139671363303168] [client 111.230.41.189:4297] AH01071: Got error 'Primary script unknown\n'
[Wed May 26 03:44:40.725472 2021] [proxy_fcgi:error] [pid 1781070:tid 139671626000128] [client 111.230.41.189:4600] AH01071: Got error 'Primary script unknown\n'
[Wed May 26 03:44:43.634884 2021] [proxy_fcgi:error] [pid 1781070:tid 139671430444800] [client 111.230.41.189:4695] AH01071: Got error 'Primary script unknown\n'
[Wed May 26 03:44:44.133976 2021] [proxy_fcgi:error] [pid 1781070:tid 139671480801024] [client 111.230.41.189:5011] AH01071: Got error 'Primary script unknown\n'
[Wed May 26 03:44:44.660994 2021] [proxy_fcgi:error] [pid 1781070:tid 139671617607424] [client 111.230.41.189:5108] AH01071: Got error 'Primary script unknown\n'
[Wed May 26 03:44:47.646029 2021] [proxy_fcgi:error] [pid 1781070:tid 139671455622912] [client 111.230.41.189:5234] AH01071: Got error 'Primary script unknown\n'
[Wed May 26 03:44:48.169437 2021] [proxy_fcgi:error] [pid 1781070:tid 139671388481280] [client 111.230.41.189:5567] AH01071: Got error 'Primary script unknown\n'
[Wed May 26 03:44:48.670169 2021] [proxy_fcgi:error] [pid 1781070:tid 139671609214720] [client 111.230.41.189:5655] AH01071: Got error 'Primary script unknown\n'
[Wed May 26 03:44:51.643054 2021] [proxy_fcgi:error] [pid 1781070:tid 139671522764544] [client 111.230.41.189:6003] AH01071: Got error 'Primary script unknown\n'
[Wed May 26 03:44:52.173555 2021] [proxy_fcgi:error] [pid 1781070:tid 139671634392832] [client 111.230.41.189:6103] AH01071: Got error 'Primary script unknown\n'
[Wed May 26 03:44:52.688953 2021] [proxy_fcgi:error] [pid 1781070:tid 139671380088576] [client 111.230.41.189:6197] AH01071: Got error 'Primary script unknown\n'
[Wed May 26 03:44:55.639812 2021] [proxy_fcgi:error] [pid 1781070:tid 139671514371840] [client 111.230.41.189:6528] AH01071: Got error 'Primary script unknown\n'
[Wed May 26 03:44:56.130531 2021] [proxy_fcgi:error] [pid 1781070:tid 139671422052096] [client 111.230.41.189:6640] AH01071: Got error 'Primary script unknown\n'
[Wed May 26 03:44:56.640818 2021] [proxy_fcgi:error] [pid 1781070:tid 139671531157248] [client 111.230.41.189:6952] AH01071: Got error 'Primary script unknown\n'
[Wed May 26 03:44:59.620613 2021] [proxy_fcgi:error] [pid 1781070:tid 139671396873984] [client 111.230.41.189:7071] AH01071: Got error 'Primary script unknown\n'
[Wed May 26 03:45:00.137163 2021] [proxy_fcgi:error] [pid 1781070:tid 139671472408320] [client 111.230.41.189:7409] AH01071: Got error 'Primary script unknown\n'
[Wed May 26 03:45:00.631031 2021] [proxy_fcgi:error] [pid 1781070:tid 139671438837504] [client 111.230.41.189:7501] AH01071: Got error 'Primary script unknown\n'
[Wed May 26 03:45:03.628460 2021] [proxy_fcgi:error] [pid 1781070:tid 139671447230208] [client 111.230.41.189:7861] AH01071: Got error 'Primary script unknown\n'
[Wed May 26 03:45:04.122754 2021] [proxy_fcgi:error] [pid 1781070:tid 139671413659392] [client 111.230.41.189:7955] AH01071: Got error 'Primary script unknown\n'
[Wed May 26 03:45:04.641661 2021] [proxy_fcgi:error] [pid 1781070:tid 139671371695872] [client 111.230.41.189:8052] AH01071: Got error 'Primary script unknown\n'
[Wed May 26 03:45:07.597173 2021] [proxy_fcgi:error] [pid 1781070:tid 139671489193728] [client 111.230.41.189:8175] AH01071: Got error 'Primary script unknown\n'
[Wed May 26 03:45:08.089133 2021] [proxy_fcgi:error] [pid 1781070:tid 139671497586432] [client 111.230.41.189:8502] AH01071: Got error 'Primary script unknown\n'
[Wed May 26 03:45:08.586799 2021] [proxy_fcgi:error] [pid 1781070:tid 139671505979136] [client 111.230.41.189:8606] AH01071: Got error 'Primary script unknown\n'
[Wed May 26 03:45:11.584369 2021] [proxy_fcgi:error] [pid 1781070:tid 139671405266688] [client 111.230.41.189:8961] AH01071: Got error 'Primary script unknown\n'
[Wed May 26 03:45:12.096110 2021] [proxy_fcgi:error] [pid 1781070:tid 139671464015616] [client 111.230.41.189:9092] AH01071: Got error 'Primary script unknown\n'
[Wed May 26 03:45:12.605429 2021] [proxy_fcgi:error] [pid 1761575:tid 139671313045248] [client 111.230.41.189:9369] AH01071: Got error 'Primary script unknown\n'
[Wed May 26 03:45:15.587415 2021] [proxy_fcgi:error] [pid 1781070:tid 139671363303168] [client 111.230.41.189:9547] AH01071: Got error 'Primary script unknown\n'
[Wed May 26 03:45:16.107256 2021] [proxy_fcgi:error] [pid 1781070:tid 139671626000128] [client 111.230.41.189:9886] AH01071: Got error 'Primary script unknown\n'
[Wed May 26 03:45:16.624258 2021] [proxy_fcgi:error] [pid 1761575:tid 139671271081728] [client 111.230.41.189:9984] AH01071: Got error 'Primary script unknown\n'
[Wed May 26 03:45:19.548938 2021] [proxy_fcgi:error] [pid 1781070:tid 139671430444800] [client 111.230.41.189:10127] AH01071: Got error 'Primary script unknown\n'
[Wed May 26 03:45:20.078698 2021] [proxy_fcgi:error] [pid 1781070:tid 139671480801024] [client 111.230.41.189:10445] AH01071: Got error 'Primary script unknown\n'
[Wed May 26 03:45:20.584533 2021] [proxy_fcgi:error] [pid 1761575:tid 139671296259840] [client 111.230.41.189:10561] AH01071: Got error 'Primary script unknown\n'
[Wed May 26 03:45:23.550460 2021] [proxy_fcgi:error] [pid 1781070:tid 139671617607424] [client 111.230.41.189:10849] AH01071: Got error 'Primary script unknown\n'
[Wed May 26 03:45:24.066115 2021] [proxy_fcgi:error] [pid 1781070:tid 139671455622912] [client 111.230.41.189:11022] AH01071: Got error 'Primary script unknown\n'
[Wed May 26 03:45:24.599506 2021] [proxy_fcgi:error] [pid 1781070:tid 139671388481280] [client 111.230.41.189:11127] AH01071: Got error 'Primary script unknown\n'
[Wed May 26 03:45:27.551394 2021] [proxy_fcgi:error] [pid 1781070:tid 139671609214720] [client 111.230.41.189:11489] AH01071: Got error 'Primary script unknown\n'
[Wed May 26 03:45:28.040750 2021] [proxy_fcgi:error] [pid 1761575:tid 139671421888256] [client 111.230.41.189:11785] AH01071: Got error 'Primary script unknown\n'
[Wed May 26 03:45:28.543174 2021] [proxy_fcgi:error] [pid 1781070:tid 139671522764544] [client 111.230.41.189:11882] AH01071: Got error 'Primary script unknown\n'
[Wed May 26 03:45:31.555523 2021] [proxy_fcgi:error] [pid 1781070:tid 139671634392832] [client 111.230.41.189:12055] AH01071: Got error 'Primary script unknown\n'
[Wed May 26 03:45:32.056830 2021] [proxy_fcgi:error] [pid 1781070:tid 139671380088576] [client 111.230.41.189:12368] AH01071: Got error 'Primary script unknown\n'
[Wed May 26 03:45:32.563996 2021] [proxy_fcgi:error] [pid 1761575:tid 139671237510912] [client 111.230.41.189:12495] AH01071: Got error 'Primary script unknown\n'
[Wed May 26 03:45:35.534410 2021] [proxy_fcgi:error] [pid 1781070:tid 139671514371840] [client 111.230.41.189:12796] AH01071: Got error 'Primary script unknown\n'
[Wed May 26 03:45:36.060718 2021] [proxy_fcgi:error] [pid 1781070:tid 139671422052096] [client 111.230.41.189:12992] AH01071: Got error 'Primary script unknown\n'
[Wed May 26 03:45:36.581958 2021] [proxy_fcgi:error] [pid 1761575:tid 139671220725504] [client 111.230.41.189:13093] AH01071: Got error 'Primary script unknown\n'
[Wed May 26 03:45:39.521386 2021] [proxy_fcgi:error] [pid 1781070:tid 139671531157248] [client 111.230.41.189:13403] AH01071: Got error 'Primary script unknown\n'
[Wed May 26 03:45:40.043957 2021] [proxy_fcgi:error] [pid 1761575:tid 139671170369280] [client 111.230.41.189:13536] AH01071: Got error 'Primary script unknown\n'
[Wed May 26 03:45:40.545045 2021] [proxy_fcgi:error] [pid 1781070:tid 139671396873984] [client 111.230.41.189:13802] AH01071: Got error 'Primary script unknown\n'
[Wed May 26 03:45:43.533284 2021] [proxy_fcgi:error] [pid 1781070:tid 139671472408320] [client 111.230.41.189:13906] AH01071: Got error 'Primary script unknown\n'
[Wed May 26 03:45:44.037524 2021] [proxy_fcgi:error] [pid 1781070:tid 139671438837504] [client 111.230.41.189:14275] AH01071: Got error 'Primary script unknown\n'
[Wed May 26 03:45:44.543459 2021] [proxy_fcgi:error] [pid 1781070:tid 139671447230208] [client 111.230.41.189:14357] AH01071: Got error 'Primary script unknown\n'
[Wed May 26 03:45:47.514065 2021] [proxy_fcgi:error] [pid 1781070:tid 139671413659392] [client 111.230.41.189:14736] AH01071: Got error 'Primary script unknown\n'
[Wed May 26 03:45:48.012247 2021] [proxy_fcgi:error] [pid 1781070:tid 139671371695872] [client 111.230.41.189:14815] AH01071: Got error 'Primary script unknown\n'
[Wed May 26 03:45:48.515443 2021] [proxy_fcgi:error] [pid 1781070:tid 139671489193728] [client 111.230.41.189:14907] AH01071: Got error 'Primary script unknown\n'
[Wed May 26 03:45:51.491048 2021] [proxy_fcgi:error] [pid 1781070:tid 139671497586432] [client 111.230.41.189:15300] AH01071: Got error 'Primary script unknown\n'
[Wed May 26 03:45:52.031283 2021] [proxy_fcgi:error] [pid 1781070:tid 139671505979136] [client 111.230.41.189:15372] AH01071: Got error 'Primary script unknown\n'
[Wed May 26 03:45:52.564683 2021] [proxy_fcgi:error] [pid 1781070:tid 139671405266688] [client 111.230.41.189:15461] AH01071: Got error 'Primary script unknown\n'
[Wed May 26 03:45:55.492759 2021] [proxy_fcgi:error] [pid 1781070:tid 139671464015616] [client 111.230.41.189:15794] AH01071: Got error 'Primary script unknown\n'
[Wed May 26 03:45:56.013627 2021] [proxy_fcgi:error] [pid 1781070:tid 139671363303168] [client 111.230.41.189:16090] AH01071: Got error 'Primary script unknown\n'
[Wed May 26 03:45:56.534914 2021] [proxy_fcgi:error] [pid 1781070:tid 139671626000128] [client 111.230.41.189:16203] AH01071: Got error 'Primary script unknown\n'
[Wed May 26 03:45:59.459161 2021] [proxy_fcgi:error] [pid 1781070:tid 139671430444800] [client 111.230.41.189:16403] AH01071: Got error 'Primary script unknown\n'
[Wed May 26 03:45:59.970033 2021] [proxy_fcgi:error] [pid 1761575:tid 139671203940096] [client 111.230.41.189:16687] AH01071: Got error 'Primary script unknown\n'
[Wed May 26 03:46:00.490562 2021] [proxy_fcgi:error] [pid 1781070:tid 139671480801024] [client 111.230.41.189:16777] AH01071: Got error 'Primary script unknown\n'
[Wed May 26 03:46:03.477062 2021] [proxy_fcgi:error] [pid 1781070:tid 139671617607424] [client 111.230.41.189:17146] AH01071: Got error 'Primary script unknown\n'
[Wed May 26 03:46:04.015784 2021] [proxy_fcgi:error] [pid 1781070:tid 139671455622912] [client 111.230.41.189:17262] AH01071: Got error 'Primary script unknown\n'
[Wed May 26 03:46:04.539946 2021] [proxy_fcgi:error] [pid 1761575:tid 139671321437952] [client 111.230.41.189:17354] AH01071: Got error 'Primary script unknown\n'
[Wed May 26 03:46:07.475347 2021] [proxy_fcgi:error] [pid 1781070:tid 139671388481280] [client 111.230.41.189:17749] AH01071: Got error 'Primary script unknown\n'
[Wed May 26 03:46:07.986939 2021] [proxy_fcgi:error] [pid 1781070:tid 139671609214720] [client 111.230.41.189:17998] AH01071: Got error 'Primary script unknown\n'
[Wed May 26 03:46:08.503597 2021] [proxy_fcgi:error] [pid 1761575:tid 139671304652544] [client 111.230.41.189:18084] AH01071: Got error 'Primary script unknown\n'
[Wed May 26 03:46:11.462056 2021] [proxy_fcgi:error] [pid 1781070:tid 139671522764544] [client 111.230.41.189:18309] AH01071: Got error 'Primary script unknown\n'
[Wed May 26 03:46:11.964355 2021] [proxy_fcgi:error] [pid 1761575:tid 139671287867136] [client 111.230.41.189:18564] AH01071: Got error 'Primary script unknown\n'
[Wed May 26 03:46:12.465204 2021] [proxy_fcgi:error] [pid 1781070:tid 139671634392832] [client 111.230.41.189:18671] AH01071: Got error 'Primary script unknown\n'
[Wed May 26 03:46:15.477157 2021] [proxy_fcgi:error] [pid 1781070:tid 139671380088576] [client 111.230.41.189:19097] AH01071: Got error 'Primary script unknown\n'
[Wed May 26 03:46:15.963040 2021] [proxy_fcgi:error] [pid 1781070:tid 139671514371840] [client 111.230.41.189:19183] AH01071: Got error 'Primary script unknown\n'
[Wed May 26 03:46:16.474549 2021] [proxy_fcgi:error] [pid 1781070:tid 139671422052096] [client 111.230.41.189:19283] AH01071: Got error 'Primary script unknown\n'
[Wed May 26 03:46:20.049018 2021] [proxy_fcgi:error] [pid 1781070:tid 139671531157248] [client 111.230.41.189:19675] AH01071: Got error 'Primary script unknown\n'
[Wed May 26 03:46:20.568679 2021] [proxy_fcgi:error] [pid 1781070:tid 139671396873984] [client 111.230.41.189:19723] AH01071: Got error 'Primary script unknown\n'
[Wed May 26 03:46:23.465035 2021] [proxy_fcgi:error] [pid 1781070:tid 139671472408320] [client 111.230.41.189:20079] AH01071: Got error 'Primary script unknown\n'
[Wed May 26 03:46:23.969066 2021] [proxy_fcgi:error] [pid 1761575:tid 139671161976576] [client 111.230.41.189:20162] AH01071: Got error 'Primary script unknown\n'
[Wed May 26 03:46:24.481598 2021] [proxy_fcgi:error] [pid 1781070:tid 139671438837504] [client 111.230.41.189:20426] AH01071: Got error 'Primary script unknown\n'
[Wed May 26 03:46:27.464449 2021] [proxy_fcgi:error] [pid 1781070:tid 139671447230208] [client 111.230.41.189:20670] AH01071: Got error 'Primary script unknown\n'
[Wed May 26 03:46:27.987079 2021] [proxy_fcgi:error] [pid 1781070:tid 139671413659392] [client 111.230.41.189:20970] AH01071: Got error 'Primary script unknown\n'
[Wed May 26 03:46:28.487862 2021] [proxy_fcgi:error] [pid 1781070:tid 139671371695872] [client 111.230.41.189:21109] AH01071: Got error 'Primary script unknown\n'
[Wed May 26 03:46:40.469006 2021] [proxy_fcgi:error] [pid 1781070:tid 139671626000128] [client 111.230.41.189:23184] AH01071: Got error 'Primary script unknown\n', referer: 554fcae493e564ee0dc75bdf2ebf94caads|a:3:{s:2:"id";s:3:"'/*";s:3:"num";s:141:"*/ union select 1,0x272F2A,3,4,5,6,7,8,0x7b247b24524345275d3b6469652f2a2a2f286d6435284449524543544f52595f534550415241544f5229293b2f2f7d7d,0--";s:4:"name";s:3:"ads";}554fcae493e564ee0dc75bdf2ebf94ca
[Wed May 26 14:30:49.821220 2021] [proxy_fcgi:error] [pid 1781070:tid 139671497586432] [client 52.152.228.187:53498] AH01071: Got error 'Primary script unknown\n'
[Thu May 27 06:54:42.277803 2021] [proxy_fcgi:error] [pid 1781070:tid 139671405266688] [client 167.99.185.30:31970] AH01071: Got error 'Primary script unknown\n'
[Thu May 27 08:47:10.093153 2021] [proxy_fcgi:error] [pid 1761577:tid 139671464015616] [client 52.60.189.115:58350] AH01071: Got error 'Primary script unknown\n'
[Thu May 27 14:58:08.095276 2021] [proxy_fcgi:error] [pid 1781070:tid 139671505979136] [client 13.228.104.57:54774] AH01071: Got error 'Primary script unknown\n'
[Thu May 27 16:51:53.754835 2021] [proxy_fcgi:error] [pid 1781070:tid 139671455622912] [client 23.99.97.154:51983] AH01071: Got error 'Primary script unknown\n'
[Thu May 27 16:51:53.755194 2021] [proxy_fcgi:error] [pid 1781070:tid 139671447230208] [client 23.99.97.154:51982] AH01071: Got error 'Primary script unknown\n'
[Thu May 27 16:51:53.761298 2021] [proxy_fcgi:error] [pid 1761577:tid 139671413659392] [client 23.99.97.154:51985] AH01071: Got error 'Primary script unknown\n'
[Thu May 27 16:51:53.786548 2021] [proxy_fcgi:error] [pid 1761576:tid 139671405266688] [client 23.99.97.154:51991] AH01071: Got error 'Primary script unknown\n'
[Thu May 27 16:51:53.816464 2021] [proxy_fcgi:error] [pid 1761575:tid 139671304652544] [client 23.99.97.154:51994] AH01071: Got error 'Primary script unknown\n'
[Fri May 28 03:23:53.737915 2021] [proxy_fcgi:error] [pid 1781070:tid 139671396873984] [client 5.188.210.227:35091] AH01071: Got error 'Primary script unknown\n', referer: https://www.google.com/
[Fri May 28 05:56:10.612460 2021] [proxy_fcgi:error] [pid 1761575:tid 139671187154688] [client 139.59.114.18:37868] AH01071: Got error 'Primary script unknown\n'
[Fri May 28 05:56:11.039894 2021] [proxy_fcgi:error] [pid 1781070:tid 139671472408320] [client 139.59.114.18:38074] AH01071: Got error 'Primary script unknown\n'
[Fri May 28 11:33:05.759126 2021] [proxy_fcgi:error] [pid 1781070:tid 139671505979136] [client 81.96.28.219:53382] AH01071: Got error 'Primary script unknown\n'
[Fri May 28 14:35:08.515202 2021] [proxy_fcgi:error] [pid 1781070:tid 139671480801024] [client 185.192.112.19:63051] AH01071: Got error 'Primary script unknown\n'
[Fri May 28 16:12:56.452666 2021] [proxy_fcgi:error] [pid 1781070:tid 139671396873984] [client 2400:6180:0:d0::6a:4001:38530] AH01071: Got error 'Primary script unknown\n'
[Sat May 29 08:41:41.888162 2021] [proxy_fcgi:error] [pid 1761576:tid 139671464015616] [client 20.42.57.23:61353] AH01071: Got error 'Primary script unknown\n'
[Sat May 29 16:00:02.963975 2021] [proxy_fcgi:error] [pid 1761577:tid 139671464015616] [client 18.221.206.247:58175] AH01071: Got error 'Primary script unknown\n'
[Sun May 30 22:11:27.407136 2021] [proxy_fcgi:error] [pid 2524374:tid 139671626000128] [client 103.120.176.120:34896] AH01071: Got error 'Primary script unknown\n'
[Tue Jun 01 07:34:49.871903 2021] [proxy_fcgi:error] [pid 2524374:tid 139671497586432] [client 18.136.72.135:50688] AH01071: Got error 'Primary script unknown\n'
[Tue Jun 01 17:14:26.008028 2021] [proxy_fcgi:error] [pid 2524374:tid 139671514371840] [client 137.74.162.178:51786] AH01071: Got error 'Primary script unknown\n'
[Tue Jun 01 17:14:26.012253 2021] [proxy_fcgi:error] [pid 2518597:tid 139671617607424] [client 137.74.162.178:51788] AH01071: Got error 'Primary script unknown\n'
[Wed Jun 02 06:43:17.285304 2021] [proxy_fcgi:error] [pid 2518595:tid 139671531157248] [client 146.148.9.233:53796] AH01071: Got error 'Primary script unknown\n'
[Wed Jun 02 07:50:08.323425 2021] [proxy_fcgi:error] [pid 2524374:tid 139671472408320] [client 193.33.206.23:47426] AH01071: Got error 'Primary script unknown\n'
[Wed Jun 02 17:30:28.299948 2021] [proxy_fcgi:error] [pid 2524374:tid 139671396873984] [client 142.93.99.56:37774] AH01071: Got error 'Primary script unknown\n'
[Wed Jun 02 17:30:28.348313 2021] [proxy_fcgi:error] [pid 2518595:tid 139671380088576] [client 142.93.99.56:37782] AH01071: Got error 'Primary script unknown\n'
[Wed Jun 02 17:30:28.413422 2021] [proxy_fcgi:error] [pid 2518597:tid 139671413659392] [client 142.93.99.56:37806] AH01071: Got error 'Primary script unknown\n'
[Wed Jun 02 17:30:28.542762 2021] [proxy_fcgi:error] [pid 2518596:tid 139671212332800] [client 142.93.99.56:37832] AH01071: Got error 'Primary script unknown\n'
[Wed Jun 02 17:30:28.606169 2021] [proxy_fcgi:error] [pid 2518595:tid 139671413659392] [client 142.93.99.56:37844] AH01071: Got error 'Primary script unknown\n'
[Thu Jun 03 07:19:30.933429 2021] [proxy_fcgi:error] [pid 2524374:tid 139671464015616] [client 18.229.73.207:9669] AH01071: Got error 'Primary script unknown\n'
[Thu Jun 03 09:41:55.615487 2021] [proxy_fcgi:error] [pid 2524374:tid 139671626000128] [client 159.89.173.215:59446] AH01071: Got error 'Primary script unknown\n'
[Thu Jun 03 09:41:56.123201 2021] [proxy_fcgi:error] [pid 2524374:tid 139671609214720] [client 159.89.173.215:59694] AH01071: Got error 'Primary script unknown\n'
[Thu Jun 03 12:48:11.627214 2021] [proxy_fcgi:error] [pid 2524374:tid 139671626000128] [client 81.96.28.219:49925] AH01071: Got error 'Primary script unknown\n'
[Thu Jun 03 17:54:20.680628 2021] [proxy_fcgi:error] [pid 2524374:tid 139671447230208] [client 178.238.231.203:57106] AH01071: Got error 'Primary script unknown\n'
[Fri Jun 04 15:22:28.288751 2021] [proxy_fcgi:error] [pid 2524374:tid 139671422052096] [client 45.129.137.249:33392] AH01071: Got error 'Primary script unknown\n'
[Fri Jun 04 15:22:29.864759 2021] [proxy_fcgi:error] [pid 2518597:tid 139671522764544] [client 45.129.137.249:36430] AH01071: Got error 'Primary script unknown\n'
[Fri Jun 04 21:45:50.727382 2021] [proxy_fcgi:error] [pid 2524374:tid 139671505979136] [client 139.9.74.240:47300] AH01071: Got error 'Primary script unknown\n'
[Sat Jun 05 15:47:13.942167 2021] [proxy_fcgi:error] [pid 2524374:tid 139671634392832] [client 185.114.245.193:47802] AH01071: Got error 'Primary script unknown\n'
[Sat Jun 05 19:05:43.261100 2021] [proxy_fcgi:error] [pid 2518596:tid 139671245903616] [client 18.229.73.207:63501] AH01071: Got error 'Primary script unknown\n'
[Sun Jun 06 06:35:50.095891 2021] [proxy_fcgi:error] [pid 3283524:tid 139671489193728] [client 40.81.207.42:60592] AH01071: Got error 'Primary script unknown\n'
[Sun Jun 06 15:34:11.101593 2021] [proxy_fcgi:error] [pid 3293105:tid 139671430444800] [client 166.62.124.228:42064] AH01071: Got error 'Primary script unknown\n'
[Sun Jun 06 19:27:34.927555 2021] [proxy_fcgi:error] [pid 3293105:tid 139671388481280] [client 167.71.13.196:55552] AH01071: Got error 'Primary script unknown\n'
[Mon Jun 07 16:24:05.858380 2021] [proxy_fcgi:error] [pid 3293105:tid 139671480801024] [client 167.99.78.164:33302] AH01071: Got error 'Primary script unknown\n'
[Tue Jun 08 13:40:27.810177 2021] [proxy_fcgi:error] [pid 3283524:tid 139671522764544] [client 13.233.73.212:55296] AH01071: Got error 'Primary script unknown\n'
[Wed Jun 09 02:43:05.768901 2021] [proxy_fcgi:error] [pid 3283524:tid 139671464015616] [client 40.90.253.25:53681] AH01071: Got error 'Primary script unknown\n'
[Wed Jun 09 07:46:01.316827 2021] [proxy_fcgi:error] [pid 3283524:tid 139671438837504] [client 52.65.15.196:4861] AH01071: Got error 'Primary script unknown\n'
[Wed Jun 09 15:23:04.502272 2021] [proxy_fcgi:error] [pid 3293105:tid 139671609214720] [client 5.188.210.227:59228] AH01071: Got error 'Primary script unknown\n', referer: https://www.google.com/
[Wed Jun 09 17:03:57.562844 2021] [proxy_fcgi:error] [pid 3293105:tid 139671464015616] [client 209.145.59.137:52068] AH01071: Got error 'Primary script unknown\n'
[Thu Jun 10 02:39:21.670100 2021] [proxy_fcgi:error] [pid 3293105:tid 139671514371840] [client 35.247.183.238:55838] AH01071: Got error 'Primary script unknown\n'
[Thu Jun 10 05:41:04.219205 2021] [proxy_fcgi:error] [pid 3293105:tid 139671514371840] [client 159.89.29.250:59854] AH01071: Got error 'Primary script unknown\n'
[Thu Jun 10 14:49:40.619761 2021] [proxy_fcgi:error] [pid 3293105:tid 139671396873984] [client 81.96.28.219:60901] AH01071: Got error 'Primary script unknown\n'
[Thu Jun 10 15:03:54.232934 2021] [proxy_fcgi:error] [pid 3293105:tid 139671634392832] [client 81.96.28.219:62907] AH01071: Got error 'Primary script unknown\n'
[Thu Jun 10 17:43:52.800619 2021] [proxy_fcgi:error] [pid 3293105:tid 139671422052096] [client 148.72.22.169:53690] AH01071: Got error 'Primary script unknown\n'
[Thu Jun 10 17:43:52.872016 2021] [proxy_fcgi:error] [pid 3283525:tid 139671422052096] [client 148.72.22.169:53708] AH01071: Got error 'Primary script unknown\n'
[Thu Jun 10 17:43:52.872311 2021] [proxy_fcgi:error] [pid 3283525:tid 139671438837504] [client 148.72.22.169:53702] AH01071: Got error 'Primary script unknown\n'
[Thu Jun 10 17:43:52.973532 2021] [proxy_fcgi:error] [pid 3283523:tid 139671329830656] [client 148.72.22.169:53750] AH01071: Got error 'Primary script unknown\n'
[Thu Jun 10 17:43:52.999550 2021] [proxy_fcgi:error] [pid 3293105:tid 139671388481280] [client 148.72.22.169:53752] AH01071: Got error 'Primary script unknown\n'
[Fri Jun 11 06:02:19.054682 2021] [proxy_fcgi:error] [pid 3293105:tid 139671609214720] [client 68.183.32.218:51594] AH01071: Got error 'Primary script unknown\n'
[Fri Jun 11 06:10:23.306307 2021] [proxy_fcgi:error] [pid 3293105:tid 139671531157248] [client 18.197.125.181:45557] AH01071: Got error 'Primary script unknown\n'
[Fri Jun 11 06:30:52.171196 2021] [proxy_fcgi:error] [pid 3293105:tid 139671380088576] [client 139.199.141.63:44140] AH01071: Got error 'Primary script unknown\n'
[Sat Jun 12 00:42:38.973436 2021] [proxy_fcgi:error] [pid 3283524:tid 139671522764544] [client 167.71.13.196:52136] AH01071: Got error 'Primary script unknown\n'
[Sat Jun 12 09:55:50.087041 2021] [proxy_fcgi:error] [pid 3283524:tid 139671363303168] [client 34.241.77.13:15369] AH01071: Got error 'Primary script unknown\n'
[Sat Jun 12 10:25:22.583057 2021] [proxy_fcgi:error] [pid 3293105:tid 139671609214720] [client 203.171.21.225:55964] AH01071: Got error 'Primary script unknown\n'
[Sat Jun 12 13:06:39.753947 2021] [proxy_fcgi:error] [pid 3293105:tid 139671489193728] [client 178.128.51.162:56840] AH01071: Got error 'Primary script unknown\n'
[Sat Jun 12 16:10:40.826064 2021] [proxy_fcgi:error] [pid 3283525:tid 139671514371840] [client 138.197.105.195:51208] AH01071: Got error 'Primary script unknown\n'
[Sat Jun 12 18:16:11.738797 2021] [core:error] [pid 3293105:tid 139671405266688] (36)File name too long: [client 172.105.20.141:36324] AH00036: access to /3000D00E0000FFFF3F0031313744373731343634304537353046007A7A7A7A7A7A7A7A7A7A7A7A7A7A7A0000000000000000000000000000000000000000000000000000000000000000000000000000000000000000000001000008047A7A7A7A7A7A7A7A7A0000000000000000000000000000000000000000000000000000000000000000 failed (filesystem path '/var/www/html/icharbeitezuhaus.com/public_html/3000D00E0000FFFF3F0031313744373731343634304537353046007A7A7A7A7A7A7A7A7A7A7A7A7A7A7A0000000000000000000000000000000000000000000000000000000000000000000000000000000000000000000001000008047A7A7A7A7A7A7A7A7A0000000000000000000000000000000000000000000000000000000000000000')
[Sun Jun 13 00:24:59.329655 2021] [proxy_fcgi:error] [pid 3293105:tid 139671455622912] [client 70.35.204.126:54793] AH01071: Got error 'Primary script unknown\n'
[Sun Jun 13 02:31:10.361403 2021] [cgid:error] [pid 3293105:tid 139671634392832] [client 212.192.241.87:42880] AH01264: script not found or unable to stat: /var/www/cgi-bin/jarrewrite.sh
[Sun Jun 13 07:48:15.388317 2021] [proxy_fcgi:error] [pid 4098675:tid 139671531157248] [client 54.178.182.46:14060] AH01071: Got error 'Primary script unknown\n'
[Mon Jun 14 02:24:13.815000 2021] [proxy_fcgi:error] [pid 4098675:tid 139671422052096] [client 104.215.154.205:42818] AH01071: Got error 'Primary script unknown\n'
[Mon Jun 14 02:41:54.060354 2021] [proxy_fcgi:error] [pid 4136701:tid 139671396873984] [client 167.99.138.171:46070] AH01071: Got error 'Primary script unknown\n'
[Mon Jun 14 05:49:15.421340 2021] [cgid:error] [pid 4136701:tid 139671489193728] [client 31.210.20.100:34794] AH01264: script not found or unable to stat: /var/www/cgi-bin/jarrewrite.sh
[Mon Jun 14 07:37:59.071533 2021] [proxy_fcgi:error] [pid 4136701:tid 139671522764544] [client 87.239.255.84:63186] AH01071: Got error 'Primary script unknown\n'
[Mon Jun 14 14:01:41.281999 2021] [proxy_fcgi:error] [pid 4136701:tid 139671396873984] [client 203.183.42.106:38172] AH01071: Got error 'Primary script unknown\n'
[Tue Jun 15 05:51:54.841022 2021] [core:error] [pid 4136701:tid 139671472408320] (36)File name too long: [client 172.105.61.193:44296] AH00036: access to /3000D00E0000FFFF3F0031313744373731343634304537353046007A7A7A7A7A7A7A7A7A7A7A7A7A7A7A0000000000000000000000000000000000000000000000000000000000000000000000000000000000000000000001000008047A7A7A7A7A7A7A7A7A0000000000000000000000000000000000000000000000000000000000000000 failed (filesystem path '/var/www/html/icharbeitezuhaus.com/public_html/3000D00E0000FFFF3F0031313744373731343634304537353046007A7A7A7A7A7A7A7A7A7A7A7A7A7A7A0000000000000000000000000000000000000000000000000000000000000000000000000000000000000000000001000008047A7A7A7A7A7A7A7A7A0000000000000000000000000000000000000000000000000000000000000000')
[Tue Jun 15 22:49:33.787304 2021] [proxy_fcgi:error] [pid 4136701:tid 139671626000128] [client 103.133.104.38:62895] AH01071: Got error 'Primary script unknown\n'
[Wed Jun 16 06:10:52.459275 2021] [proxy_fcgi:error] [pid 4136701:tid 139671363303168] [client 34.209.105.222:23564] AH01071: Got error 'Primary script unknown\n'
[Wed Jun 16 08:00:26.680771 2021] [proxy_fcgi:error] [pid 4136701:tid 139671464015616] [client 118.122.118.189:18849] AH01071: Got error 'Primary script unknown\n'
[Wed Jun 16 08:00:27.216726 2021] [proxy_fcgi:error] [pid 4136701:tid 139671380088576] [client 118.122.118.189:23810] AH01071: Got error 'Primary script unknown\n'
[Wed Jun 16 08:00:27.772614 2021] [proxy_fcgi:error] [pid 4136701:tid 139671472408320] [client 118.122.118.189:28769] AH01071: Got error 'Primary script unknown\n'
[Wed Jun 16 08:00:28.931494 2021] [proxy_fcgi:error] [pid 4098674:tid 139671220725504] [client 118.122.118.189:39618] AH01071: Got error 'Primary script unknown\n'
[Wed Jun 16 08:00:29.530018 2021] [proxy_fcgi:error] [pid 4136701:tid 139671522764544] [client 118.122.118.189:44705] AH01071: Got error 'Primary script unknown\n'
[Wed Jun 16 08:00:30.108207 2021] [proxy_fcgi:error] [pid 4136701:tid 139671438837504] [client 118.122.118.189:50305] AH01071: Got error 'Primary script unknown\n'
[Wed Jun 16 08:00:34.589788 2021] [cgid:error] [pid 4136701:tid 139671514371840] [client 118.122.118.189:27521] AH01264: script not found or unable to stat: /var/www/cgi-bin/php
[Wed Jun 16 08:00:35.138488 2021] [cgid:error] [pid 4136701:tid 139671464015616] [client 118.122.118.189:32260] AH01264: script not found or unable to stat: /var/www/cgi-bin/php5
[Wed Jun 16 08:00:35.665129 2021] [cgid:error] [pid 4136701:tid 139671363303168] [client 118.122.118.189:37506] AH01264: script not found or unable to stat: /var/www/cgi-bin/php-cgi
[Wed Jun 16 08:00:36.206959 2021] [cgid:error] [pid 4136701:tid 139671388481280] [client 118.122.118.189:42338] AH01264: script not found or unable to stat: /var/www/cgi-bin/php.cgi
[Wed Jun 16 08:00:36.755564 2021] [cgid:error] [pid 4136701:tid 139671447230208] [client 118.122.118.189:47297] AH01264: script not found or unable to stat: /var/www/cgi-bin/php4
[Wed Jun 16 08:00:38.927972 2021] [proxy_fcgi:error] [pid 4136701:tid 139671626000128] [client 118.122.118.189:4354] AH01071: Got error 'Primary script unknown\n'
[Wed Jun 16 08:00:39.461140 2021] [proxy_fcgi:error] [pid 4098675:tid 139671514371840] [client 118.122.118.189:9089] AH01071: Got error 'Primary script unknown\n'
[Wed Jun 16 08:00:39.973114 2021] [proxy_fcgi:error] [pid 4136701:tid 139671480801024] [client 118.122.118.189:13090] AH01071: Got error 'Primary script unknown\n'
[Wed Jun 16 08:00:40.533428 2021] [proxy_fcgi:error] [pid 4136701:tid 139671413659392] [client 118.122.118.189:17314] AH01071: Got error 'Primary script unknown\n'
[Wed Jun 16 08:00:41.086859 2021] [proxy_fcgi:error] [pid 4136701:tid 139671455622912] [client 118.122.118.189:22018] AH01071: Got error 'Primary script unknown\n'
[Wed Jun 16 08:00:41.737879 2021] [proxy_fcgi:error] [pid 4136701:tid 139671371695872] [client 118.122.118.189:27777] AH01071: Got error 'Primary script unknown\n'
[Wed Jun 16 08:00:42.275204 2021] [proxy_fcgi:error] [pid 4136701:tid 139671464015616] [client 118.122.118.189:32481] AH01071: Got error 'Primary script unknown\n'
[Wed Jun 16 08:00:42.793832 2021] [proxy_fcgi:error] [pid 4136701:tid 139671380088576] [client 118.122.118.189:37251] AH01071: Got error 'Primary script unknown\n'
[Wed Jun 16 08:00:43.531711 2021] [proxy_fcgi:error] [pid 4136701:tid 139671472408320] [client 118.122.118.189:42660] AH01071: Got error 'Primary script unknown\n'
[Wed Jun 16 08:00:44.117177 2021] [proxy_fcgi:error] [pid 4136701:tid 139671522764544] [client 118.122.118.189:47009] AH01071: Got error 'Primary script unknown\n'
[Wed Jun 16 08:00:45.340507 2021] [proxy_fcgi:error] [pid 4136701:tid 139671438837504] [client 118.122.118.189:54306] AH01071: Got error 'Primary script unknown\n'
[Wed Jun 16 08:00:45.921975 2021] [proxy_fcgi:error] [pid 4136701:tid 139671396873984] [client 118.122.118.189:60674] AH01071: Got error 'Primary script unknown\n'
[Wed Jun 16 08:00:46.529716 2021] [proxy_fcgi:error] [pid 4136701:tid 139671497586432] [client 118.122.118.189:2786] AH01071: Got error 'Primary script unknown\n'
[Wed Jun 16 08:00:47.115028 2021] [proxy_fcgi:error] [pid 4136701:tid 139671489193728] [client 118.122.118.189:7842] AH01071: Got error 'Primary script unknown\n'
[Wed Jun 16 08:00:47.688304 2021] [proxy_fcgi:error] [pid 4136701:tid 139671531157248] [client 118.122.118.189:13251] AH01071: Got error 'Primary script unknown\n'
[Wed Jun 16 08:00:48.218661 2021] [proxy_fcgi:error] [pid 4136701:tid 139671430444800] [client 118.122.118.189:18083] AH01071: Got error 'Primary script unknown\n'
[Wed Jun 16 08:00:48.756097 2021] [proxy_fcgi:error] [pid 4136701:tid 139671405266688] [client 118.122.118.189:22466] AH01071: Got error 'Primary script unknown\n'
[Wed Jun 16 08:00:49.297500 2021] [proxy_fcgi:error] [pid 4136701:tid 139671617607424] [client 118.122.118.189:27010] AH01071: Got error 'Primary script unknown\n'
[Wed Jun 16 08:00:49.864976 2021] [proxy_fcgi:error] [pid 4136701:tid 139671514371840] [client 118.122.118.189:31907] AH01071: Got error 'Primary script unknown\n'
[Wed Jun 16 08:00:50.401903 2021] [proxy_fcgi:error] [pid 4136701:tid 139671422052096] [client 118.122.118.189:37187] AH01071: Got error 'Primary script unknown\n'
[Wed Jun 16 08:00:50.951676 2021] [proxy_fcgi:error] [pid 4136701:tid 139671363303168] [client 118.122.118.189:42114] AH01071: Got error 'Primary script unknown\n'
[Wed Jun 16 08:00:51.459750 2021] [proxy_fcgi:error] [pid 4136701:tid 139671388481280] [client 118.122.118.189:47138] AH01071: Got error 'Primary script unknown\n'
[Wed Jun 16 08:00:51.981640 2021] [proxy_fcgi:error] [pid 4136701:tid 139671447230208] [client 118.122.118.189:51682] AH01071: Got error 'Primary script unknown\n'
[Wed Jun 16 08:00:52.582861 2021] [proxy_fcgi:error] [pid 4136701:tid 139671505979136] [client 118.122.118.189:56065] AH01071: Got error 'Primary script unknown\n'
[Wed Jun 16 08:00:53.164036 2021] [proxy_fcgi:error] [pid 4136701:tid 139671609214720] [client 118.122.118.189:61953] AH01071: Got error 'Primary script unknown\n'
[Wed Jun 16 08:00:53.679417 2021] [proxy_fcgi:error] [pid 4136701:tid 139671489193728] [client 118.122.118.189:3651] AH01071: Got error 'Primary script unknown\n'
[Wed Jun 16 08:00:54.210087 2021] [proxy_fcgi:error] [pid 4136701:tid 139671626000128] [client 118.122.118.189:9378] AH01071: Got error 'Primary script unknown\n'
[Wed Jun 16 08:00:54.722969 2021] [proxy_fcgi:error] [pid 4098675:tid 139671380088576] [client 118.122.118.189:14306] AH01071: Got error 'Primary script unknown\n'
[Wed Jun 16 08:00:55.284582 2021] [proxy_fcgi:error] [pid 4136701:tid 139671480801024] [client 118.122.118.189:19458] AH01071: Got error 'Primary script unknown\n'
[Wed Jun 16 08:00:55.860160 2021] [proxy_fcgi:error] [pid 4136701:tid 139671413659392] [client 118.122.118.189:24321] AH01071: Got error 'Primary script unknown\n'
[Wed Jun 16 08:00:56.368225 2021] [proxy_fcgi:error] [pid 4136701:tid 139671455622912] [client 118.122.118.189:29923] AH01071: Got error 'Primary script unknown\n'
[Wed Jun 16 08:00:56.930245 2021] [proxy_fcgi:error] [pid 4136701:tid 139671371695872] [client 118.122.118.189:34626] AH01071: Got error 'Primary script unknown\n'
[Wed Jun 16 08:00:59.040958 2021] [proxy_fcgi:error] [pid 4136701:tid 139671464015616] [client 118.122.118.189:53153] AH01071: Got error 'Primary script unknown\n'
[Wed Jun 16 08:00:59.610070 2021] [proxy_fcgi:error] [pid 4136701:tid 139671380088576] [client 118.122.118.189:58690] AH01071: Got error 'Primary script unknown\n'
[Wed Jun 16 08:01:00.193033 2021] [proxy_fcgi:error] [pid 4136701:tid 139671472408320] [client 118.122.118.189:64355] AH01071: Got error 'Primary script unknown\n'
[Wed Jun 16 08:01:00.721653 2021] [proxy_fcgi:error] [pid 4136701:tid 139671522764544] [client 118.122.118.189:6404] AH01071: Got error 'Primary script unknown\n'
[Wed Jun 16 08:01:01.304246 2021] [proxy_fcgi:error] [pid 4136701:tid 139671447230208] [client 118.122.118.189:11169] AH01071: Got error 'Primary script unknown\n'
[Wed Jun 16 08:01:01.825957 2021] [proxy_fcgi:error] [pid 4098675:tid 139671413659392] [client 118.122.118.189:15489] AH01071: Got error 'Primary script unknown\n'
[Wed Jun 16 08:01:03.415260 2021] [proxy_fcgi:error] [pid 4136701:tid 139671396873984] [client 118.122.118.189:21313] AH01071: Got error 'Primary script unknown\n'
[Wed Jun 16 08:01:03.957370 2021] [proxy_fcgi:error] [pid 4136701:tid 139671497586432] [client 118.122.118.189:36001] AH01071: Got error 'Primary script unknown\n'
[Wed Jun 16 08:01:15.996125 2021] [proxy_fcgi:error] [pid 4136701:tid 139671371695872] [client 118.122.118.189:20227] AH01071: Got error 'Primary script unknown\n'
[Wed Jun 16 08:01:23.399755 2021] [proxy_fcgi:error] [pid 4098675:tid 139671455622912] [client 118.122.118.189:13953] AH01071: Got error 'Primary script unknown\n'
[Wed Jun 16 08:01:23.933563 2021] [proxy_fcgi:error] [pid 4136701:tid 139671634392832] [client 118.122.118.189:18977] AH01071: Got error 'Primary script unknown\n'
[Wed Jun 16 08:01:24.494519 2021] [proxy_fcgi:error] [pid 4098675:tid 139671422052096] [client 118.122.118.189:24225] AH01071: Got error 'Primary script unknown\n'
[Wed Jun 16 08:01:25.071217 2021] [proxy_fcgi:error] [pid 4136701:tid 139671531157248] [client 118.122.118.189:29345] AH01071: Got error 'Primary script unknown\n'
[Wed Jun 16 08:01:25.665459 2021] [proxy_fcgi:error] [pid 4136701:tid 139671430444800] [client 118.122.118.189:34849] AH01071: Got error 'Primary script unknown\n'
[Wed Jun 16 08:01:26.272200 2021] [proxy_fcgi:error] [pid 4136701:tid 139671405266688] [client 118.122.118.189:40356] AH01071: Got error 'Primary script unknown\n'
[Wed Jun 16 08:01:27.510191 2021] [proxy_fcgi:error] [pid 4136701:tid 139671617607424] [client 118.122.118.189:47169] AH01071: Got error 'Primary script unknown\n'
[Wed Jun 16 08:01:28.110250 2021] [proxy_fcgi:error] [pid 4136701:tid 139671514371840] [client 118.122.118.189:52033] AH01071: Got error 'Primary script unknown\n'
[Wed Jun 16 08:01:28.761294 2021] [proxy_fcgi:error] [pid 4136701:tid 139671422052096] [client 118.122.118.189:57154] AH01071: Got error 'Primary script unknown\n'
[Wed Jun 16 08:01:29.389092 2021] [proxy_fcgi:error] [pid 4136701:tid 139671363303168] [client 118.122.118.189:62945] AH01071: Got error 'Primary script unknown\n'
[Wed Jun 16 08:01:30.013264 2021] [proxy_fcgi:error] [pid 4136701:tid 139671388481280] [client 118.122.118.189:5377] AH01071: Got error 'Primary script unknown\n'
[Wed Jun 16 08:01:30.670404 2021] [proxy_fcgi:error] [pid 4136701:tid 139671447230208] [client 118.122.118.189:11075] AH01071: Got error 'Primary script unknown\n'
[Wed Jun 16 08:01:31.315974 2021] [proxy_fcgi:error] [pid 4136701:tid 139671505979136] [client 118.122.118.189:16226] AH01071: Got error 'Primary script unknown\n'
[Wed Jun 16 08:01:31.829411 2021] [proxy_fcgi:error] [pid 4136701:tid 139671609214720] [client 118.122.118.189:18978] AH01071: Got error 'Primary script unknown\n'
[Wed Jun 16 08:01:32.362188 2021] [proxy_fcgi:error] [pid 4136701:tid 139671489193728] [client 118.122.118.189:22242] AH01071: Got error 'Primary script unknown\n'
[Wed Jun 16 08:01:32.892335 2021] [proxy_fcgi:error] [pid 4136701:tid 139671626000128] [client 118.122.118.189:25633] AH01071: Got error 'Primary script unknown\n'
[Wed Jun 16 08:01:34.613574 2021] [proxy_fcgi:error] [pid 4136701:tid 139671455622912] [client 118.122.118.189:41986] AH01071: Got error 'Primary script unknown\n'
[Wed Jun 16 08:01:38.381063 2021] [proxy_fcgi:error] [pid 4136701:tid 139671438837504] [client 118.122.118.189:11651] AH01071: Got error 'Primary script unknown\n'
[Wed Jun 16 08:01:39.018388 2021] [proxy_fcgi:error] [pid 4136701:tid 139671396873984] [client 118.122.118.189:17281] AH01071: Got error 'Primary script unknown\n'
[Wed Jun 16 08:01:39.604271 2021] [proxy_fcgi:error] [pid 4136701:tid 139671497586432] [client 118.122.118.189:22785] AH01071: Got error 'Primary script unknown\n'
[Wed Jun 16 08:01:44.930248 2021] [proxy_fcgi:error] [pid 4136701:tid 139671634392832] [client 118.122.118.189:3458] AH01071: Got error 'Primary script unknown\n'
[Wed Jun 16 08:01:45.583608 2021] [proxy_fcgi:error] [pid 4136701:tid 139671531157248] [client 118.122.118.189:9314] AH01071: Got error 'Primary script unknown\n'
[Wed Jun 16 08:01:46.179280 2021] [proxy_fcgi:error] [pid 4136701:tid 139671430444800] [client 118.122.118.189:14209] AH01071: Got error 'Primary script unknown\n'
[Wed Jun 16 08:01:46.803438 2021] [proxy_fcgi:error] [pid 4136701:tid 139671405266688] [client 118.122.118.189:18945] AH01071: Got error 'Primary script unknown\n'
[Wed Jun 16 08:01:47.527447 2021] [proxy_fcgi:error] [pid 4136701:tid 139671617607424] [client 118.122.118.189:24577] AH01071: Got error 'Primary script unknown\n'
[Wed Jun 16 08:01:48.161095 2021] [proxy_fcgi:error] [pid 4136701:tid 139671514371840] [client 118.122.118.189:30082] AH01071: Got error 'Primary script unknown\n'
[Wed Jun 16 08:01:48.760986 2021] [proxy_fcgi:error] [pid 4136701:tid 139671422052096] [client 118.122.118.189:35745] AH01071: Got error 'Primary script unknown\n'
[Wed Jun 16 08:01:49.316258 2021] [proxy_fcgi:error] [pid 4136701:tid 139671363303168] [client 118.122.118.189:40932] AH01071: Got error 'Primary script unknown\n'
[Wed Jun 16 08:01:50.049801 2021] [proxy_fcgi:error] [pid 4136701:tid 139671388481280] [client 118.122.118.189:46785] AH01071: Got error 'Primary script unknown\n'
[Wed Jun 16 08:01:50.655060 2021] [proxy_fcgi:error] [pid 4136701:tid 139671447230208] [client 118.122.118.189:52097] AH01071: Got error 'Primary script unknown\n'
[Wed Jun 16 08:01:51.288133 2021] [proxy_fcgi:error] [pid 4136701:tid 139671505979136] [client 118.122.118.189:57668] AH01071: Got error 'Primary script unknown\n'
[Wed Jun 16 08:01:51.910511 2021] [proxy_fcgi:error] [pid 4136701:tid 139671609214720] [client 118.122.118.189:63012] AH01071: Got error 'Primary script unknown\n'
[Wed Jun 16 08:01:52.552639 2021] [proxy_fcgi:error] [pid 4136701:tid 139671489193728] [client 118.122.118.189:5057] AH01071: Got error 'Primary script unknown\n'
[Wed Jun 16 08:01:53.202014 2021] [proxy_fcgi:error] [pid 4136701:tid 139671626000128] [client 118.122.118.189:10337] AH01071: Got error 'Primary script unknown\n'
[Wed Jun 16 08:01:53.823234 2021] [proxy_fcgi:error] [pid 4098675:tid 139671609214720] [client 118.122.118.189:16003] AH01071: Got error 'Primary script unknown\n'
[Wed Jun 16 08:01:54.452032 2021] [proxy_fcgi:error] [pid 4136701:tid 139671480801024] [client 118.122.118.189:21474] AH01071: Got error 'Primary script unknown\n'
[Wed Jun 16 08:01:55.070929 2021] [proxy_fcgi:error] [pid 4136701:tid 139671413659392] [client 118.122.118.189:26977] AH01071: Got error 'Primary script unknown\n'
[Wed Jun 16 08:01:55.687399 2021] [proxy_fcgi:error] [pid 4136701:tid 139671455622912] [client 118.122.118.189:31809] AH01071: Got error 'Primary script unknown\n'
[Wed Jun 16 08:01:56.287024 2021] [proxy_fcgi:error] [pid 4136701:tid 139671371695872] [client 118.122.118.189:37121] AH01071: Got error 'Primary script unknown\n'
[Wed Jun 16 08:01:56.909596 2021] [proxy_fcgi:error] [pid 4098675:tid 139671505979136] [client 118.122.118.189:42241] AH01071: Got error 'Primary script unknown\n'
[Wed Jun 16 08:01:58.538558 2021] [proxy_fcgi:error] [pid 4136701:tid 139671464015616] [client 118.122.118.189:47586] AH01071: Got error 'Primary script unknown\n'
[Wed Jun 16 08:02:01.158994 2021] [proxy_fcgi:error] [pid 4136701:tid 139671380088576] [client 118.122.118.189:16484] AH01071: Got error 'Primary script unknown\n'
[Wed Jun 16 08:02:01.786480 2021] [proxy_fcgi:error] [pid 4136701:tid 139671472408320] [client 118.122.118.189:21956] AH01071: Got error 'Primary script unknown\n'
[Wed Jun 16 08:02:02.490203 2021] [proxy_fcgi:error] [pid 4136701:tid 139671522764544] [client 118.122.118.189:28036] AH01071: Got error 'Primary script unknown\n'
[Wed Jun 16 08:02:03.131566 2021] [proxy_fcgi:error] [pid 4136701:tid 139671438837504] [client 118.122.118.189:33762] AH01071: Got error 'Primary script unknown\n'
[Wed Jun 16 08:02:03.739325 2021] [proxy_fcgi:error] [pid 4136701:tid 139671396873984] [client 118.122.118.189:39778] AH01071: Got error 'Primary script unknown\n'
[Wed Jun 16 08:02:04.320655 2021] [proxy_fcgi:error] [pid 4098675:tid 139671371695872] [client 118.122.118.189:44898] AH01071: Got error 'Primary script unknown\n'
[Wed Jun 16 08:02:04.878694 2021] [proxy_fcgi:error] [pid 4136701:tid 139671497586432] [client 118.122.118.189:50209] AH01071: Got error 'Primary script unknown\n'
[Wed Jun 16 08:02:05.399974 2021] [proxy_fcgi:error] [pid 4136701:tid 139671634392832] [client 118.122.118.189:55330] AH01071: Got error 'Primary script unknown\n'
[Wed Jun 16 08:02:05.961628 2021] [proxy_fcgi:error] [pid 4136701:tid 139671531157248] [client 118.122.118.189:60611] AH01071: Got error 'Primary script unknown\n'
[Wed Jun 16 08:02:06.538181 2021] [proxy_fcgi:error] [pid 4136701:tid 139671430444800] [client 118.122.118.189:3459] AH01071: Got error 'Primary script unknown\n'
[Wed Jun 16 08:02:16.381450 2021] [proxy_fcgi:error] [pid 4136701:tid 139671413659392] [client 118.122.118.189:29282] AH01071: Got error 'Primary script unknown\n'
[Wed Jun 16 08:02:16.909839 2021] [proxy_fcgi:error] [pid 4136701:tid 139671455622912] [client 118.122.118.189:33315] AH01071: Got error 'Primary script unknown\n'
[Wed Jun 16 08:02:17.421907 2021] [proxy_fcgi:error] [pid 4136701:tid 139671371695872] [client 118.122.118.189:37253] AH01071: Got error 'Primary script unknown\n'
[Wed Jun 16 08:02:17.943539 2021] [proxy_fcgi:error] [pid 4136701:tid 139671464015616] [client 118.122.118.189:41249] AH01071: Got error 'Primary script unknown\n'
[Wed Jun 16 08:02:18.484273 2021] [proxy_fcgi:error] [pid 4136701:tid 139671380088576] [client 118.122.118.189:45730] AH01071: Got error 'Primary script unknown\n'
[Wed Jun 16 08:02:19.019467 2021] [proxy_fcgi:error] [pid 4136701:tid 139671472408320] [client 118.122.118.189:49057] AH01071: Got error 'Primary script unknown\n'
[Wed Jun 16 08:02:19.528570 2021] [proxy_fcgi:error] [pid 4136701:tid 139671522764544] [client 118.122.118.189:52706] AH01071: Got error 'Primary script unknown\n'
[Wed Jun 16 08:02:20.052482 2021] [proxy_fcgi:error] [pid 4136701:tid 139671438837504] [client 118.122.118.189:56802] AH01071: Got error 'Primary script unknown\n'
[Wed Jun 16 08:02:20.656862 2021] [proxy_fcgi:error] [pid 4136701:tid 139671396873984] [client 118.122.118.189:61377] AH01071: Got error 'Primary script unknown\n'
[Wed Jun 16 08:02:21.283503 2021] [proxy_fcgi:error] [pid 4098675:tid 139671489193728] [client 118.122.118.189:5345] AH01071: Got error 'Primary script unknown\n'
[Wed Jun 16 08:02:21.878961 2021] [proxy_fcgi:error] [pid 4136701:tid 139671497586432] [client 118.122.118.189:11329] AH01071: Got error 'Primary script unknown\n'
[Wed Jun 16 08:02:22.464222 2021] [proxy_fcgi:error] [pid 4136701:tid 139671634392832] [client 118.122.118.189:16580] AH01071: Got error 'Primary script unknown\n'
[Wed Jun 16 08:02:23.032011 2021] [proxy_fcgi:error] [pid 4136701:tid 139671531157248] [client 118.122.118.189:22211] AH01071: Got error 'Primary script unknown\n'
[Wed Jun 16 08:02:25.865028 2021] [proxy_fcgi:error] [pid 4136701:tid 139671430444800] [client 118.122.118.189:37057] AH01071: Got error 'Primary script unknown\n'
[Wed Jun 16 08:02:26.413066 2021] [proxy_fcgi:error] [pid 4136701:tid 139671405266688] [client 118.122.118.189:42241] AH01071: Got error 'Primary script unknown\n'
[Wed Jun 16 08:02:31.169799 2021] [proxy_fcgi:error] [pid 4136701:tid 139671617607424] [client 118.122.118.189:22628] AH01071: Got error 'Primary script unknown\n'
[Wed Jun 16 08:02:31.901243 2021] [proxy_fcgi:error] [pid 4136701:tid 139671514371840] [client 118.122.118.189:28322] AH01071: Got error 'Primary script unknown\n'
[Wed Jun 16 08:02:32.468023 2021] [proxy_fcgi:error] [pid 4136701:tid 139671422052096] [client 118.122.118.189:34146] AH01071: Got error 'Primary script unknown\n'
[Wed Jun 16 08:02:33.065126 2021] [proxy_fcgi:error] [pid 4136701:tid 139671363303168] [client 118.122.118.189:40003] AH01071: Got error 'Primary script unknown\n'
[Wed Jun 16 08:02:33.591096 2021] [proxy_fcgi:error] [pid 4136701:tid 139671388481280] [client 118.122.118.189:45889] AH01071: Got error 'Primary script unknown\n'
[Wed Jun 16 08:02:34.153011 2021] [proxy_fcgi:error] [pid 4136701:tid 139671447230208] [client 118.122.118.189:50818] AH01071: Got error 'Primary script unknown\n'
[Wed Jun 16 08:02:34.753096 2021] [proxy_fcgi:error] [pid 4136701:tid 139671505979136] [client 118.122.118.189:56229] AH01071: Got error 'Primary script unknown\n'
[Wed Jun 16 08:02:35.376667 2021] [proxy_fcgi:error] [pid 4098675:tid 139671438837504] [client 118.122.118.189:61793] AH01071: Got error 'Primary script unknown\n'
[Wed Jun 16 08:02:35.978423 2021] [proxy_fcgi:error] [pid 4136701:tid 139671609214720] [client 118.122.118.189:4225] AH01071: Got error 'Primary script unknown\n'
[Wed Jun 16 08:02:36.598505 2021] [proxy_fcgi:error] [pid 4136701:tid 139671489193728] [client 118.122.118.189:9537] AH01071: Got error 'Primary script unknown\n'
[Wed Jun 16 08:02:37.205869 2021] [proxy_fcgi:error] [pid 4136701:tid 139671626000128] [client 118.122.118.189:14497] AH01071: Got error 'Primary script unknown\n'
[Wed Jun 16 08:02:37.730699 2021] [proxy_fcgi:error] [pid 4136701:tid 139671480801024] [client 118.122.118.189:19941] AH01071: Got error 'Primary script unknown\n'
[Wed Jun 16 08:02:38.278414 2021] [proxy_fcgi:error] [pid 4136701:tid 139671413659392] [client 118.122.118.189:24961] AH01071: Got error 'Primary script unknown\n'
[Wed Jun 16 08:02:43.004006 2021] [proxy_fcgi:error] [pid 4136701:tid 139671455622912] [client 118.122.118.189:63265] AH01071: Got error 'Primary script unknown\n'
[Wed Jun 16 08:02:43.551158 2021] [proxy_fcgi:error] [pid 4136701:tid 139671371695872] [client 118.122.118.189:5410] AH01071: Got error 'Primary script unknown\n'
[Wed Jun 16 08:02:44.093455 2021] [proxy_fcgi:error] [pid 4136701:tid 139671464015616] [client 118.122.118.189:10241] AH01071: Got error 'Primary script unknown\n'
[Wed Jun 16 08:02:44.620143 2021] [proxy_fcgi:error] [pid 4136701:tid 139671380088576] [client 118.122.118.189:15458] AH01071: Got error 'Primary script unknown\n'
[Wed Jun 16 08:02:45.206022 2021] [proxy_fcgi:error] [pid 4136701:tid 139671472408320] [client 118.122.118.189:20289] AH01071: Got error 'Primary script unknown\n'
[Wed Jun 16 08:02:45.716701 2021] [proxy_fcgi:error] [pid 4098675:tid 139671464015616] [client 118.122.118.189:24225] AH01071: Got error 'Primary script unknown\n'
[Wed Jun 16 08:02:46.322395 2021] [proxy_fcgi:error] [pid 4136701:tid 139671522764544] [client 118.122.118.189:29601] AH01071: Got error 'Primary script unknown\n'
[Wed Jun 16 08:02:46.953654 2021] [proxy_fcgi:error] [pid 4136701:tid 139671438837504] [client 118.122.118.189:34723] AH01071: Got error 'Primary script unknown\n'
[Wed Jun 16 08:02:47.551641 2021] [proxy_fcgi:error] [pid 4136701:tid 139671396873984] [client 118.122.118.189:40610] AH01071: Got error 'Primary script unknown\n'
[Wed Jun 16 08:02:48.133117 2021] [proxy_fcgi:error] [pid 4136701:tid 139671497586432] [client 118.122.118.189:46211] AH01071: Got error 'Primary script unknown\n'
[Wed Jun 16 08:02:48.696835 2021] [proxy_fcgi:error] [pid 4136701:tid 139671634392832] [client 118.122.118.189:52034] AH01071: Got error 'Primary script unknown\n'
[Wed Jun 16 08:02:49.273784 2021] [proxy_fcgi:error] [pid 4136701:tid 139671531157248] [client 118.122.118.189:57027] AH01071: Got error 'Primary script unknown\n'
[Wed Jun 16 08:02:49.866387 2021] [proxy_fcgi:error] [pid 4098675:tid 139671472408320] [client 118.122.118.189:62178] AH01071: Got error 'Primary script unknown\n'
[Wed Jun 16 08:02:50.471159 2021] [proxy_fcgi:error] [pid 4136701:tid 139671430444800] [client 118.122.118.189:4642] AH01071: Got error 'Primary script unknown\n'
[Wed Jun 16 08:02:51.084314 2021] [proxy_fcgi:error] [pid 4136701:tid 139671405266688] [client 118.122.118.189:9987] AH01071: Got error 'Primary script unknown\n'
[Wed Jun 16 08:02:51.643208 2021] [proxy_fcgi:error] [pid 4136701:tid 139671617607424] [client 118.122.118.189:15138] AH01071: Got error 'Primary script unknown\n'
[Wed Jun 16 08:02:52.157244 2021] [proxy_fcgi:error] [pid 4136701:tid 139671514371840] [client 118.122.118.189:20099] AH01071: Got error 'Primary script unknown\n'
[Wed Jun 16 08:02:52.698138 2021] [proxy_fcgi:error] [pid 4136701:tid 139671422052096] [client 118.122.118.189:24993] AH01071: Got error 'Primary script unknown\n'
[Wed Jun 16 08:02:53.263998 2021] [proxy_fcgi:error] [pid 4098675:tid 139671497586432] [client 118.122.118.189:29953] AH01071: Got error 'Primary script unknown\n'
[Wed Jun 16 08:02:53.852070 2021] [proxy_fcgi:error] [pid 4136701:tid 139671363303168] [client 118.122.118.189:35298] AH01071: Got error 'Primary script unknown\n'
[Wed Jun 16 08:02:54.501219 2021] [proxy_fcgi:error] [pid 4136701:tid 139671388481280] [client 118.122.118.189:41954] AH01071: Got error 'Primary script unknown\n'
[Wed Jun 16 08:02:55.112409 2021] [proxy_fcgi:error] [pid 4136701:tid 139671447230208] [client 118.122.118.189:46819] AH01071: Got error 'Primary script unknown\n'
[Wed Jun 16 08:02:55.680150 2021] [proxy_fcgi:error] [pid 4136701:tid 139671505979136] [client 118.122.118.189:51939] AH01071: Got error 'Primary script unknown\n'
[Wed Jun 16 08:02:56.194687 2021] [proxy_fcgi:error] [pid 4136701:tid 139671609214720] [client 118.122.118.189:54465] AH01071: Got error 'Primary script unknown\n'
[Wed Jun 16 08:02:56.706157 2021] [proxy_fcgi:error] [pid 4136701:tid 139671489193728] [client 118.122.118.189:57730] AH01071: Got error 'Primary script unknown\n'
[Wed Jun 16 08:02:57.219929 2021] [proxy_fcgi:error] [pid 4136701:tid 139671626000128] [client 118.122.118.189:61441] AH01071: Got error 'Primary script unknown\n'
[Wed Jun 16 08:02:57.743427 2021] [proxy_fcgi:error] [pid 4136701:tid 139671480801024] [client 118.122.118.189:64897] AH01071: Got error 'Primary script unknown\n'
[Wed Jun 16 08:02:58.265659 2021] [proxy_fcgi:error] [pid 4136701:tid 139671413659392] [client 118.122.118.189:5409] AH01071: Got error 'Primary script unknown\n'
[Wed Jun 16 08:02:59.843449 2021] [proxy_fcgi:error] [pid 4136701:tid 139671455622912] [client 118.122.118.189:8929] AH01071: Got error 'Primary script unknown\n'
[Wed Jun 16 08:03:00.378024 2021] [proxy_fcgi:error] [pid 4098675:tid 139671396873984] [client 118.122.118.189:23777] AH01071: Got error 'Primary script unknown\n'
[Wed Jun 16 08:03:00.875183 2021] [proxy_fcgi:error] [pid 4136701:tid 139671371695872] [client 118.122.118.189:26242] AH01071: Got error 'Primary script unknown\n'
[Wed Jun 16 08:03:01.403429 2021] [proxy_fcgi:error] [pid 4136701:tid 139671464015616] [client 118.122.118.189:31010] AH01071: Got error 'Primary script unknown\n'
[Wed Jun 16 08:03:01.933940 2021] [proxy_fcgi:error] [pid 4098675:tid 139671531157248] [client 118.122.118.189:35969] AH01071: Got error 'Primary script unknown\n'
[Wed Jun 16 08:03:02.500421 2021] [proxy_fcgi:error] [pid 4136701:tid 139671380088576] [client 118.122.118.189:41540] AH01071: Got error 'Primary script unknown\n'
[Wed Jun 16 08:03:03.118039 2021] [proxy_fcgi:error] [pid 4136701:tid 139671472408320] [client 118.122.118.189:47300] AH01071: Got error 'Primary script unknown\n'
[Wed Jun 16 08:03:03.705857 2021] [proxy_fcgi:error] [pid 4136701:tid 139671522764544] [client 118.122.118.189:52961] AH01071: Got error 'Primary script unknown\n'
[Wed Jun 16 08:03:04.346894 2021] [proxy_fcgi:error] [pid 4098675:tid 139671447230208] [client 118.122.118.189:58402] AH01071: Got error 'Primary script unknown\n'
[Wed Jun 16 08:03:04.926842 2021] [proxy_fcgi:error] [pid 4136701:tid 139671438837504] [client 118.122.118.189:64035] AH01071: Got error 'Primary script unknown\n'
[Wed Jun 16 08:03:05.476110 2021] [proxy_fcgi:error] [pid 4136701:tid 139671396873984] [client 118.122.118.189:6660] AH01071: Got error 'Primary script unknown\n'
[Wed Jun 16 08:03:06.074307 2021] [proxy_fcgi:error] [pid 4136701:tid 139671497586432] [client 118.122.118.189:11938] AH01071: Got error 'Primary script unknown\n'
[Wed Jun 16 08:03:06.654298 2021] [proxy_fcgi:error] [pid 4136701:tid 139671634392832] [client 118.122.118.189:17409] AH01071: Got error 'Primary script unknown\n'
[Wed Jun 16 08:03:07.262067 2021] [proxy_fcgi:error] [pid 4136701:tid 139671531157248] [client 118.122.118.189:22690] AH01071: Got error 'Primary script unknown\n'
[Wed Jun 16 08:03:07.814534 2021] [proxy_fcgi:error] [pid 4136701:tid 139671430444800] [client 118.122.118.189:28066] AH01071: Got error 'Primary script unknown\n'
[Wed Jun 16 08:03:08.374913 2021] [proxy_fcgi:error] [pid 4136701:tid 139671405266688] [client 118.122.118.189:32868] AH01071: Got error 'Primary script unknown\n'
[Wed Jun 16 08:03:08.945979 2021] [proxy_fcgi:error] [pid 4136701:tid 139671617607424] [client 118.122.118.189:38242] AH01071: Got error 'Primary script unknown\n'
[Wed Jun 16 08:03:09.630874 2021] [proxy_fcgi:error] [pid 4136701:tid 139671514371840] [client 118.122.118.189:43777] AH01071: Got error 'Primary script unknown\n'
[Wed Jun 16 08:03:10.231360 2021] [proxy_fcgi:error] [pid 4098675:tid 139671405266688] [client 118.122.118.189:48739] AH01071: Got error 'Primary script unknown\n'
[Wed Jun 16 08:03:10.830565 2021] [proxy_fcgi:error] [pid 4136701:tid 139671422052096] [client 118.122.118.189:53889] AH01071: Got error 'Primary script unknown\n'
[Wed Jun 16 08:03:11.480667 2021] [proxy_fcgi:error] [pid 4136701:tid 139671363303168] [client 118.122.118.189:59202] AH01071: Got error 'Primary script unknown\n'
[Wed Jun 16 08:03:12.214233 2021] [proxy_fcgi:error] [pid 4136701:tid 139671388481280] [client 118.122.118.189:64897] AH01071: Got error 'Primary script unknown\n'
[Wed Jun 16 08:03:12.884335 2021] [proxy_fcgi:error] [pid 4098675:tid 139671617607424] [client 118.122.118.189:7778] AH01071: Got error 'Primary script unknown\n'
[Wed Jun 16 08:03:13.531012 2021] [proxy_fcgi:error] [pid 4136701:tid 139671447230208] [client 118.122.118.189:12963] AH01071: Got error 'Primary script unknown\n'
[Wed Jun 16 08:03:14.184258 2021] [proxy_fcgi:error] [pid 4136701:tid 139671438837504] [client 118.122.118.189:18243] AH01071: Got error 'Primary script unknown\n'
[Wed Jun 16 08:03:14.959892 2021] [proxy_fcgi:error] [pid 4136701:tid 139671609214720] [client 118.122.118.189:24161] AH01071: Got error 'Primary script unknown\n'
[Wed Jun 16 08:03:19.698022 2021] [proxy_fcgi:error] [pid 4136701:tid 139671489193728] [client 118.122.118.189:63073] AH01071: Got error 'Primary script unknown\n'
[Wed Jun 16 08:03:20.356709 2021] [proxy_fcgi:error] [pid 4136701:tid 139671626000128] [client 118.122.118.189:5316] AH01071: Got error 'Primary script unknown\n'
[Wed Jun 16 08:03:20.930226 2021] [proxy_fcgi:error] [pid 4136701:tid 139671480801024] [client 118.122.118.189:10534] AH01071: Got error 'Primary script unknown\n'
[Wed Jun 16 08:03:21.518641 2021] [proxy_fcgi:error] [pid 4136701:tid 139671413659392] [client 118.122.118.189:15810] AH01071: Got error 'Primary script unknown\n'
[Wed Jun 16 08:03:22.112184 2021] [proxy_fcgi:error] [pid 4136701:tid 139671455622912] [client 118.122.118.189:20740] AH01071: Got error 'Primary script unknown\n'
[Wed Jun 16 08:03:26.683801 2021] [proxy_fcgi:error] [pid 4136701:tid 139671371695872] [client 118.122.118.189:38561] AH01071: Got error 'Primary script unknown\n'
[Wed Jun 16 08:03:27.230379 2021] [proxy_fcgi:error] [pid 4136701:tid 139671464015616] [client 118.122.118.189:44036] AH01071: Got error 'Primary script unknown\n'
[Wed Jun 16 08:03:27.806368 2021] [proxy_fcgi:error] [pid 4136701:tid 139671380088576] [client 118.122.118.189:49025] AH01071: Got error 'Primary script unknown\n'
[Wed Jun 16 08:03:28.352657 2021] [proxy_fcgi:error] [pid 4136701:tid 139671472408320] [client 118.122.118.189:53796] AH01071: Got error 'Primary script unknown\n'
[Wed Jun 16 08:03:28.939982 2021] [proxy_fcgi:error] [pid 4136701:tid 139671522764544] [client 118.122.118.189:58817] AH01071: Got error 'Primary script unknown\n'
[Wed Jun 16 08:03:29.493115 2021] [proxy_fcgi:error] [pid 4136701:tid 139671438837504] [client 118.122.118.189:64193] AH01071: Got error 'Primary script unknown\n'
[Wed Jun 16 08:03:30.097466 2021] [proxy_fcgi:error] [pid 4136701:tid 139671396873984] [client 118.122.118.189:6339] AH01071: Got error 'Primary script unknown\n'
[Wed Jun 16 08:03:30.719703 2021] [proxy_fcgi:error] [pid 4136701:tid 139671497586432] [client 118.122.118.189:11777] AH01071: Got error 'Primary script unknown\n'
[Wed Jun 16 08:03:32.321301 2021] [proxy_fcgi:error] [pid 4136701:tid 139671634392832] [client 118.122.118.189:16642] AH01071: Got error 'Primary script unknown\n'
[Wed Jun 16 08:03:32.889801 2021] [proxy_fcgi:error] [pid 4136701:tid 139671531157248] [client 118.122.118.189:30659] AH01071: Got error 'Primary script unknown\n'
[Wed Jun 16 08:03:33.504681 2021] [proxy_fcgi:error] [pid 4136701:tid 139671430444800] [client 118.122.118.189:36067] AH01071: Got error 'Primary script unknown\n'
[Wed Jun 16 08:03:35.777924 2021] [proxy_fcgi:error] [pid 4136701:tid 139671405266688] [client 118.122.118.189:55554] AH01071: Got error 'Primary script unknown\n'
[Wed Jun 16 08:03:36.365063 2021] [proxy_fcgi:error] [pid 4136701:tid 139671617607424] [client 118.122.118.189:61282] AH01071: Got error 'Primary script unknown\n'
[Wed Jun 16 08:03:36.968519 2021] [proxy_fcgi:error] [pid 4136701:tid 139671514371840] [client 118.122.118.189:3013] AH01071: Got error 'Primary script unknown\n'
[Wed Jun 16 08:03:37.563133 2021] [proxy_fcgi:error] [pid 4136701:tid 139671422052096] [client 118.122.118.189:8161] AH01071: Got error 'Primary script unknown\n'
[Wed Jun 16 08:03:38.062104 2021] [proxy_fcgi:error] [pid 4136701:tid 139671363303168] [client 118.122.118.189:11298] AH01071: Got error 'Primary script unknown\n'
[Wed Jun 16 08:03:38.612369 2021] [proxy_fcgi:error] [pid 4136701:tid 139671388481280] [client 118.122.118.189:15076] AH01071: Got error 'Primary script unknown\n'
[Wed Jun 16 08:03:39.116284 2021] [proxy_fcgi:error] [pid 4136701:tid 139671447230208] [client 118.122.118.189:18657] AH01071: Got error 'Primary script unknown\n'
[Wed Jun 16 08:03:39.621499 2021] [proxy_fcgi:error] [pid 4136701:tid 139671505979136] [client 118.122.118.189:22658] AH01071: Got error 'Primary script unknown\n'
[Wed Jun 16 08:03:40.153453 2021] [proxy_fcgi:error] [pid 4136701:tid 139671609214720] [client 118.122.118.189:26113] AH01071: Got error 'Primary script unknown\n'
[Wed Jun 16 08:03:40.657392 2021] [proxy_fcgi:error] [pid 4136701:tid 139671489193728] [client 118.122.118.189:29793] AH01071: Got error 'Primary script unknown\n'
[Wed Jun 16 08:03:41.192355 2021] [proxy_fcgi:error] [pid 4136701:tid 139671626000128] [client 118.122.118.189:33891] AH01071: Got error 'Primary script unknown\n'
[Wed Jun 16 08:03:41.717714 2021] [proxy_fcgi:error] [pid 4136701:tid 139671480801024] [client 118.122.118.189:38371] AH01071: Got error 'Primary script unknown\n'
[Wed Jun 16 08:03:42.270168 2021] [proxy_fcgi:error] [pid 4136701:tid 139671413659392] [client 118.122.118.189:43619] AH01071: Got error 'Primary script unknown\n'
[Wed Jun 16 08:03:42.872711 2021] [proxy_fcgi:error] [pid 4136701:tid 139671455622912] [client 118.122.118.189:48484] AH01071: Got error 'Primary script unknown\n'
[Wed Jun 16 08:03:43.451028 2021] [proxy_fcgi:error] [pid 4136701:tid 139671371695872] [client 118.122.118.189:53890] AH01071: Got error 'Primary script unknown\n'
[Wed Jun 16 08:03:44.030448 2021] [proxy_fcgi:error] [pid 4136701:tid 139671464015616] [client 118.122.118.189:58754] AH01071: Got error 'Primary script unknown\n'
[Wed Jun 16 08:03:44.639409 2021] [proxy_fcgi:error] [pid 4136701:tid 139671380088576] [client 118.122.118.189:63746] AH01071: Got error 'Primary script unknown\n'
[Wed Jun 16 08:03:45.206049 2021] [proxy_fcgi:error] [pid 4136701:tid 139671472408320] [client 118.122.118.189:5953] AH01071: Got error 'Primary script unknown\n'
[Wed Jun 16 08:03:45.755608 2021] [proxy_fcgi:error] [pid 4136701:tid 139671522764544] [client 118.122.118.189:10914] AH01071: Got error 'Primary script unknown\n'
[Wed Jun 16 08:03:46.265909 2021] [proxy_fcgi:error] [pid 4136701:tid 139671438837504] [client 118.122.118.189:15426] AH01071: Got error 'Primary script unknown\n'
[Wed Jun 16 08:03:46.808246 2021] [proxy_fcgi:error] [pid 4136701:tid 139671505979136] [client 118.122.118.189:20130] AH01071: Got error 'Primary script unknown\n'
[Wed Jun 16 08:03:47.395477 2021] [proxy_fcgi:error] [pid 4136701:tid 139671497586432] [client 118.122.118.189:24834] AH01071: Got error 'Primary script unknown\n'
[Wed Jun 16 08:03:48.061759 2021] [proxy_fcgi:error] [pid 4136701:tid 139671634392832] [client 118.122.118.189:30977] AH01071: Got error 'Primary script unknown\n'
[Wed Jun 16 08:03:48.702540 2021] [proxy_fcgi:error] [pid 4136701:tid 139671531157248] [client 118.122.118.189:36995] AH01071: Got error 'Primary script unknown\n'
[Wed Jun 16 08:03:49.321250 2021] [proxy_fcgi:error] [pid 4136701:tid 139671430444800] [client 118.122.118.189:42177] AH01071: Got error 'Primary script unknown\n'
[Wed Jun 16 08:03:49.887091 2021] [proxy_fcgi:error] [pid 4136701:tid 139671405266688] [client 118.122.118.189:47332] AH01071: Got error 'Primary script unknown\n'
[Wed Jun 16 08:03:50.448813 2021] [proxy_fcgi:error] [pid 4136701:tid 139671617607424] [client 118.122.118.189:52705] AH01071: Got error 'Primary script unknown\n'
[Wed Jun 16 08:03:50.972461 2021] [proxy_fcgi:error] [pid 4136701:tid 139671514371840] [client 118.122.118.189:58081] AH01071: Got error 'Primary script unknown\n'
[Wed Jun 16 08:03:51.870404 2021] [proxy_fcgi:error] [pid 4136701:tid 139671422052096] [client 118.122.118.189:2785] AH01071: Got error 'Primary script unknown\n'
[Wed Jun 16 08:03:52.410413 2021] [proxy_fcgi:error] [pid 4136701:tid 139671363303168] [client 118.122.118.189:7266] AH01071: Got error 'Primary script unknown\n'
[Wed Jun 16 08:03:52.945848 2021] [proxy_fcgi:error] [pid 4098675:tid 139671430444800] [client 118.122.118.189:11841] AH01071: Got error 'Primary script unknown\n'
[Wed Jun 16 08:03:53.505227 2021] [proxy_fcgi:error] [pid 4136701:tid 139671388481280] [client 118.122.118.189:16865] AH01071: Got error 'Primary script unknown\n'
[Wed Jun 16 08:03:54.044710 2021] [proxy_fcgi:error] [pid 4136701:tid 139671447230208] [client 118.122.118.189:22145] AH01071: Got error 'Primary script unknown\n'
[Wed Jun 16 08:03:54.614075 2021] [proxy_fcgi:error] [pid 4136701:tid 139671505979136] [client 118.122.118.189:27652] AH01071: Got error 'Primary script unknown\n'
[Wed Jun 16 08:03:55.220479 2021] [proxy_fcgi:error] [pid 4136701:tid 139671609214720] [client 118.122.118.189:32706] AH01071: Got error 'Primary script unknown\n'
[Wed Jun 16 08:03:55.829321 2021] [proxy_fcgi:error] [pid 4136701:tid 139671489193728] [client 118.122.118.189:37668] AH01071: Got error 'Primary script unknown\n'
[Wed Jun 16 08:03:56.380162 2021] [proxy_fcgi:error] [pid 4136701:tid 139671626000128] [client 118.122.118.189:42947] AH01071: Got error 'Primary script unknown\n'
[Wed Jun 16 08:03:56.924469 2021] [proxy_fcgi:error] [pid 4098675:tid 139671480801024] [client 118.122.118.189:47268] AH01071: Got error 'Primary script unknown\n'
[Wed Jun 16 08:03:57.522382 2021] [proxy_fcgi:error] [pid 4136701:tid 139671480801024] [client 118.122.118.189:52098] AH01071: Got error 'Primary script unknown\n'
[Wed Jun 16 08:03:58.048078 2021] [proxy_fcgi:error] [pid 4136701:tid 139671413659392] [client 118.122.118.189:56804] AH01071: Got error 'Primary script unknown\n'
[Wed Jun 16 08:03:58.601082 2021] [proxy_fcgi:error] [pid 4136701:tid 139671455622912] [client 118.122.118.189:61636] AH01071: Got error 'Primary script unknown\n'
[Wed Jun 16 08:04:00.171988 2021] [proxy_fcgi:error] [pid 4136701:tid 139671371695872] [client 118.122.118.189:3137] AH01071: Got error 'Primary script unknown\n'
[Wed Jun 16 08:04:00.672272 2021] [proxy_fcgi:error] [pid 4136701:tid 139671464015616] [client 118.122.118.189:10626] AH01071: Got error 'Primary script unknown\n'
[Wed Jun 16 08:04:01.191434 2021] [proxy_fcgi:error] [pid 4136701:tid 139671380088576] [client 118.122.118.189:14369] AH01071: Got error 'Primary script unknown\n'
[Wed Jun 16 08:04:01.734023 2021] [proxy_fcgi:error] [pid 4136701:tid 139671472408320] [client 118.122.118.189:18434] AH01071: Got error 'Primary script unknown\n'
[Wed Jun 16 08:04:02.243857 2021] [proxy_fcgi:error] [pid 4136701:tid 139671522764544] [client 118.122.118.189:23233] AH01071: Got error 'Primary script unknown\n'
[Wed Jun 16 08:04:03.846145 2021] [proxy_fcgi:error] [pid 4136701:tid 139671438837504] [client 118.122.118.189:27874] AH01071: Got error 'Primary script unknown\n'
[Wed Jun 16 08:04:04.452949 2021] [proxy_fcgi:error] [pid 4136701:tid 139671396873984] [client 118.122.118.189:42689] AH01071: Got error 'Primary script unknown\n'
[Wed Jun 16 08:04:05.019841 2021] [proxy_fcgi:error] [pid 4136701:tid 139671497586432] [client 118.122.118.189:47427] AH01071: Got error 'Primary script unknown\n'
[Wed Jun 16 08:04:05.616276 2021] [proxy_fcgi:error] [pid 4136701:tid 139671634392832] [client 118.122.118.189:52962] AH01071: Got error 'Primary script unknown\n'
[Wed Jun 16 08:04:06.180189 2021] [proxy_fcgi:error] [pid 4136701:tid 139671531157248] [client 118.122.118.189:57537] AH01071: Got error 'Primary script unknown\n'
[Wed Jun 16 08:04:06.700604 2021] [proxy_fcgi:error] [pid 4136701:tid 139671430444800] [client 118.122.118.189:62913] AH01071: Got error 'Primary script unknown\n'
[Wed Jun 16 08:04:07.274229 2021] [proxy_fcgi:error] [pid 4136701:tid 139671405266688] [client 118.122.118.189:4354] AH01071: Got error 'Primary script unknown\n'
[Wed Jun 16 08:04:07.807102 2021] [proxy_fcgi:error] [pid 4136701:tid 139671617607424] [client 118.122.118.189:8674] AH01071: Got error 'Primary script unknown\n'
[Wed Jun 16 08:04:08.339321 2021] [proxy_fcgi:error] [pid 4098675:tid 139671522764544] [client 118.122.118.189:13794] AH01071: Got error 'Primary script unknown\n'
[Wed Jun 16 08:04:08.902603 2021] [proxy_fcgi:error] [pid 4136701:tid 139671514371840] [client 118.122.118.189:19329] AH01071: Got error 'Primary script unknown\n'
[Wed Jun 16 08:04:09.417107 2021] [proxy_fcgi:error] [pid 4098675:tid 139671388481280] [client 118.122.118.189:24291] AH01071: Got error 'Primary script unknown\n'
[Wed Jun 16 08:04:11.426311 2021] [proxy_fcgi:error] [pid 4136701:tid 139671422052096] [client 118.122.118.189:40994] AH01071: Got error 'Primary script unknown\n'
[Wed Jun 16 08:04:12.024805 2021] [proxy_fcgi:error] [pid 4136701:tid 139671363303168] [client 118.122.118.189:46499] AH01071: Got error 'Primary script unknown\n'
[Wed Jun 16 08:04:12.586282 2021] [proxy_fcgi:error] [pid 4136701:tid 139671388481280] [client 118.122.118.189:51971] AH01071: Got error 'Primary script unknown\n'
[Wed Jun 16 08:04:13.146504 2021] [proxy_fcgi:error] [pid 4136701:tid 139671447230208] [client 118.122.118.189:56739] AH01071: Got error 'Primary script unknown\n'
[Wed Jun 16 08:04:13.659721 2021] [proxy_fcgi:error] [pid 4136701:tid 139671505979136] [client 118.122.118.189:61570] AH01071: Got error 'Primary script unknown\n'
[Wed Jun 16 08:04:14.193295 2021] [proxy_fcgi:error] [pid 4136701:tid 139671609214720] [client 118.122.118.189:2977] AH01071: Got error 'Primary script unknown\n'
[Wed Jun 16 08:04:14.839922 2021] [proxy_fcgi:error] [pid 4136701:tid 139671489193728] [client 118.122.118.189:8161] AH01071: Got error 'Primary script unknown\n'
[Wed Jun 16 08:04:15.387213 2021] [proxy_fcgi:error] [pid 4098675:tid 139671626000128] [client 118.122.118.189:13186] AH01071: Got error 'Primary script unknown\n'
[Wed Jun 16 08:04:15.969176 2021] [proxy_fcgi:error] [pid 4136701:tid 139671626000128] [client 118.122.118.189:18306] AH01071: Got error 'Primary script unknown\n'
[Wed Jun 16 08:04:16.555488 2021] [proxy_fcgi:error] [pid 4136701:tid 139671480801024] [client 118.122.118.189:23427] AH01071: Got error 'Primary script unknown\n'
[Wed Jun 16 08:04:17.158370 2021] [proxy_fcgi:error] [pid 4136701:tid 139671413659392] [client 118.122.118.189:28161] AH01071: Got error 'Primary script unknown\n'
[Wed Jun 16 08:04:17.770704 2021] [proxy_fcgi:error] [pid 4136701:tid 139671455622912] [client 118.122.118.189:33762] AH01071: Got error 'Primary script unknown\n'
[Wed Jun 16 08:04:18.352605 2021] [proxy_fcgi:error] [pid 4098675:tid 139671514371840] [client 118.122.118.189:39267] AH01071: Got error 'Primary script unknown\n'
[Wed Jun 16 08:04:18.935090 2021] [proxy_fcgi:error] [pid 4136701:tid 139671371695872] [client 118.122.118.189:43779] AH01071: Got error 'Primary script unknown\n'
[Wed Jun 16 08:04:19.457335 2021] [proxy_fcgi:error] [pid 4098675:tid 139671380088576] [client 118.122.118.189:48259] AH01071: Got error 'Primary script unknown\n'
[Wed Jun 16 08:04:19.990409 2021] [proxy_fcgi:error] [pid 4136701:tid 139671464015616] [client 118.122.118.189:52482] AH01071: Got error 'Primary script unknown\n'
[Wed Jun 16 08:04:20.528354 2021] [proxy_fcgi:error] [pid 4136701:tid 139671380088576] [client 118.122.118.189:57891] AH01071: Got error 'Primary script unknown\n'
[Wed Jun 16 08:04:25.069187 2021] [proxy_fcgi:error] [pid 4136701:tid 139671472408320] [client 118.122.118.189:35011] AH01071: Got error 'Primary script unknown\n'
[Wed Jun 16 08:04:25.645040 2021] [proxy_fcgi:error] [pid 4136701:tid 139671522764544] [client 118.122.118.189:39299] AH01071: Got error 'Primary script unknown\n'
[Wed Jun 16 08:04:26.185380 2021] [proxy_fcgi:error] [pid 4136701:tid 139671438837504] [client 118.122.118.189:44162] AH01071: Got error 'Primary script unknown\n'
[Wed Jun 16 08:04:26.715383 2021] [proxy_fcgi:error] [pid 4136701:tid 139671396873984] [client 118.122.118.189:49345] AH01071: Got error 'Primary script unknown\n'
[Wed Jun 16 08:04:27.261933 2021] [proxy_fcgi:error] [pid 4136701:tid 139671497586432] [client 118.122.118.189:53858] AH01071: Got error 'Primary script unknown\n'
[Wed Jun 16 08:04:27.810642 2021] [proxy_fcgi:error] [pid 4098675:tid 139671413659392] [client 118.122.118.189:59041] AH01071: Got error 'Primary script unknown\n'
[Wed Jun 16 08:04:28.387492 2021] [proxy_fcgi:error] [pid 4136701:tid 139671634392832] [client 118.122.118.189:63779] AH01071: Got error 'Primary script unknown\n'
[Wed Jun 16 08:04:28.996052 2021] [proxy_fcgi:error] [pid 4136701:tid 139671531157248] [client 118.122.118.189:5281] AH01071: Got error 'Primary script unknown\n'
[Wed Jun 16 08:04:29.623281 2021] [proxy_fcgi:error] [pid 4098675:tid 139671634392832] [client 118.122.118.189:11523] AH01071: Got error 'Primary script unknown\n'
[Wed Jun 16 08:04:31.222351 2021] [proxy_fcgi:error] [pid 4136701:tid 139671430444800] [client 118.122.118.189:16577] AH01071: Got error 'Primary script unknown\n'
[Wed Jun 16 08:04:33.853467 2021] [proxy_fcgi:error] [pid 4136701:tid 139671405266688] [client 118.122.118.189:49825] AH01071: Got error 'Primary script unknown\n'
[Wed Jun 16 08:04:34.406486 2021] [proxy_fcgi:error] [pid 4136701:tid 139671617607424] [client 118.122.118.189:54370] AH01071: Got error 'Primary script unknown\n'
[Wed Jun 16 08:04:34.965787 2021] [proxy_fcgi:error] [pid 4136701:tid 139671514371840] [client 118.122.118.189:58947] AH01071: Got error 'Primary script unknown\n'
[Wed Jun 16 08:04:35.512623 2021] [proxy_fcgi:error] [pid 4136701:tid 139671422052096] [client 118.122.118.189:64290] AH01071: Got error 'Primary script unknown\n'
[Wed Jun 16 08:04:36.044458 2021] [proxy_fcgi:error] [pid 4136701:tid 139671363303168] [client 118.122.118.189:5985] AH01071: Got error 'Primary script unknown\n'
[Wed Jun 16 08:04:36.585279 2021] [proxy_fcgi:error] [pid 4136701:tid 139671388481280] [client 118.122.118.189:11170] AH01071: Got error 'Primary script unknown\n'
[Wed Jun 16 08:04:37.110474 2021] [proxy_fcgi:error] [pid 4136701:tid 139671447230208] [client 118.122.118.189:15393] AH01071: Got error 'Primary script unknown\n'
[Wed Jun 16 08:04:37.684472 2021] [proxy_fcgi:error] [pid 4136701:tid 139671505979136] [client 118.122.118.189:19908] AH01071: Got error 'Primary script unknown\n'
[Wed Jun 16 08:04:38.228573 2021] [proxy_fcgi:error] [pid 4136701:tid 139671609214720] [client 118.122.118.189:25057] AH01071: Got error 'Primary script unknown\n'
[Wed Jun 16 08:04:38.768107 2021] [proxy_fcgi:error] [pid 4136701:tid 139671489193728] [client 118.122.118.189:29988] AH01071: Got error 'Primary script unknown\n'
[Wed Jun 16 08:04:39.286348 2021] [proxy_fcgi:error] [pid 4098675:tid 139671455622912] [client 118.122.118.189:35169] AH01071: Got error 'Primary script unknown\n'
[Wed Jun 16 08:04:39.812077 2021] [proxy_fcgi:error] [pid 4136701:tid 139671626000128] [client 118.122.118.189:39842] AH01071: Got error 'Primary script unknown\n'
[Wed Jun 16 08:04:40.354091 2021] [proxy_fcgi:error] [pid 4098675:tid 139671422052096] [client 118.122.118.189:44611] AH01071: Got error 'Primary script unknown\n'
[Wed Jun 16 08:04:44.914044 2021] [proxy_fcgi:error] [pid 4136701:tid 139671480801024] [client 118.122.118.189:22436] AH01071: Got error 'Primary script unknown\n'
[Wed Jun 16 08:04:45.466194 2021] [proxy_fcgi:error] [pid 4136701:tid 139671413659392] [client 118.122.118.189:27813] AH01071: Got error 'Primary script unknown\n'
[Wed Jun 16 08:04:46.014248 2021] [proxy_fcgi:error] [pid 4136701:tid 139671455622912] [client 118.122.118.189:32481] AH01071: Got error 'Primary script unknown\n'
[Wed Jun 16 08:04:46.531993 2021] [proxy_fcgi:error] [pid 4136701:tid 139671371695872] [client 118.122.118.189:36897] AH01071: Got error 'Primary script unknown\n'
[Wed Jun 16 08:04:47.078618 2021] [proxy_fcgi:error] [pid 4136701:tid 139671464015616] [client 118.122.118.189:41666] AH01071: Got error 'Primary script unknown\n'
[Wed Jun 16 08:04:47.606223 2021] [proxy_fcgi:error] [pid 4136701:tid 139671380088576] [client 118.122.118.189:47106] AH01071: Got error 'Primary script unknown\n'
[Wed Jun 16 08:04:48.150367 2021] [proxy_fcgi:error] [pid 4136701:tid 139671472408320] [client 118.122.118.189:51842] AH01071: Got error 'Primary script unknown\n'
[Wed Jun 16 08:04:48.693919 2021] [proxy_fcgi:error] [pid 4136701:tid 139671522764544] [client 118.122.118.189:56961] AH01071: Got error 'Primary script unknown\n'
[Wed Jun 16 08:04:49.207058 2021] [proxy_fcgi:error] [pid 4136701:tid 139671438837504] [client 118.122.118.189:61409] AH01071: Got error 'Primary script unknown\n'
[Wed Jun 16 08:04:49.722906 2021] [proxy_fcgi:error] [pid 4136701:tid 139671505979136] [client 118.122.118.189:2657] AH01071: Got error 'Primary script unknown\n'
[Wed Jun 16 08:04:50.291870 2021] [proxy_fcgi:error] [pid 4136701:tid 139671497586432] [client 118.122.118.189:7589] AH01071: Got error 'Primary script unknown\n'
[Wed Jun 16 08:04:50.888547 2021] [proxy_fcgi:error] [pid 4136701:tid 139671634392832] [client 118.122.118.189:12705] AH01071: Got error 'Primary script unknown\n'
[Wed Jun 16 08:04:51.450407 2021] [proxy_fcgi:error] [pid 4098675:tid 139671609214720] [client 118.122.118.189:17601] AH01071: Got error 'Primary script unknown\n'
[Wed Jun 16 08:04:52.018111 2021] [proxy_fcgi:error] [pid 4136701:tid 139671531157248] [client 118.122.118.189:22594] AH01071: Got error 'Primary script unknown\n'
[Wed Jun 16 08:04:52.590331 2021] [proxy_fcgi:error] [pid 4098675:tid 139671505979136] [client 118.122.118.189:27425] AH01071: Got error 'Primary script unknown\n'
[Wed Jun 16 08:04:53.197038 2021] [proxy_fcgi:error] [pid 4136701:tid 139671430444800] [client 118.122.118.189:32035] AH01071: Got error 'Primary script unknown\n'
[Wed Jun 16 08:04:53.730088 2021] [proxy_fcgi:error] [pid 4136701:tid 139671405266688] [client 118.122.118.189:37537] AH01071: Got error 'Primary script unknown\n'
[Wed Jun 16 08:04:54.244754 2021] [proxy_fcgi:error] [pid 4136701:tid 139671617607424] [client 118.122.118.189:41921] AH01071: Got error 'Primary script unknown\n'
[Wed Jun 16 08:04:54.766122 2021] [proxy_fcgi:error] [pid 4136701:tid 139671514371840] [client 118.122.118.189:46116] AH01071: Got error 'Primary script unknown\n'
[Wed Jun 16 08:04:55.264785 2021] [proxy_fcgi:error] [pid 4136701:tid 139671422052096] [client 118.122.118.189:50402] AH01071: Got error 'Primary script unknown\n'
[Wed Jun 16 08:04:55.777852 2021] [proxy_fcgi:error] [pid 4136701:tid 139671363303168] [client 118.122.118.189:54339] AH01071: Got error 'Primary script unknown\n'
[Wed Jun 16 08:04:56.314347 2021] [proxy_fcgi:error] [pid 4136701:tid 139671388481280] [client 118.122.118.189:58977] AH01071: Got error 'Primary script unknown\n'
[Wed Jun 16 08:04:56.854606 2021] [proxy_fcgi:error] [pid 4136701:tid 139671447230208] [client 118.122.118.189:64194] AH01071: Got error 'Primary script unknown\n'
[Wed Jun 16 08:04:57.394328 2021] [proxy_fcgi:error] [pid 4098675:tid 139671371695872] [client 118.122.118.189:6339] AH01071: Got error 'Primary script unknown\n'
[Wed Jun 16 08:04:57.985392 2021] [proxy_fcgi:error] [pid 4136701:tid 139671505979136] [client 118.122.118.189:11457] AH01071: Got error 'Primary script unknown\n'
[Wed Jun 16 08:04:58.509615 2021] [proxy_fcgi:error] [pid 4136701:tid 139671609214720] [client 118.122.118.189:16292] AH01071: Got error 'Primary script unknown\n'
[Wed Jun 16 08:04:59.030477 2021] [proxy_fcgi:error] [pid 4136701:tid 139671489193728] [client 118.122.118.189:20769] AH01071: Got error 'Primary script unknown\n'
[Wed Jun 16 08:04:59.586864 2021] [proxy_fcgi:error] [pid 4136701:tid 139671626000128] [client 118.122.118.189:25891] AH01071: Got error 'Primary script unknown\n'
[Wed Jun 16 08:05:00.176028 2021] [proxy_fcgi:error] [pid 4136701:tid 139671531157248] [client 118.122.118.189:30785] AH01071: Got error 'Primary script unknown\n'
[Wed Jun 16 08:05:00.709490 2021] [proxy_fcgi:error] [pid 4136701:tid 139671413659392] [client 118.122.118.189:35970] AH01071: Got error 'Primary script unknown\n'
[Wed Jun 16 08:05:01.271108 2021] [proxy_fcgi:error] [pid 4136701:tid 139671455622912] [client 118.122.118.189:40739] AH01071: Got error 'Primary script unknown\n'
[Wed Jun 16 08:05:01.813446 2021] [proxy_fcgi:error] [pid 4136701:tid 139671371695872] [client 118.122.118.189:45763] AH01071: Got error 'Primary script unknown\n'
[Wed Jun 16 08:05:02.364700 2021] [proxy_fcgi:error] [pid 4136701:tid 139671464015616] [client 118.122.118.189:50689] AH01071: Got error 'Primary script unknown\n'
[Wed Jun 16 08:05:02.916941 2021] [proxy_fcgi:error] [pid 4136701:tid 139671380088576] [client 118.122.118.189:56226] AH01071: Got error 'Primary script unknown\n'
[Wed Jun 16 08:05:03.459529 2021] [proxy_fcgi:error] [pid 4136701:tid 139671472408320] [client 118.122.118.189:61442] AH01071: Got error 'Primary script unknown\n'
[Wed Jun 16 08:05:03.989429 2021] [proxy_fcgi:error] [pid 4136701:tid 139671522764544] [client 118.122.118.189:2977] AH01071: Got error 'Primary script unknown\n'
[Wed Jun 16 08:05:04.564876 2021] [proxy_fcgi:error] [pid 4136701:tid 139671438837504] [client 118.122.118.189:7459] AH01071: Got error 'Primary script unknown\n'
[Wed Jun 16 08:05:05.097394 2021] [proxy_fcgi:error] [pid 4136701:tid 139671396873984] [client 118.122.118.189:12067] AH01071: Got error 'Primary script unknown\n'
[Wed Jun 16 08:05:05.676569 2021] [proxy_fcgi:error] [pid 4136701:tid 139671497586432] [client 118.122.118.189:17092] AH01071: Got error 'Primary script unknown\n'
[Wed Jun 16 08:05:06.245234 2021] [proxy_fcgi:error] [pid 4136701:tid 139671634392832] [client 118.122.118.189:22625] AH01071: Got error 'Primary script unknown\n'
[Wed Jun 16 08:05:06.863726 2021] [proxy_fcgi:error] [pid 4136701:tid 139671531157248] [client 118.122.118.189:27457] AH01071: Got error 'Primary script unknown\n'
[Wed Jun 16 08:05:07.431281 2021] [proxy_fcgi:error] [pid 4136701:tid 139671430444800] [client 118.122.118.189:33060] AH01071: Got error 'Primary script unknown\n'
[Wed Jun 16 08:05:08.035853 2021] [proxy_fcgi:error] [pid 4136701:tid 139671405266688] [client 118.122.118.189:38242] AH01071: Got error 'Primary script unknown\n'
[Wed Jun 16 08:05:10.313342 2021] [proxy_fcgi:error] [pid 4136701:tid 139671617607424] [client 118.122.118.189:59108] AH01071: Got error 'Primary script unknown\n'
[Wed Jun 16 08:05:10.842776 2021] [proxy_fcgi:error] [pid 4136701:tid 139671514371840] [client 118.122.118.189:63618] AH01071: Got error 'Primary script unknown\n'
[Wed Jun 16 08:05:11.415005 2021] [proxy_fcgi:error] [pid 4136701:tid 139671422052096] [client 118.122.118.189:5761] AH01071: Got error 'Primary script unknown\n'
[Wed Jun 16 08:05:11.964415 2021] [proxy_fcgi:error] [pid 4098675:tid 139671363303168] [client 118.122.118.189:10913] AH01071: Got error 'Primary script unknown\n'
[Wed Jun 16 08:05:12.540085 2021] [proxy_fcgi:error] [pid 4136701:tid 139671363303168] [client 118.122.118.189:16449] AH01071: Got error 'Primary script unknown\n'
[Wed Jun 16 08:05:13.109077 2021] [proxy_fcgi:error] [pid 4136701:tid 139671388481280] [client 118.122.118.189:20675] AH01071: Got error 'Primary script unknown\n'
[Wed Jun 16 08:05:13.657020 2021] [proxy_fcgi:error] [pid 4136701:tid 139671447230208] [client 118.122.118.189:25474] AH01071: Got error 'Primary script unknown\n'
[Wed Jun 16 08:05:14.178717 2021] [proxy_fcgi:error] [pid 4136701:tid 139671438837504] [client 118.122.118.189:30466] AH01071: Got error 'Primary script unknown\n'
[Wed Jun 16 08:05:14.732929 2021] [proxy_fcgi:error] [pid 4136701:tid 139671396873984] [client 118.122.118.189:35265] AH01071: Got error 'Primary script unknown\n'
[Wed Jun 16 08:05:15.275530 2021] [proxy_fcgi:error] [pid 4136701:tid 139671489193728] [client 118.122.118.189:40164] AH01071: Got error 'Primary script unknown\n'
[Wed Jun 16 08:05:16.873675 2021] [proxy_fcgi:error] [pid 4136701:tid 139671626000128] [client 118.122.118.189:45025] AH01071: Got error 'Primary script unknown\n'
[Wed Jun 16 08:05:17.422148 2021] [proxy_fcgi:error] [pid 4136701:tid 139671480801024] [client 118.122.118.189:58820] AH01071: Got error 'Primary script unknown\n'
[Wed Jun 16 08:05:17.990360 2021] [proxy_fcgi:error] [pid 4136701:tid 139671413659392] [client 118.122.118.189:63906] AH01071: Got error 'Primary script unknown\n'
[Wed Jun 16 08:05:18.522922 2021] [proxy_fcgi:error] [pid 4136701:tid 139671455622912] [client 118.122.118.189:6049] AH01071: Got error 'Primary script unknown\n'
[Wed Jun 16 08:05:19.101255 2021] [proxy_fcgi:error] [pid 4136701:tid 139671371695872] [client 118.122.118.189:10401] AH01071: Got error 'Primary script unknown\n'
[Wed Jun 16 08:05:19.665599 2021] [proxy_fcgi:error] [pid 4136701:tid 139671464015616] [client 118.122.118.189:15617] AH01071: Got error 'Primary script unknown\n'
[Wed Jun 16 08:05:20.203507 2021] [proxy_fcgi:error] [pid 4136701:tid 139671380088576] [client 118.122.118.189:20930] AH01071: Got error 'Primary script unknown\n'
[Wed Jun 16 08:05:20.740901 2021] [proxy_fcgi:error] [pid 4136701:tid 139671472408320] [client 118.122.118.189:25889] AH01071: Got error 'Primary script unknown\n'
[Wed Jun 16 08:05:21.253405 2021] [proxy_fcgi:error] [pid 4136701:tid 139671522764544] [client 118.122.118.189:30755] AH01071: Got error 'Primary script unknown\n'
[Wed Jun 16 08:05:21.760539 2021] [proxy_fcgi:error] [pid 4098675:tid 139671489193728] [client 118.122.118.189:34945] AH01071: Got error 'Primary script unknown\n'
[Wed Jun 16 08:05:22.275143 2021] [proxy_fcgi:error] [pid 4136701:tid 139671438837504] [client 118.122.118.189:39331] AH01071: Got error 'Primary script unknown\n'
[Wed Jun 16 08:05:22.932904 2021] [proxy_fcgi:error] [pid 4136701:tid 139671396873984] [client 118.122.118.189:43621] AH01071: Got error 'Primary script unknown\n'
[Wed Jun 16 08:05:23.468161 2021] [proxy_fcgi:error] [pid 4136701:tid 139671497586432] [client 118.122.118.189:48578] AH01071: Got error 'Primary script unknown\n'
[Wed Jun 16 08:05:24.002109 2021] [proxy_fcgi:error] [pid 4136701:tid 139671634392832] [client 118.122.118.189:53698] AH01071: Got error 'Primary script unknown\n'
[Wed Jun 16 08:05:24.511122 2021] [proxy_fcgi:error] [pid 4136701:tid 139671531157248] [client 118.122.118.189:58275] AH01071: Got error 'Primary script unknown\n'
[Wed Jun 16 08:05:25.042385 2021] [proxy_fcgi:error] [pid 4136701:tid 139671430444800] [client 118.122.118.189:62433] AH01071: Got error 'Primary script unknown\n'
[Wed Jun 16 08:05:25.571198 2021] [proxy_fcgi:error] [pid 4136701:tid 139671405266688] [client 118.122.118.189:3714] AH01071: Got error 'Primary script unknown\n'
[Wed Jun 16 08:05:26.081927 2021] [proxy_fcgi:error] [pid 4136701:tid 139671617607424] [client 118.122.118.189:8033] AH01071: Got error 'Primary script unknown\n'
[Wed Jun 16 08:05:26.606604 2021] [proxy_fcgi:error] [pid 4136701:tid 139671514371840] [client 118.122.118.189:12961] AH01071: Got error 'Primary script unknown\n'
[Wed Jun 16 08:05:27.131268 2021] [proxy_fcgi:error] [pid 4136701:tid 139671422052096] [client 118.122.118.189:17377] AH01071: Got error 'Primary script unknown\n'
[Wed Jun 16 08:05:27.667235 2021] [proxy_fcgi:error] [pid 4136701:tid 139671363303168] [client 118.122.118.189:22145] AH01071: Got error 'Primary script unknown\n'
[Wed Jun 16 08:05:28.200431 2021] [proxy_fcgi:error] [pid 4098675:tid 139671438837504] [client 118.122.118.189:26468] AH01071: Got error 'Primary script unknown\n'
[Wed Jun 16 08:05:28.712110 2021] [proxy_fcgi:error] [pid 4136701:tid 139671388481280] [client 118.122.118.189:31265] AH01071: Got error 'Primary script unknown\n'
[Wed Jun 16 08:05:29.272604 2021] [proxy_fcgi:error] [pid 4136701:tid 139671447230208] [client 118.122.118.189:35906] AH01071: Got error 'Primary script unknown\n'
[Wed Jun 16 08:05:29.838835 2021] [proxy_fcgi:error] [pid 4136701:tid 139671505979136] [client 118.122.118.189:40961] AH01071: Got error 'Primary script unknown\n'
[Wed Jun 16 08:05:30.384922 2021] [proxy_fcgi:error] [pid 4098675:tid 139671464015616] [client 118.122.118.189:46146] AH01071: Got error 'Primary script unknown\n'
[Wed Jun 16 08:05:30.957667 2021] [proxy_fcgi:error] [pid 4136701:tid 139671609214720] [client 118.122.118.189:50403] AH01071: Got error 'Primary script unknown\n'
[Wed Jun 16 08:05:31.484685 2021] [proxy_fcgi:error] [pid 4136701:tid 139671489193728] [client 118.122.118.189:55588] AH01071: Got error 'Primary script unknown\n'
[Wed Jun 16 08:05:32.058357 2021] [proxy_fcgi:error] [pid 4136701:tid 139671626000128] [client 118.122.118.189:59939] AH01071: Got error 'Primary script unknown\n'
[Wed Jun 16 08:05:32.581542 2021] [proxy_fcgi:error] [pid 4136701:tid 139671480801024] [client 118.122.118.189:2498] AH01071: Got error 'Primary script unknown\n'
[Wed Jun 16 08:05:33.124050 2021] [proxy_fcgi:error] [pid 4136701:tid 139671413659392] [client 118.122.118.189:7428] AH01071: Got error 'Primary script unknown\n'
[Wed Jun 16 08:05:33.659057 2021] [proxy_fcgi:error] [pid 4136701:tid 139671455622912] [client 118.122.118.189:12579] AH01071: Got error 'Primary script unknown\n'
[Wed Jun 16 08:05:34.174539 2021] [proxy_fcgi:error] [pid 4136701:tid 139671371695872] [client 118.122.118.189:16737] AH01071: Got error 'Primary script unknown\n'
[Wed Jun 16 08:05:34.712349 2021] [proxy_fcgi:error] [pid 4136701:tid 139671464015616] [client 118.122.118.189:21345] AH01071: Got error 'Primary script unknown\n'
[Wed Jun 16 08:05:35.224895 2021] [proxy_fcgi:error] [pid 4098675:tid 139671472408320] [client 118.122.118.189:26083] AH01071: Got error 'Primary script unknown\n'
[Wed Jun 16 08:05:35.787936 2021] [proxy_fcgi:error] [pid 4136701:tid 139671380088576] [client 118.122.118.189:31203] AH01071: Got error 'Primary script unknown\n'
[Wed Jun 16 08:05:36.325146 2021] [proxy_fcgi:error] [pid 4136701:tid 139671472408320] [client 118.122.118.189:36065] AH01071: Got error 'Primary script unknown\n'
[Wed Jun 16 08:05:36.860294 2021] [proxy_fcgi:error] [pid 4098675:tid 139671497586432] [client 118.122.118.189:40225] AH01071: Got error 'Primary script unknown\n'
[Wed Jun 16 08:05:37.469141 2021] [proxy_fcgi:error] [pid 4136701:tid 139671522764544] [client 118.122.118.189:44899] AH01071: Got error 'Primary script unknown\n'
[Wed Jun 16 08:05:38.020037 2021] [proxy_fcgi:error] [pid 4136701:tid 139671438837504] [client 118.122.118.189:49925] AH01071: Got error 'Primary script unknown\n'
[Wed Jun 16 08:05:38.635544 2021] [proxy_fcgi:error] [pid 4136701:tid 139671396873984] [client 118.122.118.189:55011] AH01071: Got error 'Primary script unknown\n'
[Wed Jun 16 08:05:39.173363 2021] [proxy_fcgi:error] [pid 4136701:tid 139671497586432] [client 118.122.118.189:60324] AH01071: Got error 'Primary script unknown\n'
[Wed Jun 16 08:05:39.746802 2021] [proxy_fcgi:error] [pid 4136701:tid 139671634392832] [client 118.122.118.189:2145] AH01071: Got error 'Primary script unknown\n'
[Wed Jun 16 08:05:40.309657 2021] [proxy_fcgi:error] [pid 4136701:tid 139671531157248] [client 118.122.118.189:7106] AH01071: Got error 'Primary script unknown\n'
[Wed Jun 16 08:05:40.882199 2021] [proxy_fcgi:error] [pid 4136701:tid 139671430444800] [client 118.122.118.189:11969] AH01071: Got error 'Primary script unknown\n'
[Wed Jun 16 08:05:41.435436 2021] [proxy_fcgi:error] [pid 4098675:tid 139671396873984] [client 118.122.118.189:17283] AH01071: Got error 'Primary script unknown\n'
[Wed Jun 16 08:05:45.267339 2021] [proxy_fcgi:error] [pid 4136701:tid 139671405266688] [client 118.122.118.189:51457] AH01071: Got error 'Primary script unknown\n'
[Wed Jun 16 08:05:45.789533 2021] [proxy_fcgi:error] [pid 4136701:tid 139671617607424] [client 118.122.118.189:56163] AH01071: Got error 'Primary script unknown\n'
[Wed Jun 16 08:05:46.410888 2021] [proxy_fcgi:error] [pid 4136701:tid 139671514371840] [client 118.122.118.189:61025] AH01071: Got error 'Primary script unknown\n'
[Wed Jun 16 08:05:46.936456 2021] [proxy_fcgi:error] [pid 4136701:tid 139671422052096] [client 118.122.118.189:2945] AH01071: Got error 'Primary script unknown\n'
[Wed Jun 16 08:05:47.464117 2021] [proxy_fcgi:error] [pid 4136701:tid 139671363303168] [client 118.122.118.189:8098] AH01071: Got error 'Primary script unknown\n'
[Wed Jun 16 08:05:47.996589 2021] [proxy_fcgi:error] [pid 4136701:tid 139671388481280] [client 118.122.118.189:12993] AH01071: Got error 'Primary script unknown\n'
[Wed Jun 16 08:05:48.542199 2021] [proxy_fcgi:error] [pid 4136701:tid 139671447230208] [client 118.122.118.189:17985] AH01071: Got error 'Primary script unknown\n'
[Wed Jun 16 08:05:50.495587 2021] [proxy_fcgi:error] [pid 4136701:tid 139671505979136] [client 118.122.118.189:35042] AH01071: Got error 'Primary script unknown\n'
[Wed Jun 16 08:05:51.035555 2021] [proxy_fcgi:error] [pid 4136701:tid 139671609214720] [client 118.122.118.189:40225] AH01071: Got error 'Primary script unknown\n'
[Wed Jun 16 08:05:51.564623 2021] [proxy_fcgi:error] [pid 4136701:tid 139671489193728] [client 118.122.118.189:45315] AH01071: Got error 'Primary script unknown\n'
[Wed Jun 16 08:05:52.112469 2021] [proxy_fcgi:error] [pid 4136701:tid 139671626000128] [client 118.122.118.189:49955] AH01071: Got error 'Primary script unknown\n'
[Wed Jun 16 08:05:52.637300 2021] [proxy_fcgi:error] [pid 4098675:tid 139671531157248] [client 118.122.118.189:54722] AH01071: Got error 'Primary script unknown\n'
[Wed Jun 16 08:05:53.145251 2021] [proxy_fcgi:error] [pid 4136701:tid 139671480801024] [client 118.122.118.189:59237] AH01071: Got error 'Primary script unknown\n'
[Wed Jun 16 08:05:53.681239 2021] [proxy_fcgi:error] [pid 4136701:tid 139671413659392] [client 118.122.118.189:63715] AH01071: Got error 'Primary script unknown\n'
[Wed Jun 16 08:05:54.210918 2021] [proxy_fcgi:error] [pid 4136701:tid 139671455622912] [client 118.122.118.189:5891] AH01071: Got error 'Primary script unknown\n'
[Wed Jun 16 08:05:58.770041 2021] [proxy_fcgi:error] [pid 4098675:tid 139671447230208] [client 118.122.118.189:46145] AH01071: Got error 'Primary script unknown\n'
[Wed Jun 16 08:05:59.350028 2021] [proxy_fcgi:error] [pid 4136701:tid 139671371695872] [client 118.122.118.189:51140] AH01071: Got error 'Primary script unknown\n'
[Wed Jun 16 08:05:59.897768 2021] [proxy_fcgi:error] [pid 4136701:tid 139671464015616] [client 118.122.118.189:56610] AH01071: Got error 'Primary script unknown\n'
[Wed Jun 16 08:06:00.441221 2021] [proxy_fcgi:error] [pid 4098675:tid 139671405266688] [client 118.122.118.189:61859] AH01071: Got error 'Primary script unknown\n'
[Wed Jun 16 08:06:01.018267 2021] [proxy_fcgi:error] [pid 4136701:tid 139671380088576] [client 118.122.118.189:3521] AH01071: Got error 'Primary script unknown\n'
[Wed Jun 16 08:06:01.584161 2021] [proxy_fcgi:error] [pid 4136701:tid 139671472408320] [client 118.122.118.189:8673] AH01071: Got error 'Primary script unknown\n'
[Wed Jun 16 08:06:02.130421 2021] [proxy_fcgi:error] [pid 4136701:tid 139671522764544] [client 118.122.118.189:13409] AH01071: Got error 'Primary script unknown\n'
[Wed Jun 16 08:06:02.704906 2021] [proxy_fcgi:error] [pid 4136701:tid 139671438837504] [client 118.122.118.189:18593] AH01071: Got error 'Primary script unknown\n'
[Wed Jun 16 08:06:03.209933 2021] [proxy_fcgi:error] [pid 4136701:tid 139671396873984] [client 118.122.118.189:23713] AH01071: Got error 'Primary script unknown\n'
[Wed Jun 16 08:06:03.745858 2021] [proxy_fcgi:error] [pid 4136701:tid 139671497586432] [client 118.122.118.189:28354] AH01071: Got error 'Primary script unknown\n'
[Wed Jun 16 08:06:04.334776 2021] [proxy_fcgi:error] [pid 4136701:tid 139671634392832] [client 118.122.118.189:33251] AH01071: Got error 'Primary script unknown\n'
[Wed Jun 16 08:06:04.886270 2021] [proxy_fcgi:error] [pid 4136701:tid 139671626000128] [client 118.122.118.189:38017] AH01071: Got error 'Primary script unknown\n'
[Wed Jun 16 08:06:05.490087 2021] [proxy_fcgi:error] [pid 4136701:tid 139671430444800] [client 118.122.118.189:43587] AH01071: Got error 'Primary script unknown\n'
[Wed Jun 16 08:06:06.073872 2021] [proxy_fcgi:error] [pid 4136701:tid 139671405266688] [client 118.122.118.189:49218] AH01071: Got error 'Primary script unknown\n'
[Wed Jun 16 08:06:06.693948 2021] [proxy_fcgi:error] [pid 4136701:tid 139671617607424] [client 118.122.118.189:54498] AH01071: Got error 'Primary script unknown\n'
[Wed Jun 16 08:06:07.264484 2021] [proxy_fcgi:error] [pid 4136701:tid 139671514371840] [client 118.122.118.189:59203] AH01071: Got error 'Primary script unknown\n'
[Wed Jun 16 08:06:07.866761 2021] [proxy_fcgi:error] [pid 4136701:tid 139671422052096] [client 118.122.118.189:64001] AH01071: Got error 'Primary script unknown\n'
[Wed Jun 16 08:06:08.372519 2021] [proxy_fcgi:error] [pid 4136701:tid 139671363303168] [client 118.122.118.189:6082] AH01071: Got error 'Primary script unknown\n'
[Wed Jun 16 08:06:08.955635 2021] [proxy_fcgi:error] [pid 4136701:tid 139671388481280] [client 118.122.118.189:11554] AH01071: Got error 'Primary script unknown\n'
[Wed Jun 16 08:06:11.134895 2021] [proxy_fcgi:error] [pid 4136701:tid 139671447230208] [client 118.122.118.189:30529] AH01071: Got error 'Primary script unknown\n'
[Wed Jun 16 08:06:11.704372 2021] [proxy_fcgi:error] [pid 4136701:tid 139671505979136] [client 118.122.118.189:35106] AH01071: Got error 'Primary script unknown\n'
[Wed Jun 16 08:06:12.260329 2021] [proxy_fcgi:error] [pid 4136701:tid 139671609214720] [client 118.122.118.189:40833] AH01071: Got error 'Primary script unknown\n'
[Wed Jun 16 08:06:12.819650 2021] [proxy_fcgi:error] [pid 4136701:tid 139671489193728] [client 118.122.118.189:45985] AH01071: Got error 'Primary script unknown\n'
[Wed Jun 16 08:06:13.389893 2021] [proxy_fcgi:error] [pid 4136701:tid 139671626000128] [client 118.122.118.189:51138] AH01071: Got error 'Primary script unknown\n'
[Wed Jun 16 08:06:13.946759 2021] [proxy_fcgi:error] [pid 4136701:tid 139671480801024] [client 118.122.118.189:56449] AH01071: Got error 'Primary script unknown\n'
[Wed Jun 16 08:06:14.520968 2021] [proxy_fcgi:error] [pid 4136701:tid 139671413659392] [client 118.122.118.189:61825] AH01071: Got error 'Primary script unknown\n'
[Wed Jun 16 08:06:15.130957 2021] [proxy_fcgi:error] [pid 4136701:tid 139671455622912] [client 118.122.118.189:4098] AH01071: Got error 'Primary script unknown\n'
[Wed Jun 16 08:06:15.751928 2021] [proxy_fcgi:error] [pid 4136701:tid 139671371695872] [client 118.122.118.189:10081] AH01071: Got error 'Primary script unknown\n'
[Wed Jun 16 08:06:16.353328 2021] [proxy_fcgi:error] [pid 4098675:tid 139671617607424] [client 118.122.118.189:15489] AH01071: Got error 'Primary script unknown\n'
[Wed Jun 16 08:06:16.930977 2021] [proxy_fcgi:error] [pid 4136701:tid 139671464015616] [client 118.122.118.189:20676] AH01071: Got error 'Primary script unknown\n'
[Wed Jun 16 08:06:17.518201 2021] [proxy_fcgi:error] [pid 4136701:tid 139671380088576] [client 118.122.118.189:26147] AH01071: Got error 'Primary script unknown\n'
[Wed Jun 16 08:06:18.142221 2021] [proxy_fcgi:error] [pid 4136701:tid 139671472408320] [client 118.122.118.189:31459] AH01071: Got error 'Primary script unknown\n'
[Wed Jun 16 08:06:20.437567 2021] [proxy_fcgi:error] [pid 4098675:tid 139671430444800] [client 118.122.118.189:52737] AH01071: Got error 'Primary script unknown\n'
[Wed Jun 16 08:06:21.000177 2021] [proxy_fcgi:error] [pid 4136701:tid 139671522764544] [client 118.122.118.189:58530] AH01071: Got error 'Primary script unknown\n'
[Wed Jun 16 08:06:21.546562 2021] [proxy_fcgi:error] [pid 4136701:tid 139671438837504] [client 118.122.118.189:63649] AH01071: Got error 'Primary script unknown\n'
[Wed Jun 16 08:06:22.101586 2021] [proxy_fcgi:error] [pid 4136701:tid 139671396873984] [client 118.122.118.189:5538] AH01071: Got error 'Primary script unknown\n'
[Wed Jun 16 08:06:22.612600 2021] [proxy_fcgi:error] [pid 4136701:tid 139671497586432] [client 118.122.118.189:10241] AH01071: Got error 'Primary script unknown\n'
[Wed Jun 16 08:06:23.138663 2021] [proxy_fcgi:error] [pid 4136701:tid 139671634392832] [client 118.122.118.189:14657] AH01071: Got error 'Primary script unknown\n'
[Wed Jun 16 08:06:23.707419 2021] [proxy_fcgi:error] [pid 4136701:tid 139671531157248] [client 118.122.118.189:19809] AH01071: Got error 'Primary script unknown\n'
[Wed Jun 16 08:06:24.262760 2021] [proxy_fcgi:error] [pid 4098675:tid 139671480801024] [client 118.122.118.189:25473] AH01071: Got error 'Primary script unknown\n'
[Wed Jun 16 08:06:24.798109 2021] [proxy_fcgi:error] [pid 4136701:tid 139671430444800] [client 118.122.118.189:30467] AH01071: Got error 'Primary script unknown\n'
[Wed Jun 16 08:06:25.367399 2021] [proxy_fcgi:error] [pid 4136701:tid 139671405266688] [client 118.122.118.189:36035] AH01071: Got error 'Primary script unknown\n'
[Wed Jun 16 08:06:25.924890 2021] [proxy_fcgi:error] [pid 4136701:tid 139671617607424] [client 118.122.118.189:41089] AH01071: Got error 'Primary script unknown\n'
[Wed Jun 16 08:06:26.476799 2021] [proxy_fcgi:error] [pid 4136701:tid 139671514371840] [client 118.122.118.189:46337] AH01071: Got error 'Primary script unknown\n'
[Wed Jun 16 08:06:27.049205 2021] [proxy_fcgi:error] [pid 4136701:tid 139671422052096] [client 118.122.118.189:51746] AH01071: Got error 'Primary script unknown\n'
[Wed Jun 16 08:06:27.575671 2021] [proxy_fcgi:error] [pid 4136701:tid 139671363303168] [client 118.122.118.189:57346] AH01071: Got error 'Primary script unknown\n'
[Wed Jun 16 08:06:28.129061 2021] [proxy_fcgi:error] [pid 4136701:tid 139671388481280] [client 118.122.118.189:61857] AH01071: Got error 'Primary script unknown\n'
[Wed Jun 16 08:06:28.669378 2021] [proxy_fcgi:error] [pid 4136701:tid 139671522764544] [client 118.122.118.189:3682] AH01071: Got error 'Primary script unknown\n'
[Wed Jun 16 08:06:29.203962 2021] [proxy_fcgi:error] [pid 4136701:tid 139671505979136] [client 118.122.118.189:8769] AH01071: Got error 'Primary script unknown\n'
[Wed Jun 16 08:06:29.721508 2021] [proxy_fcgi:error] [pid 4098675:tid 139671522764544] [client 118.122.118.189:13922] AH01071: Got error 'Primary script unknown\n'
[Wed Jun 16 08:06:30.261155 2021] [proxy_fcgi:error] [pid 4136701:tid 139671609214720] [client 118.122.118.189:19235] AH01071: Got error 'Primary script unknown\n'
[Wed Jun 16 08:06:30.831155 2021] [proxy_fcgi:error] [pid 4136701:tid 139671489193728] [client 118.122.118.189:24452] AH01071: Got error 'Primary script unknown\n'
[Wed Jun 16 08:06:31.392622 2021] [proxy_fcgi:error] [pid 4136701:tid 139671626000128] [client 118.122.118.189:29249] AH01071: Got error 'Primary script unknown\n'
[Wed Jun 16 08:06:31.959196 2021] [proxy_fcgi:error] [pid 4136701:tid 139671480801024] [client 118.122.118.189:34307] AH01071: Got error 'Primary script unknown\n'
[Wed Jun 16 08:06:32.547800 2021] [proxy_fcgi:error] [pid 4136701:tid 139671413659392] [client 118.122.118.189:39745] AH01071: Got error 'Primary script unknown\n'
[Wed Jun 16 08:06:33.094421 2021] [proxy_fcgi:error] [pid 4136701:tid 139671455622912] [client 118.122.118.189:45155] AH01071: Got error 'Primary script unknown\n'
[Wed Jun 16 08:06:33.624711 2021] [proxy_fcgi:error] [pid 4136701:tid 139671371695872] [client 118.122.118.189:50947] AH01071: Got error 'Primary script unknown\n'
[Wed Jun 16 08:06:34.145396 2021] [proxy_fcgi:error] [pid 4136701:tid 139671464015616] [client 118.122.118.189:55585] AH01071: Got error 'Primary script unknown\n'
[Wed Jun 16 08:06:34.697828 2021] [proxy_fcgi:error] [pid 4136701:tid 139671380088576] [client 118.122.118.189:60321] AH01071: Got error 'Primary script unknown\n'
[Wed Jun 16 08:06:35.213243 2021] [proxy_fcgi:error] [pid 4136701:tid 139671472408320] [client 118.122.118.189:2178] AH01071: Got error 'Primary script unknown\n'
[Wed Jun 16 08:06:35.766128 2021] [proxy_fcgi:error] [pid 4136701:tid 139671522764544] [client 118.122.118.189:7426] AH01071: Got error 'Primary script unknown\n'
[Wed Jun 16 08:06:36.441435 2021] [proxy_fcgi:error] [pid 4136701:tid 139671438837504] [client 118.122.118.189:13315] AH01071: Got error 'Primary script unknown\n'
[Wed Jun 16 08:06:36.953932 2021] [proxy_fcgi:error] [pid 4136701:tid 139671396873984] [client 118.122.118.189:17633] AH01071: Got error 'Primary script unknown\n'
[Wed Jun 16 08:06:37.526434 2021] [proxy_fcgi:error] [pid 4136701:tid 139671497586432] [client 118.122.118.189:21441] AH01071: Got error 'Primary script unknown\n'
[Wed Jun 16 08:06:38.062810 2021] [proxy_fcgi:error] [pid 4136701:tid 139671634392832] [client 118.122.118.189:26338] AH01071: Got error 'Primary script unknown\n'
[Wed Jun 16 08:06:38.604983 2021] [proxy_fcgi:error] [pid 4136701:tid 139671531157248] [client 118.122.118.189:31457] AH01071: Got error 'Primary script unknown\n'
[Wed Jun 16 08:06:39.697406 2021] [proxy_fcgi:error] [pid 4136701:tid 139671405266688] [client 118.122.118.189:42178] AH01071: Got error 'Primary script unknown\n'
[Wed Jun 16 08:06:41.839214 2021] [proxy_fcgi:error] [pid 4136701:tid 139671422052096] [client 118.122.118.189:62020] AH01071: Got error 'Primary script unknown\n'
[Wed Jun 16 08:06:42.371293 2021] [proxy_fcgi:error] [pid 4136701:tid 139671363303168] [client 118.122.118.189:4097] AH01071: Got error 'Primary script unknown\n'
[Wed Jun 16 08:06:42.916245 2021] [proxy_fcgi:error] [pid 4136701:tid 139671388481280] [client 118.122.118.189:8738] AH01071: Got error 'Primary script unknown\n'
[Wed Jun 16 08:06:43.457721 2021] [proxy_fcgi:error] [pid 4136701:tid 139671447230208] [client 118.122.118.189:13539] AH01071: Got error 'Primary script unknown\n'
[Wed Jun 16 08:06:43.983080 2021] [proxy_fcgi:error] [pid 4136701:tid 139671505979136] [client 118.122.118.189:18051] AH01071: Got error 'Primary script unknown\n'
[Wed Jun 16 08:06:44.516190 2021] [proxy_fcgi:error] [pid 4136701:tid 139671609214720] [client 118.122.118.189:23044] AH01071: Got error 'Primary script unknown\n'
[Wed Jun 16 08:06:45.079554 2021] [proxy_fcgi:error] [pid 4136701:tid 139671489193728] [client 118.122.118.189:27713] AH01071: Got error 'Primary script unknown\n'
[Wed Jun 16 08:06:45.622111 2021] [proxy_fcgi:error] [pid 4136701:tid 139671634392832] [client 118.122.118.189:33283] AH01071: Got error 'Primary script unknown\n'
[Wed Jun 16 08:06:46.180272 2021] [proxy_fcgi:error] [pid 4136701:tid 139671480801024] [client 118.122.118.189:38209] AH01071: Got error 'Primary script unknown\n'
[Wed Jun 16 08:06:46.771693 2021] [proxy_fcgi:error] [pid 4098675:tid 139671626000128] [client 118.122.118.189:43105] AH01071: Got error 'Primary script unknown\n'
[Wed Jun 16 08:06:47.339224 2021] [proxy_fcgi:error] [pid 4136701:tid 139671413659392] [client 118.122.118.189:47714] AH01071: Got error 'Primary script unknown\n'
[Wed Jun 16 08:06:47.893297 2021] [proxy_fcgi:error] [pid 4136701:tid 139671455622912] [client 118.122.118.189:52642] AH01071: Got error 'Primary script unknown\n'
[Wed Jun 16 08:06:49.456050 2021] [proxy_fcgi:error] [pid 4136701:tid 139671371695872] [client 118.122.118.189:57825] AH01071: Got error 'Primary script unknown\n'
[Wed Jun 16 08:06:50.045635 2021] [proxy_fcgi:error] [pid 4136701:tid 139671464015616] [client 118.122.118.189:7362] AH01071: Got error 'Primary script unknown\n'
[Wed Jun 16 08:06:50.582128 2021] [proxy_fcgi:error] [pid 4136701:tid 139671380088576] [client 118.122.118.189:13188] AH01071: Got error 'Primary script unknown\n'
[Wed Jun 16 08:06:51.119026 2021] [proxy_fcgi:error] [pid 4136701:tid 139671472408320] [client 118.122.118.189:18177] AH01071: Got error 'Primary script unknown\n'
[Wed Jun 16 08:06:51.627524 2021] [proxy_fcgi:error] [pid 4136701:tid 139671522764544] [client 118.122.118.189:23619] AH01071: Got error 'Primary script unknown\n'
[Wed Jun 16 08:06:53.227416 2021] [proxy_fcgi:error] [pid 4136701:tid 139671438837504] [client 118.122.118.189:27874] AH01071: Got error 'Primary script unknown\n'
[Wed Jun 16 08:06:53.843724 2021] [proxy_fcgi:error] [pid 4098675:tid 139671514371840] [client 118.122.118.189:42402] AH01071: Got error 'Primary script unknown\n'
[Wed Jun 16 08:06:54.438510 2021] [proxy_fcgi:error] [pid 4136701:tid 139671396873984] [client 118.122.118.189:47426] AH01071: Got error 'Primary script unknown\n'
[Wed Jun 16 08:06:55.107339 2021] [proxy_fcgi:error] [pid 4136701:tid 139671609214720] [client 118.122.118.189:52417] AH01071: Got error 'Primary script unknown\n'
[Wed Jun 16 08:06:56.716628 2021] [proxy_fcgi:error] [pid 4136701:tid 139671634392832] [client 118.122.118.189:57826] AH01071: Got error 'Primary script unknown\n'
[Wed Jun 16 08:06:57.285553 2021] [proxy_fcgi:error] [pid 4098675:tid 139671380088576] [client 118.122.118.189:10211] AH01071: Got error 'Primary script unknown\n'
[Wed Jun 16 08:06:57.811896 2021] [proxy_fcgi:error] [pid 4136701:tid 139671531157248] [client 118.122.118.189:14914] AH01071: Got error 'Primary script unknown\n'
[Wed Jun 16 08:06:58.348547 2021] [proxy_fcgi:error] [pid 4136701:tid 139671430444800] [client 118.122.118.189:19811] AH01071: Got error 'Primary script unknown\n'
[Wed Jun 16 08:06:58.881426 2021] [proxy_fcgi:error] [pid 4136701:tid 139671405266688] [client 118.122.118.189:24417] AH01071: Got error 'Primary script unknown\n'
[Wed Jun 16 08:06:59.432435 2021] [proxy_fcgi:error] [pid 4098675:tid 139671413659392] [client 118.122.118.189:29508] AH01071: Got error 'Primary script unknown\n'
[Wed Jun 16 08:06:59.938046 2021] [proxy_fcgi:error] [pid 4136701:tid 139671617607424] [client 118.122.118.189:34595] AH01071: Got error 'Primary script unknown\n'
[Wed Jun 16 08:07:00.467892 2021] [proxy_fcgi:error] [pid 4136701:tid 139671514371840] [client 118.122.118.189:39875] AH01071: Got error 'Primary script unknown\n'
[Wed Jun 16 08:07:01.019415 2021] [proxy_fcgi:error] [pid 4136701:tid 139671422052096] [client 118.122.118.189:44325] AH01071: Got error 'Primary script unknown\n'
[Wed Jun 16 08:07:01.571542 2021] [proxy_fcgi:error] [pid 4136701:tid 139671363303168] [client 118.122.118.189:49186] AH01071: Got error 'Primary script unknown\n'
[Wed Jun 16 08:07:02.124837 2021] [proxy_fcgi:error] [pid 4136701:tid 139671388481280] [client 118.122.118.189:54148] AH01071: Got error 'Primary script unknown\n'
[Wed Jun 16 08:07:03.740603 2021] [proxy_fcgi:error] [pid 4136701:tid 139671447230208] [client 118.122.118.189:59619] AH01071: Got error 'Primary script unknown\n'
[Wed Jun 16 08:07:04.338072 2021] [proxy_fcgi:error] [pid 4098675:tid 139671634392832] [client 118.122.118.189:12129] AH01071: Got error 'Primary script unknown\n'
[Wed Jun 16 08:07:04.899328 2021] [proxy_fcgi:error] [pid 4136701:tid 139671505979136] [client 118.122.118.189:17250] AH01071: Got error 'Primary script unknown\n'
[Wed Jun 16 08:07:05.417465 2021] [proxy_fcgi:error] [pid 4136701:tid 139671609214720] [client 118.122.118.189:22083] AH01071: Got error 'Primary script unknown\n'
[Wed Jun 16 08:07:05.978543 2021] [proxy_fcgi:error] [pid 4136701:tid 139671489193728] [client 118.122.118.189:27235] AH01071: Got error 'Primary script unknown\n'
[Wed Jun 16 08:07:06.516793 2021] [proxy_fcgi:error] [pid 4136701:tid 139671626000128] [client 118.122.118.189:32769] AH01071: Got error 'Primary script unknown\n'
[Wed Jun 16 08:07:07.054785 2021] [proxy_fcgi:error] [pid 4136701:tid 139671480801024] [client 118.122.118.189:36962] AH01071: Got error 'Primary script unknown\n'
[Wed Jun 16 08:07:07.581053 2021] [proxy_fcgi:error] [pid 4136701:tid 139671413659392] [client 118.122.118.189:41666] AH01071: Got error 'Primary script unknown\n'
[Wed Jun 16 08:07:08.118254 2021] [proxy_fcgi:error] [pid 4136701:tid 139671455622912] [client 118.122.118.189:46305] AH01071: Got error 'Primary script unknown\n'
[Wed Jun 16 08:07:08.663951 2021] [proxy_fcgi:error] [pid 4136701:tid 139671371695872] [client 118.122.118.189:51361] AH01071: Got error 'Primary script unknown\n'
[Wed Jun 16 08:07:09.241671 2021] [proxy_fcgi:error] [pid 4136701:tid 139671464015616] [client 118.122.118.189:56547] AH01071: Got error 'Primary script unknown\n'
[Wed Jun 16 08:07:09.797399 2021] [proxy_fcgi:error] [pid 4136701:tid 139671380088576] [client 118.122.118.189:61377] AH01071: Got error 'Primary script unknown\n'
[Wed Jun 16 08:07:10.353775 2021] [proxy_fcgi:error] [pid 4136701:tid 139671472408320] [client 118.122.118.189:3298] AH01071: Got error 'Primary script unknown\n'
[Wed Jun 16 08:07:10.903866 2021] [proxy_fcgi:error] [pid 4098675:tid 139671455622912] [client 118.122.118.189:8101] AH01071: Got error 'Primary script unknown\n'
[Wed Jun 16 08:07:11.484079 2021] [proxy_fcgi:error] [pid 4136701:tid 139671522764544] [client 118.122.118.189:13345] AH01071: Got error 'Primary script unknown\n'
[Wed Jun 16 08:07:12.028525 2021] [proxy_fcgi:error] [pid 4136701:tid 139671438837504] [client 118.122.118.189:18498] AH01071: Got error 'Primary script unknown\n'
[Wed Jun 16 08:07:12.611143 2021] [proxy_fcgi:error] [pid 4136701:tid 139671396873984] [client 118.122.118.189:23585] AH01071: Got error 'Primary script unknown\n'
[Wed Jun 16 08:07:13.180994 2021] [proxy_fcgi:error] [pid 4136701:tid 139671497586432] [client 118.122.118.189:28514] AH01071: Got error 'Primary script unknown\n'
[Wed Jun 16 08:07:13.720823 2021] [proxy_fcgi:error] [pid 4136701:tid 139671634392832] [client 118.122.118.189:33249] AH01071: Got error 'Primary script unknown\n'
[Wed Jun 16 08:07:14.267600 2021] [proxy_fcgi:error] [pid 4136701:tid 139671531157248] [client 118.122.118.189:38113] AH01071: Got error 'Primary script unknown\n'
[Wed Jun 16 08:07:14.790413 2021] [proxy_fcgi:error] [pid 4136701:tid 139671430444800] [client 118.122.118.189:42881] AH01071: Got error 'Primary script unknown\n'
[Wed Jun 16 08:07:15.343113 2021] [proxy_fcgi:error] [pid 4136701:tid 139671405266688] [client 118.122.118.189:47777] AH01071: Got error 'Primary script unknown\n'
[Wed Jun 16 08:07:15.914176 2021] [proxy_fcgi:error] [pid 4098675:tid 139671422052096] [client 118.122.118.189:52675] AH01071: Got error 'Primary script unknown\n'
[Wed Jun 16 08:07:16.451414 2021] [proxy_fcgi:error] [pid 4136701:tid 139671617607424] [client 118.122.118.189:58146] AH01071: Got error 'Primary script unknown\n'
[Wed Jun 16 08:07:16.989618 2021] [proxy_fcgi:error] [pid 4136701:tid 139671514371840] [client 118.122.118.189:62497] AH01071: Got error 'Primary script unknown\n'
[Wed Jun 16 08:07:17.572955 2021] [proxy_fcgi:error] [pid 4136701:tid 139671422052096] [client 118.122.118.189:4899] AH01071: Got error 'Primary script unknown\n'
[Wed Jun 16 08:07:18.116454 2021] [proxy_fcgi:error] [pid 4136701:tid 139671363303168] [client 118.122.118.189:9858] AH01071: Got error 'Primary script unknown\n'
[Wed Jun 16 08:07:18.639464 2021] [proxy_fcgi:error] [pid 4136701:tid 139671388481280] [client 118.122.118.189:15073] AH01071: Got error 'Primary script unknown\n'
[Wed Jun 16 08:07:19.182064 2021] [proxy_fcgi:error] [pid 4136701:tid 139671447230208] [client 118.122.118.189:19875] AH01071: Got error 'Primary script unknown\n'
[Wed Jun 16 08:07:19.757363 2021] [proxy_fcgi:error] [pid 4136701:tid 139671505979136] [client 118.122.118.189:24801] AH01071: Got error 'Primary script unknown\n'
[Wed Jun 16 08:07:20.297408 2021] [proxy_fcgi:error] [pid 4136701:tid 139671609214720] [client 118.122.118.189:29762] AH01071: Got error 'Primary script unknown\n'
[Wed Jun 16 08:07:20.824527 2021] [proxy_fcgi:error] [pid 4136701:tid 139671489193728] [client 118.122.118.189:34690] AH01071: Got error 'Primary script unknown\n'
[Wed Jun 16 08:07:21.367303 2021] [proxy_fcgi:error] [pid 4136701:tid 139671626000128] [client 118.122.118.189:39971] AH01071: Got error 'Primary script unknown\n'
[Wed Jun 16 08:07:21.930347 2021] [proxy_fcgi:error] [pid 4136701:tid 139671480801024] [client 118.122.118.189:44610] AH01071: Got error 'Primary script unknown\n'
[Wed Jun 16 08:07:22.473888 2021] [proxy_fcgi:error] [pid 4136701:tid 139671413659392] [client 118.122.118.189:50017] AH01071: Got error 'Primary script unknown\n'
[Wed Jun 16 08:07:24.468964 2021] [proxy_fcgi:error] [pid 4098675:tid 139671609214720] [client 118.122.118.189:4610] AH01071: Got error 'Primary script unknown\n'
[Wed Jun 16 08:07:29.022404 2021] [proxy_fcgi:error] [pid 4136701:tid 139671455622912] [client 118.122.118.189:45828] AH01071: Got error 'Primary script unknown\n'
[Wed Jun 16 08:07:29.562310 2021] [proxy_fcgi:error] [pid 4136701:tid 139671371695872] [client 118.122.118.189:51618] AH01071: Got error 'Primary script unknown\n'
[Wed Jun 16 08:07:30.103425 2021] [proxy_fcgi:error] [pid 4136701:tid 139671464015616] [client 118.122.118.189:56835] AH01071: Got error 'Primary script unknown\n'
[Wed Jun 16 08:07:30.647110 2021] [proxy_fcgi:error] [pid 4136701:tid 139671422052096] [client 118.122.118.189:62113] AH01071: Got error 'Primary script unknown\n'
[Wed Jun 16 08:07:31.215791 2021] [proxy_fcgi:error] [pid 4098675:tid 139671505979136] [client 118.122.118.189:4321] AH01071: Got error 'Primary script unknown\n'
[Wed Jun 16 08:07:31.789205 2021] [proxy_fcgi:error] [pid 4136701:tid 139671472408320] [client 118.122.118.189:9441] AH01071: Got error 'Primary script unknown\n'
[Wed Jun 16 08:07:32.348572 2021] [proxy_fcgi:error] [pid 4098675:tid 139671371695872] [client 118.122.118.189:14820] AH01071: Got error 'Primary script unknown\n'
[Wed Jun 16 08:07:32.893709 2021] [proxy_fcgi:error] [pid 4136701:tid 139671522764544] [client 118.122.118.189:20322] AH01071: Got error 'Primary script unknown\n'
[Wed Jun 16 08:07:33.952866 2021] [proxy_fcgi:error] [pid 4098675:tid 139671363303168] [client 118.122.118.189:30306] AH01071: Got error 'Primary script unknown\n'
[Wed Jun 16 08:07:34.490402 2021] [proxy_fcgi:error] [pid 4136701:tid 139671396873984] [client 118.122.118.189:35651] AH01071: Got error 'Primary script unknown\n'
[Wed Jun 16 08:07:35.074998 2021] [proxy_fcgi:error] [pid 4136701:tid 139671497586432] [client 118.122.118.189:40835] AH01071: Got error 'Primary script unknown\n'
[Wed Jun 16 08:07:35.632872 2021] [proxy_fcgi:error] [pid 4136701:tid 139671634392832] [client 118.122.118.189:46596] AH01071: Got error 'Primary script unknown\n'
[Wed Jun 16 08:07:36.191208 2021] [proxy_fcgi:error] [pid 4136701:tid 139671531157248] [client 118.122.118.189:51907] AH01071: Got error 'Primary script unknown\n'
[Wed Jun 16 08:07:36.762229 2021] [proxy_fcgi:error] [pid 4136701:tid 139671430444800] [client 118.122.118.189:57153] AH01071: Got error 'Primary script unknown\n'
[Wed Jun 16 08:07:37.302317 2021] [proxy_fcgi:error] [pid 4136701:tid 139671405266688] [client 118.122.118.189:62148] AH01071: Got error 'Primary script unknown\n'
[Wed Jun 16 08:07:38.929086 2021] [proxy_fcgi:error] [pid 4136701:tid 139671617607424] [client 118.122.118.189:2881] AH01071: Got error 'Primary script unknown\n'
[Wed Jun 16 08:07:39.511108 2021] [proxy_fcgi:error] [pid 4136701:tid 139671514371840] [client 118.122.118.189:19137] AH01071: Got error 'Primary script unknown\n'
[Wed Jun 16 08:07:40.069654 2021] [proxy_fcgi:error] [pid 4136701:tid 139671422052096] [client 118.122.118.189:23809] AH01071: Got error 'Primary script unknown\n'
[Wed Jun 16 08:07:40.602826 2021] [proxy_fcgi:error] [pid 4136701:tid 139671363303168] [client 118.122.118.189:28481] AH01071: Got error 'Primary script unknown\n'
[Wed Jun 16 08:07:41.151621 2021] [proxy_fcgi:error] [pid 4136701:tid 139671388481280] [client 118.122.118.189:33124] AH01071: Got error 'Primary script unknown\n'
[Wed Jun 16 08:07:41.692328 2021] [proxy_fcgi:error] [pid 4136701:tid 139671447230208] [client 118.122.118.189:38561] AH01071: Got error 'Primary script unknown\n'
[Wed Jun 16 08:07:42.249896 2021] [proxy_fcgi:error] [pid 4136701:tid 139671505979136] [client 118.122.118.189:43746] AH01071: Got error 'Primary script unknown\n'
[Wed Jun 16 08:07:42.806452 2021] [proxy_fcgi:error] [pid 4136701:tid 139671609214720] [client 118.122.118.189:48865] AH01071: Got error 'Primary script unknown\n'
[Wed Jun 16 08:07:43.373415 2021] [proxy_fcgi:error] [pid 4136701:tid 139671489193728] [client 118.122.118.189:54017] AH01071: Got error 'Primary script unknown\n'
[Wed Jun 16 08:07:43.963817 2021] [proxy_fcgi:error] [pid 4136701:tid 139671626000128] [client 118.122.118.189:58689] AH01071: Got error 'Primary script unknown\n'
[Wed Jun 16 08:07:44.620287 2021] [proxy_fcgi:error] [pid 4136701:tid 139671480801024] [client 118.122.118.189:64162] AH01071: Got error 'Primary script unknown\n'
[Wed Jun 16 08:07:45.209118 2021] [proxy_fcgi:error] [pid 4136701:tid 139671413659392] [client 118.122.118.189:6786] AH01071: Got error 'Primary script unknown\n'
[Wed Jun 16 08:07:45.844131 2021] [proxy_fcgi:error] [pid 4136701:tid 139671455622912] [client 118.122.118.189:12097] AH01071: Got error 'Primary script unknown\n'
[Wed Jun 16 08:07:46.429982 2021] [proxy_fcgi:error] [pid 4136701:tid 139671371695872] [client 118.122.118.189:17441] AH01071: Got error 'Primary script unknown\n'
[Wed Jun 16 08:07:47.001317 2021] [proxy_fcgi:error] [pid 4136701:tid 139671464015616] [client 118.122.118.189:21730] AH01071: Got error 'Primary script unknown\n'
[Wed Jun 16 08:07:47.650564 2021] [proxy_fcgi:error] [pid 4136701:tid 139671380088576] [client 118.122.118.189:27362] AH01071: Got error 'Primary script unknown\n'
[Wed Jun 16 08:07:48.214308 2021] [proxy_fcgi:error] [pid 4136701:tid 139671472408320] [client 118.122.118.189:32547] AH01071: Got error 'Primary script unknown\n'
[Wed Jun 16 08:07:48.770802 2021] [proxy_fcgi:error] [pid 4098675:tid 139671489193728] [client 118.122.118.189:37859] AH01071: Got error 'Primary script unknown\n'
[Wed Jun 16 08:07:50.341987 2021] [proxy_fcgi:error] [pid 4136701:tid 139671522764544] [client 118.122.118.189:42561] AH01071: Got error 'Primary script unknown\n'
[Wed Jun 16 08:07:58.849721 2021] [proxy_fcgi:error] [pid 4136701:tid 139671438837504] [client 118.122.118.189:64451] AH01071: Got error 'Primary script unknown\n'
[Wed Jun 16 08:07:59.379268 2021] [proxy_fcgi:error] [pid 4136701:tid 139671396873984] [client 118.122.118.189:6947] AH01071: Got error 'Primary script unknown\n'
[Wed Jun 16 08:07:59.915527 2021] [proxy_fcgi:error] [pid 4136701:tid 139671497586432] [client 118.122.118.189:12260] AH01071: Got error 'Primary script unknown\n'
[Wed Jun 16 08:08:00.465599 2021] [proxy_fcgi:error] [pid 4098675:tid 139671438837504] [client 118.122.118.189:17729] AH01071: Got error 'Primary script unknown\n'
[Wed Jun 16 08:08:00.980945 2021] [proxy_fcgi:error] [pid 4136701:tid 139671634392832] [client 118.122.118.189:22625] AH01071: Got error 'Primary script unknown\n'
[Wed Jun 16 08:08:01.552186 2021] [proxy_fcgi:error] [pid 4136701:tid 139671531157248] [client 118.122.118.189:26978] AH01071: Got error 'Primary script unknown\n'
[Wed Jun 16 08:08:02.109496 2021] [proxy_fcgi:error] [pid 4136701:tid 139671430444800] [client 118.122.118.189:32097] AH01071: Got error 'Primary script unknown\n'
[Wed Jun 16 08:08:02.647447 2021] [proxy_fcgi:error] [pid 4136701:tid 139671405266688] [client 118.122.118.189:37410] AH01071: Got error 'Primary script unknown\n'
[Wed Jun 16 08:08:03.193750 2021] [proxy_fcgi:error] [pid 4136701:tid 139671617607424] [client 118.122.118.189:42627] AH01071: Got error 'Primary script unknown\n'
[Wed Jun 16 08:08:03.723882 2021] [proxy_fcgi:error] [pid 4136701:tid 139671514371840] [client 118.122.118.189:47715] AH01071: Got error 'Primary script unknown\n'
[Wed Jun 16 08:08:04.245253 2021] [proxy_fcgi:error] [pid 4136701:tid 139671422052096] [client 118.122.118.189:52354] AH01071: Got error 'Primary script unknown\n'
[Wed Jun 16 08:08:04.761204 2021] [proxy_fcgi:error] [pid 4136701:tid 139671363303168] [client 118.122.118.189:56770] AH01071: Got error 'Primary script unknown\n'
[Wed Jun 16 08:08:05.302217 2021] [proxy_fcgi:error] [pid 4136701:tid 139671388481280] [client 118.122.118.189:61601] AH01071: Got error 'Primary script unknown\n'
[Wed Jun 16 08:08:05.844495 2021] [proxy_fcgi:error] [pid 4136701:tid 139671447230208] [client 118.122.118.189:3875] AH01071: Got error 'Primary script unknown\n'
[Wed Jun 16 08:08:06.422152 2021] [proxy_fcgi:error] [pid 4136701:tid 139671505979136] [client 118.122.118.189:9507] AH01071: Got error 'Primary script unknown\n'
[Wed Jun 16 08:08:06.964339 2021] [proxy_fcgi:error] [pid 4136701:tid 139671609214720] [client 118.122.118.189:14212] AH01071: Got error 'Primary script unknown\n'
[Wed Jun 16 08:08:07.479318 2021] [proxy_fcgi:error] [pid 4098675:tid 139671464015616] [client 118.122.118.189:18689] AH01071: Got error 'Primary script unknown\n'
[Wed Jun 16 08:08:08.004107 2021] [proxy_fcgi:error] [pid 4136701:tid 139671489193728] [client 118.122.118.189:23041] AH01071: Got error 'Primary script unknown\n'
[Wed Jun 16 08:08:08.550481 2021] [proxy_fcgi:error] [pid 4136701:tid 139671626000128] [client 118.122.118.189:28161] AH01071: Got error 'Primary script unknown\n'
[Wed Jun 16 08:08:09.069202 2021] [proxy_fcgi:error] [pid 4136701:tid 139671480801024] [client 118.122.118.189:32931] AH01071: Got error 'Primary script unknown\n'
[Wed Jun 16 08:08:09.598350 2021] [proxy_fcgi:error] [pid 4136701:tid 139671413659392] [client 118.122.118.189:38306] AH01071: Got error 'Primary script unknown\n'
[Wed Jun 16 08:08:10.151243 2021] [proxy_fcgi:error] [pid 4136701:tid 139671455622912] [client 118.122.118.189:42689] AH01071: Got error 'Primary script unknown\n'
[Wed Jun 16 08:08:10.676521 2021] [proxy_fcgi:error] [pid 4136701:tid 139671371695872] [client 118.122.118.189:47297] AH01071: Got error 'Primary script unknown\n'
[Wed Jun 16 08:08:11.207143 2021] [proxy_fcgi:error] [pid 4136701:tid 139671464015616] [client 118.122.118.189:51843] AH01071: Got error 'Primary script unknown\n'
[Wed Jun 16 08:08:11.789855 2021] [proxy_fcgi:error] [pid 4136701:tid 139671380088576] [client 118.122.118.189:56801] AH01071: Got error 'Primary script unknown\n'
[Wed Jun 16 08:08:12.329326 2021] [proxy_fcgi:error] [pid 4136701:tid 139671472408320] [client 118.122.118.189:62082] AH01071: Got error 'Primary script unknown\n'
[Wed Jun 16 08:08:12.900233 2021] [proxy_fcgi:error] [pid 4136701:tid 139671522764544] [client 118.122.118.189:4002] AH01071: Got error 'Primary script unknown\n'
[Wed Jun 16 08:08:13.503524 2021] [proxy_fcgi:error] [pid 4136701:tid 139671438837504] [client 118.122.118.189:9217] AH01071: Got error 'Primary script unknown\n'
[Wed Jun 16 08:08:14.048461 2021] [proxy_fcgi:error] [pid 4136701:tid 139671396873984] [client 118.122.118.189:14017] AH01071: Got error 'Primary script unknown\n'
[Wed Jun 16 08:08:14.633309 2021] [proxy_fcgi:error] [pid 4136701:tid 139671497586432] [client 118.122.118.189:19234] AH01071: Got error 'Primary script unknown\n'
[Wed Jun 16 08:08:16.177099 2021] [proxy_fcgi:error] [pid 4136701:tid 139671634392832] [client 118.122.118.189:24676] AH01071: Got error 'Primary script unknown\n'
[Wed Jun 16 08:08:16.729826 2021] [proxy_fcgi:error] [pid 4136701:tid 139671531157248] [client 118.122.118.189:38625] AH01071: Got error 'Primary script unknown\n'
[Wed Jun 16 08:08:17.295553 2021] [proxy_fcgi:error] [pid 4136701:tid 139671430444800] [client 118.122.118.189:43937] AH01071: Got error 'Primary script unknown\n'
[Wed Jun 16 08:08:17.856280 2021] [proxy_fcgi:error] [pid 4136701:tid 139671405266688] [client 118.122.118.189:48994] AH01071: Got error 'Primary script unknown\n'
[Wed Jun 16 08:08:18.389419 2021] [proxy_fcgi:error] [pid 4136701:tid 139671617607424] [client 118.122.118.189:54498] AH01071: Got error 'Primary script unknown\n'
[Wed Jun 16 08:08:18.913998 2021] [proxy_fcgi:error] [pid 4136701:tid 139671514371840] [client 118.122.118.189:58947] AH01071: Got error 'Primary script unknown\n'
[Wed Jun 16 08:08:19.466809 2021] [proxy_fcgi:error] [pid 4136701:tid 139671422052096] [client 118.122.118.189:63553] AH01071: Got error 'Primary script unknown\n'
[Wed Jun 16 08:08:19.988233 2021] [proxy_fcgi:error] [pid 4136701:tid 139671363303168] [client 118.122.118.189:5156] AH01071: Got error 'Primary script unknown\n'
[Wed Jun 16 08:08:20.520407 2021] [proxy_fcgi:error] [pid 4136701:tid 139671388481280] [client 118.122.118.189:9859] AH01071: Got error 'Primary script unknown\n'
[Wed Jun 16 08:08:21.105694 2021] [proxy_fcgi:error] [pid 4136701:tid 139671447230208] [client 118.122.118.189:15141] AH01071: Got error 'Primary script unknown\n'
[Wed Jun 16 08:08:21.805210 2021] [proxy_fcgi:error] [pid 4136701:tid 139671505979136] [client 118.122.118.189:20834] AH01071: Got error 'Primary script unknown\n'
[Wed Jun 16 08:08:22.370075 2021] [proxy_fcgi:error] [pid 4136701:tid 139671609214720] [client 118.122.118.189:26178] AH01071: Got error 'Primary script unknown\n'
[Wed Jun 16 08:08:22.901724 2021] [proxy_fcgi:error] [pid 4136701:tid 139671489193728] [client 118.122.118.189:30850] AH01071: Got error 'Primary script unknown\n'
[Wed Jun 16 08:08:23.517642 2021] [proxy_fcgi:error] [pid 4136701:tid 139671626000128] [client 118.122.118.189:35649] AH01071: Got error 'Primary script unknown\n'
[Wed Jun 16 08:08:24.106324 2021] [proxy_fcgi:error] [pid 4136701:tid 139671480801024] [client 118.122.118.189:41569] AH01071: Got error 'Primary script unknown\n'
[Wed Jun 16 08:08:24.673965 2021] [proxy_fcgi:error] [pid 4136701:tid 139671413659392] [client 118.122.118.189:47075] AH01071: Got error 'Primary script unknown\n'
[Wed Jun 16 08:08:25.223003 2021] [proxy_fcgi:error] [pid 4136701:tid 139671455622912] [client 118.122.118.189:51649] AH01071: Got error 'Primary script unknown\n'
[Wed Jun 16 08:08:25.777994 2021] [proxy_fcgi:error] [pid 4136701:tid 139671371695872] [client 118.122.118.189:56547] AH01071: Got error 'Primary script unknown\n'
[Wed Jun 16 08:08:26.338977 2021] [proxy_fcgi:error] [pid 4136701:tid 139671464015616] [client 118.122.118.189:61603] AH01071: Got error 'Primary script unknown\n'
[Wed Jun 16 08:08:26.894561 2021] [proxy_fcgi:error] [pid 4136701:tid 139671380088576] [client 118.122.118.189:3777] AH01071: Got error 'Primary script unknown\n'
[Wed Jun 16 08:08:27.452704 2021] [proxy_fcgi:error] [pid 4136701:tid 139671472408320] [client 118.122.118.189:9666] AH01071: Got error 'Primary script unknown\n'
[Wed Jun 16 08:08:27.998394 2021] [proxy_fcgi:error] [pid 4136701:tid 139671522764544] [client 118.122.118.189:14498] AH01071: Got error 'Primary script unknown\n'
[Wed Jun 16 08:08:28.517356 2021] [proxy_fcgi:error] [pid 4136701:tid 139671438837504] [client 118.122.118.189:19074] AH01071: Got error 'Primary script unknown\n'
[Wed Jun 16 08:08:29.069609 2021] [proxy_fcgi:error] [pid 4136701:tid 139671396873984] [client 118.122.118.189:23649] AH01071: Got error 'Primary script unknown\n'
[Wed Jun 16 08:08:29.633637 2021] [proxy_fcgi:error] [pid 4136701:tid 139671497586432] [client 118.122.118.189:28993] AH01071: Got error 'Primary script unknown\n'
[Wed Jun 16 08:08:30.183301 2021] [proxy_fcgi:error] [pid 4136701:tid 139671634392832] [client 118.122.118.189:34594] AH01071: Got error 'Primary script unknown\n'
[Wed Jun 16 08:08:30.740361 2021] [proxy_fcgi:error] [pid 4136701:tid 139671531157248] [client 118.122.118.189:39713] AH01071: Got error 'Primary script unknown\n'
[Wed Jun 16 08:08:31.301337 2021] [proxy_fcgi:error] [pid 4136701:tid 139671430444800] [client 118.122.118.189:44354] AH01071: Got error 'Primary script unknown\n'
[Wed Jun 16 08:08:31.837491 2021] [proxy_fcgi:error] [pid 4098675:tid 139671472408320] [client 118.122.118.189:49089] AH01071: Got error 'Primary script unknown\n'
[Wed Jun 16 08:08:32.374326 2021] [proxy_fcgi:error] [pid 4136701:tid 139671405266688] [client 118.122.118.189:54017] AH01071: Got error 'Primary script unknown\n'
[Wed Jun 16 08:08:32.984712 2021] [proxy_fcgi:error] [pid 4136701:tid 139671617607424] [client 118.122.118.189:58689] AH01071: Got error 'Primary script unknown\n'
[Wed Jun 16 08:08:33.550730 2021] [proxy_fcgi:error] [pid 4136701:tid 139671514371840] [client 118.122.118.189:63809] AH01071: Got error 'Primary script unknown\n'
[Wed Jun 16 08:08:34.113052 2021] [proxy_fcgi:error] [pid 4136701:tid 139671422052096] [client 118.122.118.189:5601] AH01071: Got error 'Primary script unknown\n'
[Wed Jun 16 08:08:34.727681 2021] [proxy_fcgi:error] [pid 4136701:tid 139671363303168] [client 118.122.118.189:10753] AH01071: Got error 'Primary script unknown\n'
[Wed Jun 16 08:08:35.276814 2021] [proxy_fcgi:error] [pid 4136701:tid 139671388481280] [client 118.122.118.189:16130] AH01071: Got error 'Primary script unknown\n'
[Wed Jun 16 08:08:35.819987 2021] [proxy_fcgi:error] [pid 4136701:tid 139671447230208] [client 118.122.118.189:20993] AH01071: Got error 'Primary script unknown\n'
[Wed Jun 16 08:08:36.416596 2021] [proxy_fcgi:error] [pid 4098675:tid 139671497586432] [client 118.122.118.189:26786] AH01071: Got error 'Primary script unknown\n'
[Wed Jun 16 08:08:37.022923 2021] [proxy_fcgi:error] [pid 4136701:tid 139671505979136] [client 118.122.118.189:32164] AH01071: Got error 'Primary script unknown\n'
[Wed Jun 16 08:08:37.617980 2021] [proxy_fcgi:error] [pid 4136701:tid 139671609214720] [client 118.122.118.189:36929] AH01071: Got error 'Primary script unknown\n'
[Wed Jun 16 08:08:38.228243 2021] [proxy_fcgi:error] [pid 4136701:tid 139671489193728] [client 118.122.118.189:42497] AH01071: Got error 'Primary script unknown\n'
[Wed Jun 16 08:08:38.761975 2021] [proxy_fcgi:error] [pid 4136701:tid 139671626000128] [client 118.122.118.189:47810] AH01071: Got error 'Primary script unknown\n'
[Wed Jun 16 08:08:39.356597 2021] [proxy_fcgi:error] [pid 4136701:tid 139671480801024] [client 118.122.118.189:53185] AH01071: Got error 'Primary script unknown\n'
[Wed Jun 16 08:08:39.915588 2021] [proxy_fcgi:error] [pid 4098675:tid 139671396873984] [client 118.122.118.189:58498] AH01071: Got error 'Primary script unknown\n'
[Wed Jun 16 08:08:40.501582 2021] [proxy_fcgi:error] [pid 4136701:tid 139671413659392] [client 118.122.118.189:63493] AH01071: Got error 'Primary script unknown\n'
[Wed Jun 16 08:08:41.081758 2021] [proxy_fcgi:error] [pid 4136701:tid 139671455622912] [client 118.122.118.189:5537] AH01071: Got error 'Primary script unknown\n'
[Wed Jun 16 08:08:41.774511 2021] [proxy_fcgi:error] [pid 4136701:tid 139671371695872] [client 118.122.118.189:11523] AH01071: Got error 'Primary script unknown\n'
[Wed Jun 16 08:08:42.412627 2021] [proxy_fcgi:error] [pid 4136701:tid 139671464015616] [client 118.122.118.189:18020] AH01071: Got error 'Primary script unknown\n'
[Wed Jun 16 08:08:43.023370 2021] [proxy_fcgi:error] [pid 4136701:tid 139671380088576] [client 118.122.118.189:23203] AH01071: Got error 'Primary script unknown\n'
[Wed Jun 16 08:08:43.595082 2021] [proxy_fcgi:error] [pid 4136701:tid 139671472408320] [client 118.122.118.189:28259] AH01071: Got error 'Primary script unknown\n'
[Wed Jun 16 08:08:44.179223 2021] [proxy_fcgi:error] [pid 4136701:tid 139671522764544] [client 118.122.118.189:32833] AH01071: Got error 'Primary script unknown\n'
[Wed Jun 16 08:08:44.748767 2021] [proxy_fcgi:error] [pid 4136701:tid 139671438837504] [client 118.122.118.189:38210] AH01071: Got error 'Primary script unknown\n'
[Wed Jun 16 08:08:45.295081 2021] [proxy_fcgi:error] [pid 4136701:tid 139671396873984] [client 118.122.118.189:43746] AH01071: Got error 'Primary script unknown\n'
[Wed Jun 16 08:08:46.822162 2021] [proxy_fcgi:error] [pid 4136701:tid 139671497586432] [client 118.122.118.189:48707] AH01071: Got error 'Primary script unknown\n'
[Wed Jun 16 08:08:47.334347 2021] [proxy_fcgi:error] [pid 4098675:tid 139671531157248] [client 118.122.118.189:56418] AH01071: Got error 'Primary script unknown\n'
[Wed Jun 16 08:08:47.872437 2021] [proxy_fcgi:error] [pid 4136701:tid 139671634392832] [client 118.122.118.189:60771] AH01071: Got error 'Primary script unknown\n'
[Wed Jun 16 08:08:48.429528 2021] [proxy_fcgi:error] [pid 4136701:tid 139671531157248] [client 118.122.118.189:3042] AH01071: Got error 'Primary script unknown\n'
[Wed Jun 16 08:08:48.970675 2021] [proxy_fcgi:error] [pid 4136701:tid 139671430444800] [client 118.122.118.189:8195] AH01071: Got error 'Primary script unknown\n'
[Wed Jun 16 08:08:49.527089 2021] [proxy_fcgi:error] [pid 4136701:tid 139671405266688] [client 118.122.118.189:12962] AH01071: Got error 'Primary script unknown\n'
[Wed Jun 16 08:08:50.213390 2021] [proxy_fcgi:error] [pid 4136701:tid 139671617607424] [client 118.122.118.189:18052] AH01071: Got error 'Primary script unknown\n'
[Wed Jun 16 08:08:50.848863 2021] [proxy_fcgi:error] [pid 4098675:tid 139671447230208] [client 118.122.118.189:24257] AH01071: Got error 'Primary script unknown\n'
[Wed Jun 16 08:08:55.450664 2021] [proxy_fcgi:error] [pid 4136701:tid 139671514371840] [client 118.122.118.189:57314] AH01071: Got error 'Primary script unknown\n'
[Wed Jun 16 08:08:55.992527 2021] [proxy_fcgi:error] [pid 4136701:tid 139671422052096] [client 118.122.118.189:62115] AH01071: Got error 'Primary script unknown\n'
[Wed Jun 16 08:08:56.572264 2021] [proxy_fcgi:error] [pid 4136701:tid 139671363303168] [client 118.122.118.189:4545] AH01071: Got error 'Primary script unknown\n'
[Wed Jun 16 08:08:57.204152 2021] [proxy_fcgi:error] [pid 4136701:tid 139671388481280] [client 118.122.118.189:10049] AH01071: Got error 'Primary script unknown\n'
[Wed Jun 16 08:08:57.857899 2021] [proxy_fcgi:error] [pid 4098675:tid 139671405266688] [client 118.122.118.189:16289] AH01071: Got error 'Primary script unknown\n'
[Wed Jun 16 08:08:58.431403 2021] [proxy_fcgi:error] [pid 4136701:tid 139671447230208] [client 118.122.118.189:21732] AH01071: Got error 'Primary script unknown\n'
[Wed Jun 16 08:08:59.064048 2021] [proxy_fcgi:error] [pid 4136701:tid 139671505979136] [client 118.122.118.189:26787] AH01071: Got error 'Primary script unknown\n'
[Wed Jun 16 08:08:59.667945 2021] [proxy_fcgi:error] [pid 4098675:tid 139671617607424] [client 118.122.118.189:32545] AH01071: Got error 'Primary script unknown\n'
[Wed Jun 16 08:09:00.252058 2021] [proxy_fcgi:error] [pid 4136701:tid 139671609214720] [client 118.122.118.189:38145] AH01071: Got error 'Primary script unknown\n'
[Wed Jun 16 08:09:00.842713 2021] [proxy_fcgi:error] [pid 4136701:tid 139671489193728] [client 118.122.118.189:43523] AH01071: Got error 'Primary script unknown\n'
[Wed Jun 16 08:09:01.431167 2021] [proxy_fcgi:error] [pid 4098675:tid 139671430444800] [client 118.122.118.189:48898] AH01071: Got error 'Primary script unknown\n'
[Wed Jun 16 08:09:02.052849 2021] [proxy_fcgi:error] [pid 4136701:tid 139671626000128] [client 118.122.118.189:53667] AH01071: Got error 'Primary script unknown\n'
[Wed Jun 16 08:09:02.658599 2021] [proxy_fcgi:error] [pid 4136701:tid 139671480801024] [client 118.122.118.189:59906] AH01071: Got error 'Primary script unknown\n'
[Wed Jun 16 08:09:03.251388 2021] [proxy_fcgi:error] [pid 4136701:tid 139671413659392] [client 118.122.118.189:2337] AH01071: Got error 'Primary script unknown\n'
[Wed Jun 16 08:09:03.822327 2021] [proxy_fcgi:error] [pid 4136701:tid 139671455622912] [client 118.122.118.189:8033] AH01071: Got error 'Primary script unknown\n'
[Wed Jun 16 08:09:04.421714 2021] [proxy_fcgi:error] [pid 4098675:tid 139671480801024] [client 118.122.118.189:13377] AH01071: Got error 'Primary script unknown\n'
[Wed Jun 16 08:09:05.008649 2021] [proxy_fcgi:error] [pid 4136701:tid 139671371695872] [client 118.122.118.189:18114] AH01071: Got error 'Primary script unknown\n'
[Wed Jun 16 08:09:05.524314 2021] [proxy_fcgi:error] [pid 4136701:tid 139671464015616] [client 118.122.118.189:21601] AH01071: Got error 'Primary script unknown\n'
[Wed Jun 16 08:09:06.063598 2021] [proxy_fcgi:error] [pid 4136701:tid 139671380088576] [client 118.122.118.189:26177] AH01071: Got error 'Primary script unknown\n'
[Wed Jun 16 08:09:06.601057 2021] [proxy_fcgi:error] [pid 4136701:tid 139671472408320] [client 118.122.118.189:30305] AH01071: Got error 'Primary script unknown\n'
[Wed Jun 16 08:09:07.118440 2021] [proxy_fcgi:error] [pid 4136701:tid 139671522764544] [client 118.122.118.189:33697] AH01071: Got error 'Primary script unknown\n'
[Wed Jun 16 08:09:07.631516 2021] [proxy_fcgi:error] [pid 4136701:tid 139671438837504] [client 118.122.118.189:37122] AH01071: Got error 'Primary script unknown\n'
[Wed Jun 16 08:09:08.148085 2021] [proxy_fcgi:error] [pid 4136701:tid 139671396873984] [client 118.122.118.189:40257] AH01071: Got error 'Primary script unknown\n'
[Wed Jun 16 08:09:08.710645 2021] [proxy_fcgi:error] [pid 4136701:tid 139671497586432] [client 118.122.118.189:45410] AH01071: Got error 'Primary script unknown\n'
[Wed Jun 16 08:09:09.362198 2021] [proxy_fcgi:error] [pid 4098675:tid 139671522764544] [client 118.122.118.189:51233] AH01071: Got error 'Primary script unknown\n'
[Wed Jun 16 08:09:10.032373 2021] [proxy_fcgi:error] [pid 4136701:tid 139671634392832] [client 118.122.118.189:57281] AH01071: Got error 'Primary script unknown\n'
[Wed Jun 16 08:09:10.662883 2021] [proxy_fcgi:error] [pid 4136701:tid 139671531157248] [client 118.122.118.189:62531] AH01071: Got error 'Primary script unknown\n'
[Wed Jun 16 08:09:11.312176 2021] [proxy_fcgi:error] [pid 4136701:tid 139671430444800] [client 118.122.118.189:5219] AH01071: Got error 'Primary script unknown\n'
[Wed Jun 16 08:09:11.953340 2021] [proxy_fcgi:error] [pid 4098675:tid 139671388481280] [client 118.122.118.189:11073] AH01071: Got error 'Primary script unknown\n'
[Wed Jun 16 08:09:15.425933 2021] [proxy_fcgi:error] [pid 4136701:tid 139671388481280] [client 118.122.118.189:43778] AH01071: Got error 'Primary script unknown\n'
[Wed Jun 16 08:09:31.931414 2021] [proxy_fcgi:error] [pid 4136701:tid 139671380088576] [client 118.122.118.189:46115] AH01071: Got error 'Primary script unknown\n', referer: 554fcae493e564ee0dc75bdf2ebf94caads|a:3:{s:2:"id";s:3:"'/*";s:3:"num";s:141:"*/ union select 1,0x272F2A,3,4,5,6,7,8,0x7b247b24524345275d3b6469652f2a2a2f286d6435284449524543544f52595f534550415241544f5229293b2f2f7d7d,0--";s:4:"name";s:3:"ads";}554fcae493e564ee0dc75bdf2ebf94ca
[Wed Jun 16 12:25:28.093289 2021] [proxy_fcgi:error] [pid 4136701:tid 139671430444800] [client 81.96.28.219:63809] AH01071: Got error 'Primary script unknown\n'
[Wed Jun 16 13:53:37.539432 2021] [proxy_fcgi:error] [pid 4136701:tid 139671531157248] [client 195.181.168.175:9853] AH01071: Got error 'Primary script unknown\n'
[Wed Jun 16 18:09:13.697001 2021] [proxy_fcgi:error] [pid 4136701:tid 139671413659392] [client 34.80.136.171:34472] AH01071: Got error 'Primary script unknown\n'
[Wed Jun 16 19:06:32.558015 2021] [proxy_fcgi:error] [pid 4136701:tid 139671380088576] [client 103.133.108.27:53988] AH01071: Got error 'Primary script unknown\n'
[Wed Jun 16 20:38:54.521108 2021] [core:error] [pid 4136701:tid 139671464015616] (36)File name too long: [client 174.138.26.153:51430] AH00036: access to /3000D00E0000FFFF3F0031313744373731343634304537353046007A7A7A7A7A7A7A7A7A7A7A7A7A7A7A0000000000000000000000000000000000000000000000000000000000000000000000000000000000000000000001000008047A7A7A7A7A7A7A7A7A0000000000000000000000000000000000000000000000000000000000000000 failed (filesystem path '/var/www/html/icharbeitezuhaus.com/public_html/3000D00E0000FFFF3F0031313744373731343634304537353046007A7A7A7A7A7A7A7A7A7A7A7A7A7A7A0000000000000000000000000000000000000000000000000000000000000000000000000000000000000000000001000008047A7A7A7A7A7A7A7A7A0000000000000000000000000000000000000000000000000000000000000000')
[Thu Jun 17 02:03:37.953297 2021] [cgid:error] [pid 4136701:tid 139671447230208] [client 31.210.20.100:39716] AH01264: script not found or unable to stat: /var/www/cgi-bin/jarrewrite.sh
[Thu Jun 17 12:42:26.728752 2021] [core:error] [pid 4136701:tid 139671626000128] (36)File name too long: [client 167.99.212.33:34768] AH00036: access to /3000D00E0000FFFF3F0031313744373731343634304537353046007A7A7A7A7A7A7A7A7A7A7A7A7A7A7A0000000000000000000000000000000000000000000000000000000000000000000000000000000000000000000001000008047A7A7A7A7A7A7A7A7A0000000000000000000000000000000000000000000000000000000000000000 failed (filesystem path '/var/www/html/icharbeitezuhaus.com/public_html/3000D00E0000FFFF3F0031313744373731343634304537353046007A7A7A7A7A7A7A7A7A7A7A7A7A7A7A0000000000000000000000000000000000000000000000000000000000000000000000000000000000000000000001000008047A7A7A7A7A7A7A7A7A0000000000000000000000000000000000000000000000000000000000000000')
[Thu Jun 17 21:15:57.228398 2021] [proxy_fcgi:error] [pid 4098674:tid 139671187154688] [client 143.198.147.37:49472] AH01071: Got error 'Primary script unknown\n'
[Fri Jun 18 03:21:10.867744 2021] [proxy_fcgi:error] [pid 4136701:tid 139671371695872] [client 167.172.206.90:56846] AH01071: Got error 'Primary script unknown\n'
[Fri Jun 18 03:21:10.915295 2021] [proxy_fcgi:error] [pid 4098674:tid 139671296259840] [client 167.172.206.90:56860] AH01071: Got error 'Primary script unknown\n'
[Fri Jun 18 03:21:43.055788 2021] [proxy_fcgi:error] [pid 4136701:tid 139671464015616] [client 148.72.215.37:36916] AH01071: Got error 'Primary script unknown\n'
[Fri Jun 18 03:21:43.412856 2021] [proxy_fcgi:error] [pid 4098675:tid 139671480801024] [client 148.72.215.37:36988] AH01071: Got error 'Primary script unknown\n'
[Fri Jun 18 03:22:55.441335 2021] [proxy_fcgi:error] [pid 4136701:tid 139671363303168] [client 198.27.69.82:35884] AH01071: Got error 'Primary script unknown\n'
[Fri Jun 18 03:22:55.441615 2021] [proxy_fcgi:error] [pid 4136701:tid 139671380088576] [client 198.27.69.82:35882] AH01071: Got error 'Primary script unknown\n'
[Fri Jun 18 04:21:01.366599 2021] [proxy_fcgi:error] [pid 4098674:tid 139671195547392] [client 52.60.189.115:55791] AH01071: Got error 'Primary script unknown\n'
[Fri Jun 18 10:56:21.339383 2021] [proxy_fcgi:error] [pid 4136701:tid 139671388481280] [client 13.233.73.212:23278] AH01071: Got error 'Primary script unknown\n'
[Fri Jun 18 15:57:51.242928 2021] [proxy_fcgi:error] [pid 4136701:tid 139671413659392] [client 203.171.21.225:49976] AH01071: Got error 'Primary script unknown\n'
[Fri Jun 18 18:01:02.391604 2021] [proxy_fcgi:error] [pid 4098676:tid 139671371695872] [client 13.232.96.15:4098] AH01071: Got error 'Primary script unknown\n'
[Sat Jun 19 18:00:09.312446 2021] [proxy_fcgi:error] [pid 4136701:tid 139671617607424] [client 35.178.16.1:9796] AH01071: Got error 'Primary script unknown\n'
[Sat Jun 19 23:20:08.794606 2021] [proxy_fcgi:error] [pid 4136701:tid 139671438837504] [client 69.163.225.112:43982] AH01071: Got error 'Primary script unknown\n'
[Sun Jun 20 07:13:54.777377 2021] [proxy_fcgi:error] [pid 729589:tid 139671396873984] [client 5.188.210.227:50451] AH01071: Got error 'Primary script unknown\n', referer: https://www.google.com/
[Sun Jun 20 11:48:59.004249 2021] [proxy_fcgi:error] [pid 711049:tid 139671380088576] [client 34.251.241.226:14971] AH01071: Got error 'Primary script unknown\n'
[Sun Jun 20 11:49:39.919707 2021] [proxy_fcgi:error] [pid 711049:tid 139671371695872] [client 190.128.154.58:32044] AH01071: Got error 'Primary script unknown\n'
[Sun Jun 20 15:07:05.257620 2021] [proxy_fcgi:error] [pid 729589:tid 139671480801024] [client 166.62.122.244:44520] AH01071: Got error 'Primary script unknown\n'
[Sun Jun 20 16:23:38.646279 2021] [proxy_fcgi:error] [pid 729589:tid 139671371695872] [client 2607:f298:5:101f::5a3:745b:53944] AH01071: Got error 'Primary script unknown\n'
[Mon Jun 21 02:35:51.983981 2021] [proxy_fcgi:error] [pid 729589:tid 139671388481280] [client 81.96.28.219:49835] AH01071: Got error 'Primary script unknown\n'
[Tue Jun 22 05:02:57.049090 2021] [proxy_fcgi:error] [pid 729589:tid 139671522764544] [client 206.81.16.252:46478] AH01071: Got error 'Primary script unknown\n'
[Tue Jun 22 08:20:09.044478 2021] [proxy_fcgi:error] [pid 729589:tid 139671626000128] [client 125.85.165.104:17505] AH01071: Got error 'Primary script unknown\n'
[Tue Jun 22 10:54:09.284659 2021] [proxy_fcgi:error] [pid 729589:tid 139671422052096] [client 167.71.13.196:59836] AH01071: Got error 'Primary script unknown\n'
[Tue Jun 22 18:05:06.289296 2021] [proxy_fcgi:error] [pid 729589:tid 139671447230208] [client 145.131.25.238:47736] AH01071: Got error 'Primary script unknown\n'
[Wed Jun 23 17:02:28.392437 2021] [proxy_fcgi:error] [pid 729589:tid 139671522764544] [client 213.108.196.109:46749] AH01071: Got error 'Primary script unknown\n'
[Wed Jun 23 18:19:23.881212 2021] [proxy_fcgi:error] [pid 711048:tid 139671304652544] [client 124.158.12.202:40848] AH01071: Got error 'Primary script unknown\n'
[Wed Jun 23 18:19:23.881816 2021] [proxy_fcgi:error] [pid 729589:tid 139671609214720] [client 124.158.12.202:40850] AH01071: Got error 'Primary script unknown\n'
[Thu Jun 24 02:56:27.489551 2021] [proxy_fcgi:error] [pid 729589:tid 139671472408320] [client 103.133.108.27:63285] AH01071: Got error 'Primary script unknown\n'
[Thu Jun 24 06:53:33.597578 2021] [proxy_fcgi:error] [pid 729589:tid 139671626000128] [client 213.108.196.109:40686] AH01071: Got error 'Primary script unknown\n'
[Thu Jun 24 14:30:50.420384 2021] [proxy_fcgi:error] [pid 711049:tid 139671363303168] [client 144.126.211.196:43574] AH01071: Got error 'Primary script unknown\n'
[Thu Jun 24 14:48:31.688633 2021] [core:error] [pid 729589:tid 139671464015616] (36)File name too long: [client 165.227.52.194:40884] AH00036: access to /3000D00E0000FFFF3F0031313744373731343634304537353046007A7A7A7A7A7A7A7A7A7A7A7A7A7A7A0000000000000000000000000000000000000000000000000000000000000000000000000000000000000000000001000008047A7A7A7A7A7A7A7A7A0000000000000000000000000000000000000000000000000000000000000000 failed (filesystem path '/var/www/html/icharbeitezuhaus.com/public_html/3000D00E0000FFFF3F0031313744373731343634304537353046007A7A7A7A7A7A7A7A7A7A7A7A7A7A7A0000000000000000000000000000000000000000000000000000000000000000000000000000000000000000000001000008047A7A7A7A7A7A7A7A7A0000000000000000000000000000000000000000000000000000000000000000')
[Thu Jun 24 17:47:04.760792 2021] [proxy_fcgi:error] [pid 729589:tid 139671380088576] [client 142.44.246.226:54960] AH01071: Got error 'Primary script unknown\n'
[Thu Jun 24 17:47:04.764648 2021] [proxy_fcgi:error] [pid 711049:tid 139671505979136] [client 142.44.246.226:54952] AH01071: Got error 'Primary script unknown\n'
[Thu Jun 24 17:47:04.764901 2021] [proxy_fcgi:error] [pid 711049:tid 139671455622912] [client 142.44.246.226:54958] AH01071: Got error 'Primary script unknown\n'
[Thu Jun 24 17:47:04.765112 2021] [proxy_fcgi:error] [pid 711049:tid 139671464015616] [client 142.44.246.226:54956] AH01071: Got error 'Primary script unknown\n'
[Thu Jun 24 17:47:04.765240 2021] [proxy_fcgi:error] [pid 711049:tid 139671626000128] [client 142.44.246.226:54954] AH01071: Got error 'Primary script unknown\n'
[Sat Jun 26 00:26:22.559015 2021] [proxy_fcgi:error] [pid 729589:tid 139671617607424] [client 165.22.35.21:40950] AH01071: Got error 'Primary script unknown\n'
[Sat Jun 26 08:40:43.187502 2021] [proxy_fcgi:error] [pid 711048:tid 139671430280960] [client 45.86.201.76:3357] AH01071: Got error 'Primary script unknown\n'
[Sat Jun 26 08:40:43.407973 2021] [proxy_fcgi:error] [pid 729589:tid 139671371695872] [client 45.86.201.76:17353] AH01071: Got error 'Primary script unknown\n'
[Sun Jun 27 02:24:29.968181 2021] [proxy_fcgi:error] [pid 711049:tid 139671464015616] [client 161.35.86.181:37866] AH01071: Got error 'Primary script unknown\n'
[Sun Jun 27 20:24:44.986995 2021] [proxy_fcgi:error] [pid 1586197:tid 140480780097280] [client 159.89.29.146:47072] AH01071: Got error 'Primary script unknown\n'
[Mon Jun 28 16:52:30.204495 2021] [proxy_fcgi:error] [pid 51065:tid 140694706226944] [client 212.114.109.112:46229] AH01071: Got error 'Primary script unknown\n'
[Mon Jun 28 20:13:20.114950 2021] [proxy_fcgi:error] [pid 104861:tid 140694697834240] [client 34.135.159.3:39526] AH01071: Got error 'Primary script unknown\n'
[Tue Jun 29 00:54:16.298937 2021] [core:error] [pid 104861:tid 140694580610816] (36)File name too long: [client 178.79.170.198:43884] AH00036: access to /3000D00E0000FFFF3F0031313744373731343634304537353046007A7A7A7A7A7A7A7A7A7A7A7A7A7A7A0000000000000000000000000000000000000000000000000000000000000000000000000000000000000000000001000008047A7A7A7A7A7A7A7A7A0000000000000000000000000000000000000000000000000000000000000000 failed (filesystem path '/var/www/html/icharbeitezuhaus.com/public_html/3000D00E0000FFFF3F0031313744373731343634304537353046007A7A7A7A7A7A7A7A7A7A7A7A7A7A7A0000000000000000000000000000000000000000000000000000000000000000000000000000000000000000000001000008047A7A7A7A7A7A7A7A7A0000000000000000000000000000000000000000000000000000000000000000')
[Tue Jun 29 04:20:00.804278 2021] [proxy_fcgi:error] [pid 104861:tid 140694479898368] [client 51.15.187.153:49912] AH01071: Got error 'Primary script unknown\n'
[Tue Jun 29 05:18:51.642016 2021] [proxy_fcgi:error] [pid 104861:tid 140694589003520] [client 5.188.210.227:33691] AH01071: Got error 'Primary script unknown\n', referer: https://www.google.com/
[Tue Jun 29 08:43:12.175006 2021] [proxy_fcgi:error] [pid 104861:tid 140694521861888] [client 103.133.108.27:55646] AH01071: Got error 'Primary script unknown\n'
